ORIGINAL 883fd4506ec9b9a21b92336b43885e193fa976e66882ab22d973bd1014e6ac5c
TAR 1939836f759376a42309f531b8df360e9d066aebf4272b694138b0cc3019a76f
COUNT 2
ENTRY 1
PATH 7573722f6161616161616161616161616161616161616161616161616161616161616161616161616161616161616161616161616161616161616161616161616161616161616161616161616161616161616161616161616161616161616161616161616161616161616161616161616161616161616161616161616161616161616161616161616161616161616161616161616161616161612f626262626262626262626262626262626262626262626262626262626262626262626262626262626262626262626262626262626262626262626262626262626262626262626262626262626262626262626262626262626262626262626262626262626262626262626262626262626262626262626262626262626262626262626262626262626262626262626262626262626262
LINK 
UNAME 666978747572652d75736572
GNAME 666978747572652d67726f7570
ATTR REGULAR 420 123 456 0 0 4 4 1 0 0
CONTENT fc66f021c67d064c1490a12b5a4d4d2f5167ca692a16ca12f1f3a4cda29a6fa9
XATTR 96a296d224f285c67bee93c30f8a309157f0daa35dc5b87e410b78630a09cfc7
ACL 96a296d224f285c67bee93c30f8a309157f0daa35dc5b87e410b78630a09cfc7
MTIME TRUE  1700000000 0
ATIME FALSE  0 0
CTIME FALSE  0 0
BTIME FALSE  0 0
ENTRY 2
PATH 6c696e6b
LINK 2f7573722f6161616161616161616161616161616161616161616161616161616161616161616161616161616161616161616161616161616161616161616161616161616161616161616161616161616161616161616161616161616161616161616161616161616161616161616161616161616161616161616161616161616161616161616161616161616161616161616161616161616161612f626262626262626262626262626262626262626262626262626262626262626262626262626262626262626262626262626262626262626262626262626262626262626262626262626262626262626262626262626262626262626262626262626262626262626262626262626262626262626262626262626262626262626262626262626262626262626262626262626262626262
UNAME 666978747572652d75736572
GNAME 666978747572652d67726f7570
ATTR SYMBOLIC_LINK 420 123 456 0 0 0 306 0 0 0
CONTENT 25ed2b3388ba0ef8ad6b384a387fbc98fa56f5cffc155a3ef2c44f00b976f829
XATTR 96a296d224f285c67bee93c30f8a309157f0daa35dc5b87e410b78630a09cfc7
ACL 96a296d224f285c67bee93c30f8a309157f0daa35dc5b87e410b78630a09cfc7
MTIME TRUE  1700000000 0
ATIME FALSE  0 0
CTIME FALSE  0 0
BTIME FALSE  0 0
PASS assertions= 38
