ORIGINAL 80e94653963677e84367194b29bcb5e49373183d9e99070501fe6d82a1fdd084
TAR 86fb9ffa3a8de56c08e2a5c9e6ab8370d9abfd2c41bf396c8638119dfa6c23db
COUNT 5
ENTRY 1
PATH d8a7d984d8b9d8b1d8a8d98ad8a92fe697a5e69cace8aa9e2d65cc812df09f9880
LINK 
UNAME 666978747572652d75736572
GNAME 666978747572652d67726f7570
ATTR REGULAR 420 123 456 0 0 4 4 1 0 0
CONTENT 982d9e3eb996f559e633f4d194def3761d909f5a3b647d1a851fead67c32c9d1
XATTR 96a296d224f285c67bee93c30f8a309157f0daa35dc5b87e410b78630a09cfc7
ACL 96a296d224f285c67bee93c30f8a309157f0daa35dc5b87e410b78630a09cfc7
MTIME TRUE  1700000000 0
ATIME FALSE  0 0
CTIME FALSE  0 0
BTIME FALSE  0 0
ENTRY 2
PATH 6e616d6520776974682073706163650a616e64206e65776c696e65
LINK 
UNAME 666978747572652d75736572
GNAME 666978747572652d67726f7570
ATTR REGULAR 420 123 456 0 0 5 5 2 0 0
CONTENT 277089d91c0bdf4f2e6862ba7e4a07605119431f5d13f726dd352b06f1b206a9
XATTR 96a296d224f285c67bee93c30f8a309157f0daa35dc5b87e410b78630a09cfc7
ACL 96a296d224f285c67bee93c30f8a309157f0daa35dc5b87e410b78630a09cfc7
MTIME TRUE  1700000000 0
ATIME FALSE  0 0
CTIME FALSE  0 0
BTIME FALSE  0 0
ENTRY 3
PATH 6c696e6b2d65cc81
LINK d8a7d984d8b9d8b1d8a8d98ad8a92fe697a5e69cace8aa9e2d65cc812df09f9880
UNAME 65cc812d75736572
GNAME 65cc812d67726f7570
ATTR SYMBOLIC_LINK 420 123 456 0 0 0 33 0 0 0
CONTENT b54ed1197736ed2cfb340ee82d3fc76156a3150c0528eb719fe06e360ca89a70
XATTR 96a296d224f285c67bee93c30f8a309157f0daa35dc5b87e410b78630a09cfc7
ACL 96a296d224f285c67bee93c30f8a309157f0daa35dc5b87e410b78630a09cfc7
MTIME TRUE  1700000000 0
ATIME FALSE  0 0
CTIME FALSE  0 0
BTIME FALSE  0 0
ENTRY 4
PATH 64697374696e63742d65cc81
LINK 
UNAME 666978747572652d75736572
GNAME 666978747572652d67726f7570
ATTR REGULAR 420 123 456 0 0 3 3 4 0 0
CONTENT 7692c3ad3540bb803c020b3aee66cd8887123234ea0c6e7143c0add73ff431ed
XATTR 96a296d224f285c67bee93c30f8a309157f0daa35dc5b87e410b78630a09cfc7
ACL 96a296d224f285c67bee93c30f8a309157f0daa35dc5b87e410b78630a09cfc7
MTIME TRUE  1700000000 0
ATIME FALSE  0 0
CTIME FALSE  0 0
BTIME FALSE  0 0
ENTRY 5
PATH 64697374696e63742dc3a9
LINK 
UNAME 666978747572652d75736572
GNAME 666978747572652d67726f7570
ATTR REGULAR 420 123 456 0 0 3 3 5 0 0
CONTENT 3fc4ccfe745870e2c0d99f71f30ff0656c8dedd41cc1d7d3d376b0dbe685e2f3
XATTR 96a296d224f285c67bee93c30f8a309157f0daa35dc5b87e410b78630a09cfc7
ACL 96a296d224f285c67bee93c30f8a309157f0daa35dc5b87e410b78630a09cfc7
MTIME TRUE  1700000000 0
ATIME FALSE  0 0
CTIME FALSE  0 0
BTIME FALSE  0 0
PASS assertions= 74
