pread64(3</usr/lib/x86_64-linux-gnu/libc.so.6>, "\6\0\0\0\4\0\0\0@\0\0\0\0\0\0\0@\0\0\0\0\0\0\0@\0\0\0\0\0\0\0H\3\0\0\0\0\0\0H\3\0\0\0\0\0\0\10\0\0\0\0\0\0\0\3\0\0\0\4\0\0\0\240\1\36\0\0\0\0\0\240\1\36\0\0\0\0\0"..., 840, 64) = 840
pread64(3</usr/lib/x86_64-linux-gnu/libc.so.6>, "\6\0\0\0\4\0\0\0@\0\0\0\0\0\0\0@\0\0\0\0\0\0\0@\0\0\0\0\0\0\0H\3\0\0\0\0\0\0H\3\0\0\0\0\0\0\10\0\0\0\0\0\0\0\3\0\0\0\4\0\0\0\240\1\36\0\0\0\0\0\240\1\36\0\0\0\0\0"..., 840, 64) = 840
fsync(3)                                = 0
pread64(3, 0x7ffee1aa2d30, 65536, 0)    = 848
pread64(3, "", 64688, 848)              = 0
pread64(3, "", 65536, 848)              = 0
pread64(3, 0x7ffee1aa2d30, 65536, 0)    = 125
pread64(3, "", 65411, 125)              = 0
pread64(3, "", 65536, 125)              = 0
pread64(3, 0x7ffee1aa2d30, 65536, 0)    = 320
pread64(3, "", 65216, 320)              = 0
pread64(3, "", 65536, 320)              = 0
pread64(3, 0x7ffee1ab2e70, 32, 0)       = 32
pread64(3, 0x7ffee1ab2e50, 32, 0)       = 32
pread64(3, 0x7ffee1aa28d0, 65536, 0)    = 320
pread64(3, "", 65216, 320)              = 0
pread64(3, "", 65536, 320)              = 0
pread64(3, 0x7ffee1ab2c10, 320, 0)      = 320
pread64(3, 0x7ffee1aa2a20, 65536, 0)    = 583
pread64(3, "", 64953, 583)              = 0
pread64(3, "", 65536, 583)              = 0
pread64(3, 0x7ffee1aa2a20, 65536, 0)    = 848
pread64(3, "", 64688, 848)              = 0
pread64(3, "", 65536, 848)              = 0
pread64(3, 0x7ffee1aa2a20, 65536, 0)    = 125
pread64(3, "", 65411, 125)              = 0
pread64(3, "", 65536, 125)              = 0
pread64(3, 0x7ffee1aa2a20, 65536, 0)    = 523
pread64(3, "", 65013, 523)              = 0
pread64(3, "", 65536, 523)              = 0
pread64(3, 0x7ffee1aa2a20, 65536, 0)    = 228
pread64(3, "", 65308, 228)              = 0
pread64(3, "", 65536, 228)              = 0
pread64(3, 0x7ffee1aa2a20, 65536, 0)    = 223
pread64(3, "", 65313, 223)              = 0
pread64(3, "", 65536, 223)              = 0
pread64(3, 0x7ffee1865680, 65536, 0)    = 848
pread64(3, "", 64688, 848)              = 0
pread64(3, "", 65536, 848)              = 0
pread64(3, 0x7ffee18429e8, 8, 0)        = 8
pread64(3, 0x7ffee1842b39, 60, 8)       = 60
pread64(3, 0x7ffee1842790, 4, 68)       = 4
pread64(3, 0x7ffee1844c40, 4, 68)       = 4
pread64(3, 0x7ffee1842b39, 60, 72)      = 60
pread64(3, 0x7ffee1844c40, 428, 132)    = 428
pread64(3, 0x7ffee1842b39, 60, 560)     = 60
pread64(3, 0x7ffee1844c40, 228, 620)    = 228
pread64(3, 0x7ffee160d470, 65536, 0)    = 848
pread64(3, "", 64688, 848)              = 0
pread64(3, "", 65536, 848)              = 0
pread64(3, 0x7ffee15ea7d8, 8, 0)        = 8
pread64(3, 0x7ffee15ea929, 60, 8)       = 60
pread64(3, 0x7ffee15ea580, 4, 68)       = 4
pread64(3, 0x7ffee15eca30, 4, 68)       = 4
pread64(3, 0x7ffee15ea929, 60, 72)      = 60
pread64(3, 0x7ffee15eca30, 428, 132)    = 428
pread64(3, 0x7ffee15ea929, 60, 560)     = 60
pread64(3, 0x7ffee15eca30, 228, 620)    = 228
fsync(8)                                = 0
pread64(3, 0x7ffee161d830, 428, 132)    = 428
write(7, 0x7ffee161d830, 428)           = 428
fsync(7)                                = 0
renameat2(8, 0x5602f47e14b0, 7, 0x5602f47e1540, RENAME_NOREPLACE) = -1 EEXIST (File exists)
pread64(7, 0x7ffee160d3e0, 65536, 0)    = 428
pread64(7, "", 65108, 428)              = 0
pread64(7, "", 65536, 428)              = 0
fsync(8)                                = 0
pread64(3, 0x7ffee162dcb0, 65536, 0)    = 428
pread64(3, "", 65108, 428)              = 0
pread64(3, "", 65536, 428)              = 0
pread64(3, 0x56030660b2a8, 428, 0)      = 428
fsync(8)                                = 0
write(7, 0x7fea9d489018, 19)            = 19
fsync(7)                                = 0
renameat2(8, 0x5602f47e14b0, 7, 0x5602f47e1540, RENAME_NOREPLACE) = -1 EEXIST (File exists)
pread64(7, 0x7ffee162dc00, 65536, 0)    = 19
pread64(7, "", 65517, 19)               = 0
pread64(7, "", 65536, 19)               = 0
fsync(8)                                = 0
fsync(8)                                = 0
write(7, 0x7fea9d489018, 125)           = 125
fsync(7)                                = 0
renameat2(8, 0x5602f47e14b0, 7, 0x5602f47e1540, RENAME_NOREPLACE) = -1 EEXIST (File exists)
pread64(7, 0x7ffee162dc00, 65536, 0)    = 125
pread64(7, "", 65411, 125)              = 0
pread64(7, "", 65536, 125)              = 0
fsync(8)                                = 0
fsync(8)                                = 0
write(7, 0x7fea9d489018, 77)            = 77
fsync(7)                                = 0
renameat2(8, 0x5602f47e14b0, 7, 0x5602f47e1540, RENAME_NOREPLACE) = -1 EEXIST (File exists)
pread64(7, 0x7ffee162dc00, 65536, 0)    = 77
pread64(7, "", 65459, 77)               = 0
pread64(7, "", 65536, 77)               = 0
fsync(8)                                = 0
pread64(3, 0x7ffee1886100, 65536, 0)    = 125
pread64(3, "", 65411, 125)              = 0
pread64(3, "", 65536, 125)              = 0
pread64(3, 0x560306712f78, 16777216, 0) = 125
pread64(3, "", 16777091, 125)           = 0
write(1, 0x7ffee1ab2d10, 75)            = 75
write(1, 0x7ffee1ab2d50, 5)             = 5
