pread64(3</usr/lib/x86_64-linux-gnu/libc.so.6>, "\6\0\0\0\4\0\0\0@\0\0\0\0\0\0\0@\0\0\0\0\0\0\0@\0\0\0\0\0\0\0H\3\0\0\0\0\0\0H\3\0\0\0\0\0\0\10\0\0\0\0\0\0\0\3\0\0\0\4\0\0\0\240\1\36\0\0\0\0\0\240\1\36\0\0\0\0\0"..., 840, 64) = 840
pread64(3</usr/lib/x86_64-linux-gnu/libc.so.6>, "\6\0\0\0\4\0\0\0@\0\0\0\0\0\0\0@\0\0\0\0\0\0\0@\0\0\0\0\0\0\0H\3\0\0\0\0\0\0H\3\0\0\0\0\0\0\10\0\0\0\0\0\0\0\3\0\0\0\4\0\0\0\240\1\36\0\0\0\0\0\240\1\36\0\0\0\0\0"..., 840, 64) = 840
fsync(3)                                = 0
fsync(8)                                = 0
pread64(3, 0x7fff96fd5380, 65536, 0)    = 848
pread64(3, "", 64688, 848)              = 0
write(7, 0x7fff96fd5380, 848)           = 848
pread64(3, "", 65536, 848)              = 0
fsync(7)                                = 0
fsync(9)                                = 0
renameat2(8, 0x563d0fd504b0, 7, 0x563d0fd50540, RENAME_NOREPLACE) = 0
fsync(8)                                = 0
fsync(7)                                = 0
write(1, 0x7fff96fe5320, 82)            = 82
fsync(8)                                = 0
pread64(3, 0x7fff96fd5380, 65536, 0)    = 125
pread64(3, "", 65411, 125)              = 0
write(7, 0x7fff96fd5380, 125)           = 125
pread64(3, "", 65536, 125)              = 0
fsync(7)                                = 0
fsync(9)                                = 0
renameat2(8, 0x563d0fd504b0, 7, 0x563d0fd50540, RENAME_NOREPLACE) = 0
fsync(8)                                = 0
fsync(7)                                = 0
write(1, 0x7fff96fe5330, 77)            = 77
fsync(8)                                = 0
pread64(3, 0x7fff96fd5380, 65536, 0)    = 583
pread64(3, "", 64953, 583)              = 0
write(7, 0x7fff96fd5380, 583)           = 583
pread64(3, "", 65536, 583)              = 0
fsync(7)                                = 0
fsync(9)                                = 0
renameat2(8, 0x563d0fd504b0, 7, 0x563d0fd50540, RENAME_NOREPLACE) = 0
fsync(8)                                = 0
fsync(7)                                = 0
write(1, 0x7fff96fe5330, 76)            = 76
fsync(8)                                = 0
pread64(3, 0x7fff96fd5380, 65536, 0)    = 523
pread64(3, "", 65013, 523)              = 0
write(7, 0x7fff96fd5380, 523)           = 523
pread64(3, "", 65536, 523)              = 0
fsync(7)                                = 0
fsync(9)                                = 0
renameat2(8, 0x563d0fd504b0, 7, 0x563d0fd50540, RENAME_NOREPLACE) = 0
fsync(8)                                = 0
fsync(7)                                = 0
write(1, 0x7fff96fe5330, 79)            = 79
fsync(8)                                = 0
pread64(3, 0x7fff96fd5380, 65536, 0)    = 228
pread64(3, "", 65308, 228)              = 0
write(7, 0x7fff96fd5380, 228)           = 228
pread64(3, "", 65536, 228)              = 0
fsync(7)                                = 0
fsync(9)                                = 0
renameat2(8, 0x563d0fd504b0, 7, 0x563d0fd50540, RENAME_NOREPLACE) = 0
fsync(8)                                = 0
fsync(7)                                = 0
write(1, 0x7fff96fe5330, 78)            = 78
fsync(8)                                = 0
pread64(3, 0x7fff96fd5380, 65536, 0)    = 223
pread64(3, "", 65313, 223)              = 0
write(7, 0x7fff96fd5380, 223)           = 223
pread64(3, "", 65536, 223)              = 0
fsync(7)                                = 0
fsync(9)                                = 0
renameat2(8, 0x563d0fd504b0, 7, 0x563d0fd50540, RENAME_NOREPLACE) = 0
fsync(8)                                = 0
fsync(7)                                = 0
write(1, 0x7fff96fe5330, 77)            = 77
fsync(8)                                = 0
pread64(3, 0x7fff96fd5380, 65536, 0)    = 320
pread64(3, "", 65216, 320)              = 0
write(7, 0x7fff96fd5380, 320)           = 320
pread64(3, "", 65536, 320)              = 0
fsync(7)                                = 0
fsync(9)                                = 0
renameat2(8, 0x563d0fd504b0, 7, 0x563d0fd50540, RENAME_NOREPLACE) = 0
fsync(8)                                = 0
fsync(7)                                = 0
write(1, 0x7fff96fe5330, 77)            = 77
write(1, 0x7fff96fe5400, 5)             = 5
