Running as unit: run-p1502861-i1503161.scope; invocation ID: b710408c316742ffad5f7b0c111a1f99
limited-exec: {"scope": "run-p1502861-i1503161.scope", "kernel_limits": {"memory.max": "3221225472", "memory.swap.max": "0", "cpu.max": "100000 100000", "pids.max": "128"}}
Setup
   [mkdir]        object directory for project Tests
   [mkdir]        exec directory for project Tests
Compile
   [Ada]          run_root_archive_tests.adb
   [Ada]          run_conffile_observation_tests.adb
   [Ada]          run_generation_stage_tests.adb
   [Ada]          run_root_session_tests.adb
   [C]            operator_authorization.c
   [C]            pkg_deb_stream.c
   [C]            archive_observer.c
   [C]            root_handoff_wire.c
   [C]            root_handoff.c
   [C]            pkg_deb_decode.c
   [C]            conffile_snapshot.c
   [C]            root_session.c
   [Ada]          mc_clock.adb
   [Ada]          mc_codec.adb
   [Ada]          mc_fs.adb
   [Ada]          mc_hex.adb
   [Ada]          mc_posix.ads
   [Ada]          mc_runtime.adb
   [Ada]          mc_store.adb
   [Ada]          mc_types.adb
   [Ada]          pkg_catalog_retention.adb
   [Ada]          pkg_catalog_store.adb
   [Ada]          pkg_deb_metadata.adb
   [Ada]          pkg_deb_payload.adb
   [Ada]          pkg_payload_index.adb
   [Ada]          pkg_root_archive.adb
   [Ada]          pkg_selected_catalog.adb
   [Ada]          root_archive_order_test.adb
   [Ada]          root_archive_stage_test.adb
   [Ada]          test_support.adb
   [Ada]          configuration_entry_test.adb
   [Ada]          pkg_conffile_choice.adb
   [Ada]          pkg_conffile_observation.adb
   [Ada]          pkg_conffile_snapshot.adb
   [Ada]          pkg_conffile_transition.adb
   [Ada]          pkg_configuration_entry.adb
   [Ada]          mc_atomic.adb
   [Ada]          mc_dirents.adb
   [Ada]          mc_log.adb
   [Ada]          mc_log_format.adb
   [Ada]          mc_sha256.adb
   [Ada]          mc_text.adb
   [Ada]          pkg_configured_root_record.adb
   [Ada]          pkg_file_engine.adb
   [Ada]          pkg_file_plan.adb
   [Ada]          pkg_file_replay.adb
   [Ada]          pkg_generation_configuration.adb
   [Ada]          pkg_generation_intent.adb
   [Ada]          pkg_generation_manifest.adb
   [Ada]          pkg_generation_stage.adb
   [Ada]          pkg_image_inspector.adb
   [Ada]          pkg_recovery_audit.adb
   [Ada]          pkg_root_identity.ads
   [Ada]          pkg_root_state.adb
   [Ada]          pkg_root_session.adb
   [Ada]          mc_kernel_read.adb
   [Ada]          mc_paths.adb
   [Ada]          pkg_deb_container.adb
   [Ada]          pkg_deb_control.adb
   [Ada]          pkg_deb_relations.adb
   [Ada]          pkg_deb_fields.adb
   [Ada]          pkg_deb_data_stream.adb
   [Ada]          pkg_tar_framing.adb
   [Ada]          pkg_payload_ownership.adb
   [Ada]          pkg_deb_semantics.adb
   [Ada]          pkg_archive_supply.adb
   [Ada]          pkg_configured_root.adb
   [Ada]          pkg_deb_final_set.adb
   [Ada]          pkg_generation_descriptor.adb
   [Ada]          pkg_root_configuration.adb
   [Ada]          pkg_supply_map.adb
   [Ada]          pkg_supply_policy.adb
   [Ada]          pkg_deb_conffiles.adb
   [Ada]          pkg_tar_output.adb
   [Ada]          mc_journal_budget.ads
   [Ada]          pkg_deb_transition.adb
   [Ada]          pkg_deb_versions.adb
   [Ada]          mc_authentic.adb
   [Ada]          mc_signatures.adb
   [Ada]          mc_protocol.adb
Bind
   [gprbind]      run_root_archive_tests.bexch
   [Ada]          run_root_archive_tests.ali
   [gprbind]      run_conffile_observation_tests.bexch
   [Ada]          run_conffile_observation_tests.ali
   [gprbind]      run_generation_stage_tests.bexch
   [Ada]          run_generation_stage_tests.ali
   [gprbind]      run_root_session_tests.bexch
   [Ada]          run_root_session_tests.ali
Link
   [archive]      libtests.a
   [index]        libtests.a
   [link]         run_root_archive_tests.adb
   [link]         run_conffile_observation_tests.adb
   [link]         run_generation_stage_tests.adb
   [link]         run_root_session_tests.adb
