Sep 12 19:19:57 niaos-builder systemd[1]: Mounting var-lib-niaos-roots.mount - NiaOS dedicated inactive root storage...
Sep 12 19:19:57 niaos-builder systemd[1]: Mounted var-lib-niaos-roots.mount - NiaOS dedicated inactive root storage.
Sep 12 19:19:58 niaos-builder systemd[1]: Starting niaos-root-bank-check.service - NiaOS root bank device identity check...
Sep 12 19:19:58 niaos-builder python3[880]: {"format": 1, "identity": {"device_major": 254, "device_minor": 17, "inode": 2, "mount_id": 326}, "readonly": true, "status": "bank-device-checked"}
Sep 12 19:19:58 niaos-builder systemd[1]: niaos-root-bank-check.service: Deactivated successfully.
Sep 12 19:19:58 niaos-builder systemd[1]: Finished niaos-root-bank-check.service - NiaOS root bank device identity check.
Sep 12 19:19:58 niaos-builder systemd[1]: Starting niaos-root-session.service - NiaOS dedicated bank session controller...
Sep 12 19:19:58 niaos-builder systemd[1]: Started niaos-root-session.service - NiaOS dedicated bank session controller.
Sep 12 19:19:58 niaos-builder systemd[1]: Stopping niaos-root-session.service - NiaOS dedicated bank session controller...
Sep 12 19:19:58 niaos-builder systemd[1]: niaos-root-session.service: Deactivated successfully.
Sep 12 19:19:58 niaos-builder systemd[1]: Stopped niaos-root-session.service - NiaOS dedicated bank session controller.
Sep 12 19:19:58 niaos-builder systemd[1]: Starting niaos-root-bank-check.service - NiaOS root bank device identity check...
Sep 12 19:19:58 niaos-builder python3[895]: {"format": 1, "identity": {"device_major": 254, "device_minor": 17, "inode": 2, "mount_id": 326}, "readonly": true, "status": "bank-device-checked"}
Sep 12 19:19:58 niaos-builder systemd[1]: niaos-root-bank-check.service: Deactivated successfully.
Sep 12 19:19:58 niaos-builder systemd[1]: Finished niaos-root-bank-check.service - NiaOS root bank device identity check.
Sep 12 19:19:58 niaos-builder systemd[1]: Starting niaos-root-session.service - NiaOS dedicated bank session controller...
Sep 12 19:19:58 niaos-builder systemd[1]: Started niaos-root-session.service - NiaOS dedicated bank session controller.
Sep 12 19:19:59 niaos-builder systemd[1]: Stopping niaos-root-session.service - NiaOS dedicated bank session controller...
Sep 12 19:19:59 niaos-builder systemd[1]: niaos-root-session.service: Deactivated successfully.
Sep 12 19:19:59 niaos-builder systemd[1]: Stopped niaos-root-session.service - NiaOS dedicated bank session controller.
Sep 12 19:20:02 niaos-builder systemd[1]: Unmounting var-lib-niaos-roots.mount - NiaOS dedicated inactive root storage...
Sep 12 19:20:02 niaos-builder systemd[1]: var-lib-niaos-roots.mount: Deactivated successfully.
Sep 12 19:20:02 niaos-builder systemd[1]: Unmounted var-lib-niaos-roots.mount - NiaOS dedicated inactive root storage.
-- Boot 9e293d63c4dc49138cc867fb5a4fe28d --
Sep 12 19:20:11 niaos-builder systemd[1]: Mounting var-lib-niaos-roots.mount - NiaOS dedicated inactive root storage...
Sep 12 19:20:11 niaos-builder systemd[1]: Mounted var-lib-niaos-roots.mount - NiaOS dedicated inactive root storage.
Sep 12 19:20:11 niaos-builder systemd[1]: Starting niaos-root-bank-check.service - NiaOS root bank device identity check...
Sep 12 19:20:11 niaos-builder python3[658]: {"format": 1, "identity": {"device_major": 254, "device_minor": 17, "inode": 2, "mount_id": 326}, "readonly": true, "status": "bank-device-checked"}
Sep 12 19:20:11 niaos-builder systemd[1]: niaos-root-bank-check.service: Deactivated successfully.
Sep 12 19:20:11 niaos-builder systemd[1]: Finished niaos-root-bank-check.service - NiaOS root bank device identity check.
Sep 12 19:20:11 niaos-builder systemd[1]: Starting niaos-root-session.service - NiaOS dedicated bank session controller...
Sep 12 19:20:11 niaos-builder systemd[1]: Started niaos-root-session.service - NiaOS dedicated bank session controller.
Sep 12 19:20:11 niaos-builder systemd[1]: Stopping niaos-root-session.service - NiaOS dedicated bank session controller...
Sep 12 19:20:11 niaos-builder systemd[1]: niaos-root-session.service: Deactivated successfully.
Sep 12 19:20:11 niaos-builder systemd[1]: Stopped niaos-root-session.service - NiaOS dedicated bank session controller.
Sep 12 19:20:11 niaos-builder systemd[1]: Starting niaos-root-bank-check.service - NiaOS root bank device identity check...
Sep 12 19:20:11 niaos-builder python3[671]: {"format": 1, "status": "refused-or-incomplete", "error": "ValueError"}
Sep 12 19:20:11 niaos-builder systemd[1]: niaos-root-bank-check.service: Main process exited, code=exited, status=2/INVALIDARGUMENT
Sep 12 19:20:11 niaos-builder systemd[1]: niaos-root-bank-check.service: Failed with result 'exit-code'.
Sep 12 19:20:11 niaos-builder systemd[1]: Failed to start niaos-root-bank-check.service - NiaOS root bank device identity check.
Sep 12 19:20:11 niaos-builder systemd[1]: Dependency failed for niaos-root-session.service - NiaOS dedicated bank session controller.
Sep 12 19:20:11 niaos-builder systemd[1]: niaos-root-session.service: Job niaos-root-session.service/start failed with result 'dependency'.
Sep 12 19:20:11 niaos-builder systemd[1]: niaos-root-session.service: Triggering OnFailure= dependencies.
Sep 12 19:20:12 niaos-builder systemd[1]: Starting niaos-root-bank-check.service - NiaOS root bank device identity check...
Sep 12 19:20:12 niaos-builder python3[696]: {"format": 1, "identity": {"device_major": 254, "device_minor": 17, "inode": 2, "mount_id": 326}, "readonly": true, "status": "bank-device-checked"}
Sep 12 19:20:12 niaos-builder systemd[1]: niaos-root-bank-check.service: Deactivated successfully.
Sep 12 19:20:12 niaos-builder systemd[1]: Finished niaos-root-bank-check.service - NiaOS root bank device identity check.
Sep 12 19:20:12 niaos-builder systemd[1]: Starting niaos-root-session.service - NiaOS dedicated bank session controller...
Sep 12 19:20:12 niaos-builder systemd[1]: Started niaos-root-session.service - NiaOS dedicated bank session controller.
Sep 12 19:20:12 niaos-builder python3[701]: {"error":"Rejected","event":"controller-refusal","reason":"controller-worker-pin"}
Sep 12 19:20:12 niaos-builder python3[701]: {"error":"Rejected","event":"controller-refusal","reason":"controller-bank-selection"}
Sep 12 19:20:12 niaos-builder python3[701]: {"error":"Rejected","event":"controller-refusal","reason":"controller-device-plan"}
Sep 12 19:20:12 niaos-builder python3[701]: {"error":"Rejected","event":"controller-refusal","reason":"controller-request"}
Sep 12 19:20:12 niaos-builder python3[701]: {"error":"FileNotFoundError","event":"controller-refusal","reason":"[Errno 2] No such file or directory: 'bank.lock'"}
Sep 12 19:20:12 niaos-builder python3[701]: {"error":"FileNotFoundError","event":"controller-refusal","reason":"[Errno 2] No such file or directory: '/var/lib/niaos/core/store/store.lock'"}
Sep 12 19:20:12 niaos-builder python3[701]: {"error":"FileNotFoundError","event":"controller-refusal","reason":"[Errno 2] No such file or directory: '/etc/niaos/root-preparation.json'"}
Sep 12 19:20:12 niaos-builder python3[701]: {"error":"Rejected","event":"controller-refusal","reason":"controller-bank-not-fresh"}
Sep 12 19:20:12 niaos-builder systemd[1]: Stopping niaos-root-session.service - NiaOS dedicated bank session controller...
Sep 12 19:20:12 niaos-builder python3[732]: {"published":false,"state":"bank-sealed-after-stop","version":1}
Sep 12 19:20:12 niaos-builder systemd[1]: niaos-root-session.service: Deactivated successfully.
Sep 12 19:20:12 niaos-builder systemd[1]: Stopped niaos-root-session.service - NiaOS dedicated bank session controller.
Sep 12 19:20:16 niaos-builder systemd[1]: Unmounting var-lib-niaos-roots.mount - NiaOS dedicated inactive root storage...
Sep 12 19:20:16 niaos-builder systemd[1]: var-lib-niaos-roots.mount: Deactivated successfully.
Sep 12 19:20:16 niaos-builder systemd[1]: Unmounted var-lib-niaos-roots.mount - NiaOS dedicated inactive root storage.
-- Boot bb24d3f808e5401c93d086eccf0e5529 --
Sep 12 19:20:25 niaos-builder systemd[1]: Mounting var-lib-niaos-roots.mount - NiaOS dedicated inactive root storage...
Sep 12 19:20:25 niaos-builder systemd[1]: Mounted var-lib-niaos-roots.mount - NiaOS dedicated inactive root storage.
