CATALOG a9f05b1b4bb907d216464c0a01dfff13018ab31223f7480e140627d4a7885876
PAYLOAD d7fd4ec84c751a979036aa88dedc10e231b3086dc815e66ccf36a324e822bbbc
PACKAGE	03571d298ed24c615641d54dec4eb023ef5710a2b8cb9304acb66e372cab9c46	418cbaa14f952adbd3f1f6774805b4cfdeebf4a21a465a44d5404373e787dd97	e5ac2b4184fa87ce58cd70c810b000b7409c0c2bbb2a2f0a7a734578f1f51096	bash	5.2.37-2+b9	amd64	bash	5.2.37-2	 2	 1	 0	 1	 7196
FIELD	03571d298ed24c615641d54dec4eb023ef5710a2b8cb9304acb66e372cab9c46	depends	 2	 2
ATOM	03571d298ed24c615641d54dec4eb023ef5710a2b8cb9304acb66e372cab9c46	depends	 1	 1	 4	base-files		2.1.12
ATOM	03571d298ed24c615641d54dec4eb023ef5710a2b8cb9304acb66e372cab9c46	depends	 2	 2	 4	debianutils		5.6-0.1
FIELD	03571d298ed24c615641d54dec4eb023ef5710a2b8cb9304acb66e372cab9c46	pre-depends	 2	 2
ATOM	03571d298ed24c615641d54dec4eb023ef5710a2b8cb9304acb66e372cab9c46	pre-depends	 1	 1	 4	libc6		2.38
ATOM	03571d298ed24c615641d54dec4eb023ef5710a2b8cb9304acb66e372cab9c46	pre-depends	 2	 2	 4	libtinfo6		6
FIELD	03571d298ed24c615641d54dec4eb023ef5710a2b8cb9304acb66e372cab9c46	recommends	 1	 1
ATOM	03571d298ed24c615641d54dec4eb023ef5710a2b8cb9304acb66e372cab9c46	recommends	 1	 1	 0	bash-completion		
FIELD	03571d298ed24c615641d54dec4eb023ef5710a2b8cb9304acb66e372cab9c46	suggests	 1	 1
ATOM	03571d298ed24c615641d54dec4eb023ef5710a2b8cb9304acb66e372cab9c46	suggests	 1	 1	 0	bash-doc		
FIELD	03571d298ed24c615641d54dec4eb023ef5710a2b8cb9304acb66e372cab9c46	enhances	 0	 0
FIELD	03571d298ed24c615641d54dec4eb023ef5710a2b8cb9304acb66e372cab9c46	breaks	 0	 0
FIELD	03571d298ed24c615641d54dec4eb023ef5710a2b8cb9304acb66e372cab9c46	conflicts	 0	 0
FIELD	03571d298ed24c615641d54dec4eb023ef5710a2b8cb9304acb66e372cab9c46	replaces	 0	 0
FIELD	03571d298ed24c615641d54dec4eb023ef5710a2b8cb9304acb66e372cab9c46	provides	 0	 0
FIELD	03571d298ed24c615641d54dec4eb023ef5710a2b8cb9304acb66e372cab9c46	built-using	 0	 0
FIELD	03571d298ed24c615641d54dec4eb023ef5710a2b8cb9304acb66e372cab9c46	static-built-using	 0	 0
PACKAGE	1299ab6f9389a288eb2f5f3dd222c26cc777b9a2d5ecb6ee4cbd340cebcdada2	c5acb0badf54482bd105263defdf3d585d38948faeca7b0629167b0bdef0a0b8	06d27f11497e62379a1a4fc599709da32a6b0684bf20b4bc63be36da9bc6aed0	coreutils	9.7-3	amd64	coreutils	9.7-3	 2	 1	 0	 1	 18457
FIELD	1299ab6f9389a288eb2f5f3dd222c26cc777b9a2d5ecb6ee4cbd340cebcdada2	depends	 0	 0
FIELD	1299ab6f9389a288eb2f5f3dd222c26cc777b9a2d5ecb6ee4cbd340cebcdada2	pre-depends	 8	 8
ATOM	1299ab6f9389a288eb2f5f3dd222c26cc777b9a2d5ecb6ee4cbd340cebcdada2	pre-depends	 1	 1	 4	libacl1		2.2.23
ATOM	1299ab6f9389a288eb2f5f3dd222c26cc777b9a2d5ecb6ee4cbd340cebcdada2	pre-depends	 2	 2	 4	libattr1		1:2.4.48
ATOM	1299ab6f9389a288eb2f5f3dd222c26cc777b9a2d5ecb6ee4cbd340cebcdada2	pre-depends	 3	 3	 4	libc6		2.38
ATOM	1299ab6f9389a288eb2f5f3dd222c26cc777b9a2d5ecb6ee4cbd340cebcdada2	pre-depends	 4	 4	 4	libcap2		1:2.10
ATOM	1299ab6f9389a288eb2f5f3dd222c26cc777b9a2d5ecb6ee4cbd340cebcdada2	pre-depends	 5	 5	 4	libgmp10		2:6.3.0+dfsg
ATOM	1299ab6f9389a288eb2f5f3dd222c26cc777b9a2d5ecb6ee4cbd340cebcdada2	pre-depends	 6	 6	 4	libselinux1		3.1~
ATOM	1299ab6f9389a288eb2f5f3dd222c26cc777b9a2d5ecb6ee4cbd340cebcdada2	pre-depends	 7	 7	 4	libssl3t64		3.0.0
ATOM	1299ab6f9389a288eb2f5f3dd222c26cc777b9a2d5ecb6ee4cbd340cebcdada2	pre-depends	 8	 8	 4	libsystemd0		254
FIELD	1299ab6f9389a288eb2f5f3dd222c26cc777b9a2d5ecb6ee4cbd340cebcdada2	recommends	 0	 0
FIELD	1299ab6f9389a288eb2f5f3dd222c26cc777b9a2d5ecb6ee4cbd340cebcdada2	suggests	 0	 0
FIELD	1299ab6f9389a288eb2f5f3dd222c26cc777b9a2d5ecb6ee4cbd340cebcdada2	enhances	 0	 0
FIELD	1299ab6f9389a288eb2f5f3dd222c26cc777b9a2d5ecb6ee4cbd340cebcdada2	breaks	 0	 0
FIELD	1299ab6f9389a288eb2f5f3dd222c26cc777b9a2d5ecb6ee4cbd340cebcdada2	conflicts	 0	 0
FIELD	1299ab6f9389a288eb2f5f3dd222c26cc777b9a2d5ecb6ee4cbd340cebcdada2	replaces	 0	 0
FIELD	1299ab6f9389a288eb2f5f3dd222c26cc777b9a2d5ecb6ee4cbd340cebcdada2	provides	 0	 0
FIELD	1299ab6f9389a288eb2f5f3dd222c26cc777b9a2d5ecb6ee4cbd340cebcdada2	built-using	 0	 0
FIELD	1299ab6f9389a288eb2f5f3dd222c26cc777b9a2d5ecb6ee4cbd340cebcdada2	static-built-using	 0	 0
PACKAGE	3e800c6d75e8e709007ed1c356e5fa8509a75c1694fb0a1183709abc9cfdc1f3	2abf1b42b367df75deab877c0c2e8483c700062f05a80bb271b61af859326ec1	8c4713982387e3c925b0f7370bc63d911e12e15b9132b2dd0730a83b245de87a	dpkg	1.22.22	amd64	dpkg	1.22.22	 2	 1	 0	 1	 6587
FIELD	3e800c6d75e8e709007ed1c356e5fa8509a75c1694fb0a1183709abc9cfdc1f3	depends	 1	 1
ATOM	3e800c6d75e8e709007ed1c356e5fa8509a75c1694fb0a1183709abc9cfdc1f3	depends	 1	 1	 4	tar		1.28-1
FIELD	3e800c6d75e8e709007ed1c356e5fa8509a75c1694fb0a1183709abc9cfdc1f3	pre-depends	 7	 7
ATOM	3e800c6d75e8e709007ed1c356e5fa8509a75c1694fb0a1183709abc9cfdc1f3	pre-depends	 1	 1	 0	libbz2-1.0		
ATOM	3e800c6d75e8e709007ed1c356e5fa8509a75c1694fb0a1183709abc9cfdc1f3	pre-depends	 2	 2	 4	libc6		2.38
ATOM	3e800c6d75e8e709007ed1c356e5fa8509a75c1694fb0a1183709abc9cfdc1f3	pre-depends	 3	 3	 4	liblzma5		5.4.0
ATOM	3e800c6d75e8e709007ed1c356e5fa8509a75c1694fb0a1183709abc9cfdc1f3	pre-depends	 4	 4	 4	libmd0		0.0.0
ATOM	3e800c6d75e8e709007ed1c356e5fa8509a75c1694fb0a1183709abc9cfdc1f3	pre-depends	 5	 5	 4	libselinux1		3.1~
ATOM	3e800c6d75e8e709007ed1c356e5fa8509a75c1694fb0a1183709abc9cfdc1f3	pre-depends	 6	 6	 4	libzstd1		1.5.5
ATOM	3e800c6d75e8e709007ed1c356e5fa8509a75c1694fb0a1183709abc9cfdc1f3	pre-depends	 7	 7	 4	zlib1g		1:1.1.4
FIELD	3e800c6d75e8e709007ed1c356e5fa8509a75c1694fb0a1183709abc9cfdc1f3	recommends	 0	 0
FIELD	3e800c6d75e8e709007ed1c356e5fa8509a75c1694fb0a1183709abc9cfdc1f3	suggests	 2	 2
ATOM	3e800c6d75e8e709007ed1c356e5fa8509a75c1694fb0a1183709abc9cfdc1f3	suggests	 1	 1	 0	apt		
ATOM	3e800c6d75e8e709007ed1c356e5fa8509a75c1694fb0a1183709abc9cfdc1f3	suggests	 2	 2	 0	debsig-verify		
FIELD	3e800c6d75e8e709007ed1c356e5fa8509a75c1694fb0a1183709abc9cfdc1f3	enhances	 0	 0
FIELD	3e800c6d75e8e709007ed1c356e5fa8509a75c1694fb0a1183709abc9cfdc1f3	breaks	 2	 2
ATOM	3e800c6d75e8e709007ed1c356e5fa8509a75c1694fb0a1183709abc9cfdc1f3	breaks	 1	 1	 1	libapt-pkg5.0		1.7~b
ATOM	3e800c6d75e8e709007ed1c356e5fa8509a75c1694fb0a1183709abc9cfdc1f3	breaks	 2	 2	 1	lsb-base		10.2019031300
FIELD	3e800c6d75e8e709007ed1c356e5fa8509a75c1694fb0a1183709abc9cfdc1f3	conflicts	 0	 0
FIELD	3e800c6d75e8e709007ed1c356e5fa8509a75c1694fb0a1183709abc9cfdc1f3	replaces	 0	 0
FIELD	3e800c6d75e8e709007ed1c356e5fa8509a75c1694fb0a1183709abc9cfdc1f3	provides	 0	 0
FIELD	3e800c6d75e8e709007ed1c356e5fa8509a75c1694fb0a1183709abc9cfdc1f3	built-using	 0	 0
FIELD	3e800c6d75e8e709007ed1c356e5fa8509a75c1694fb0a1183709abc9cfdc1f3	static-built-using	 0	 0
PACKAGE	663f792345cf77fe7a86c9b390126d37071682dafbad85bb345f425c3c41fece	58a1ca52036c9b906e3f446557866337b4511743e36bd8d399545f8ba75bc528	48cee6bc1fde47ee11917d16e6a9ce019029a74cc4379eba307fa8b5268257cf	niaos-configcore	0.1.0+git6d46ea26c38c	amd64	niaos-configcore	0.1.0+git6d46ea26c38c	 0	 0	 0	 1	 249
FIELD	663f792345cf77fe7a86c9b390126d37071682dafbad85bb345f425c3c41fece	depends	 4	 4
ATOM	663f792345cf77fe7a86c9b390126d37071682dafbad85bb345f425c3c41fece	depends	 1	 1	 4	libc6		2.34
ATOM	663f792345cf77fe7a86c9b390126d37071682dafbad85bb345f425c3c41fece	depends	 2	 2	 4	libgcc-s1		3.0
ATOM	663f792345cf77fe7a86c9b390126d37071682dafbad85bb345f425c3c41fece	depends	 3	 3	 4	libgnat-14		14.2.0
ATOM	663f792345cf77fe7a86c9b390126d37071682dafbad85bb345f425c3c41fece	depends	 4	 4	 4	libsodium23		0.6.1
FIELD	663f792345cf77fe7a86c9b390126d37071682dafbad85bb345f425c3c41fece	pre-depends	 0	 0
FIELD	663f792345cf77fe7a86c9b390126d37071682dafbad85bb345f425c3c41fece	recommends	 0	 0
FIELD	663f792345cf77fe7a86c9b390126d37071682dafbad85bb345f425c3c41fece	suggests	 0	 0
FIELD	663f792345cf77fe7a86c9b390126d37071682dafbad85bb345f425c3c41fece	enhances	 0	 0
FIELD	663f792345cf77fe7a86c9b390126d37071682dafbad85bb345f425c3c41fece	breaks	 0	 0
FIELD	663f792345cf77fe7a86c9b390126d37071682dafbad85bb345f425c3c41fece	conflicts	 0	 0
FIELD	663f792345cf77fe7a86c9b390126d37071682dafbad85bb345f425c3c41fece	replaces	 0	 0
FIELD	663f792345cf77fe7a86c9b390126d37071682dafbad85bb345f425c3c41fece	provides	 0	 0
FIELD	663f792345cf77fe7a86c9b390126d37071682dafbad85bb345f425c3c41fece	built-using	 0	 0
FIELD	663f792345cf77fe7a86c9b390126d37071682dafbad85bb345f425c3c41fece	static-built-using	 0	 0
PACKAGE	693f76f12902f2d23305073d3350b11a1379d76a1f27cdef696a8e8170ee8009	38f3b6f00c580d4ae5f7162d3051ceccdd7e10ee92d2b8ef3650d1946382ae13	4e86ade86b5a80c901ae26d6efb27954bb29909275504a610c310269441ebf3a	niaos-resolvercore	0.1.0+gita58f281ff997	amd64	niaos-resolvercore	0.1.0+gita58f281ff997	 0	 0	 0	 1	 229
FIELD	693f76f12902f2d23305073d3350b11a1379d76a1f27cdef696a8e8170ee8009	depends	 4	 4
ATOM	693f76f12902f2d23305073d3350b11a1379d76a1f27cdef696a8e8170ee8009	depends	 1	 1	 4	libc6		2.34
ATOM	693f76f12902f2d23305073d3350b11a1379d76a1f27cdef696a8e8170ee8009	depends	 2	 2	 4	libgcc-s1		3.0
ATOM	693f76f12902f2d23305073d3350b11a1379d76a1f27cdef696a8e8170ee8009	depends	 3	 3	 4	libgnat-14		14.2.0
ATOM	693f76f12902f2d23305073d3350b11a1379d76a1f27cdef696a8e8170ee8009	depends	 4	 4	 4	libsodium23		0.6.1
FIELD	693f76f12902f2d23305073d3350b11a1379d76a1f27cdef696a8e8170ee8009	pre-depends	 0	 0
FIELD	693f76f12902f2d23305073d3350b11a1379d76a1f27cdef696a8e8170ee8009	recommends	 0	 0
FIELD	693f76f12902f2d23305073d3350b11a1379d76a1f27cdef696a8e8170ee8009	suggests	 0	 0
FIELD	693f76f12902f2d23305073d3350b11a1379d76a1f27cdef696a8e8170ee8009	enhances	 0	 0
FIELD	693f76f12902f2d23305073d3350b11a1379d76a1f27cdef696a8e8170ee8009	breaks	 0	 0
FIELD	693f76f12902f2d23305073d3350b11a1379d76a1f27cdef696a8e8170ee8009	conflicts	 0	 0
FIELD	693f76f12902f2d23305073d3350b11a1379d76a1f27cdef696a8e8170ee8009	replaces	 0	 0
FIELD	693f76f12902f2d23305073d3350b11a1379d76a1f27cdef696a8e8170ee8009	provides	 0	 0
FIELD	693f76f12902f2d23305073d3350b11a1379d76a1f27cdef696a8e8170ee8009	built-using	 0	 0
FIELD	693f76f12902f2d23305073d3350b11a1379d76a1f27cdef696a8e8170ee8009	static-built-using	 0	 0
PACKAGE	69e2f82fed042d5d603e9eee88cdb5bff1c7f454e0236bb636b08df069139cd0	599f08daa1bef097188acccdc72d2b03a9d2c31061ffd723c91ee24bcd2ea4aa	7512fc9e5b06cf5089e97e1bbf836e19671145b0a63f9672a286adb9c11a8ba0	niaos-pkgcore	0.1.0+gite74913f9f941	amd64	niaos-pkgcore	0.1.0+gite74913f9f941	 0	 0	 0	 1	 899
FIELD	69e2f82fed042d5d603e9eee88cdb5bff1c7f454e0236bb636b08df069139cd0	depends	 6	 6
ATOM	69e2f82fed042d5d603e9eee88cdb5bff1c7f454e0236bb636b08df069139cd0	depends	 1	 1	 4	libarchive13t64		3.3.3
ATOM	69e2f82fed042d5d603e9eee88cdb5bff1c7f454e0236bb636b08df069139cd0	depends	 2	 2	 4	libc6		2.36
ATOM	69e2f82fed042d5d603e9eee88cdb5bff1c7f454e0236bb636b08df069139cd0	depends	 3	 3	 4	libcurl4t64		7.16.2
ATOM	69e2f82fed042d5d603e9eee88cdb5bff1c7f454e0236bb636b08df069139cd0	depends	 4	 4	 4	libgcc-s1		3.0
ATOM	69e2f82fed042d5d603e9eee88cdb5bff1c7f454e0236bb636b08df069139cd0	depends	 5	 5	 4	libgnat-14		14.2.0
ATOM	69e2f82fed042d5d603e9eee88cdb5bff1c7f454e0236bb636b08df069139cd0	depends	 6	 6	 4	libsodium23		0.6.1
FIELD	69e2f82fed042d5d603e9eee88cdb5bff1c7f454e0236bb636b08df069139cd0	pre-depends	 0	 0
FIELD	69e2f82fed042d5d603e9eee88cdb5bff1c7f454e0236bb636b08df069139cd0	recommends	 0	 0
FIELD	69e2f82fed042d5d603e9eee88cdb5bff1c7f454e0236bb636b08df069139cd0	suggests	 0	 0
FIELD	69e2f82fed042d5d603e9eee88cdb5bff1c7f454e0236bb636b08df069139cd0	enhances	 0	 0
FIELD	69e2f82fed042d5d603e9eee88cdb5bff1c7f454e0236bb636b08df069139cd0	breaks	 0	 0
FIELD	69e2f82fed042d5d603e9eee88cdb5bff1c7f454e0236bb636b08df069139cd0	conflicts	 0	 0
FIELD	69e2f82fed042d5d603e9eee88cdb5bff1c7f454e0236bb636b08df069139cd0	replaces	 0	 0
FIELD	69e2f82fed042d5d603e9eee88cdb5bff1c7f454e0236bb636b08df069139cd0	provides	 0	 0
FIELD	69e2f82fed042d5d603e9eee88cdb5bff1c7f454e0236bb636b08df069139cd0	built-using	 0	 0
FIELD	69e2f82fed042d5d603e9eee88cdb5bff1c7f454e0236bb636b08df069139cd0	static-built-using	 0	 0
PACKAGE	7c97862c75ba7d54e188cd6001f3e070ad0681e897a5c3b71f5e35c53732d268	847d9c2ee09475d52d7e482657368017debc905b949a89a5b88086ed0cf09628	65c0e3ee5a8d7751d1126c13aa2ec72581d8c1b34b8e033bee0ef7b410f42dc6	niaos-capsulecore	0.1.0+git0c356eecb425	amd64	niaos-capsulecore	0.1.0+git0c356eecb425	 0	 0	 0	 1	 173
FIELD	7c97862c75ba7d54e188cd6001f3e070ad0681e897a5c3b71f5e35c53732d268	depends	 4	 4
ATOM	7c97862c75ba7d54e188cd6001f3e070ad0681e897a5c3b71f5e35c53732d268	depends	 1	 1	 4	libc6		2.34
ATOM	7c97862c75ba7d54e188cd6001f3e070ad0681e897a5c3b71f5e35c53732d268	depends	 2	 2	 4	libgcc-s1		3.0
ATOM	7c97862c75ba7d54e188cd6001f3e070ad0681e897a5c3b71f5e35c53732d268	depends	 3	 3	 4	libgnat-14		14.2.0
ATOM	7c97862c75ba7d54e188cd6001f3e070ad0681e897a5c3b71f5e35c53732d268	depends	 4	 4	 4	libsodium23		0.6.1
FIELD	7c97862c75ba7d54e188cd6001f3e070ad0681e897a5c3b71f5e35c53732d268	pre-depends	 0	 0
FIELD	7c97862c75ba7d54e188cd6001f3e070ad0681e897a5c3b71f5e35c53732d268	recommends	 0	 0
FIELD	7c97862c75ba7d54e188cd6001f3e070ad0681e897a5c3b71f5e35c53732d268	suggests	 0	 0
FIELD	7c97862c75ba7d54e188cd6001f3e070ad0681e897a5c3b71f5e35c53732d268	enhances	 0	 0
FIELD	7c97862c75ba7d54e188cd6001f3e070ad0681e897a5c3b71f5e35c53732d268	breaks	 0	 0
FIELD	7c97862c75ba7d54e188cd6001f3e070ad0681e897a5c3b71f5e35c53732d268	conflicts	 0	 0
FIELD	7c97862c75ba7d54e188cd6001f3e070ad0681e897a5c3b71f5e35c53732d268	replaces	 0	 0
FIELD	7c97862c75ba7d54e188cd6001f3e070ad0681e897a5c3b71f5e35c53732d268	provides	 0	 0
FIELD	7c97862c75ba7d54e188cd6001f3e070ad0681e897a5c3b71f5e35c53732d268	built-using	 0	 0
FIELD	7c97862c75ba7d54e188cd6001f3e070ad0681e897a5c3b71f5e35c53732d268	static-built-using	 0	 0
PACKAGE	8ffd13165b9ee3f067e2ee670df718e48c1bdaa18676ac93d1de761dbbb3913c	719b8f608bb8aa640f5fbace1f63ce637f9748d0640b62a206c48c4e53fc35b1	747ac33ee685482f194e32e7216ff89cdde2b0561f80fcbdeda7d4f46d5176d9	libc6	2.41-12+deb13u3	amd64	glibc	2.41-12+deb13u3	 1	 0	 0	 1	 13226
FIELD	8ffd13165b9ee3f067e2ee670df718e48c1bdaa18676ac93d1de761dbbb3913c	depends	 1	 1
ATOM	8ffd13165b9ee3f067e2ee670df718e48c1bdaa18676ac93d1de761dbbb3913c	depends	 1	 1	 0	libgcc-s1		
FIELD	8ffd13165b9ee3f067e2ee670df718e48c1bdaa18676ac93d1de761dbbb3913c	pre-depends	 0	 0
FIELD	8ffd13165b9ee3f067e2ee670df718e48c1bdaa18676ac93d1de761dbbb3913c	recommends	 1	 1
ATOM	8ffd13165b9ee3f067e2ee670df718e48c1bdaa18676ac93d1de761dbbb3913c	recommends	 1	 1	 4	libidn2-0		2.0.5~
FIELD	8ffd13165b9ee3f067e2ee670df718e48c1bdaa18676ac93d1de761dbbb3913c	suggests	 7	 6
ATOM	8ffd13165b9ee3f067e2ee670df718e48c1bdaa18676ac93d1de761dbbb3913c	suggests	 1	 1	 0	glibc-doc		
ATOM	8ffd13165b9ee3f067e2ee670df718e48c1bdaa18676ac93d1de761dbbb3913c	suggests	 2	 2	 0	debconf		
ATOM	8ffd13165b9ee3f067e2ee670df718e48c1bdaa18676ac93d1de761dbbb3913c	suggests	 3	 2	 0	debconf-2.0		
ATOM	8ffd13165b9ee3f067e2ee670df718e48c1bdaa18676ac93d1de761dbbb3913c	suggests	 4	 3	 0	libc-l10n		
ATOM	8ffd13165b9ee3f067e2ee670df718e48c1bdaa18676ac93d1de761dbbb3913c	suggests	 5	 4	 0	locales		
ATOM	8ffd13165b9ee3f067e2ee670df718e48c1bdaa18676ac93d1de761dbbb3913c	suggests	 6	 5	 0	libnss-nis		
ATOM	8ffd13165b9ee3f067e2ee670df718e48c1bdaa18676ac93d1de761dbbb3913c	suggests	 7	 6	 0	libnss-nisplus		
FIELD	8ffd13165b9ee3f067e2ee670df718e48c1bdaa18676ac93d1de761dbbb3913c	enhances	 0	 0
FIELD	8ffd13165b9ee3f067e2ee670df718e48c1bdaa18676ac93d1de761dbbb3913c	breaks	 30	 30
ATOM	8ffd13165b9ee3f067e2ee670df718e48c1bdaa18676ac93d1de761dbbb3913c	breaks	 1	 1	 1	base-files		13.3~
ATOM	8ffd13165b9ee3f067e2ee670df718e48c1bdaa18676ac93d1de761dbbb3913c	breaks	 2	 2	 1	chrony		4.2-3~
ATOM	8ffd13165b9ee3f067e2ee670df718e48c1bdaa18676ac93d1de761dbbb3913c	breaks	 3	 3	 1	dhcpcd		1:10.1.0-7~
ATOM	8ffd13165b9ee3f067e2ee670df718e48c1bdaa18676ac93d1de761dbbb3913c	breaks	 4	 4	 1	fakechroot		2.19-3.5
ATOM	8ffd13165b9ee3f067e2ee670df718e48c1bdaa18676ac93d1de761dbbb3913c	breaks	 5	 5	 1	firefox		91~
ATOM	8ffd13165b9ee3f067e2ee670df718e48c1bdaa18676ac93d1de761dbbb3913c	breaks	 6	 6	 1	firefox-esr		91~
ATOM	8ffd13165b9ee3f067e2ee670df718e48c1bdaa18676ac93d1de761dbbb3913c	breaks	 7	 7	 1	gnumach-image-1.8-486		2:1.8+git20210923~
ATOM	8ffd13165b9ee3f067e2ee670df718e48c1bdaa18676ac93d1de761dbbb3913c	breaks	 8	 8	 1	gnumach-image-1.8-486-dbg		2:1.8+git20210923~
ATOM	8ffd13165b9ee3f067e2ee670df718e48c1bdaa18676ac93d1de761dbbb3913c	breaks	 9	 9	 1	gnumach-image-1.8-xen-486		2:1.8+git20210923~
ATOM	8ffd13165b9ee3f067e2ee670df718e48c1bdaa18676ac93d1de761dbbb3913c	breaks	 10	 10	 1	gnumach-image-1.8-xen-486-dbg		2:1.8+git20210923~
ATOM	8ffd13165b9ee3f067e2ee670df718e48c1bdaa18676ac93d1de761dbbb3913c	breaks	 11	 11	 1	hurd		1:0.9.git20220301-2
ATOM	8ffd13165b9ee3f067e2ee670df718e48c1bdaa18676ac93d1de761dbbb3913c	breaks	 12	 12	 1	libamdhip64-5		5.7.1-5+b1
ATOM	8ffd13165b9ee3f067e2ee670df718e48c1bdaa18676ac93d1de761dbbb3913c	breaks	 13	 13	 1	libhiprtc-builtins5		5.7.1-5+b1
ATOM	8ffd13165b9ee3f067e2ee670df718e48c1bdaa18676ac93d1de761dbbb3913c	breaks	 14	 14	 1	librccl1		5.4.3-3+b1
ATOM	8ffd13165b9ee3f067e2ee670df718e48c1bdaa18676ac93d1de761dbbb3913c	breaks	 15	 15	 1	libswupdate0.1		2024.12.1+dfsg-1+b3
ATOM	8ffd13165b9ee3f067e2ee670df718e48c1bdaa18676ac93d1de761dbbb3913c	breaks	 16	 16	 1	locales		2.41
ATOM	8ffd13165b9ee3f067e2ee670df718e48c1bdaa18676ac93d1de761dbbb3913c	breaks	 17	 17	 1	locales-all		2.41
ATOM	8ffd13165b9ee3f067e2ee670df718e48c1bdaa18676ac93d1de761dbbb3913c	breaks	 18	 18	 1	lua-swupdate		2024.12.1+dfsg-1+b3
ATOM	8ffd13165b9ee3f067e2ee670df718e48c1bdaa18676ac93d1de761dbbb3913c	breaks	 19	 19	 1	nscd		2.41
ATOM	8ffd13165b9ee3f067e2ee670df718e48c1bdaa18676ac93d1de761dbbb3913c	breaks	 20	 20	 1	pd-scaf		1:0.14.1+darcs20180201-6+b4
ATOM	8ffd13165b9ee3f067e2ee670df718e48c1bdaa18676ac93d1de761dbbb3913c	breaks	 21	 21	 1	postgresql-15-pllua		1:2.0.12-4
ATOM	8ffd13165b9ee3f067e2ee670df718e48c1bdaa18676ac93d1de761dbbb3913c	breaks	 22	 22	 1	postgresql-17-pllua		1:2.0.12-3+b2
ATOM	8ffd13165b9ee3f067e2ee670df718e48c1bdaa18676ac93d1de761dbbb3913c	breaks	 23	 23	 1	python3-iptables		1.0.0-2
ATOM	8ffd13165b9ee3f067e2ee670df718e48c1bdaa18676ac93d1de761dbbb3913c	breaks	 24	 24	 1	python3-mrgingham		1.25-1
ATOM	8ffd13165b9ee3f067e2ee670df718e48c1bdaa18676ac93d1de761dbbb3913c	breaks	 25	 25	 1	python3-onnxruntime		1.20.1+dfsg-2~
ATOM	8ffd13165b9ee3f067e2ee670df718e48c1bdaa18676ac93d1de761dbbb3913c	breaks	 26	 26	 1	sysvinit		3.09-2~
ATOM	8ffd13165b9ee3f067e2ee670df718e48c1bdaa18676ac93d1de761dbbb3913c	breaks	 27	 27	 1	sysvinit-core		3.09-2~
ATOM	8ffd13165b9ee3f067e2ee670df718e48c1bdaa18676ac93d1de761dbbb3913c	breaks	 28	 28	 1	tinydns		1:1.05-14
ATOM	8ffd13165b9ee3f067e2ee670df718e48c1bdaa18676ac93d1de761dbbb3913c	breaks	 29	 29	 1	uwsgi-plugin-pypy3		0.0.2+b1
ATOM	8ffd13165b9ee3f067e2ee670df718e48c1bdaa18676ac93d1de761dbbb3913c	breaks	 30	 30	 1	valgrind		1:3.19.0-1~
FIELD	8ffd13165b9ee3f067e2ee670df718e48c1bdaa18676ac93d1de761dbbb3913c	conflicts	 0	 0
FIELD	8ffd13165b9ee3f067e2ee670df718e48c1bdaa18676ac93d1de761dbbb3913c	replaces	 1	 1
ATOM	8ffd13165b9ee3f067e2ee670df718e48c1bdaa18676ac93d1de761dbbb3913c	replaces	 1	 1	 0	libc6-amd64		
FIELD	8ffd13165b9ee3f067e2ee670df718e48c1bdaa18676ac93d1de761dbbb3913c	provides	 0	 0
FIELD	8ffd13165b9ee3f067e2ee670df718e48c1bdaa18676ac93d1de761dbbb3913c	built-using	 0	 0
FIELD	8ffd13165b9ee3f067e2ee670df718e48c1bdaa18676ac93d1de761dbbb3913c	static-built-using	 0	 0
PACKAGE	af7c3031f932d5bbfecda2ceafdd8de1ed72d2f8370a52b4ec02d770e51adcb3	35fea31a2e0ab15d3c5d5b50d9afb677c348b0635ab2e598cfd745c82818f9b5	091f72326708e04cd94936454828cf44c626a7824c6026a08aa32106ce700233	niaos-assurance	0.1.0+git70baa595e385	amd64	niaos-assurance	0.1.0+git70baa595e385	 0	 0	 0	 1	 537
FIELD	af7c3031f932d5bbfecda2ceafdd8de1ed72d2f8370a52b4ec02d770e51adcb3	depends	 4	 4
ATOM	af7c3031f932d5bbfecda2ceafdd8de1ed72d2f8370a52b4ec02d770e51adcb3	depends	 1	 1	 4	libc6		2.34
ATOM	af7c3031f932d5bbfecda2ceafdd8de1ed72d2f8370a52b4ec02d770e51adcb3	depends	 2	 2	 4	libgcc-s1		3.0
ATOM	af7c3031f932d5bbfecda2ceafdd8de1ed72d2f8370a52b4ec02d770e51adcb3	depends	 3	 3	 4	libgnat-14		14.2.0
ATOM	af7c3031f932d5bbfecda2ceafdd8de1ed72d2f8370a52b4ec02d770e51adcb3	depends	 4	 4	 4	libsodium23		0.6.1
FIELD	af7c3031f932d5bbfecda2ceafdd8de1ed72d2f8370a52b4ec02d770e51adcb3	pre-depends	 0	 0
FIELD	af7c3031f932d5bbfecda2ceafdd8de1ed72d2f8370a52b4ec02d770e51adcb3	recommends	 0	 0
FIELD	af7c3031f932d5bbfecda2ceafdd8de1ed72d2f8370a52b4ec02d770e51adcb3	suggests	 0	 0
FIELD	af7c3031f932d5bbfecda2ceafdd8de1ed72d2f8370a52b4ec02d770e51adcb3	enhances	 0	 0
FIELD	af7c3031f932d5bbfecda2ceafdd8de1ed72d2f8370a52b4ec02d770e51adcb3	breaks	 0	 0
FIELD	af7c3031f932d5bbfecda2ceafdd8de1ed72d2f8370a52b4ec02d770e51adcb3	conflicts	 0	 0
FIELD	af7c3031f932d5bbfecda2ceafdd8de1ed72d2f8370a52b4ec02d770e51adcb3	replaces	 0	 0
FIELD	af7c3031f932d5bbfecda2ceafdd8de1ed72d2f8370a52b4ec02d770e51adcb3	provides	 0	 0
FIELD	af7c3031f932d5bbfecda2ceafdd8de1ed72d2f8370a52b4ec02d770e51adcb3	built-using	 0	 0
FIELD	af7c3031f932d5bbfecda2ceafdd8de1ed72d2f8370a52b4ec02d770e51adcb3	static-built-using	 0	 0
PACKAGE	b489514ee8cc12743f6817b9a21a01f3d51e688acf894c14d052ad19213e203d	c840afc2028d0ff9adffd33a40e884c5d2a4170c39e734885a3533943aa944b1	d77e804515ad4966b0b6d947ac5a4ba117c70dae82b714004bd8405b52c28286	fixture	1:2.0-1	all	fixture	1:2.0-1	 0	 0	 0	 0	 0
FIELD	b489514ee8cc12743f6817b9a21a01f3d51e688acf894c14d052ad19213e203d	depends	 0	 0
FIELD	b489514ee8cc12743f6817b9a21a01f3d51e688acf894c14d052ad19213e203d	pre-depends	 0	 0
FIELD	b489514ee8cc12743f6817b9a21a01f3d51e688acf894c14d052ad19213e203d	recommends	 0	 0
FIELD	b489514ee8cc12743f6817b9a21a01f3d51e688acf894c14d052ad19213e203d	suggests	 0	 0
FIELD	b489514ee8cc12743f6817b9a21a01f3d51e688acf894c14d052ad19213e203d	enhances	 0	 0
FIELD	b489514ee8cc12743f6817b9a21a01f3d51e688acf894c14d052ad19213e203d	breaks	 0	 0
FIELD	b489514ee8cc12743f6817b9a21a01f3d51e688acf894c14d052ad19213e203d	conflicts	 0	 0
FIELD	b489514ee8cc12743f6817b9a21a01f3d51e688acf894c14d052ad19213e203d	replaces	 0	 0
FIELD	b489514ee8cc12743f6817b9a21a01f3d51e688acf894c14d052ad19213e203d	provides	 0	 0
FIELD	b489514ee8cc12743f6817b9a21a01f3d51e688acf894c14d052ad19213e203d	built-using	 0	 0
FIELD	b489514ee8cc12743f6817b9a21a01f3d51e688acf894c14d052ad19213e203d	static-built-using	 0	 0
PACKAGE	c5eaef41c6947d2888fa3462f787a7e02158b997bd0119154283f425ba57b8b8	1988f0699a78f132f62c2fda242310b95233824a1cbec46b928ba41e01500e2f	fb0de1ced8a709e79bd60ec8ab4469b891c0b14a681440a08c6e858552df3cb9	passwd	1:4.17.4-2	amd64	shadow	1:4.17.4-2	 2	 0	 0	 1	 4758
FIELD	c5eaef41c6947d2888fa3462f787a7e02158b997bd0119154283f425ba57b8b8	depends	 12	 12
ATOM	c5eaef41c6947d2888fa3462f787a7e02158b997bd0119154283f425ba57b8b8	depends	 1	 1	 4	base-passwd		3.6.4
ATOM	c5eaef41c6947d2888fa3462f787a7e02158b997bd0119154283f425ba57b8b8	depends	 2	 2	 0	libpam-modules		
ATOM	c5eaef41c6947d2888fa3462f787a7e02158b997bd0119154283f425ba57b8b8	depends	 3	 3	 0	login.defs		
ATOM	c5eaef41c6947d2888fa3462f787a7e02158b997bd0119154283f425ba57b8b8	depends	 4	 4	 4	libacl1		2.2.23
ATOM	c5eaef41c6947d2888fa3462f787a7e02158b997bd0119154283f425ba57b8b8	depends	 5	 5	 4	libattr1		1:2.4.44
ATOM	c5eaef41c6947d2888fa3462f787a7e02158b997bd0119154283f425ba57b8b8	depends	 6	 6	 4	libaudit1		1:2.2.1
ATOM	c5eaef41c6947d2888fa3462f787a7e02158b997bd0119154283f425ba57b8b8	depends	 7	 7	 4	libbsd0		0.11.0
ATOM	c5eaef41c6947d2888fa3462f787a7e02158b997bd0119154283f425ba57b8b8	depends	 8	 8	 4	libc6		2.38
ATOM	c5eaef41c6947d2888fa3462f787a7e02158b997bd0119154283f425ba57b8b8	depends	 9	 9	 4	libcrypt1		1:4.1.0
ATOM	c5eaef41c6947d2888fa3462f787a7e02158b997bd0119154283f425ba57b8b8	depends	 10	 10	 4	libpam0g		0.99.7.1
ATOM	c5eaef41c6947d2888fa3462f787a7e02158b997bd0119154283f425ba57b8b8	depends	 11	 11	 4	libselinux1		3.1~
ATOM	c5eaef41c6947d2888fa3462f787a7e02158b997bd0119154283f425ba57b8b8	depends	 12	 12	 4	libsemanage2		2.0.32
FIELD	c5eaef41c6947d2888fa3462f787a7e02158b997bd0119154283f425ba57b8b8	pre-depends	 0	 0
FIELD	c5eaef41c6947d2888fa3462f787a7e02158b997bd0119154283f425ba57b8b8	recommends	 1	 1
ATOM	c5eaef41c6947d2888fa3462f787a7e02158b997bd0119154283f425ba57b8b8	recommends	 1	 1	 0	sensible-utils		
FIELD	c5eaef41c6947d2888fa3462f787a7e02158b997bd0119154283f425ba57b8b8	suggests	 0	 0
FIELD	c5eaef41c6947d2888fa3462f787a7e02158b997bd0119154283f425ba57b8b8	enhances	 0	 0
FIELD	c5eaef41c6947d2888fa3462f787a7e02158b997bd0119154283f425ba57b8b8	breaks	 0	 0
FIELD	c5eaef41c6947d2888fa3462f787a7e02158b997bd0119154283f425ba57b8b8	conflicts	 0	 0
FIELD	c5eaef41c6947d2888fa3462f787a7e02158b997bd0119154283f425ba57b8b8	replaces	 1	 1
ATOM	c5eaef41c6947d2888fa3462f787a7e02158b997bd0119154283f425ba57b8b8	replaces	 1	 1	 1	login		1:4.16.0-2~
FIELD	c5eaef41c6947d2888fa3462f787a7e02158b997bd0119154283f425ba57b8b8	provides	 0	 0
FIELD	c5eaef41c6947d2888fa3462f787a7e02158b997bd0119154283f425ba57b8b8	built-using	 0	 0
FIELD	c5eaef41c6947d2888fa3462f787a7e02158b997bd0119154283f425ba57b8b8	static-built-using	 0	 0
PACKAGE	c640cb0535b26a9db7ff268dcd3d5f84d969a723f821b0dd9288474d878010ef	56977dc6564555b43fb62ee715f1f3458e3e379215e1baa1ff738ebedfa46998	c3d5019d331eb7352d60c454d31e76b17c5dde04ee64b53a9ce66444c722b1c8	niaos-controlcore	0.1.0+gite2a3f9ff89b5	amd64	niaos-controlcore	0.1.0+gite2a3f9ff89b5	 0	 0	 0	 1	 1025
FIELD	c640cb0535b26a9db7ff268dcd3d5f84d969a723f821b0dd9288474d878010ef	depends	 4	 4
ATOM	c640cb0535b26a9db7ff268dcd3d5f84d969a723f821b0dd9288474d878010ef	depends	 1	 1	 4	libc6		2.36
ATOM	c640cb0535b26a9db7ff268dcd3d5f84d969a723f821b0dd9288474d878010ef	depends	 2	 2	 4	libgcc-s1		3.0
ATOM	c640cb0535b26a9db7ff268dcd3d5f84d969a723f821b0dd9288474d878010ef	depends	 3	 3	 4	libgnat-14		14.2.0
ATOM	c640cb0535b26a9db7ff268dcd3d5f84d969a723f821b0dd9288474d878010ef	depends	 4	 4	 4	libsodium23		0.6.1
FIELD	c640cb0535b26a9db7ff268dcd3d5f84d969a723f821b0dd9288474d878010ef	pre-depends	 0	 0
FIELD	c640cb0535b26a9db7ff268dcd3d5f84d969a723f821b0dd9288474d878010ef	recommends	 0	 0
FIELD	c640cb0535b26a9db7ff268dcd3d5f84d969a723f821b0dd9288474d878010ef	suggests	 0	 0
FIELD	c640cb0535b26a9db7ff268dcd3d5f84d969a723f821b0dd9288474d878010ef	enhances	 0	 0
FIELD	c640cb0535b26a9db7ff268dcd3d5f84d969a723f821b0dd9288474d878010ef	breaks	 0	 0
FIELD	c640cb0535b26a9db7ff268dcd3d5f84d969a723f821b0dd9288474d878010ef	conflicts	 0	 0
FIELD	c640cb0535b26a9db7ff268dcd3d5f84d969a723f821b0dd9288474d878010ef	replaces	 0	 0
FIELD	c640cb0535b26a9db7ff268dcd3d5f84d969a723f821b0dd9288474d878010ef	provides	 0	 0
FIELD	c640cb0535b26a9db7ff268dcd3d5f84d969a723f821b0dd9288474d878010ef	built-using	 0	 0
FIELD	c640cb0535b26a9db7ff268dcd3d5f84d969a723f821b0dd9288474d878010ef	static-built-using	 0	 0
PACKAGE	dca754623a808d731649a67ac2c8e9d61eb26474c55b86f65aaf69dc162b140c	0d00d1e3e03c04f57e4bc4fc14514ddb7cce9fc3c8544fe9801a2090ed07eed9	295a3aa4eaa2e64f0393253729843f973b7af6bd6df02baaaec47643b60ad546	niaos-statecore	0.1.0+gitc0c9ca947c2e	amd64	niaos-statecore	0.1.0+gitc0c9ca947c2e	 0	 0	 0	 1	 1047
FIELD	dca754623a808d731649a67ac2c8e9d61eb26474c55b86f65aaf69dc162b140c	depends	 5	 5
ATOM	dca754623a808d731649a67ac2c8e9d61eb26474c55b86f65aaf69dc162b140c	depends	 1	 1	 4	libc6		2.36
ATOM	dca754623a808d731649a67ac2c8e9d61eb26474c55b86f65aaf69dc162b140c	depends	 2	 2	 4	libgcc-s1		3.0
ATOM	dca754623a808d731649a67ac2c8e9d61eb26474c55b86f65aaf69dc162b140c	depends	 3	 3	 4	libgnat-14		14.2.0
ATOM	dca754623a808d731649a67ac2c8e9d61eb26474c55b86f65aaf69dc162b140c	depends	 4	 4	 4	libsodium23		0.6.1
ATOM	dca754623a808d731649a67ac2c8e9d61eb26474c55b86f65aaf69dc162b140c	depends	 5	 5	 4	libxml2		2.7.4
FIELD	dca754623a808d731649a67ac2c8e9d61eb26474c55b86f65aaf69dc162b140c	pre-depends	 0	 0
FIELD	dca754623a808d731649a67ac2c8e9d61eb26474c55b86f65aaf69dc162b140c	recommends	 0	 0
FIELD	dca754623a808d731649a67ac2c8e9d61eb26474c55b86f65aaf69dc162b140c	suggests	 0	 0
FIELD	dca754623a808d731649a67ac2c8e9d61eb26474c55b86f65aaf69dc162b140c	enhances	 0	 0
FIELD	dca754623a808d731649a67ac2c8e9d61eb26474c55b86f65aaf69dc162b140c	breaks	 0	 0
FIELD	dca754623a808d731649a67ac2c8e9d61eb26474c55b86f65aaf69dc162b140c	conflicts	 0	 0
FIELD	dca754623a808d731649a67ac2c8e9d61eb26474c55b86f65aaf69dc162b140c	replaces	 0	 0
FIELD	dca754623a808d731649a67ac2c8e9d61eb26474c55b86f65aaf69dc162b140c	provides	 0	 0
FIELD	dca754623a808d731649a67ac2c8e9d61eb26474c55b86f65aaf69dc162b140c	built-using	 0	 0
FIELD	dca754623a808d731649a67ac2c8e9d61eb26474c55b86f65aaf69dc162b140c	static-built-using	 0	 0
PACKAGE	ee81302a1d5b7434762b6e784a572854d4b6cf6235e33e2d104ad4e1cae71ab4	982c7af53ddf53184146a18cf507464b7d93e35d2aa8ca5e043f76541572557b	dba7ff084f1ca966f62949ca02730c076d2b02294b33817d941d8fc1f559654f	systemd	257.13-1~deb13u1	amd64	systemd	257.13-1~deb13u1	 2	 0	 0	 1	 9944
FIELD	ee81302a1d5b7434762b6e784a572854d4b6cf6235e33e2d104ad4e1cae71ab4	depends	 10	 10
ATOM	ee81302a1d5b7434762b6e784a572854d4b6cf6235e33e2d104ad4e1cae71ab4	depends	 1	 1	 4	libacl1		2.2.23
ATOM	ee81302a1d5b7434762b6e784a572854d4b6cf6235e33e2d104ad4e1cae71ab4	depends	 2	 2	 4	libapparmor1		2.13
ATOM	ee81302a1d5b7434762b6e784a572854d4b6cf6235e33e2d104ad4e1cae71ab4	depends	 3	 3	 4	libc6		2.41
ATOM	ee81302a1d5b7434762b6e784a572854d4b6cf6235e33e2d104ad4e1cae71ab4	depends	 4	 4	 4	libmount1		2.30
ATOM	ee81302a1d5b7434762b6e784a572854d4b6cf6235e33e2d104ad4e1cae71ab4	depends	 5	 5	 4	libpam0g		0.99.7.1
ATOM	ee81302a1d5b7434762b6e784a572854d4b6cf6235e33e2d104ad4e1cae71ab4	depends	 6	 6	 4	libseccomp2		2.3.1
ATOM	ee81302a1d5b7434762b6e784a572854d4b6cf6235e33e2d104ad4e1cae71ab4	depends	 7	 7	 4	libselinux1		3.1~
ATOM	ee81302a1d5b7434762b6e784a572854d4b6cf6235e33e2d104ad4e1cae71ab4	depends	 8	 8	 4	libssl3t64		3.4.0
ATOM	ee81302a1d5b7434762b6e784a572854d4b6cf6235e33e2d104ad4e1cae71ab4	depends	 9	 9	 3	libsystemd0		257.13-1~deb13u1
ATOM	ee81302a1d5b7434762b6e784a572854d4b6cf6235e33e2d104ad4e1cae71ab4	depends	 10	 10	 0	mount		
FIELD	ee81302a1d5b7434762b6e784a572854d4b6cf6235e33e2d104ad4e1cae71ab4	pre-depends	 2	 2
ATOM	ee81302a1d5b7434762b6e784a572854d4b6cf6235e33e2d104ad4e1cae71ab4	pre-depends	 1	 1	 4	libc6		2.38
ATOM	ee81302a1d5b7434762b6e784a572854d4b6cf6235e33e2d104ad4e1cae71ab4	pre-depends	 2	 2	 3	libsystemd-shared		257.13-1~deb13u1
FIELD	ee81302a1d5b7434762b6e784a572854d4b6cf6235e33e2d104ad4e1cae71ab4	recommends	 6	 4
ATOM	ee81302a1d5b7434762b6e784a572854d4b6cf6235e33e2d104ad4e1cae71ab4	recommends	 1	 1	 0	default-dbus-system-bus		
ATOM	ee81302a1d5b7434762b6e784a572854d4b6cf6235e33e2d104ad4e1cae71ab4	recommends	 2	 1	 0	dbus-system-bus		
ATOM	ee81302a1d5b7434762b6e784a572854d4b6cf6235e33e2d104ad4e1cae71ab4	recommends	 3	 2	 0	linux-sysctl-defaults		
ATOM	ee81302a1d5b7434762b6e784a572854d4b6cf6235e33e2d104ad4e1cae71ab4	recommends	 4	 3	 0	systemd-timesyncd		
ATOM	ee81302a1d5b7434762b6e784a572854d4b6cf6235e33e2d104ad4e1cae71ab4	recommends	 5	 3	 0	time-daemon		
ATOM	ee81302a1d5b7434762b6e784a572854d4b6cf6235e33e2d104ad4e1cae71ab4	recommends	 6	 4	 0	systemd-cryptsetup		
FIELD	ee81302a1d5b7434762b6e784a572854d4b6cf6235e33e2d104ad4e1cae71ab4	suggests	 8	 8
ATOM	ee81302a1d5b7434762b6e784a572854d4b6cf6235e33e2d104ad4e1cae71ab4	suggests	 1	 1	 0	systemd-container		
ATOM	ee81302a1d5b7434762b6e784a572854d4b6cf6235e33e2d104ad4e1cae71ab4	suggests	 2	 2	 0	systemd-homed		
ATOM	ee81302a1d5b7434762b6e784a572854d4b6cf6235e33e2d104ad4e1cae71ab4	suggests	 3	 3	 0	systemd-userdbd		
ATOM	ee81302a1d5b7434762b6e784a572854d4b6cf6235e33e2d104ad4e1cae71ab4	suggests	 4	 4	 0	systemd-boot		
ATOM	ee81302a1d5b7434762b6e784a572854d4b6cf6235e33e2d104ad4e1cae71ab4	suggests	 5	 5	 0	systemd-resolved		
ATOM	ee81302a1d5b7434762b6e784a572854d4b6cf6235e33e2d104ad4e1cae71ab4	suggests	 6	 6	 0	systemd-repart		
ATOM	ee81302a1d5b7434762b6e784a572854d4b6cf6235e33e2d104ad4e1cae71ab4	suggests	 7	 7	 0	libtss2-tcti-device0		
ATOM	ee81302a1d5b7434762b6e784a572854d4b6cf6235e33e2d104ad4e1cae71ab4	suggests	 8	 8	 0	polkitd		
FIELD	ee81302a1d5b7434762b6e784a572854d4b6cf6235e33e2d104ad4e1cae71ab4	enhances	 0	 0
FIELD	ee81302a1d5b7434762b6e784a572854d4b6cf6235e33e2d104ad4e1cae71ab4	breaks	 3	 3
ATOM	ee81302a1d5b7434762b6e784a572854d4b6cf6235e33e2d104ad4e1cae71ab4	breaks	 1	 1	 1	dracut-core		102-2~
ATOM	ee81302a1d5b7434762b6e784a572854d4b6cf6235e33e2d104ad4e1cae71ab4	breaks	 2	 2	 1	less		563
ATOM	ee81302a1d5b7434762b6e784a572854d4b6cf6235e33e2d104ad4e1cae71ab4	breaks	 3	 3	 1	sicherboot		0.1.6
FIELD	ee81302a1d5b7434762b6e784a572854d4b6cf6235e33e2d104ad4e1cae71ab4	conflicts	 4	 4
ATOM	ee81302a1d5b7434762b6e784a572854d4b6cf6235e33e2d104ad4e1cae71ab4	conflicts	 1	 1	 0	consolekit		
ATOM	ee81302a1d5b7434762b6e784a572854d4b6cf6235e33e2d104ad4e1cae71ab4	conflicts	 2	 2	 0	libpam-ck-connector		
ATOM	ee81302a1d5b7434762b6e784a572854d4b6cf6235e33e2d104ad4e1cae71ab4	conflicts	 3	 3	 1	opensysusers		0.7.3-4.1~
ATOM	ee81302a1d5b7434762b6e784a572854d4b6cf6235e33e2d104ad4e1cae71ab4	conflicts	 4	 4	 0	systemd-shim		
FIELD	ee81302a1d5b7434762b6e784a572854d4b6cf6235e33e2d104ad4e1cae71ab4	replaces	 0	 0
FIELD	ee81302a1d5b7434762b6e784a572854d4b6cf6235e33e2d104ad4e1cae71ab4	provides	 2	 2
ATOM	ee81302a1d5b7434762b6e784a572854d4b6cf6235e33e2d104ad4e1cae71ab4	provides	 1	 1	 3	systemd-sysusers		257.13-1~deb13u1
ATOM	ee81302a1d5b7434762b6e784a572854d4b6cf6235e33e2d104ad4e1cae71ab4	provides	 2	 2	 3	systemd-tmpfiles		257.13-1~deb13u1
FIELD	ee81302a1d5b7434762b6e784a572854d4b6cf6235e33e2d104ad4e1cae71ab4	built-using	 0	 0
FIELD	ee81302a1d5b7434762b6e784a572854d4b6cf6235e33e2d104ad4e1cae71ab4	static-built-using	 0	 0
PASS assertions= 266
