Sep 10 18:58:11 niaos-builder systemd[1]: niaos-root-preparation.service: Starting requested but asserts failed.
Sep 10 18:58:11 niaos-builder systemd[1]: Assertion failed for niaos-root-preparation.service - NiaOS internal root preparation.
Sep 10 18:58:11 niaos-builder systemd[1]: niaos-root-preparation.service: Starting requested but asserts failed.
Sep 10 18:58:11 niaos-builder systemd[1]: Assertion failed for niaos-root-preparation.service - NiaOS internal root preparation.
Sep 10 18:58:11 niaos-builder systemd[1]: niaos-root-preparation.service: Starting requested but asserts failed.
Sep 10 18:58:11 niaos-builder systemd[1]: Assertion failed for niaos-root-preparation.service - NiaOS internal root preparation.
Sep 10 18:58:11 niaos-builder systemd[1]: niaos-root-preparation.service: Starting requested but asserts failed.
Sep 10 18:58:11 niaos-builder systemd[1]: Assertion failed for niaos-root-preparation.service - NiaOS internal root preparation.
Sep 10 18:58:14 niaos-builder systemd[1]: Starting niaos-root-preparation.service - NiaOS internal root preparation...
Sep 10 18:58:14 niaos-builder systemd[1]: Started niaos-root-preparation.service - NiaOS internal root preparation.
Sep 10 18:58:14 niaos-builder systemd[1]: Stopping niaos-root-preparation.service - NiaOS internal root preparation...
Sep 10 18:58:14 niaos-builder systemd[1]: niaos-root-preparation.service: Deactivated successfully.
Sep 10 18:58:14 niaos-builder systemd[1]: Stopped niaos-root-preparation.service - NiaOS internal root preparation.
Sep 10 18:58:14 niaos-builder systemd[1]: niaos-root-preparation.service: Starting requested but asserts failed.
Sep 10 18:58:14 niaos-builder systemd[1]: Assertion failed for niaos-root-preparation.service - NiaOS internal root preparation.
Sep 10 18:58:14 niaos-builder systemd[1]: niaos-root-preparation.service: Starting requested but asserts failed.
Sep 10 18:58:14 niaos-builder systemd[1]: Assertion failed for niaos-root-preparation.service - NiaOS internal root preparation.
Sep 10 18:58:14 niaos-builder systemd[1]: niaos-root-preparation.service: Starting requested but asserts failed.
Sep 10 18:58:14 niaos-builder systemd[1]: Assertion failed for niaos-root-preparation.service - NiaOS internal root preparation.
Sep 10 18:58:14 niaos-builder systemd[1]: niaos-root-preparation.service: Starting requested but asserts failed.
Sep 10 18:58:14 niaos-builder systemd[1]: Assertion failed for niaos-root-preparation.service - NiaOS internal root preparation.
Sep 10 18:58:14 niaos-builder systemd[1]: niaos-root-preparation.service: Starting requested but asserts failed.
Sep 10 18:58:14 niaos-builder systemd[1]: Assertion failed for niaos-root-preparation.service - NiaOS internal root preparation.
Sep 10 18:58:14 niaos-builder systemd[1]: niaos-root-preparation.service: Starting requested but asserts failed.
Sep 10 18:58:14 niaos-builder systemd[1]: Assertion failed for niaos-root-preparation.service - NiaOS internal root preparation.
Sep 10 18:58:14 niaos-builder systemd[1]: niaos-root-preparation.service: Starting requested but asserts failed.
Sep 10 18:58:14 niaos-builder systemd[1]: Assertion failed for niaos-root-preparation.service - NiaOS internal root preparation.
Sep 10 18:58:14 niaos-builder systemd[1]: niaos-root-preparation.service: Starting requested but asserts failed.
Sep 10 18:58:14 niaos-builder systemd[1]: Assertion failed for niaos-root-preparation.service - NiaOS internal root preparation.
Sep 10 18:58:14 niaos-builder systemd[1]: niaos-root-preparation.service: Starting requested but asserts failed.
Sep 10 18:58:14 niaos-builder systemd[1]: Assertion failed for niaos-root-preparation.service - NiaOS internal root preparation.
Sep 10 18:58:14 niaos-builder systemd[1]: niaos-root-preparation.service: Starting requested but asserts failed.
Sep 10 18:58:14 niaos-builder systemd[1]: Assertion failed for niaos-root-preparation.service - NiaOS internal root preparation.
Sep 10 18:58:14 niaos-builder systemd[1]: niaos-root-preparation.service: Starting requested but asserts failed.
Sep 10 18:58:14 niaos-builder systemd[1]: Assertion failed for niaos-root-preparation.service - NiaOS internal root preparation.
Sep 10 18:58:14 niaos-builder systemd[1]: niaos-root-preparation.service: Starting requested but asserts failed.
Sep 10 18:58:14 niaos-builder systemd[1]: Assertion failed for niaos-root-preparation.service - NiaOS internal root preparation.
Sep 10 18:58:14 niaos-builder systemd[1]: niaos-root-preparation.service: Starting requested but asserts failed.
Sep 10 18:58:14 niaos-builder systemd[1]: Assertion failed for niaos-root-preparation.service - NiaOS internal root preparation.
Sep 10 18:58:14 niaos-builder systemd[1]: niaos-root-preparation.service: Starting requested but asserts failed.
Sep 10 18:58:14 niaos-builder systemd[1]: Assertion failed for niaos-root-preparation.service - NiaOS internal root preparation.
Sep 10 18:58:14 niaos-builder systemd[1]: niaos-root-preparation.service: Starting requested but asserts failed.
Sep 10 18:58:14 niaos-builder systemd[1]: Assertion failed for niaos-root-preparation.service - NiaOS internal root preparation.
Sep 10 18:58:14 niaos-builder systemd[1]: niaos-root-preparation.service: Starting requested but asserts failed.
Sep 10 18:58:14 niaos-builder systemd[1]: Assertion failed for niaos-root-preparation.service - NiaOS internal root preparation.
Sep 10 18:58:14 niaos-builder systemd[1]: niaos-root-preparation.service: Starting requested but asserts failed.
Sep 10 18:58:14 niaos-builder systemd[1]: Assertion failed for niaos-root-preparation.service - NiaOS internal root preparation.
Sep 10 18:58:14 niaos-builder systemd[1]: niaos-root-preparation.service: Starting requested but asserts failed.
Sep 10 18:58:14 niaos-builder systemd[1]: Assertion failed for niaos-root-preparation.service - NiaOS internal root preparation.
Sep 10 18:58:14 niaos-builder systemd[1]: niaos-root-preparation.service: Starting requested but asserts failed.
Sep 10 18:58:14 niaos-builder systemd[1]: Assertion failed for niaos-root-preparation.service - NiaOS internal root preparation.
Sep 10 18:58:14 niaos-builder systemd[1]: niaos-root-preparation.service: Starting requested but asserts failed.
Sep 10 18:58:14 niaos-builder systemd[1]: Assertion failed for niaos-root-preparation.service - NiaOS internal root preparation.
Sep 10 18:58:18 niaos-builder systemd[1]: Starting niaos-root-preparation.service - NiaOS internal root preparation...
Sep 10 18:58:18 niaos-builder systemd[1]: Started niaos-root-preparation.service - NiaOS internal root preparation.
Sep 10 18:58:18 niaos-builder systemd[1]: Stopping niaos-root-preparation.service - NiaOS internal root preparation...
Sep 10 18:58:18 niaos-builder systemd[1]: niaos-root-preparation.service: Deactivated successfully.
Sep 10 18:58:18 niaos-builder systemd[1]: Stopped niaos-root-preparation.service - NiaOS internal root preparation.
Sep 10 18:58:18 niaos-builder systemd[1]: niaos-root-preparation.service: Starting requested but asserts failed.
Sep 10 18:58:18 niaos-builder systemd[1]: Assertion failed for niaos-root-preparation.service - NiaOS internal root preparation.
Sep 10 18:58:18 niaos-builder systemd[1]: niaos-root-preparation.service: Starting requested but asserts failed.
Sep 10 18:58:18 niaos-builder systemd[1]: Assertion failed for niaos-root-preparation.service - NiaOS internal root preparation.
Sep 10 18:58:18 niaos-builder systemd[1]: niaos-root-preparation.service: Starting requested but asserts failed.
Sep 10 18:58:18 niaos-builder systemd[1]: Assertion failed for niaos-root-preparation.service - NiaOS internal root preparation.
Sep 10 18:58:18 niaos-builder systemd[1]: niaos-root-preparation.service: Starting requested but asserts failed.
Sep 10 18:58:18 niaos-builder systemd[1]: Assertion failed for niaos-root-preparation.service - NiaOS internal root preparation.
Sep 10 18:58:18 niaos-builder systemd[1]: niaos-root-preparation.service: Starting requested but asserts failed.
Sep 10 18:58:18 niaos-builder systemd[1]: Assertion failed for niaos-root-preparation.service - NiaOS internal root preparation.
Sep 10 18:58:18 niaos-builder systemd[1]: niaos-root-preparation.service: Starting requested but asserts failed.
Sep 10 18:58:18 niaos-builder systemd[1]: Assertion failed for niaos-root-preparation.service - NiaOS internal root preparation.
Sep 10 18:58:18 niaos-builder systemd[1]: niaos-root-preparation.service: Starting requested but asserts failed.
Sep 10 18:58:18 niaos-builder systemd[1]: Assertion failed for niaos-root-preparation.service - NiaOS internal root preparation.
Sep 10 18:58:18 niaos-builder systemd[1]: niaos-root-preparation.service: Starting requested but asserts failed.
Sep 10 18:58:18 niaos-builder systemd[1]: Assertion failed for niaos-root-preparation.service - NiaOS internal root preparation.
Sep 10 18:58:18 niaos-builder systemd[1]: niaos-root-preparation.service: Starting requested but asserts failed.
Sep 10 18:58:18 niaos-builder systemd[1]: Assertion failed for niaos-root-preparation.service - NiaOS internal root preparation.
Sep 10 18:58:18 niaos-builder systemd[1]: niaos-root-preparation.service: Starting requested but asserts failed.
Sep 10 18:58:18 niaos-builder systemd[1]: Assertion failed for niaos-root-preparation.service - NiaOS internal root preparation.
Sep 10 18:58:18 niaos-builder systemd[1]: niaos-root-preparation.service: Starting requested but asserts failed.
Sep 10 18:58:18 niaos-builder systemd[1]: Assertion failed for niaos-root-preparation.service - NiaOS internal root preparation.
Sep 10 18:58:18 niaos-builder systemd[1]: niaos-root-preparation.service: Starting requested but asserts failed.
Sep 10 18:58:18 niaos-builder systemd[1]: Assertion failed for niaos-root-preparation.service - NiaOS internal root preparation.
Sep 10 18:58:18 niaos-builder systemd[1]: niaos-root-preparation.service: Starting requested but asserts failed.
Sep 10 18:58:18 niaos-builder systemd[1]: Assertion failed for niaos-root-preparation.service - NiaOS internal root preparation.
Sep 10 18:58:18 niaos-builder systemd[1]: niaos-root-preparation.service: Starting requested but asserts failed.
Sep 10 18:58:18 niaos-builder systemd[1]: Assertion failed for niaos-root-preparation.service - NiaOS internal root preparation.
Sep 10 18:58:18 niaos-builder systemd[1]: niaos-root-preparation.service: Starting requested but asserts failed.
Sep 10 18:58:18 niaos-builder systemd[1]: Assertion failed for niaos-root-preparation.service - NiaOS internal root preparation.
Sep 10 18:58:18 niaos-builder systemd[1]: niaos-root-preparation.service: Starting requested but asserts failed.
Sep 10 18:58:18 niaos-builder systemd[1]: Assertion failed for niaos-root-preparation.service - NiaOS internal root preparation.
Sep 10 18:58:18 niaos-builder systemd[1]: niaos-root-preparation.service: Starting requested but asserts failed.
Sep 10 18:58:18 niaos-builder systemd[1]: Assertion failed for niaos-root-preparation.service - NiaOS internal root preparation.
Sep 10 18:58:18 niaos-builder systemd[1]: niaos-root-preparation.service: Starting requested but asserts failed.
Sep 10 18:58:18 niaos-builder systemd[1]: Assertion failed for niaos-root-preparation.service - NiaOS internal root preparation.
Sep 10 18:58:18 niaos-builder systemd[1]: niaos-root-preparation.service: Starting requested but asserts failed.
Sep 10 18:58:18 niaos-builder systemd[1]: Assertion failed for niaos-root-preparation.service - NiaOS internal root preparation.
Sep 10 18:58:18 niaos-builder systemd[1]: niaos-root-preparation.service: Starting requested but asserts failed.
Sep 10 18:58:18 niaos-builder systemd[1]: Assertion failed for niaos-root-preparation.service - NiaOS internal root preparation.
Sep 10 18:58:21 niaos-builder systemd[1]: Starting niaos-root-preparation.service - NiaOS internal root preparation...
Sep 10 18:58:21 niaos-builder systemd[1]: Started niaos-root-preparation.service - NiaOS internal root preparation.
