MANIFEST 4d470a0aa9b553104e77ee93bf44946fef5f300e7b722d622ac1c4def198bb12
ARCHIVE 523ebbcbad55ace7443ada3e4f47715f4126574fc2d2c7a2124572db7068ec41
CHOICE 7c7c4223e6389e3c2afb799b7dbef0aacd46d4a08689c8e68c6da3000e66987d 1
CHOICE 7c7c4223e6389e3c2afb799b7dbef0aacd46d4a08689c8e68c6da3000e66987d 8
CHOICE 7c7c4223e6389e3c2afb799b7dbef0aacd46d4a08689c8e68c6da3000e66987d 4
CHOICE 7c7c4223e6389e3c2afb799b7dbef0aacd46d4a08689c8e68c6da3000e66987d 7
CHOICE 7c7c4223e6389e3c2afb799b7dbef0aacd46d4a08689c8e68c6da3000e66987d 2
CHOICE 7c7c4223e6389e3c2afb799b7dbef0aacd46d4a08689c8e68c6da3000e66987d 5
CHOICE b0ecd5748c3fad84146740449a32eddc4c4a5e5df6ceab7cce0016f80690a73f 4
CHOICE 7c7c4223e6389e3c2afb799b7dbef0aacd46d4a08689c8e68c6da3000e66987d 9
CHOICE 7c7c4223e6389e3c2afb799b7dbef0aacd46d4a08689c8e68c6da3000e66987d 3
CHOICE b2af62acfb65256e95e2555c3046596aedf6974fa746f8f425c14b6ea35867ca 3
CHOICE b2af62acfb65256e95e2555c3046596aedf6974fa746f8f425c14b6ea35867ca 4
CHOICE 7c7c4223e6389e3c2afb799b7dbef0aacd46d4a08689c8e68c6da3000e66987d 6
CHOICE 7c7c4223e6389e3c2afb799b7dbef0aacd46d4a08689c8e68c6da3000e66987d 10
GENERATION_MANIFEST 1326f91fc642cbb87c431af1fcb8e2a64f2ec583c6df052e4fd52d6a6339590e
ORDER 0 50fbc9cf602fd96b147bdf0157a72df7244c3cf24e265f98e8ddf857f3ae5857 8208f6edc817f9061aca028ca990e84e3673a934e66b59c094e3a403ce4e2755
LEGACY 0 bafd77deeb576db33be285c225597a40f2d6686c01df0d0e864bfd933d63ca5a 945bd9e3029b6c986f9fca8685c31d884e834a02a3ec3e28f5029fc586bd8c00
ORDER 1 b19fd28dfdfcabacdeeafb0ad961611d3f056c1a1fc598a5f9397fc0ec403298 8208f6edc817f9061aca028ca990e84e3673a934e66b59c094e3a403ce4e2755
LEGACY 1 96b99a49024be1a3650ace98d1d7bb44f5943387daa2cddc31e72ca0c7751f8b 3768a6a2216e4fd2397bd72c0336ecd4d990e26d458cb1582d05d841ca4d73fb
ORDER 2 b79254de38ff3206a358457e7837ae83e69e0ec214d01bf8618e0105f69d6397 8208f6edc817f9061aca028ca990e84e3673a934e66b59c094e3a403ce4e2755
LEGACY 2 cc425a1fb2b302fa56f09bbc266aa2508de34ce532265003c5d24a87315069ac 8b98eac2762783d97776c2e0efd3a6f4d94b2a6dc0b62dd137577100ec079a29
ORDER 3 d93d68872654881eacf2a5c52676d47661d9a579e0306302b2598a45da658baf 8208f6edc817f9061aca028ca990e84e3673a934e66b59c094e3a403ce4e2755
LEGACY 3 c361a1335f34385eb88fddcf76576e91111089ffb68940f288badff2398e6136 ad60cc4146a230c56700336dc33c7966be028b84a5454e15a7832b34897b11b4
ORDER 4 7f4bd3b644da48057eada6c15e5e61d3c1b7fa81cd6781e3dc829a7bd0a44d40 8208f6edc817f9061aca028ca990e84e3673a934e66b59c094e3a403ce4e2755
LEGACY 4 975c85776b3566d6089c9333d8e57d44f2f70dd9ab96742da2bf3084ab66305d 945bd9e3029b6c986f9fca8685c31d884e834a02a3ec3e28f5029fc586bd8c00
ORDER 5 6b5644141d22a2cc80c876c5c4085bd2ac4eda9d317fadacd627db235b0fc14d 8208f6edc817f9061aca028ca990e84e3673a934e66b59c094e3a403ce4e2755
LEGACY 5 3262b0283a849fefd16e7d08da37d20bac37934320d42c14391f97478f2014e0 e7f5796745edbcf8cf509304ae0e3131fea238c9640e69ae9e00d676b53d8d94
ORDER 6 fb31acc74ec9618342efe02cca76fc00b4efc8bdd81e162734308f66fcd043bb 8208f6edc817f9061aca028ca990e84e3673a934e66b59c094e3a403ce4e2755
LEGACY 6 5d64573d97ff8a3c9b17b2d6cfa1924cab0b86ff9dbd17ac09b7453ffe0fd672 945bd9e3029b6c986f9fca8685c31d884e834a02a3ec3e28f5029fc586bd8c00
ORDER 7 752366be097d450852d830d3be1822eb39e156ecc733fe9cc217f1457d47eb1e 8208f6edc817f9061aca028ca990e84e3673a934e66b59c094e3a403ce4e2755
LEGACY 7 8c86e2d80cf048574d38121b2c05630aafaeb91cb64f6f6a5b8077cd837c25f9 945bd9e3029b6c986f9fca8685c31d884e834a02a3ec3e28f5029fc586bd8c00
PASS assertions= 872
