Running as unit: run-p245455-i245755.scope; invocation ID: 38e78c4a6c844897930836df387ad8b8
limited-exec: {"scope": "run-p245455-i245755.scope", "kernel_limits": {"memory.max": "3221225472", "memory.swap.max": "0", "cpu.max": "100000 100000", "pids.max": "128"}}
Setup
   [mkdir]        object directory for project Tests
   [mkdir]        exec directory for project Tests
Compile
   [Ada]          run_supply_map_tests.adb
   [Ada]          run_archive_supply_tests.adb
   [Ada]          run_catalog_store_tests.adb
   [Ada]          run_deb_transition_tests.adb
   [Ada]          run_deb_final_set_tests.adb
   [Ada]          run_selected_catalog_tests.adb
   [Ada]          run_payload_index_tests.adb
   [Ada]          run_deb_payload_tests.adb
   [Ada]          run_deb_data_stream_tests.adb
   [Ada]          run_deb_relations_tests.adb
   [Ada]          run_deb_metadata_tests.adb
   [Ada]          run_deb_control_tests.adb
   [Ada]          run_deb_container_tests.adb
   [Ada]          run_generation_publication_tests.adb
   [Ada]          run_generation_stage_tests.adb
   [Ada]          run_deb_semantics_tests.adb
   [Ada]          run_pkg_resolution_tests.adb
   [Ada]          run_file_replay_tests.adb
   [Ada]          run_composition_tests.adb
   [Ada]          run_pkg_tests.adb
   [Ada]          run_rpm_tests.adb
   [Ada]          run_journal_io_tests.adb
   [Ada]          run_v2_pkg_tests.adb
   [Ada]          run_file_engine_tests.adb
   [Ada]          run_repair_tests.adb
   [Ada]          run_retention_batch_tests.adb
   [Ada]          run_enterprise_pkg_tests.adb
   [C]            pkg_deb_stream.c
   [C]            pkg_deb_decode.c
   [Ada]          mc_clock.adb
   [Ada]          mc_codec.adb
   [Ada]          mc_fs.adb
   [Ada]          mc_hex.adb
   [Ada]          mc_posix.ads
   [Ada]          mc_runtime.adb
   [Ada]          mc_sha256.adb
   [Ada]          mc_store.adb
   [Ada]          mc_types.adb
   [Ada]          pkg_archive_supply.adb
   [Ada]          pkg_catalog_retention.adb
   [Ada]          pkg_catalog_store.adb
   [Ada]          pkg_deb_metadata.adb
   [Ada]          pkg_deb_payload.adb
   [Ada]          pkg_generation_descriptor.adb
   [Ada]          pkg_payload_index.adb
   [Ada]          pkg_selected_catalog.adb
   [Ada]          pkg_supply_map.adb
   [Ada]          pkg_supply_policy.adb
   [Ada]          test_support.adb
   [Ada]          mc_text.adb
   [Ada]          pkg_deb_relations.adb
   [Ada]          pkg_deb_semantics.adb
   [Ada]          pkg_deb_final_set.adb
   [Ada]          pkg_deb_transition.adb
   [Ada]          pkg_deb_container.adb
   [Ada]          pkg_deb_data_stream.adb
   [Ada]          pkg_deb_fields.adb
   [Ada]          pkg_deb_control.adb
   [Ada]          mc_atomic.adb
   [Ada]          mc_config_auth.adb
   [Ada]          mc_config_receipt.adb
   [Ada]          mc_contract_profile.ads
   [Ada]          mc_dirents.adb
   [Ada]          mc_log.adb
   [Ada]          mc_log_format.adb
   [Ada]          mc_stop_barrier.adb
   [Ada]          pkg_configuration_engine.adb
   [Ada]          pkg_file_engine.adb
   [Ada]          pkg_file_plan.adb
   [Ada]          pkg_file_replay.adb
   [Ada]          pkg_generation_intent.adb
   [Ada]          pkg_generation_manifest.adb
   [Ada]          pkg_generation_publisher.adb
   [Ada]          pkg_generation_stage.adb
   [Ada]          pkg_image_inspector.adb
   [Ada]          pkg_managed_engine.adb
   [Ada]          pkg_quiescent_engine.adb
   [Ada]          pkg_recovery_audit.adb
   [Ada]          pkg_resolution_engine.adb
   [Ada]          pkg_root_state.adb
   [Ada]          resolver_admission.adb
   [Ada]          resolver_model.adb
   [Ada]          resolver_verify.adb
   [Ada]          resolver_wire.adb
   [Ada]          pkg_deb_versions.adb
   [Ada]          pkg_dependency.adb
   [Ada]          pkg_rpm_resolution.adb
   [Ada]          pkg_system_composition.adb
   [Ada]          pkg_admission.adb
   [Ada]          pkg_journal.adb
   [Ada]          pkg_recovery.adb
   [Ada]          pkg_transactions.adb
   [Ada]          pkg_versions.adb
   [Ada]          resolver_builder.adb
   [Ada]          mc_file_io.adb
   [Ada]          pkg_rpm.adb
   [Ada]          mc_durable.adb
   [Ada]          pkg_journal_io.adb
   [Ada]          pkg_artifact_grant.adb
   [Ada]          pkg_evr.adb
   [Ada]          pkg_rpm_fields.adb
   [Ada]          pkg_inventory.adb
   [Ada]          pkg_recovery_catalog.adb
   [Ada]          pkg_self_repair.adb
   [Ada]          mc_backups.adb
   [Ada]          pkg_retention_batch.adb
   [Ada]          recovery_fixtures.adb
   [Ada]          mc_maintenance.adb
   [Ada]          pkg_acceptance.adb
   [Ada]          pkg_activation.adb
   [Ada]          pkg_advisory.adb
   [Ada]          pkg_exposure_policy.adb
   [Ada]          pkg_holds.adb
   [Ada]          pkg_incorporation.adb
   [Ada]          pkg_maintenance_bundle.adb
   [Ada]          pkg_provenance.adb
   [Ada]          pkg_repository_trust.adb
   [Ada]          pkg_rollback_contract.adb
   [Ada]          mc_kernel_read.adb
   [Ada]          mc_paths.adb
   [Ada]          mc_authentic.adb
   [Ada]          mc_signatures.adb
   [Ada]          pkg_tar_framing.adb
   [Ada]          mc_journal_budget.ads
   [Ada]          mc_time_guard.adb
   [Ada]          mc_protocol.adb
Bind
   [gprbind]      run_supply_map_tests.bexch
   [Ada]          run_supply_map_tests.ali
   [gprbind]      run_archive_supply_tests.bexch
   [Ada]          run_archive_supply_tests.ali
   [gprbind]      run_catalog_store_tests.bexch
   [Ada]          run_catalog_store_tests.ali
   [gprbind]      run_deb_transition_tests.bexch
   [Ada]          run_deb_transition_tests.ali
   [gprbind]      run_deb_final_set_tests.bexch
   [Ada]          run_deb_final_set_tests.ali
   [gprbind]      run_selected_catalog_tests.bexch
   [Ada]          run_selected_catalog_tests.ali
   [gprbind]      run_payload_index_tests.bexch
   [Ada]          run_payload_index_tests.ali
   [gprbind]      run_deb_payload_tests.bexch
   [Ada]          run_deb_payload_tests.ali
   [gprbind]      run_deb_data_stream_tests.bexch
   [Ada]          run_deb_data_stream_tests.ali
   [gprbind]      run_deb_relations_tests.bexch
   [Ada]          run_deb_relations_tests.ali
   [gprbind]      run_deb_metadata_tests.bexch
   [Ada]          run_deb_metadata_tests.ali
   [gprbind]      run_deb_control_tests.bexch
   [Ada]          run_deb_control_tests.ali
   [gprbind]      run_deb_container_tests.bexch
   [Ada]          run_deb_container_tests.ali
   [gprbind]      run_generation_publication_tests.bexch
   [Ada]          run_generation_publication_tests.ali
   [gprbind]      run_generation_stage_tests.bexch
   [Ada]          run_generation_stage_tests.ali
   [gprbind]      run_deb_semantics_tests.bexch
   [Ada]          run_deb_semantics_tests.ali
   [gprbind]      run_pkg_resolution_tests.bexch
   [Ada]          run_pkg_resolution_tests.ali
   [gprbind]      run_file_replay_tests.bexch
   [Ada]          run_file_replay_tests.ali
   [gprbind]      run_composition_tests.bexch
   [Ada]          run_composition_tests.ali
   [gprbind]      run_pkg_tests.bexch
   [Ada]          run_pkg_tests.ali
   [gprbind]      run_rpm_tests.bexch
   [Ada]          run_rpm_tests.ali
   [gprbind]      run_journal_io_tests.bexch
   [Ada]          run_journal_io_tests.ali
   [gprbind]      run_v2_pkg_tests.bexch
   [Ada]          run_v2_pkg_tests.ali
   [gprbind]      run_file_engine_tests.bexch
   [Ada]          run_file_engine_tests.ali
   [gprbind]      run_repair_tests.bexch
   [Ada]          run_repair_tests.ali
   [gprbind]      run_retention_batch_tests.bexch
   [Ada]          run_retention_batch_tests.ali
   [gprbind]      run_enterprise_pkg_tests.bexch
   [Ada]          run_enterprise_pkg_tests.ali
Link
   [archive]      libtests.a
   [index]        libtests.a
   [link]         run_supply_map_tests.adb
   [link]         run_archive_supply_tests.adb
   [link]         run_catalog_store_tests.adb
   [link]         run_deb_transition_tests.adb
   [link]         run_deb_final_set_tests.adb
   [link]         run_selected_catalog_tests.adb
   [link]         run_payload_index_tests.adb
   [link]         run_deb_payload_tests.adb
   [link]         run_deb_data_stream_tests.adb
   [link]         run_deb_relations_tests.adb
   [link]         run_deb_metadata_tests.adb
   [link]         run_deb_control_tests.adb
   [link]         run_deb_container_tests.adb
   [link]         run_generation_publication_tests.adb
   [link]         run_generation_stage_tests.adb
   [link]         run_deb_semantics_tests.adb
   [link]         run_pkg_resolution_tests.adb
   [link]         run_file_replay_tests.adb
   [link]         run_composition_tests.adb
   [link]         run_pkg_tests.adb
   [link]         run_rpm_tests.adb
   [link]         run_journal_io_tests.adb
   [link]         run_v2_pkg_tests.adb
   [link]         run_file_engine_tests.adb
   [link]         run_repair_tests.adb
   [link]         run_retention_batch_tests.adb
   [link]         run_enterprise_pkg_tests.adb
