(Reading database ... 38789 files and directories currently installed.)
Preparing to unpack .../libduktape207_2.7.0-2+b2_amd64.deb ...
Unpacking libduktape207:amd64 (2.7.0-2+b2) over (2.7.0-2+b2) ...
Preparing to unpack .../libgnat-14_14.2.0-19_amd64.deb ...
Unpacking libgnat-14:amd64 (14.2.0-19) over (14.2.0-19) ...
Preparing to unpack .../libpolkit-agent-1-0_126-2_amd64.deb ...
Unpacking libpolkit-agent-1-0:amd64 (126-2) over (126-2) ...
Preparing to unpack .../libpolkit-gobject-1-0_126-2_amd64.deb ...
Unpacking libpolkit-gobject-1-0:amd64 (126-2) over (126-2) ...
Preparing to unpack .../polkitd_126-2_amd64.deb ...
Unpacking polkitd (126-2) over (126-2) ...
Preparing to unpack .../sgml-base_1.31+nmu1_all.deb ...
Unpacking sgml-base (1.31+nmu1) over (1.31+nmu1) ...
Preparing to unpack .../xml-core_0.19_all.deb ...
Unpacking xml-core (0.19) over (0.19) ...
Selecting previously unselected package niaos-pkgcore.
Preparing to unpack niaos-pkgcore_0.1.0+git61a4df3cbbdf_amd64.deb ...
Unpacking niaos-pkgcore (0.1.0+git61a4df3cbbdf) ...
Selecting previously unselected package niaos-root-preparation.
Preparing to unpack niaos-root-preparation_0.11.0_amd64.deb ...
Unpacking niaos-root-preparation (0.11.0) ...
Setting up libduktape207:amd64 (2.7.0-2+b2) ...
Setting up libgnat-14:amd64 (14.2.0-19) ...
Setting up libpolkit-gobject-1-0:amd64 (126-2) ...
Setting up sgml-base (1.31+nmu1) ...
Setting up xml-core (0.19) ...
Setting up niaos-pkgcore (0.1.0+git61a4df3cbbdf) ...
Setting up libpolkit-agent-1-0:amd64 (126-2) ...
Processing triggers for sgml-base (1.31+nmu1) ...
Setting up polkitd (126-2) ...
Setting up niaos-root-preparation (0.11.0) ...
Creating group 'nia-pkg' with GID 987.
Creating user 'nia-pkg' (NiaOS native package core) with UID 987 and GID 987.
Processing triggers for libc-bin (2.41-12+deb13u3) ...
Processing triggers for dbus (1.16.2-2) ...
Processing triggers for man-db (2.13.1-1) ...
