Selecting previously unselected package niayan-management.
(Reading database ... 25336 files and directories currently installed.)
Preparing to unpack .../niayan-management_0.1.0_all.deb ...
Unpacking niayan-management (0.1.0) ...
Setting up niayan-management (0.1.0) ...
dpkg-deb: warning: root directory /tmp/niayan-management-yexxy_45/payload has unusual owner or group 65534:65534
dpkg-deb: warning: ignoring 1 warning about the control file(s)
(Reading database ... 25409 files and directories currently installed.)
Removing niayan-management (0.1.0) ...
NIAYAN_MANAGEMENT_PACKAGE_PASS
Selecting previously unselected package niaos-release.
(Reading database ... 25336 files and directories currently installed.)
Preparing to unpack .../niaos-release_0.2.0_all.deb ...
Adding 'diversion of /usr/lib/os-release to /usr/lib/os-release.debian by niaos-release'
dpkg-divert: warning: diverting file '/usr/lib/os-release' from an Essential package with rename is dangerous, use --no-rename
Unpacking niaos-release (0.2.0) ...
Setting up niaos-release (0.2.0) ...
(Reading database ... 25340 files and directories currently installed.)
Preparing to unpack .../niaos-release_0.2.0_all.deb ...
Leaving 'diversion of /usr/lib/os-release to /usr/lib/os-release.debian by niaos-release'
Unpacking niaos-release (0.2.0) over (0.2.0) ...
Setting up niaos-release (0.2.0) ...
(Reading database ... 25340 files and directories currently installed.)
Removing niaos-release (0.2.0) ...
Removing 'diversion of /usr/lib/os-release to /usr/lib/os-release.debian by niaos-release'
(Reading database ... 25336 files and directories currently installed.)
Purging configuration files for niaos-release (0.2.0) ...
Selecting previously unselected package niaos-release.
(Reading database ... 25336 files and directories currently installed.)
Preparing to unpack .../niaos-release_0.2.0_all.deb ...
Adding 'diversion of /usr/lib/os-release to /usr/lib/os-release.debian by niaos-release'
dpkg-divert: warning: diverting file '/usr/lib/os-release' from an Essential package with rename is dangerous, use --no-rename
Unpacking niaos-release (0.2.0) ...
Setting up niaos-release (0.2.0) ...
(Reading database ... 25340 files and directories currently installed.)
Removing niaos-release (0.2.0) ...
Removing 'diversion of /usr/lib/os-release to /usr/lib/os-release.debian by niaos-release'
Purging configuration files for niaos-release (0.2.0) ...
NIAOS_RELEASE_INSTALL_REINSTALL_REMOVE_PURGE_PASS
