Running as unit: run-p774555-i774855.scope; invocation ID: 4c59bd73f194496289b869046576a4dd
limited-exec: {"scope": "run-p774555-i774855.scope", "kernel_limits": {"memory.max": "3221225472", "memory.swap.max": "0", "cpu.max": "100000 100000", "pids.max": "128"}}
PASS four retained-source configuration entries and native payload roundtrip
{
  "result": "pass",
  "files": [
    {
      "name": "normal",
      "tar_sha256": "229f5837c93850efa129c81221f7c9a9ccca61a35f9014ce28d1ab9e86052b6b",
      "deb_sha256": "a2d30c41bc5d4da7f4ad37057c8a41a74d399148d995bc1651682438d3c7df43",
      "independent_python_read": "pass",
      "native_payload_read": "not-run"
    },
    {
      "name": "full-range",
      "tar_sha256": "6386dfc3dc4aeb492bef9e9d839870e3980bfe4a7768631a472db2b4f341f8a4",
      "deb_sha256": "32b7b1c8adfb4b2088af2bbc114e8f9a88745745aa87a7c8d86e43c44cbdc842",
      "independent_python_read": "pass",
      "native_payload_read": "not-run"
    }
  ],
  "filesystem_attribute_application": false
}
