ORIGINAL 693f76f12902f2d23305073d3350b11a1379d76a1f27cdef696a8e8170ee8009
CONTROL 4e86ade86b5a80c901ae26d6efb27954bb29909275504a610c310269441ebf3a
PACKAGE niaos-resolvercore
VERSION 0.1.0+gita58f281ff997
ARCHITECTURE amd64
SOURCE niaos-resolvercore 0.1.0+gita58f281ff997
MULTI NO
ESSENTIAL FALSE
PROTECTED FALSE
INSTALLED_SIZE TRUE 229
FIELD package
FIELD version
FIELD architecture
FIELD maintainer
FIELD installed-size
FIELD depends
FIELD section
FIELD priority
FIELD description
PASS assertions= 9
