dpkg-buildpackage: info: source package niaos-pkgcore
dpkg-buildpackage: info: source version 0.1.0+git9de3fe6542f9
dpkg-buildpackage: info: source distribution unstable
dpkg-buildpackage: info: source changed by NiaOS Developers <developers@niaos.invalid>
 dpkg-source --before-build .
dpkg-buildpackage: info: host architecture amd64
 debian/rules clean
dh clean
   debian/rules override_dh_auto_clean
make[1]: Entering directory '/home/nia/devbox/niaos/.work/native-site-supply-01/component-source'
rm -rf build
make[1]: Leaving directory '/home/nia/devbox/niaos/.work/native-site-supply-01/component-source'
   dh_clean
	rm -f debian/debhelper-build-stamp
	rm -rf debian/.debhelper/
	rm -f -- debian/niaos-pkgcore.substvars debian/files
	rm -fr -- debian/niaos-pkgcore/ debian/tmp/
	find .  \( \( \
		\( -path .\*/.git -o -path .\*/.svn -o -path .\*/.bzr -o -path .\*/.hg -o -path .\*/CVS -o -path .\*/.pc -o -path .\*/_darcs \) -prune -o -type f -a \
	        \( -name '#*#' -o -name '.*~' -o -name '*~' -o -name DEADJOE \
		 -o -name '*.orig' -o -name '*.rej' -o -name '*.bak' \
		 -o -name '.*.orig' -o -name .*.rej -o -name '.SUMS' \
		 -o -name TAGS -o \( -path '*/.deps/*' -a -name '*.P' \) \
		\) -exec rm -f {} + \) -o \
		\( -type d -a \( -name autom4te.cache -o -name __pycache__ \) -prune -exec rm -rf {} + \) \)
 dpkg-source -b .
dpkg-source: info: using source format '3.0 (native)'
dpkg-source: info: building niaos-pkgcore in niaos-pkgcore_0.1.0+git9de3fe6542f9.tar.xz
dpkg-source: info: building niaos-pkgcore in niaos-pkgcore_0.1.0+git9de3fe6542f9.dsc
 debian/rules binary
dh binary
   dh_update_autotools_config
   dh_autoreconf
   debian/rules override_dh_auto_build
make[1]: Entering directory '/home/nia/devbox/niaos/.work/native-site-supply-01/component-source'
/usr/bin/make build JOBS=1
make[2]: Entering directory '/home/nia/devbox/niaos/.work/native-site-supply-01/component-source'
./ci/check-contract.sh
runtime/mc_admin.adb: OK
runtime/mc_admin.ads: OK
runtime/mc_atomic.adb: OK
runtime/mc_atomic.ads: OK
runtime/mc_authentic.adb: OK
runtime/mc_authentic.ads: OK
runtime/mc_checkpoint_store.adb: OK
runtime/mc_checkpoint_store.ads: OK
runtime/mc_cli.adb: OK
runtime/mc_cli.ads: OK
runtime/mc_clock.adb: OK
runtime/mc_clock.ads: OK
runtime/mc_command.adb: OK
runtime/mc_command.ads: OK
runtime/mc_config_auth.adb: OK
runtime/mc_config_auth.ads: OK
runtime/mc_control_io.adb: OK
runtime/mc_control_io.ads: OK
runtime/mc_durable.adb: OK
runtime/mc_durable.ads: OK
runtime/mc_fault_auth.adb: OK
runtime/mc_fault_auth.ads: OK
runtime/mc_file_io.adb: OK
runtime/mc_file_io.ads: OK
runtime/mc_fs.adb: OK
runtime/mc_fs.ads: OK
runtime/mc_gate.adb: OK
runtime/mc_gate.ads: OK
runtime/mc_https.adb: OK
runtime/mc_https.ads: OK
runtime/mc_ingress.adb: OK
runtime/mc_ingress.ads: OK
runtime/mc_kernel_read.adb: OK
runtime/mc_kernel_read.ads: OK
runtime/mc_keys.adb: OK
runtime/mc_keys.ads: OK
runtime/mc_layout.adb: OK
runtime/mc_layout.ads: OK
runtime/mc_log.adb: OK
runtime/mc_log.ads: OK
runtime/mc_posix.ads: OK
runtime/mc_qualification_auth.adb: OK
runtime/mc_qualification_auth.ads: OK
runtime/mc_receiver_ledger.adb: OK
runtime/mc_receiver_ledger.ads: OK
runtime/mc_request_files.adb: OK
runtime/mc_request_files.ads: OK
runtime/mc_runtime.adb: OK
runtime/mc_runtime.ads: OK
runtime/mc_signatures.adb: OK
runtime/mc_signatures.ads: OK
runtime/mc_site_policy.adb: OK
runtime/mc_site_policy.ads: OK
runtime/mc_stop_barrier_auth.adb: OK
runtime/mc_stop_barrier_auth.ads: OK
runtime/mc_store.adb: OK
runtime/mc_store.ads: OK
runtime/mc_tools.adb: OK
runtime/mc_tools.ads: OK
runtime/mc_xml.adb: OK
runtime/mc_xml.ads: OK
src/mc_accounting.adb: OK
src/mc_accounting.ads: OK
src/mc_attestation.adb: OK
src/mc_attestation.ads: OK
src/mc_authorization.adb: OK
src/mc_authorization.ads: OK
src/mc_backups.adb: OK
src/mc_backups.ads: OK
src/mc_base64.adb: OK
src/mc_base64.ads: OK
src/mc_breakglass.adb: OK
src/mc_breakglass.ads: OK
src/mc_checkpoint.adb: OK
src/mc_checkpoint.ads: OK
src/mc_codec.adb: OK
src/mc_codec.ads: OK
src/mc_commissioning.adb: OK
src/mc_commissioning.ads: OK
src/mc_compatibility.adb: OK
src/mc_compatibility.ads: OK
src/mc_config_receipt.adb: OK
src/mc_config_receipt.ads: OK
src/mc_contract_profile.ads: OK
src/mc_control.adb: OK
src/mc_control.ads: OK
src/mc_control_codec.adb: OK
src/mc_control_codec.ads: OK
src/mc_diagnostic_bundle.adb: OK
src/mc_diagnostic_bundle.ads: OK
src/mc_dirents.adb: OK
src/mc_dirents.ads: OK
src/mc_fault_report.adb: OK
src/mc_fault_report.ads: OK
src/mc_faults.adb: OK
src/mc_faults.ads: OK
src/mc_generation.adb: OK
src/mc_generation.ads: OK
src/mc_golden.adb: OK
src/mc_golden.ads: OK
src/mc_health_golden.adb: OK
src/mc_health_golden.ads: OK
src/mc_health_report.adb: OK
src/mc_health_report.ads: OK
src/mc_hex.adb: OK
src/mc_hex.ads: OK
src/mc_incidents.adb: OK
src/mc_incidents.ads: OK
src/mc_journal_budget.ads: OK
src/mc_json.adb: OK
src/mc_json.ads: OK
src/mc_log_format.adb: OK
src/mc_log_format.ads: OK
src/mc_maintenance.adb: OK
src/mc_maintenance.ads: OK
src/mc_numbers.adb: OK
src/mc_numbers.ads: OK
src/mc_paths.adb: OK
src/mc_paths.ads: OK
src/mc_platform_profile.adb: OK
src/mc_platform_profile.ads: OK
src/mc_properties.adb: OK
src/mc_properties.ads: OK
src/mc_protocol.adb: OK
src/mc_protocol.ads: OK
src/mc_qualification.adb: OK
src/mc_qualification.ads: OK
src/mc_recovery_cohort.adb: OK
src/mc_recovery_cohort.ads: OK
src/mc_release.adb: OK
src/mc_release.ads: OK
src/mc_replay.adb: OK
src/mc_replay.ads: OK
src/mc_request_replay.adb: OK
src/mc_request_replay.ads: OK
src/mc_requests.adb: OK
src/mc_requests.ads: OK
src/mc_retry_budget.adb: OK
src/mc_retry_budget.ads: OK
src/mc_sha256.adb: OK
src/mc_sha256.ads: OK
src/mc_stop_barrier.adb: OK
src/mc_stop_barrier.ads: OK
src/mc_system_baseline.adb: OK
src/mc_system_baseline.ads: OK
src/mc_text.adb: OK
src/mc_text.ads: OK
src/mc_time_guard.adb: OK
src/mc_time_guard.ads: OK
src/mc_types.adb: OK
src/mc_types.ads: OK
src/mc_witness.adb: OK
src/mc_witness.ads: OK
python3 ci/check-resolver.py
{"result": "source-lock-only-pass", "resolver_profile": "7cc963495764341171556a17f812a2fa307ff60f56679c917efe9bf53c3a5db3"}
gprbuild -s -j1 -p -P pkgcore.gpr
Setup
   [mkdir]        object directory for project Pkgcore
   [mkdir]        exec directory for project Pkgcore
Compile
   [Ada]          pkg_recoveryctl.adb
   [Ada]          pkgctl.adb
   [Ada]          pkg_worker.adb
   [Ada]          pkg_scrubctl.adb
   [Ada]          pkg_store_bootstrap.adb
   [Ada]          pkg_supply_observe.adb
   [C]            pkg_deb_stream.c
   [C]            pkg_deb_decode.c
   [C]            root_preparation.c
   [Ada]          mc_hex.adb
   [Ada]          mc_runtime.adb
   [Ada]          mc_types.adb
   [Ada]          pkg_file_replay.adb
   [Ada]          pkg_recovery_audit.adb
   [Ada]          mc_cli.adb
   [Ada]          mc_durable.adb
   [Ada]          mc_file_io.adb
   [Ada]          mc_sha256.adb
   [Ada]          pkg_admin.adb
   [Ada]          pkg_journal.adb
   [Ada]          pkg_journal_io.adb
   [Ada]          pkg_rpm.adb
   [Ada]          mc_atomic.adb
   [Ada]          mc_codec.adb
   [Ada]          mc_fs.adb
   [Ada]          mc_gate.adb
   [Ada]          mc_layout.adb
   [Ada]          mc_log.adb
   [Ada]          mc_log_format.adb
   [Ada]          mc_posix.ads
   [Ada]          mc_protocol.adb
   [Ada]          mc_request_files.adb
   [Ada]          mc_requests.adb
   [Ada]          mc_signatures.adb
   [Ada]          mc_store.adb
   [Ada]          mc_text.adb
   [Ada]          pkg_file_engine.adb
   [Ada]          pkg_file_plan.adb
   [Ada]          pkg_root_state.adb
   [Ada]          mc_clock.adb
   [Ada]          mc_numbers.adb
   [Ada]          pkg_inventory.adb
   [Ada]          pkg_scrubber.adb
   [Ada]          pkg_self_repair.adb
   [Ada]          pkg_site_supply.adb
   [Ada]          pkg_supply_policy.adb
   [Ada]          mc_authentic.adb
   [Ada]          mc_contract_profile.ads
   [Ada]          mc_golden.adb
   [Ada]          mc_health_golden.adb
   [Ada]          mc_health_report.adb
   [Ada]          mc_stop_barrier.adb
   [Ada]          mc_stop_barrier_auth.adb
   [Ada]          mc_paths.adb
   [Ada]          mc_tools.adb
   [Ada]          pkg_archive.adb
   [Ada]          pkg_payload_map.adb
   [Ada]          pkg_plan_compiler.adb
   [Ada]          pkg_rpm_auth.adb
   [Ada]          pkg_rpm_file.adb
   [Ada]          pkg_source.adb
   [Ada]          pkg_transactions.adb
   [Ada]          mc_dirents.adb
   [Ada]          mc_control.adb
   [Ada]          mc_control_io.adb
   [Ada]          mc_ingress.adb
   [Ada]          mc_replay.adb
   [Ada]          mc_request_replay.adb
   [Ada]          mc_site_policy.adb
   [Ada]          mc_witness.adb
   [Ada]          mc_properties.adb
   [Ada]          mc_journal_budget.ads
   [Ada]          mc_kernel_read.adb
   [Ada]          pkg_image_inspector.adb
   [Ada]          mc_time_guard.adb
   [Ada]          pkg_archive_supply.adb
   [Ada]          pkg_supply_map.adb
   [Ada]          mc_command.adb
   [Ada]          pkg_rpm_fields.adb
   [Ada]          mc_https.adb
   [Ada]          pkg_artifact_grant.adb
   [Ada]          mc_control_codec.adb
   [Ada]          mc_authorization.adb
   [Ada]          pkg_deb_metadata.adb
   [Ada]          pkg_catalog_retention.adb
   [Ada]          pkg_catalog_store.adb
   [Ada]          pkg_payload_index.adb
   [Ada]          pkg_generation_descriptor.adb
   [Ada]          pkg_selected_catalog.adb
   [Ada]          pkg_deb_container.adb
   [Ada]          pkg_deb_control.adb
   [Ada]          pkg_deb_relations.adb
   [Ada]          pkg_deb_fields.adb
   [Ada]          pkg_deb_payload.adb
   [Ada]          pkg_deb_semantics.adb
   [Ada]          pkg_deb_versions.adb
   [Ada]          pkg_deb_data_stream.adb
   [Ada]          pkg_tar_framing.adb
Bind
   [gprbind]      pkg_recoveryctl.bexch
   [Ada]          pkg_recoveryctl.ali
   [gprbind]      pkgctl.bexch
   [Ada]          pkgctl.ali
   [gprbind]      pkg_worker.bexch
   [Ada]          pkg_worker.ali
   [gprbind]      pkg_scrubctl.bexch
   [Ada]          pkg_scrubctl.ali
   [gprbind]      pkg_store_bootstrap.bexch
   [Ada]          pkg_store_bootstrap.ali
   [gprbind]      pkg_supply_observe.bexch
   [Ada]          pkg_supply_observe.ali
Link
   [archive]      libpkgcore.a
   [index]        libpkgcore.a
   [link]         pkg_recoveryctl.adb
   [link]         pkgctl.adb
   [link]         pkg_worker.adb
   [link]         pkg_scrubctl.adb
   [link]         pkg_store_bootstrap.adb
   [link]         pkg_supply_observe.adb
make[2]: Leaving directory '/home/nia/devbox/niaos/.work/native-site-supply-01/component-source'
make[1]: Leaving directory '/home/nia/devbox/niaos/.work/native-site-supply-01/component-source'
dh: command-omitted: The call to "debian/rules override_dh_auto_test" was omitted due to "DEB_BUILD_OPTIONS=nocheck"
   create-stamp debian/debhelper-build-stamp
   dh_prep
	rm -f -- debian/niaos-pkgcore.substvars
	rm -fr -- debian/.debhelper/generated/niaos-pkgcore/ debian/niaos-pkgcore/ debian/tmp/
   dh_install
	install -m0755 -d debian/niaos-pkgcore/usr/libexec/nia
	cp --reflink=auto -a ./build/bin/pkg_recoveryctl ./build/bin/pkg_scrubctl ./build/bin/pkg_store_bootstrap ./build/bin/pkg_supply_observe ./build/bin/pkg_worker ./build/bin/pkgctl debian/niaos-pkgcore/usr/libexec/nia/
   dh_installdocs
	install -m0755 -d debian/niaos-pkgcore/usr/share/doc/niaos-pkgcore
	install -m0755 -d debian/niaos-pkgcore/usr/share/doc/niaos-pkgcore
	cp --reflink=auto -a ./nia-source.json debian/niaos-pkgcore/usr/share/doc/niaos-pkgcore
	chmod -R u\+rw,go=rX debian/niaos-pkgcore/usr/share/doc
	install -p -m0644 debian/copyright debian/niaos-pkgcore/usr/share/doc/niaos-pkgcore/copyright
   dh_installchangelogs
	install -m0755 -d debian/niaos-pkgcore/usr/share/doc/niaos-pkgcore
	install -p -m0644 debian/.debhelper/generated/niaos-pkgcore/dh_installchangelogs.dch.trimmed debian/niaos-pkgcore/usr/share/doc/niaos-pkgcore/changelog
   dh_perl
   dh_link
   dh_strip_nondeterminism
   dh_compress
	cd debian/niaos-pkgcore
	chmod a-x usr/share/doc/niaos-pkgcore/changelog usr/share/doc/niaos-pkgcore/nia-source.json
	gzip -9nf usr/share/doc/niaos-pkgcore/changelog usr/share/doc/niaos-pkgcore/nia-source.json
	cd '/home/nia/devbox/niaos/.work/native-site-supply-01/component-source'
   dh_fixperms
	find debian/niaos-pkgcore ! -type l -a -true -a -true -print0 2>/dev/null | xargs -0r chmod go=rX,u+rw,a-s
	find debian/niaos-pkgcore/usr/share/doc -type f -a -true -a ! -regex 'debian/niaos-pkgcore/usr/share/doc/[^/]*/examples/.*' -print0 2>/dev/null | xargs -0r chmod 0644
	find debian/niaos-pkgcore/usr/share/doc -type d -a -true -a -true -print0 2>/dev/null | xargs -0r chmod 0755
	find debian/niaos-pkgcore -type f \( -name '*.so.*' -o -name '*.so' -o -name '*.la' -o -name '*.a' -o -name '*.js' -o -name '*.css' -o -name '*.scss' -o -name '*.sass' -o -name '*.jpeg' -o -name '*.jpg' -o -name '*.png' -o -name '*.gif' -o -name '*.cmxs' -o -name '*.node' \) -a -true -a -true -print0 2>/dev/null | xargs -0r chmod 0644
	find debian/niaos-pkgcore/usr/libexec -type f -a -true -a -true -print0 2>/dev/null | xargs -0r chmod a+x
   dh_missing
   dh_dwz -a
	install -m0755 -d debian/niaos-pkgcore/usr/lib/debug/.dwz/x86_64-linux-gnu
	dwz -mdebian/niaos-pkgcore/usr/lib/debug/.dwz/x86_64-linux-gnu/niaos-pkgcore.debug -M/usr/lib/debug/.dwz/x86_64-linux-gnu/niaos-pkgcore.debug -- debian/niaos-pkgcore/usr/libexec/nia/pkg_recoveryctl debian/niaos-pkgcore/usr/libexec/nia/pkg_scrubctl debian/niaos-pkgcore/usr/libexec/nia/pkg_store_bootstrap debian/niaos-pkgcore/usr/libexec/nia/pkg_supply_observe debian/niaos-pkgcore/usr/libexec/nia/pkg_worker debian/niaos-pkgcore/usr/libexec/nia/pkgctl
	objcopy --compress-debug-sections debian/niaos-pkgcore/usr/lib/debug/.dwz/x86_64-linux-gnu/niaos-pkgcore.debug
	chmod 0644 -- debian/niaos-pkgcore/usr/lib/debug/.dwz/x86_64-linux-gnu/niaos-pkgcore.debug
   dh_strip -a
	install -m0755 -d debian/.debhelper/niaos-pkgcore/dbgsym-root/usr/lib/debug/.build-id/30
	objcopy --only-keep-debug --compress-debug-sections debian/niaos-pkgcore/usr/libexec/nia/pkg_scrubctl debian/.debhelper/niaos-pkgcore/dbgsym-root/usr/lib/debug/.build-id/30/ff347f6b4072f6fd7a4a06a20884d8a7e1960b.debug
	chmod 0644 -- debian/.debhelper/niaos-pkgcore/dbgsym-root/usr/lib/debug/.build-id/30/ff347f6b4072f6fd7a4a06a20884d8a7e1960b.debug
	strip --remove-section=.comment --remove-section=.note debian/niaos-pkgcore/usr/libexec/nia/pkg_scrubctl
	objcopy --add-gnu-debuglink debian/.debhelper/niaos-pkgcore/dbgsym-root/usr/lib/debug/.build-id/30/ff347f6b4072f6fd7a4a06a20884d8a7e1960b.debug debian/niaos-pkgcore/usr/libexec/nia/pkg_scrubctl
	install -m0755 -d debian/.debhelper/niaos-pkgcore/dbgsym-root/usr/lib/debug/.build-id/4d
	objcopy --only-keep-debug --compress-debug-sections debian/niaos-pkgcore/usr/libexec/nia/pkgctl debian/.debhelper/niaos-pkgcore/dbgsym-root/usr/lib/debug/.build-id/4d/96c166b8f37e36ce15ec276efc0baac6f2a1fc.debug
	chmod 0644 -- debian/.debhelper/niaos-pkgcore/dbgsym-root/usr/lib/debug/.build-id/4d/96c166b8f37e36ce15ec276efc0baac6f2a1fc.debug
	strip --remove-section=.comment --remove-section=.note debian/niaos-pkgcore/usr/libexec/nia/pkgctl
	objcopy --add-gnu-debuglink debian/.debhelper/niaos-pkgcore/dbgsym-root/usr/lib/debug/.build-id/4d/96c166b8f37e36ce15ec276efc0baac6f2a1fc.debug debian/niaos-pkgcore/usr/libexec/nia/pkgctl
	install -m0755 -d debian/.debhelper/niaos-pkgcore/dbgsym-root/usr/lib/debug/.build-id/93
	objcopy --only-keep-debug --compress-debug-sections debian/niaos-pkgcore/usr/libexec/nia/pkg_worker debian/.debhelper/niaos-pkgcore/dbgsym-root/usr/lib/debug/.build-id/93/8f95e775f567ccdd675f7cae2c8e7508ad738d.debug
	chmod 0644 -- debian/.debhelper/niaos-pkgcore/dbgsym-root/usr/lib/debug/.build-id/93/8f95e775f567ccdd675f7cae2c8e7508ad738d.debug
	strip --remove-section=.comment --remove-section=.note debian/niaos-pkgcore/usr/libexec/nia/pkg_worker
	objcopy --add-gnu-debuglink debian/.debhelper/niaos-pkgcore/dbgsym-root/usr/lib/debug/.build-id/93/8f95e775f567ccdd675f7cae2c8e7508ad738d.debug debian/niaos-pkgcore/usr/libexec/nia/pkg_worker
	install -m0755 -d debian/.debhelper/niaos-pkgcore/dbgsym-root/usr/lib/debug/.build-id/22
	objcopy --only-keep-debug --compress-debug-sections debian/niaos-pkgcore/usr/libexec/nia/pkg_supply_observe debian/.debhelper/niaos-pkgcore/dbgsym-root/usr/lib/debug/.build-id/22/2b1149c40ae023404fd8d82185c5bb59c6f295.debug
	chmod 0644 -- debian/.debhelper/niaos-pkgcore/dbgsym-root/usr/lib/debug/.build-id/22/2b1149c40ae023404fd8d82185c5bb59c6f295.debug
	strip --remove-section=.comment --remove-section=.note debian/niaos-pkgcore/usr/libexec/nia/pkg_supply_observe
	objcopy --add-gnu-debuglink debian/.debhelper/niaos-pkgcore/dbgsym-root/usr/lib/debug/.build-id/22/2b1149c40ae023404fd8d82185c5bb59c6f295.debug debian/niaos-pkgcore/usr/libexec/nia/pkg_supply_observe
	install -m0755 -d debian/.debhelper/niaos-pkgcore/dbgsym-root/usr/lib/debug/.build-id/98
	objcopy --only-keep-debug --compress-debug-sections debian/niaos-pkgcore/usr/libexec/nia/pkg_store_bootstrap debian/.debhelper/niaos-pkgcore/dbgsym-root/usr/lib/debug/.build-id/98/1bea5cfb9989b6894cf1f3c43879c5bbb92051.debug
	chmod 0644 -- debian/.debhelper/niaos-pkgcore/dbgsym-root/usr/lib/debug/.build-id/98/1bea5cfb9989b6894cf1f3c43879c5bbb92051.debug
	strip --remove-section=.comment --remove-section=.note debian/niaos-pkgcore/usr/libexec/nia/pkg_store_bootstrap
	objcopy --add-gnu-debuglink debian/.debhelper/niaos-pkgcore/dbgsym-root/usr/lib/debug/.build-id/98/1bea5cfb9989b6894cf1f3c43879c5bbb92051.debug debian/niaos-pkgcore/usr/libexec/nia/pkg_store_bootstrap
	install -m0755 -d debian/.debhelper/niaos-pkgcore/dbgsym-root/usr/lib/debug/.build-id/d5
	objcopy --only-keep-debug --compress-debug-sections debian/niaos-pkgcore/usr/libexec/nia/pkg_recoveryctl debian/.debhelper/niaos-pkgcore/dbgsym-root/usr/lib/debug/.build-id/d5/63f43d514935500361add0794e9c7600c52cae.debug
	chmod 0644 -- debian/.debhelper/niaos-pkgcore/dbgsym-root/usr/lib/debug/.build-id/d5/63f43d514935500361add0794e9c7600c52cae.debug
	strip --remove-section=.comment --remove-section=.note debian/niaos-pkgcore/usr/libexec/nia/pkg_recoveryctl
	objcopy --add-gnu-debuglink debian/.debhelper/niaos-pkgcore/dbgsym-root/usr/lib/debug/.build-id/d5/63f43d514935500361add0794e9c7600c52cae.debug debian/niaos-pkgcore/usr/libexec/nia/pkg_recoveryctl
	install -m0755 -d debian/.debhelper/niaos-pkgcore/dbgsym-root/usr/lib/debug/.dwz
	cp --reflink=auto -a debian/niaos-pkgcore/usr/lib/debug/.dwz/x86_64-linux-gnu debian/.debhelper/niaos-pkgcore/dbgsym-root/usr/lib/debug/.dwz
	rm -fr debian/niaos-pkgcore/usr/lib/debug/.dwz
	rmdir -p --ignore-fail-on-non-empty debian/niaos-pkgcore/usr/lib/debug
	install -m0755 -d debian/.debhelper/niaos-pkgcore/dbgsym-root/usr/share/doc
	ln -s niaos-pkgcore debian/.debhelper/niaos-pkgcore/dbgsym-root/usr/share/doc/niaos-pkgcore-dbgsym
	install -m0755 -d debian/.debhelper/niaos-pkgcore
   dh_makeshlibs -a
	rm -f debian/niaos-pkgcore/DEBIAN/shlibs
   dh_shlibdeps -a
	install -m0755 -d debian/niaos-pkgcore/DEBIAN
	dpkg-shlibdeps -Tdebian/niaos-pkgcore.substvars debian/niaos-pkgcore/usr/libexec/nia/pkg_scrubctl debian/niaos-pkgcore/usr/libexec/nia/pkgctl debian/niaos-pkgcore/usr/libexec/nia/pkg_worker debian/niaos-pkgcore/usr/libexec/nia/pkg_supply_observe debian/niaos-pkgcore/usr/libexec/nia/pkg_store_bootstrap debian/niaos-pkgcore/usr/libexec/nia/pkg_recoveryctl
   dh_installdeb
	install -m0755 -d debian/niaos-pkgcore/DEBIAN
   dh_gencontrol
	install -m0755 -d debian/niaos-pkgcore/DEBIAN
	echo misc:Depends= >> debian/niaos-pkgcore.substvars
	echo misc:Pre-Depends= >> debian/niaos-pkgcore.substvars
	install -m0755 -d debian/.debhelper/niaos-pkgcore/dbgsym-root/DEBIAN
	dpkg-gencontrol -pniaos-pkgcore -ldebian/changelog -Tdebian/niaos-pkgcore.substvars -cdebian/control -Pdebian/.debhelper/niaos-pkgcore/dbgsym-root -UPre-Depends -URecommends -USuggests -UEnhances -UProvides -UEssential -UConflicts -DPriority=optional -UHomepage -UImportant -DAuto-Built-Package=debug-symbols -UProtected -UBuilt-Using -UStatic-Built-Using -DPackage=niaos-pkgcore-dbgsym "-DDepends=niaos-pkgcore (= \${binary:Version})" "-DDescription=debug symbols for niaos-pkgcore" "-DBuild-Ids=222b1149c40ae023404fd8d82185c5bb59c6f295 30ff347f6b4072f6fd7a4a06a20884d8a7e1960b 4d96c166b8f37e36ce15ec276efc0baac6f2a1fc 938f95e775f567ccdd675f7cae2c8e7508ad738d 981bea5cfb9989b6894cf1f3c43879c5bbb92051 d563f43d514935500361add0794e9c7600c52cae" -DSection=debug -UMulti-Arch -UReplaces -UBreaks
	chmod 0644 -- debian/.debhelper/niaos-pkgcore/dbgsym-root/DEBIAN/control
	dpkg-gencontrol -pniaos-pkgcore -ldebian/changelog -Tdebian/niaos-pkgcore.substvars -cdebian/control -Pdebian/niaos-pkgcore
	chmod 0644 -- debian/niaos-pkgcore/DEBIAN/control
   dh_md5sums
	install -m0755 -d debian/niaos-pkgcore/DEBIAN
	cd debian/niaos-pkgcore >/dev/null && xargs -r0 md5sum | perl -pe 'if (s@^\\@@) { s/\\\\/\\/g; }' > DEBIAN/md5sums
	chmod 0644 -- debian/niaos-pkgcore/DEBIAN/md5sums
	install -m0755 -d debian/.debhelper/niaos-pkgcore/dbgsym-root/DEBIAN
	cd debian/.debhelper/niaos-pkgcore/dbgsym-root >/dev/null && xargs -r0 md5sum | perl -pe 'if (s@^\\@@) { s/\\\\/\\/g; }' > DEBIAN/md5sums
	chmod 0644 -- debian/.debhelper/niaos-pkgcore/dbgsym-root/DEBIAN/md5sums
   dh_builddeb
	dpkg-deb --root-owner-group --build debian/niaos-pkgcore ..
dpkg-deb: building package 'niaos-pkgcore' in '../niaos-pkgcore_0.1.0+git9de3fe6542f9_amd64.deb'.
	dpkg-deb --root-owner-group --build debian/.debhelper/niaos-pkgcore/dbgsym-root ..
dpkg-deb: building package 'niaos-pkgcore-dbgsym' in '../niaos-pkgcore-dbgsym_0.1.0+git9de3fe6542f9_amd64.deb'.
 dpkg-genbuildinfo -O../niaos-pkgcore_0.1.0+git9de3fe6542f9_amd64.buildinfo
 dpkg-genchanges -O../niaos-pkgcore_0.1.0+git9de3fe6542f9_amd64.changes
dpkg-genchanges: info: including full source code in upload
 dpkg-source --after-build .
dpkg-buildpackage: info: full upload; Debian-native package (full source is included)
