pread64(3</usr/lib/x86_64-linux-gnu/libc.so.6>, "\6\0\0\0\4\0\0\0@\0\0\0\0\0\0\0@\0\0\0\0\0\0\0@\0\0\0\0\0\0\0H\3\0\0\0\0\0\0H\3\0\0\0\0\0\0\10\0\0\0\0\0\0\0\3\0\0\0\4\0\0\0\240\1\36\0\0\0\0\0\240\1\36\0\0\0\0\0"..., 840, 64) = 840
pread64(3</usr/lib/x86_64-linux-gnu/libc.so.6>, "\6\0\0\0\4\0\0\0@\0\0\0\0\0\0\0@\0\0\0\0\0\0\0@\0\0\0\0\0\0\0H\3\0\0\0\0\0\0H\3\0\0\0\0\0\0\10\0\0\0\0\0\0\0\3\0\0\0\4\0\0\0\240\1\36\0\0\0\0\0\240\1\36\0\0\0\0\0"..., 840, 64) = 840
fsync(3)                                = 0
fsync(8)                                = 0
pread64(3, "!<arch>\ndebian-binary   1789004295  0     0     100644  4         `\n2.0\ncontrol."..., 65536, 0) = 848
pread64(3, "", 64688, 848)              = 0
write(7, "!<arch>\ndebian-binary   1789004295  0     0     100644  4         `\n2.0\ncontrol."..., 848) = 848
pread64(3, "", 65536, 848)              = 0
fsync(7)                                = 0
fsync(9)                                = 0
renameat2(8, "2db4d8dca4df96eed44eb1ddecad54de", 7, "697deb4cbcbbdef0c5bcc001832d68e10b9fe827603cab40c897eaac7d41d6", RENAME_NOREPLACE) = 0
fsync(8)                                = 0
fsync(7)                                = 0
write(1, "ACK original.deb e8697deb4cbcbbdef0c5bcc001832d68e10b9fe827603cab40c897eaac7d41d"..., 82) = 82
fsync(8)                                = 0
pread64(3, "Package: nia-test\nVersion: 1:2.0~rc1-3\nArchitecture: all\nMaintainer: Nia synthet"..., 65536, 0) = 125
pread64(3, "", 65411, 125)              = 0
write(7, "Package: nia-test\nVersion: 1:2.0~rc1-3\nArchitecture: all\nMaintainer: Nia synthet"..., 125) = 125
pread64(3, "", 65536, 125)              = 0
fsync(7)                                = 0
fsync(9)                                = 0
renameat2(8, "4ea461da16424b9ee3946ce1ff4a39c3", 7, "5e5346c8cc38aa50241e3350fced5682318ca66d63f9ff59983cd669e03fae", RENAME_NOREPLACE) = 0
fsync(8)                                = 0
fsync(7)                                = 0
write(1, "ACK control c15e5346c8cc38aa50241e3350fced5682318ca66d63f9ff59983cd669e03fae\n", 77) = 77
fsync(8)                                = 0
pread64(3, "{\"created_at\":1789004235,\"schema\":\"org.niaos.archive-supply/v1\",\"security_epoch\""..., 65536, 0) = 583
pread64(3, "", 64953, 583)              = 0
write(7, "{\"created_at\":1789004235,\"schema\":\"org.niaos.archive-supply/v1\",\"security_epoch\""..., 583) = 583
pread64(3, "", 65536, 583)              = 0
fsync(7)                                = 0
fsync(9)                                = 0
renameat2(8, "4def9819d8e7e88accc1f599a8d352db", 7, "773b48b66a746bb32b814632c075488a12f5c5856e0048fb1f955c0f7ebb5c", RENAME_NOREPLACE) = 0
fsync(8)                                = 0
fsync(7)                                = 0
write(1, "ACK policy 44773b48b66a746bb32b814632c075488a12f5c5856e0048fb1f955c0f7ebb5c\n", 76) = 76
fsync(8)                                = 0
pread64(3, "-----BEGIN PGP SIGNED MESSAGE-----\nHash: SHA512\n\nOrigin: Debian\nLabel: Debian\nSu"..., 65536, 0) = 523
pread64(3, "", 65013, 523)              = 0
write(7, "-----BEGIN PGP SIGNED MESSAGE-----\nHash: SHA512\n\nOrigin: Debian\nLabel: Debian\nSu"..., 523) = 523
pread64(3, "", 65536, 523)              = 0
fsync(7)                                = 0
fsync(9)                                = 0
renameat2(8, "ad85b5319066d33b836f691647b94ce1", 7, "f1876e91352562e85d0f21f86e4408066a4dba3729ffc7369924a45be70c4c", RENAME_NOREPLACE) = 0
fsync(8)                                = 0
fsync(7)                                = 0
write(1, "ACK InRelease 7df1876e91352562e85d0f21f86e4408066a4dba3729ffc7369924a45be70c4c\n", 79) = 79
fsync(8)                                = 0
pread64(3, "\3757zXZ\0\0\4\346\326\264F\2\0!\1\26\0\0\0t/\345\243\340\0\300\0\246]\0(\30Hf\333\3320\205\376\26\352\356\274IX\321\4\33l\177\314a\345:\375b)\10V\237\202V\243-\24\226s{\206\277#.n\373Uz\226\f\321"..., 65536, 0) = 232
pread64(3, "", 65304, 232)              = 0
write(7, "\3757zXZ\0\0\4\346\326\264F\2\0!\1\26\0\0\0t/\345\243\340\0\300\0\246]\0(\30Hf\333\3320\205\376\26\352\356\274IX\321\4\33l\177\314a\345:\375b)\10V\237\202V\243-\24\226s{\206\277#.n\373Uz\226\f\321"..., 232) = 232
pread64(3, "", 65536, 232)              = 0
fsync(7)                                = 0
fsync(9)                                = 0
renameat2(8, "4c95b2444ae19d668d5e65944880f476", 7, "6afaf29982c73cdee949456d6678dfd3004cdeea78ad3c76ae61be0d8bbf43", RENAME_NOREPLACE) = 0
fsync(8)                                = 0
fsync(7)                                = 0
write(1, "ACK Packages f76afaf29982c73cdee949456d6678dfd3004cdeea78ad3c76ae61be0d8bbf43\n", 78) = 78
fsync(8)                                = 0
pread64(3, "\2303\4j\242\n\7\26\t+\6\1\4\1\332G\17\1\1\7@'\310\213U\27HP\215\201\235|\362\257}\332\265\255\24\350?\271tMD\253\342k\212_M\377#\264\26Nia artificial fixture\210\220\4"..., 65536, 0) = 223
pread64(3, "", 65313, 223)              = 0
write(7, "\2303\4j\242\n\7\26\t+\6\1\4\1\332G\17\1\1\7@'\310\213U\27HP\215\201\235|\362\257}\332\265\255\24\350?\271tMD\253\342k\212_M\377#\264\26Nia artificial fixture\210\220\4"..., 223) = 223
pread64(3, "", 65536, 223)              = 0
fsync(7)                                = 0
fsync(9)                                = 0
renameat2(8, "adcd9d6381a9d25427dd308adc25d1ad", 7, "6894c4278fec4ec1ab717589a794081a333c1306aceb564840b255c36eff0f", RENAME_NOREPLACE) = 0
fsync(8)                                = 0
fsync(7)                                = 0
write(1, "ACK keyring 816894c4278fec4ec1ab717589a794081a333c1306aceb564840b255c36eff0f\n", 77) = 77
fsync(8)                                = 0
pread64(3, "NIASUP01\336M\251O=\230\211\34\257\236\\tAn\343\206\266\310\215;\201\255X\353\270\2223\367$\357Z`Dw;H\266jtk\263+\201F2\300uH\212\22\365\305\205n\0H\373\37\225\\\17~\273\\\350i}\353L\274\273\336"..., 65536, 0) = 320
pread64(3, "", 65216, 320)              = 0
write(7, "NIASUP01\336M\251O=\230\211\34\257\236\\tAn\343\206\266\310\215;\201\255X\353\270\2223\367$\357Z`Dw;H\266jtk\263+\201F2\300uH\212\22\365\305\205n\0H\373\37\225\\\17~\273\\\350i}\353L\274\273\336"..., 320) = 320
pread64(3, "", 65536, 320)              = 0
fsync(7)                                = 0
fsync(9)                                = 0
renameat2(8, "bdd8e337586628abc45f6208d9683037", 7, "152e50706bab5e540eec7b7e1abef84e1606d589e413d42e9ba0d0fe74d6bf", RENAME_NOREPLACE) = 0
fsync(8)                                = 0
fsync(7)                                = 0
write(1, "ACK receipt a3152e50706bab5e540eec7b7e1abef84e1606d589e413d42e9ba0d0fe74d6bf\n", 77) = 77
write(1, "DONE\n", 5)                   = 5
