pread64(3</usr/lib/x86_64-linux-gnu/libc.so.6>, "\6\0\0\0\4\0\0\0@\0\0\0\0\0\0\0@\0\0\0\0\0\0\0@\0\0\0\0\0\0\0H\3\0\0\0\0\0\0H\3\0\0\0\0\0\0\10\0\0\0\0\0\0\0\3\0\0\0\4\0\0\0\240\1\36\0\0\0\0\0\240\1\36\0\0\0\0\0"..., 840, 64) = 840
pread64(3</usr/lib/x86_64-linux-gnu/libc.so.6>, "\6\0\0\0\4\0\0\0@\0\0\0\0\0\0\0@\0\0\0\0\0\0\0@\0\0\0\0\0\0\0H\3\0\0\0\0\0\0H\3\0\0\0\0\0\0\10\0\0\0\0\0\0\0\3\0\0\0\4\0\0\0\240\1\36\0\0\0\0\0\240\1\36\0\0\0\0\0"..., 840, 64) = 840
fsync(3)                                = 0
pread64(3, "!<arch>\ndebian-binary   1789004295  0     0     100644  4         `\n2.0\ncontrol."..., 65536, 0) = 848
pread64(3, "", 64688, 848)              = 0
pread64(3, "", 65536, 848)              = 0
pread64(3, "Package: nia-test\nVersion: 1:2.0~rc1-3\nArchitecture: all\nMaintainer: Nia synthet"..., 65536, 0) = 125
pread64(3, "", 65411, 125)              = 0
pread64(3, "", 65536, 125)              = 0
pread64(3, "NIASUP01\336M\251O=\230\211\34\257\236\\tAn\343\206\266\310\215;\201\255X\353\270\2223\367$\357Z`Dw;H\266jtk\263+\201F2\300uH\212\22\365\305\205n\0H\373\37\225\\\17~\273\\\350i}\353L\274\273\336"..., 65536, 0) = 320
pread64(3, "", 65216, 320)              = 0
pread64(3, "", 65536, 320)              = 0
pread64(3, "$\217\340 P\300V=\215v5\227\23l\375\255\352\247f\375\340\6\261\201q\331J-\355y\206\321", 32, 0) = 32
pread64(3, "\336M\251O=\230\211\34\257\236\\tAn\343\206\266\310\215;\201\255X\353\270\2223\367$\357Z`", 32, 0) = 32
pread64(3, "NIASUP01\336M\251O=\230\211\34\257\236\\tAn\343\206\266\310\215;\201\255X\353\270\2223\367$\357Z`Dw;H\266jtk\263+\201F2\300uH\212\22\365\305\205n\0H\373\37\225\\\17~\273\\\350i}\353L\274\273\336"..., 65536, 0) = 320
pread64(3, "", 65216, 320)              = 0
pread64(3, "", 65536, 320)              = 0
pread64(3, "NIASUP01\336M\251O=\230\211\34\257\236\\tAn\343\206\266\310\215;\201\255X\353\270\2223\367$\357Z`Dw;H\266jtk\263+\201F2\300uH\212\22\365\305\205n\0H\373\37\225\\\17~\273\\\350i}\353L\274\273\336"..., 320, 0) = 320
pread64(3, "{\"created_at\":1789004235,\"schema\":\"org.niaos.archive-supply/v1\",\"security_epoch\""..., 65536, 0) = 583
pread64(3, "", 64953, 583)              = 0
pread64(3, "", 65536, 583)              = 0
pread64(3, "!<arch>\ndebian-binary   1789004295  0     0     100644  4         `\n2.0\ncontrol."..., 65536, 0) = 848
pread64(3, "", 64688, 848)              = 0
pread64(3, "", 65536, 848)              = 0
pread64(3, "Package: nia-test\nVersion: 1:2.0~rc1-3\nArchitecture: all\nMaintainer: Nia synthet"..., 65536, 0) = 125
pread64(3, "", 65411, 125)              = 0
pread64(3, "", 65536, 125)              = 0
pread64(3, "-----BEGIN PGP SIGNED MESSAGE-----\nHash: SHA512\n\nOrigin: Debian\nLabel: Debian\nSu"..., 65536, 0) = 523
pread64(3, "", 65013, 523)              = 0
pread64(3, "", 65536, 523)              = 0
pread64(3, "\3757zXZ\0\0\4\346\326\264F\2\0!\1\26\0\0\0t/\345\243\340\0\300\0\246]\0(\30Hf\333\3320\205\376\26\352\356\274IX\321\4\33l\177\314a\345:\375b)\10V\237\202V\243-\24\226s{\206\277#.n\373Uz\226\f\321"..., 65536, 0) = 232
pread64(3, "", 65304, 232)              = 0
pread64(3, "", 65536, 232)              = 0
pread64(3, "\2303\4j\242\n\7\26\t+\6\1\4\1\332G\17\1\1\7@'\310\213U\27HP\215\201\235|\362\257}\332\265\255\24\350?\271tMD\253\342k\212_M\377#\264\26Nia artificial fixture\210\220\4"..., 65536, 0) = 223
pread64(3, "", 65313, 223)              = 0
pread64(3, "", 65536, 223)              = 0
pread64(3, "!<arch>\ndebian-binary   1789004295  0     0     100644  4         `\n2.0\ncontrol."..., 65536, 0) = 848
pread64(3, "", 64688, 848)              = 0
pread64(3, "", 65536, 848)              = 0
pread64(3, "!<arch>\n", 8, 0)           = 8
pread64(3, "debian-binary   1789004295  0     0     100644  4         `\n", 60, 8) = 60
pread64(3, "2.0\n", 4, 68)              = 4
pread64(3, "2.0\n", 4, 68)              = 4
pread64(3, "control.tar.xz  1789004295  0     0     100644  428       `\n", 60, 72) = 60
pread64(3, "\3757zXZ\0\0\4\346\326\264F\4\300\353\2\200P!\1\26\0\0\0\0\0\0\0\274\224u\211\340'\377\1c]\0\27\v\274\34}\1\225\300\35J>y\25\302\314&\243c\26a\254\222R\333\364\27\247\36\254\321R\23\\B\0343S`e%\f"..., 428, 132) = 428
pread64(3, "data.tar.xz     1789004295  0     0     100644  228       `\n", 60, 560) = 60
pread64(3, "\3757zXZ\0\0\4\346\326\264F\4\300\242\1\200P!\1\26\0\0\0\0\0\0\0\303\360P\333\340'\377\0\232]\0\27\v\274\34}\1\225\300\35J>y\25\302\314&\243c\26a\254\222R\333\364\27\247\36\254\321R\23\\B\0343S`e%\f"..., 228, 620) = 228
pread64(3, "!<arch>\ndebian-binary   1789004295  0     0     100644  4         `\n2.0\ncontrol."..., 65536, 0) = 848
pread64(3, "", 64688, 848)              = 0
pread64(3, "", 65536, 848)              = 0
pread64(3, "!<arch>\n", 8, 0)           = 8
pread64(3, "debian-binary   1789004295  0     0     100644  4         `\n", 60, 8) = 60
pread64(3, "2.0\n", 4, 68)              = 4
pread64(3, "2.0\n", 4, 68)              = 4
pread64(3, "control.tar.xz  1789004295  0     0     100644  428       `\n", 60, 72) = 60
pread64(3, "\3757zXZ\0\0\4\346\326\264F\4\300\353\2\200P!\1\26\0\0\0\0\0\0\0\274\224u\211\340'\377\1c]\0\27\v\274\34}\1\225\300\35J>y\25\302\314&\243c\26a\254\222R\333\364\27\247\36\254\321R\23\\B\0343S`e%\f"..., 428, 132) = 428
pread64(3, "data.tar.xz     1789004295  0     0     100644  228       `\n", 60, 560) = 60
pread64(3, "\3757zXZ\0\0\4\346\326\264F\4\300\242\1\200P!\1\26\0\0\0\0\0\0\0\303\360P\333\340'\377\0\232]\0\27\v\274\34}\1\225\300\35J>y\25\302\314&\243c\26a\254\222R\333\364\27\247\36\254\321R\23\\B\0343S`e%\f"..., 228, 620) = 228
fsync(8)                                = 0
pread64(3, "\3757zXZ\0\0\4\346\326\264F\4\300\353\2\200P!\1\26\0\0\0\0\0\0\0\274\224u\211\340'\377\1c]\0\27\v\274\34}\1\225\300\35J>y\25\302\314&\243c\26a\254\222R\333\364\27\247\36\254\321R\23\\B\0343S`e%\f"..., 428, 132) = 428
write(7, "\3757zXZ\0\0\4\346\326\264F\4\300\353\2\200P!\1\26\0\0\0\0\0\0\0\274\224u\211\340'\377\1c]\0\27\v\274\34}\1\225\300\35J>y\25\302\314&\243c\26a\254\222R\333\364\27\247\36\254\321R\23\\B\0343S`e%\f"..., 428) = 428
fsync(7)                                = 0
renameat2(8, "cb9c98c3603de7c15cbf610b80f6c48d", 7, "d40e392301403670bdf953a65546f3e66f5949ab894d230e866e13d96304fe", RENAME_NOREPLACE) = -1 EEXIST (File exists)
pread64(7, "\3757zXZ\0\0\4\346\326\264F\4\300\353\2\200P!\1\26\0\0\0\0\0\0\0\274\224u\211\340'\377\1c]\0\27\v\274\34}\1\225\300\35J>y\25\302\314&\243c\26a\254\222R\333\364\27\247\36\254\321R\23\\B\0343S`e%\f"..., 65536, 0) = 428
pread64(7, "", 65108, 428)              = 0
pread64(7, "", 65536, 428)              = 0
fsync(8)                                = 0
pread64(3, "\3757zXZ\0\0\4\346\326\264F\4\300\353\2\200P!\1\26\0\0\0\0\0\0\0\274\224u\211\340'\377\1c]\0\27\v\274\34}\1\225\300\35J>y\25\302\314&\243c\26a\254\222R\333\364\27\247\36\254\321R\23\\B\0343S`e%\f"..., 65536, 0) = 428
pread64(3, "", 65108, 428)              = 0
pread64(3, "", 65536, 428)              = 0
pread64(3, "\3757zXZ\0\0\4\346\326\264F\4\300\353\2\200P!\1\26\0\0\0\0\0\0\0\274\224u\211\340'\377\1c]\0\27\v\274\34}\1\225\300\35J>y\25\302\314&\243c\26a\254\222R\333\364\27\247\36\254\321R\23\\B\0343S`e%\f"..., 428, 0) = 428
fsync(8)                                = 0
write(7, "/etc/nia-test.conf\n", 19)    = 19
fsync(7)                                = 0
renameat2(8, "e17a3707c900a128074f620d7cb8e48e", 7, "483aacea69cb29a5b5f3d3539c38e6c6545123cd6b21b9602613ed7d9ea914", RENAME_NOREPLACE) = -1 EEXIST (File exists)
pread64(7, "/etc/nia-test.conf\n", 65536, 0) = 19
pread64(7, "", 65517, 19)               = 0
pread64(7, "", 65536, 19)               = 0
fsync(8)                                = 0
fsync(8)                                = 0
write(7, "Package: nia-test\nVersion: 1:2.0~rc1-3\nArchitecture: all\nMaintainer: Nia synthet"..., 125) = 125
fsync(7)                                = 0
renameat2(8, "1ed70c2a659fa99e65bad059bc30e9be", 7, "5e5346c8cc38aa50241e3350fced5682318ca66d63f9ff59983cd669e03fae", RENAME_NOREPLACE) = -1 EEXIST (File exists)
pread64(7, "Package: nia-test\nVersion: 1:2.0~rc1-3\nArchitecture: all\nMaintainer: Nia synthet"..., 65536, 0) = 125
pread64(7, "", 65411, 125)              = 0
pread64(7, "", 65536, 125)              = 0
fsync(8)                                = 0
fsync(8)                                = 0
write(7, "#!/bin/sh\necho forbidden > /tmp/nia-intake-test-9j2os9x8/SCRIPT_WAS_EXECUTED\n", 77) = 77
fsync(7)                                = 0
renameat2(8, "6a85c89ec06630db1df2cc3af8e9d923", 7, "50dc574ee5da45fe400fa670190e09bb62f5cbce9a10c28f59e973e3ed6696", RENAME_NOREPLACE) = -1 EEXIST (File exists)
pread64(7, "#!/bin/sh\necho forbidden > /tmp/nia-intake-test-9j2os9x8/SCRIPT_WAS_EXECUTED\n", 65536, 0) = 77
pread64(7, "", 65459, 77)               = 0
pread64(7, "", 65536, 77)               = 0
fsync(8)                                = 0
pread64(3, "Package: nia-test\nVersion: 1:2.0~rc1-3\nArchitecture: all\nMaintainer: Nia synthet"..., 65536, 0) = 125
pread64(3, "", 65411, 125)              = 0
pread64(3, "", 65536, 125)              = 0
pread64(3, "Package: nia-test\nVersion: 1:2.0~rc1-3\nArchitecture: all\nMaintainer: Nia synthet"..., 16777216, 0) = 125
pread64(3, "", 16777091, 125)           = 0
write(1, "RESULT OK a3152e50706bab5e540eec7b7e1abef84e1606d589e413d42e9ba0d0fe74d6bf\n", 75) = 75
write(1, "DONE\n", 5)                   = 5
