Running as unit: run-p303248-i303548.scope; invocation ID: b7d34478460b4179b78cf23e3966508c
limited-exec: {"scope": "run-p303248-i303548.scope", "kernel_limits": {"memory.max": "3221225472", "memory.swap.max": "0", "cpu.max": "100000 100000", "pids.max": "128"}}
make: Entering directory '/home/nia/devbox/niaos/nia-os-consent/distribution'
python3 -B -m unittest discover -s native -p test_transition.py -v
test_incomplete_or_duplicate_state_rejected (test_transition.TransitionTests.test_incomplete_or_duplicate_state_rejected) ... ok
test_missing_file_lists_not_empty_success (test_transition.TransitionTests.test_missing_file_lists_not_empty_success) ... ok
test_native_any_requires_multiarch_allowed (test_transition.TransitionTests.test_native_any_requires_multiarch_allowed) ... ok
test_original_alternative_and_versioned_provides_preserved (test_transition.TransitionTests.test_original_alternative_and_versioned_provides_preserved) ... ok
test_real_control_inventory_and_removal_breakage (test_transition.TransitionTests.test_real_control_inventory_and_removal_breakage) ... ok

----------------------------------------------------------------------
Ran 5 tests in 0.002s

OK
python3 -m compileall -q native
python3 -B -m unittest discover -s hardening -p test_hardening.py -v
test_elf_negative_properties_are_not_pass (test_hardening.HardeningTests.test_elf_negative_properties_are_not_pass) ... ok
test_generated_policy_is_exact (test_hardening.HardeningTests.test_generated_policy_is_exact) ... ok
test_missing_runtime_evidence_fails (test_hardening.HardeningTests.test_missing_runtime_evidence_fails) ... ok
test_truncated_program_table_or_dynamic_rejected (test_hardening.HardeningTests.test_truncated_program_table_or_dynamic_rejected) ... ok

----------------------------------------------------------------------
Ran 4 tests in 0.001s

OK
python3 -m compileall -q hardening
python3 -B -m unittest discover -s image -p test_image_tools.py -v
test_equal_bytes_require_equal_inputs_and_changed_bytes_fail (test_image_tools.ImageComparison.test_equal_bytes_require_equal_inputs_and_changed_bytes_fail) ... ok
test_committed_file_modes_do_not_depend_on_checkout_permissions (test_image_tools.PreparationBoundaries.test_committed_file_modes_do_not_depend_on_checkout_permissions) ... ok
test_dirty_component_refused_before_copy (test_image_tools.PreparationBoundaries.test_dirty_component_refused_before_copy) ... ok
test_existing_output_is_not_overwritten (test_image_tools.PreparationBoundaries.test_existing_output_is_not_overwritten) ... ok
test_failure_already_received_after_login_is_not_lost (test_image_tools.SerialAcceptance.test_failure_already_received_after_login_is_not_lost) ... ok
test_additional_source_requires_exact_version (test_image_tools.SourceAssociation.test_additional_source_requires_exact_version) ... ok
test_binary_nmu_uses_explicit_source_version_and_epoch (test_image_tools.SourceAssociation.test_binary_nmu_uses_explicit_source_version_and_epoch) ... ok
test_historical_architectures_are_alternatives_and_errors_fail (test_image_tools.SourceAssociation.test_historical_architectures_are_alternatives_and_errors_fail) ... Historical download: fixture=1.0 (amd64)
debsnap: No binary packages found for fixture version 1.0 on amd64
Historical download: fixture=1.0 (all)
Historical download: fixture=1.0 (amd64)
TLS retrieval failedok
test_installer_build_identity_preserves_source_version (test_image_tools.SourceAssociation.test_installer_build_identity_preserves_source_version) ... ok
test_live_inventory_requires_every_exact_binary_version (test_image_tools.SourceAssociation.test_live_inventory_requires_every_exact_binary_version) ... ok
test_missing_source_field_preserves_identity (test_image_tools.SourceAssociation.test_missing_source_field_preserves_identity) ... ok
test_no_invented_bin_nmu_source_version (test_image_tools.SourceAssociation.test_no_invented_bin_nmu_source_version) ... ok
test_signed_kernel_source_control_closes_missing_udeb_reference (test_image_tools.SourceAssociation.test_signed_kernel_source_control_closes_missing_udeb_reference) ... ok
test_signed_wrapper_retains_actual_kernel_and_static_sources (test_image_tools.SourceAssociation.test_signed_wrapper_retains_actual_kernel_and_static_sources) ... ok
test_source_archives_are_checked_against_exact_control (test_image_tools.SourceAssociation.test_source_archives_are_checked_against_exact_control) ... ok
test_source_name_without_version_preserves_binary_version (test_image_tools.SourceAssociation.test_source_name_without_version_preserves_binary_version) ... ok

----------------------------------------------------------------------
Ran 16 tests in 0.142s

OK
python3 -m compileall -q image release
make: Leaving directory '/home/nia/devbox/niaos/nia-os-consent/distribution'
