CURRENT_CATALOG 150a599854fa0137a612bbed4cb0152f224b9ba79df8004b807357c73b5bd463 1 84684261a3754dc348604068fb41c5a4dee9a2aeb8b6041cfa73658ba3c2b0b5 1ff832e577bfbfd87409d62a7fd13e9019622bc53a1b2f605b30837831894fcc 1 3
CURRENT_UPDATE 150a599854fa0137a612bbed4cb0152f224b9ba79df8004b807357c73b5bd463 84684261a3754dc348604068fb41c5a4dee9a2aeb8b6041cfa73658ba3c2b0b5 84684261a3754dc348604068fb41c5a4dee9a2aeb8b6041cfa73658ba3c2b0b5 68cbc89b01e3cbc1e1e7f1006973ef92c0e764ad19a63a8112ca5c989155cb0b b86e7b7e22f667e1fe0109719c6801ee124c3d3494899de6860886f22068e63d 5ffb5a403e14a50be2fadb13f0c88aa6865f8e712ac31c81e6e68c7d7c0e44eb 10a9495b36224b16207c752d29b6c3a1ff21e2b22b95cd21b3058390e30c02bc 0
CURRENT_CATALOG 150a599854fa0137a612bbed4cb0152f224b9ba79df8004b807357c73b5bd463 1 84684261a3754dc348604068fb41c5a4dee9a2aeb8b6041cfa73658ba3c2b0b5 1ff832e577bfbfd87409d62a7fd13e9019622bc53a1b2f605b30837831894fcc 1 3
CURRENT_UPDATE 150a599854fa0137a612bbed4cb0152f224b9ba79df8004b807357c73b5bd463 84684261a3754dc348604068fb41c5a4dee9a2aeb8b6041cfa73658ba3c2b0b5 84684261a3754dc348604068fb41c5a4dee9a2aeb8b6041cfa73658ba3c2b0b5 68cbc89b01e3cbc1e1e7f1006973ef92c0e764ad19a63a8112ca5c989155cb0b b86e7b7e22f667e1fe0109719c6801ee124c3d3494899de6860886f22068e63d 5ffb5a403e14a50be2fadb13f0c88aa6865f8e712ac31c81e6e68c7d7c0e44eb 10a9495b36224b16207c752d29b6c3a1ff21e2b22b95cd21b3058390e30c02bc 0
CONFIGURED_TERMINAL source_changed unavailable_provider commit_pending forward_final
ROOT_GENERATION 782fd4016487cbae00de43128f5e90cc0ade8fd87f237b2178cbf34dd5a904aa
ROOT_PLAN 4a070960bac6aec4c54520b2cb6445e9ddd88ce3707138e1a644c5716e100d24
ROOT_ARCHIVE 2e0c1680ece6eee13ca678bd2a015ab546dabf51dce71bf45222dd3827e806d4
PASS assertions= 251
CURRENT_CATALOG 150a599854fa0137a612bbed4cb0152f224b9ba79df8004b807357c73b5bd463 1 84684261a3754dc348604068fb41c5a4dee9a2aeb8b6041cfa73658ba3c2b0b5 1ff832e577bfbfd87409d62a7fd13e9019622bc53a1b2f605b30837831894fcc 1 3
CURRENT_UPDATE 150a599854fa0137a612bbed4cb0152f224b9ba79df8004b807357c73b5bd463 84684261a3754dc348604068fb41c5a4dee9a2aeb8b6041cfa73658ba3c2b0b5 84684261a3754dc348604068fb41c5a4dee9a2aeb8b6041cfa73658ba3c2b0b5 68cbc89b01e3cbc1e1e7f1006973ef92c0e764ad19a63a8112ca5c989155cb0b b86e7b7e22f667e1fe0109719c6801ee124c3d3494899de6860886f22068e63d 5ffb5a403e14a50be2fadb13f0c88aa6865f8e712ac31c81e6e68c7d7c0e44eb 10a9495b36224b16207c752d29b6c3a1ff21e2b22b95cd21b3058390e30c02bc 0
LAB_RESULT OK 4a070960bac6aec4c54520b2cb6445e9ddd88ce3707138e1a644c5716e100d24
LAB_RESULT IO_ERROR 4a070960bac6aec4c54520b2cb6445e9ddd88ce3707138e1a644c5716e100d24
LAB_RESULT IO_ERROR 4a070960bac6aec4c54520b2cb6445e9ddd88ce3707138e1a644c5716e100d24
LAB_RESULT CONFLICT 4a070960bac6aec4c54520b2cb6445e9ddd88ce3707138e1a644c5716e100d24
LAB_RESULT CORRUPT 4a070960bac6aec4c54520b2cb6445e9ddd88ce3707138e1a644c5716e100d24
LAB_RESULT CORRUPT 4a070960bac6aec4c54520b2cb6445e9ddd88ce3707138e1a644c5716e100d24
LAB_RESULT IO_ERROR 4a070960bac6aec4c54520b2cb6445e9ddd88ce3707138e1a644c5716e100d24
{"accepted_generation": 1, "accepted_plan": "4a070960bac6aec4c54520b2cb6445e9ddd88ce3707138e1a644c5716e100d24", "actual_boot": false, "actual_staged_archive": true, "archive": "2e0c1680ece6eee13ca678bd2a015ab546dabf51dce71bf45222dd3827e806d4", "configured_local_preserved": true, "fresh_process_terminal_recovery": true, "generation_manifest": "782fd4016487cbae00de43128f5e90cc0ade8fd87f237b2178cbf34dd5a904aa", "original_spans_exact": false, "paths": 4, "privileged_extraction": false, "production_authorization": false, "result": "pass", "root_manifest": "ae79b659bb5b5cd7b6a344208acb007f58e717bd61e094505fe06f586ccc069d", "terminal_missing_evidence_refusals": ["configured-record", "configuration-closure", "physical-archive", "stage-journal", "publication-journal", "generation-pin"]}
CONFIGURED_HANDOFF configured-stale
PASS assertions= 95
CONFIGURED_HANDOFF configured-active-stale
PASS assertions= 125
PASS configured publication and accepted metadata recovery
