Running as unit: run-p701721-i702021.scope; invocation ID: a8a6f4db9ced435c8bf126fe6cc2a777
limited-exec: {"scope": "run-p701721-i702021.scope", "kernel_limits": {"memory.max": "3221225472", "memory.swap.max": "0", "cpu.max": "100000 100000", "pids.max": "128"}}
dpkg-buildpackage: info: source package niaos-archive-observer
dpkg-buildpackage: info: source version 0.1.0
dpkg-buildpackage: info: source distribution unstable
dpkg-buildpackage: info: source changed by NiaOS Developers <developers@niaos.invalid>
 dpkg-source --before-build .
dpkg-buildpackage: info: host architecture amd64
 debian/rules clean
dh clean
   debian/rules override_dh_auto_clean
make[1]: Entering directory '/home/nia/devbox/niaos/.work/native-archive-observer-01/final-rebuild/source'
find native tools -type d -name __pycache__ -prune -exec rm -rf {} +
make[1]: Leaving directory '/home/nia/devbox/niaos/.work/native-archive-observer-01/final-rebuild/source'
   dh_clean
 debian/rules binary
dh binary
   dh_update_autotools_config
   dh_autoreconf
   debian/rules override_dh_auto_test
make[1]: Entering directory '/home/nia/devbox/niaos/.work/native-archive-observer-01/final-rebuild/source'
python3 -B -m compileall -q native tools
make[1]: Leaving directory '/home/nia/devbox/niaos/.work/native-archive-observer-01/final-rebuild/source'
   create-stamp debian/debhelper-build-stamp
   dh_prep
   dh_install
   debian/rules execute_after_dh_install
make[1]: Entering directory '/home/nia/devbox/niaos/.work/native-archive-observer-01/final-rebuild/source'
dh_installsysusers
make[1]: Leaving directory '/home/nia/devbox/niaos/.work/native-archive-observer-01/final-rebuild/source'
   dh_installdocs
   dh_installchangelogs
   dh_installinit
   debian/rules override_dh_installsystemd
make[1]: Entering directory '/home/nia/devbox/niaos/.work/native-archive-observer-01/final-rebuild/source'
dh_installsystemd --no-enable --no-start
make[1]: Leaving directory '/home/nia/devbox/niaos/.work/native-archive-observer-01/final-rebuild/source'
   dh_perl
   dh_link
   dh_strip_nondeterminism
   dh_compress
   dh_fixperms
   dh_missing
   dh_installdeb
   dh_gencontrol
   dh_md5sums
   dh_builddeb
dpkg-deb: building package 'niaos-archive-observer' in '../niaos-archive-observer_0.1.0_all.deb'.
 dpkg-genbuildinfo --build=binary -O../niaos-archive-observer_0.1.0_amd64.buildinfo
 dpkg-genchanges --build=binary -O../niaos-archive-observer_0.1.0_amd64.changes
dpkg-genchanges: info: binary-only upload (no source code included)
 dpkg-source --after-build .
dpkg-buildpackage: info: binary-only upload (no source included)
