Running as unit: run-p754488-i754788.scope; invocation ID: a8dcdf06527b4ac886bd75ad64553035
limited-exec: {"scope": "run-p754488-i754788.scope", "kernel_limits": {"memory.max": "3221225472", "memory.swap.max": "0", "cpu.max": "100000 100000", "pids.max": "128"}}
{
  "libarchive": "libarchive 3.7.4",
  "path_hex": "6574632f7261772dff2e636f6e66",
  "mode": "0o6740",
  "uid": 4294967294,
  "gid": 1234,
  "pax": {
    "68647263686172736574": "42494e415259",
    "70617468": "6574632f7261772dff2e636f6e66",
    "756964": "34323934393637323934",
    "6374696d65": "2d312e303030303030303031",
    "6174696d65": "3132332e303030303030343536",
    "6d74696d65": "2d34322e313233343536373839",
    "534348494c592e66666c616773": "6e6f64756d70",
    "534348494c592e61636c2e616363657373": "757365723a3a7277782c67726f75703a3a722d2d2c6f746865723a3a2d2d2d2c757365723a34323a722d2d2c6d61736b3a3a722d2d",
    "4c4942415243484956452e78617474722e757365722e7261772d254646": "6541",
    "4c4942415243484956452e78617474722e757365722e62696e617279": "4150392f",
    "4c4942415243484956452e78617474722e757365722e656d707479": ""
  },
  "clocks": {
    "mtime": {
      "encoded": "-42.123456789",
      "expected": "-41.876543211",
      "match": false
    },
    "atime": {
      "encoded": "123.000000456",
      "expected": "123.000000456",
      "match": true
    },
    "ctime": {
      "encoded": "-1.000000001",
      "expected": "-0.999999999",
      "match": false
    },
    "birthtime": {
      "encoded": null,
      "expected": "4.2E-8",
      "match": false
    }
  }
}
[
  {
    "name_length": 10,
    "name_hex": "757365722e656d707479",
    "value_hex": ""
  },
  {
    "name_length": 11,
    "name_hex": "757365722e62696e617279",
    "value_hex": "00ff7f"
  },
  {
    "name_length": 10,
    "name_hex": "757365722e7261772dff",
    "value_hex": "78"
  }
]
