Running as unit: run-p114662-i114962.scope; invocation ID: 166139e15d974b1d889326b184b63454
limited-exec: {"scope": "run-p114662-i114962.scope", "kernel_limits": {"memory.max": "3221225472", "memory.swap.max": "0", "cpu.max": "100000 100000", "pids.max": "128"}}
attributes.erofs 1 entries 4 differences
core-ustar-a.erofs 9 entries 0 differences
core-ustar-b.erofs 9 entries 0 differences
empty.erofs 0 entries 0 differences
flags.erofs 1 entries 1 differences
gnu.erofs 2 entries 0 differences
multilingual.erofs 5 entries 0 differences
negative-clock.erofs 1 entries 1 differences
negative-integer-pax-a.erofs 1 entries 0 differences
negative-integer-pax-b.erofs 1 entries 0 differences
negative-zero.erofs 1 entries 2 differences
pax.erofs 2 entries 0 differences
positive-fraction-a.erofs 1 entries 1 differences
positive-fraction-b.erofs 1 entries 1 differences
positive-nine-digits-a.erofs 1 entries 0 differences
positive-nine-digits-b.erofs 1 entries 0 differences
unicode.erofs 1 entries 0 differences
Recorded differences independently confirmed; backend remains unaccepted.
