Running as unit: run-p305136-i305436.scope; invocation ID: ba563076386c47289d057478ee98b1bf
limited-exec: {"scope": "run-p305136-i305436.scope", "kernel_limits": {"memory.max": "3221225472", "memory.swap.max": "0", "cpu.max": "100000 100000", "pids.max": "128"}}
Setup
   [mkdir]        object directory for project Tests
   [mkdir]        exec directory for project Tests
Compile
   [Ada]          run_generation_publication_tests.adb
   [C]            pkg_deb_stream.c
   [C]            pkg_deb_decode.c
   [Ada]          mc_atomic.adb
   [Ada]          mc_clock.adb
   [Ada]          mc_codec.adb
   [Ada]          mc_config_auth.adb
   [Ada]          mc_config_receipt.adb
   [Ada]          mc_contract_profile.ads
   [Ada]          mc_dirents.adb
   [Ada]          mc_fs.adb
   [Ada]          mc_hex.adb
   [Ada]          mc_log.adb
   [Ada]          mc_log_format.adb
   [Ada]          mc_posix.ads
   [Ada]          mc_runtime.adb
   [Ada]          mc_sha256.adb
   [Ada]          mc_stop_barrier.adb
   [Ada]          mc_store.adb
   [Ada]          mc_text.adb
   [Ada]          mc_types.adb
   [Ada]          pkg_catalog_retention.adb
   [Ada]          pkg_catalog_store.adb
   [Ada]          pkg_configuration_engine.adb
   [Ada]          pkg_deb_metadata.adb
   [Ada]          pkg_deb_payload.adb
   [Ada]          pkg_file_engine.adb
   [Ada]          pkg_file_plan.adb
   [Ada]          pkg_file_replay.adb
   [Ada]          pkg_generation_descriptor.adb
   [Ada]          pkg_generation_manifest.adb
   [Ada]          pkg_generation_publisher.adb
   [Ada]          pkg_generation_stage.adb
   [Ada]          pkg_image_inspector.adb
   [Ada]          pkg_managed_engine.adb
   [Ada]          pkg_payload_index.adb
   [Ada]          pkg_quiescent_engine.adb
   [Ada]          pkg_recovery_audit.adb
   [Ada]          pkg_resolution_engine.adb
   [Ada]          pkg_root_state.adb
   [Ada]          pkg_selected_catalog.adb
   [Ada]          resolver_admission.adb
   [Ada]          resolver_model.adb
   [Ada]          resolver_verify.adb
   [Ada]          resolver_wire.adb
   [Ada]          test_support.adb
   [Ada]          mc_kernel_read.adb
   [Ada]          mc_authentic.adb
   [Ada]          mc_signatures.adb
   [Ada]          mc_paths.adb
   [Ada]          mc_journal_budget.ads
   [Ada]          mc_time_guard.adb
   [Ada]          pkg_deb_container.adb
   [Ada]          pkg_deb_control.adb
   [Ada]          pkg_deb_relations.adb
   [Ada]          pkg_deb_fields.adb
   [Ada]          pkg_deb_data_stream.adb
   [Ada]          pkg_tar_framing.adb
   [Ada]          pkg_deb_semantics.adb
   [Ada]          mc_protocol.adb
   [Ada]          pkg_deb_versions.adb
Bind
   [gprbind]      run_generation_publication_tests.bexch
   [Ada]          run_generation_publication_tests.ali
Link
   [archive]      libtests.a
   [index]        libtests.a
   [link]         run_generation_publication_tests.adb
RETENTION_MISSING 0 32094e7c613fdb6dffb1f27d926b176f7fd8946b8c2cf3ca9e3b95cb91a1a8ca IO_ERROR
RETENTION_MISSING 0 0ca179e6befeb761f3613f1ef57ca892ebc3a6a228dca32f1309f0ac06a7de7e IO_ERROR
RETENTION_MISSING 0 4a36f6eb7c1b236ab6cb28ddb882919e888bf393dfc00d93008ad6730697f8f7 IO_ERROR
RETENTION_MISSING 0 84ff92691f909a05b224e1c56abb4864f01b4f8e3c854e4bb4c7baf1d3f6d652 IO_ERROR
RETENTION_MISSING 0 8ee688345e1d9502ee8cd7277a453c30bfb77b947201beb3300e9df2b8ca321d IO_ERROR
RETENTION_MISSING 0 a31a856f430af395bccd7eb2f142b11ad3ae0fc5daf3acc4ffb341c48a5abd39 IO_ERROR
RETENTION_MISSING 1 32094e7c613fdb6dffb1f27d926b176f7fd8946b8c2cf3ca9e3b95cb91a1a8ca IO_ERROR
RETENTION_MISSING 1 0ca179e6befeb761f3613f1ef57ca892ebc3a6a228dca32f1309f0ac06a7de7e IO_ERROR
RETENTION_MISSING 1 4a36f6eb7c1b236ab6cb28ddb882919e888bf393dfc00d93008ad6730697f8f7 IO_ERROR
RETENTION_MISSING 1 84ff92691f909a05b224e1c56abb4864f01b4f8e3c854e4bb4c7baf1d3f6d652 IO_ERROR
RETENTION_MISSING 1 8ee688345e1d9502ee8cd7277a453c30bfb77b947201beb3300e9df2b8ca321d IO_ERROR
RETENTION_MISSING 1 a31a856f430af395bccd7eb2f142b11ad3ae0fc5daf3acc4ffb341c48a5abd39 IO_ERROR
RETENTION_MISSING 2 32094e7c613fdb6dffb1f27d926b176f7fd8946b8c2cf3ca9e3b95cb91a1a8ca IO_ERROR
RETENTION_MISSING 2 0ca179e6befeb761f3613f1ef57ca892ebc3a6a228dca32f1309f0ac06a7de7e IO_ERROR
RETENTION_MISSING 2 4a36f6eb7c1b236ab6cb28ddb882919e888bf393dfc00d93008ad6730697f8f7 IO_ERROR
RETENTION_MISSING 2 84ff92691f909a05b224e1c56abb4864f01b4f8e3c854e4bb4c7baf1d3f6d652 IO_ERROR
RETENTION_MISSING 2 8ee688345e1d9502ee8cd7277a453c30bfb77b947201beb3300e9df2b8ca321d IO_ERROR
RETENTION_MISSING 2 a31a856f430af395bccd7eb2f142b11ad3ae0fc5daf3acc4ffb341c48a5abd39 IO_ERROR
RETENTION_MISSING 3 32094e7c613fdb6dffb1f27d926b176f7fd8946b8c2cf3ca9e3b95cb91a1a8ca IO_ERROR
RETENTION_MISSING 3 0ca179e6befeb761f3613f1ef57ca892ebc3a6a228dca32f1309f0ac06a7de7e IO_ERROR
RETENTION_MISSING 3 4a36f6eb7c1b236ab6cb28ddb882919e888bf393dfc00d93008ad6730697f8f7 IO_ERROR
RETENTION_MISSING 3 84ff92691f909a05b224e1c56abb4864f01b4f8e3c854e4bb4c7baf1d3f6d652 IO_ERROR
RETENTION_MISSING 3 8ee688345e1d9502ee8cd7277a453c30bfb77b947201beb3300e9df2b8ca321d IO_ERROR
RETENTION_MISSING 3 a31a856f430af395bccd7eb2f142b11ad3ae0fc5daf3acc4ffb341c48a5abd39 IO_ERROR
RETENTION_CALLBACK FALSE STALE 1
RETENTION_CALLBACK TRUE STALE 8
CURRENT_CATALOG 56dd4f366aa4ef6fcede75ffcbaed6ae68e9f306421242628eb1897ad02beac1 1 8ee688345e1d9502ee8cd7277a453c30bfb77b947201beb3300e9df2b8ca321d bbe3e16236d9244db7e5c0b2a9c2c61766b8a921d8b097fcd370e77f152ed931 1 0
RETENTION_MISSING 0 a5b3afc2f4d82a51c9070cd565e93157c01851437d5dc961cac026a8af381932 IO_ERROR
RETENTION_MISSING 0 0e0f3577d1df0bf203fb665e643b6c04d4db1c4ffddfbdcc652b5e1fd03b8629 IO_ERROR
RETENTION_MISSING 0 2a1d46295ebe0f1f8c3b2349fc03cca0b7e39da35776797ef52d2847ae7c6062 IO_ERROR
RETENTION_MISSING 0 7fef9479c8bc5a3c86891cb82969cbf2ffc73c7350366c82286345d8292eebf5 IO_ERROR
RETENTION_MISSING 0 96a296d224f285c67bee93c30f8a309157f0daa35dc5b87e410b78630a09cfc7 IO_ERROR
RETENTION_MISSING 0 b15dc9400dd6a95e2b6897e51acc1b4962b94c309f90e8c0ed35b627cf6f155c IO_ERROR
RETENTION_MISSING 0 eaa6a97798ac2f5e7b073ba6c19835d2dc29ce713cc34904872ba9210a5b0c0e IO_ERROR
RETENTION_MISSING 0 faf57debc844081e32dc6dc651405e5ee2bc49a549d31f744c91fd641b711cc7 IO_ERROR
RETENTION_MISSING 1 a5b3afc2f4d82a51c9070cd565e93157c01851437d5dc961cac026a8af381932 IO_ERROR
RETENTION_MISSING 1 0e0f3577d1df0bf203fb665e643b6c04d4db1c4ffddfbdcc652b5e1fd03b8629 IO_ERROR
RETENTION_MISSING 1 2a1d46295ebe0f1f8c3b2349fc03cca0b7e39da35776797ef52d2847ae7c6062 IO_ERROR
RETENTION_MISSING 1 7fef9479c8bc5a3c86891cb82969cbf2ffc73c7350366c82286345d8292eebf5 IO_ERROR
RETENTION_MISSING 1 96a296d224f285c67bee93c30f8a309157f0daa35dc5b87e410b78630a09cfc7 IO_ERROR
RETENTION_MISSING 1 b15dc9400dd6a95e2b6897e51acc1b4962b94c309f90e8c0ed35b627cf6f155c IO_ERROR
RETENTION_MISSING 1 eaa6a97798ac2f5e7b073ba6c19835d2dc29ce713cc34904872ba9210a5b0c0e IO_ERROR
RETENTION_MISSING 1 faf57debc844081e32dc6dc651405e5ee2bc49a549d31f744c91fd641b711cc7 IO_ERROR
RETENTION_MISSING 2 a5b3afc2f4d82a51c9070cd565e93157c01851437d5dc961cac026a8af381932 IO_ERROR
RETENTION_MISSING 2 0e0f3577d1df0bf203fb665e643b6c04d4db1c4ffddfbdcc652b5e1fd03b8629 IO_ERROR
RETENTION_MISSING 2 2a1d46295ebe0f1f8c3b2349fc03cca0b7e39da35776797ef52d2847ae7c6062 IO_ERROR
RETENTION_MISSING 2 7fef9479c8bc5a3c86891cb82969cbf2ffc73c7350366c82286345d8292eebf5 IO_ERROR
RETENTION_MISSING 2 96a296d224f285c67bee93c30f8a309157f0daa35dc5b87e410b78630a09cfc7 IO_ERROR
RETENTION_MISSING 2 b15dc9400dd6a95e2b6897e51acc1b4962b94c309f90e8c0ed35b627cf6f155c IO_ERROR
RETENTION_MISSING 2 eaa6a97798ac2f5e7b073ba6c19835d2dc29ce713cc34904872ba9210a5b0c0e IO_ERROR
RETENTION_MISSING 2 faf57debc844081e32dc6dc651405e5ee2bc49a549d31f744c91fd641b711cc7 IO_ERROR
RETENTION_MISSING 3 a5b3afc2f4d82a51c9070cd565e93157c01851437d5dc961cac026a8af381932 IO_ERROR
RETENTION_MISSING 3 0e0f3577d1df0bf203fb665e643b6c04d4db1c4ffddfbdcc652b5e1fd03b8629 IO_ERROR
RETENTION_MISSING 3 2a1d46295ebe0f1f8c3b2349fc03cca0b7e39da35776797ef52d2847ae7c6062 IO_ERROR
RETENTION_MISSING 3 7fef9479c8bc5a3c86891cb82969cbf2ffc73c7350366c82286345d8292eebf5 IO_ERROR
RETENTION_MISSING 3 96a296d224f285c67bee93c30f8a309157f0daa35dc5b87e410b78630a09cfc7 IO_ERROR
RETENTION_MISSING 3 b15dc9400dd6a95e2b6897e51acc1b4962b94c309f90e8c0ed35b627cf6f155c IO_ERROR
RETENTION_MISSING 3 eaa6a97798ac2f5e7b073ba6c19835d2dc29ce713cc34904872ba9210a5b0c0e IO_ERROR
RETENTION_MISSING 3 faf57debc844081e32dc6dc651405e5ee2bc49a549d31f744c91fd641b711cc7 IO_ERROR
CURRENT_CATALOG a857b7c674b4c24980f824506ed4f2cdafa22ef7cb4e1c64346f37a28ff143ed 2 eaa6a97798ac2f5e7b073ba6c19835d2dc29ce713cc34904872ba9210a5b0c0e 78e9ba0b5027271e174c089389b3f35aba833406970e9742d2eb66be6411c139 1 1
CURRENT_CATALOG a857b7c674b4c24980f824506ed4f2cdafa22ef7cb4e1c64346f37a28ff143ed 2 eaa6a97798ac2f5e7b073ba6c19835d2dc29ce713cc34904872ba9210a5b0c0e 78e9ba0b5027271e174c089389b3f35aba833406970e9742d2eb66be6411c139 1 1
CURRENT_CATALOG a857b7c674b4c24980f824506ed4f2cdafa22ef7cb4e1c64346f37a28ff143ed 2 eaa6a97798ac2f5e7b073ba6c19835d2dc29ce713cc34904872ba9210a5b0c0e 78e9ba0b5027271e174c089389b3f35aba833406970e9742d2eb66be6411c139 1 1
CURRENT_CATALOG a857b7c674b4c24980f824506ed4f2cdafa22ef7cb4e1c64346f37a28ff143ed 2 eaa6a97798ac2f5e7b073ba6c19835d2dc29ce713cc34904872ba9210a5b0c0e 78e9ba0b5027271e174c089389b3f35aba833406970e9742d2eb66be6411c139 1 1
CURRENT_CATALOG a857b7c674b4c24980f824506ed4f2cdafa22ef7cb4e1c64346f37a28ff143ed 2 eaa6a97798ac2f5e7b073ba6c19835d2dc29ce713cc34904872ba9210a5b0c0e 78e9ba0b5027271e174c089389b3f35aba833406970e9742d2eb66be6411c139 1 1
RETENTION_MISSING 4 a5b3afc2f4d82a51c9070cd565e93157c01851437d5dc961cac026a8af381932 IO_ERROR
RETENTION_MISSING 4 0e0f3577d1df0bf203fb665e643b6c04d4db1c4ffddfbdcc652b5e1fd03b8629 IO_ERROR
RETENTION_MISSING 4 2a1d46295ebe0f1f8c3b2349fc03cca0b7e39da35776797ef52d2847ae7c6062 IO_ERROR
RETENTION_MISSING 4 7fef9479c8bc5a3c86891cb82969cbf2ffc73c7350366c82286345d8292eebf5 IO_ERROR
RETENTION_MISSING 4 96a296d224f285c67bee93c30f8a309157f0daa35dc5b87e410b78630a09cfc7 IO_ERROR
RETENTION_MISSING 4 b15dc9400dd6a95e2b6897e51acc1b4962b94c309f90e8c0ed35b627cf6f155c IO_ERROR
RETENTION_MISSING 4 eaa6a97798ac2f5e7b073ba6c19835d2dc29ce713cc34904872ba9210a5b0c0e IO_ERROR
RETENTION_MISSING 4 faf57debc844081e32dc6dc651405e5ee2bc49a549d31f744c91fd641b711cc7 IO_ERROR
CURRENT_CATALOG a857b7c674b4c24980f824506ed4f2cdafa22ef7cb4e1c64346f37a28ff143ed 2 eaa6a97798ac2f5e7b073ba6c19835d2dc29ce713cc34904872ba9210a5b0c0e 78e9ba0b5027271e174c089389b3f35aba833406970e9742d2eb66be6411c139 1 1
CURRENT_CATALOG a857b7c674b4c24980f824506ed4f2cdafa22ef7cb4e1c64346f37a28ff143ed 2 eaa6a97798ac2f5e7b073ba6c19835d2dc29ce713cc34904872ba9210a5b0c0e 78e9ba0b5027271e174c089389b3f35aba833406970e9742d2eb66be6411c139 1 1
CURRENT_CATALOG a857b7c674b4c24980f824506ed4f2cdafa22ef7cb4e1c64346f37a28ff143ed 2 eaa6a97798ac2f5e7b073ba6c19835d2dc29ce713cc34904872ba9210a5b0c0e 78e9ba0b5027271e174c089389b3f35aba833406970e9742d2eb66be6411c139 1 1
CURRENT_CATALOG a857b7c674b4c24980f824506ed4f2cdafa22ef7cb4e1c64346f37a28ff143ed 2 eaa6a97798ac2f5e7b073ba6c19835d2dc29ce713cc34904872ba9210a5b0c0e 78e9ba0b5027271e174c089389b3f35aba833406970e9742d2eb66be6411c139 1 1
CURRENT_CATALOG a857b7c674b4c24980f824506ed4f2cdafa22ef7cb4e1c64346f37a28ff143ed 2 eaa6a97798ac2f5e7b073ba6c19835d2dc29ce713cc34904872ba9210a5b0c0e 78e9ba0b5027271e174c089389b3f35aba833406970e9742d2eb66be6411c139 1 1
CURRENT_CATALOG a857b7c674b4c24980f824506ed4f2cdafa22ef7cb4e1c64346f37a28ff143ed 2 eaa6a97798ac2f5e7b073ba6c19835d2dc29ce713cc34904872ba9210a5b0c0e 78e9ba0b5027271e174c089389b3f35aba833406970e9742d2eb66be6411c139 1 1
CURRENT_CATALOG a857b7c674b4c24980f824506ed4f2cdafa22ef7cb4e1c64346f37a28ff143ed 2 eaa6a97798ac2f5e7b073ba6c19835d2dc29ce713cc34904872ba9210a5b0c0e 78e9ba0b5027271e174c089389b3f35aba833406970e9742d2eb66be6411c139 1 1
CURRENT_CATALOG a857b7c674b4c24980f824506ed4f2cdafa22ef7cb4e1c64346f37a28ff143ed 2 eaa6a97798ac2f5e7b073ba6c19835d2dc29ce713cc34904872ba9210a5b0c0e 78e9ba0b5027271e174c089389b3f35aba833406970e9742d2eb66be6411c139 1 1
CURRENT_CATALOG a857b7c674b4c24980f824506ed4f2cdafa22ef7cb4e1c64346f37a28ff143ed 2 eaa6a97798ac2f5e7b073ba6c19835d2dc29ce713cc34904872ba9210a5b0c0e 78e9ba0b5027271e174c089389b3f35aba833406970e9742d2eb66be6411c139 1 1
CURRENT_CATALOG a857b7c674b4c24980f824506ed4f2cdafa22ef7cb4e1c64346f37a28ff143ed 2 eaa6a97798ac2f5e7b073ba6c19835d2dc29ce713cc34904872ba9210a5b0c0e 78e9ba0b5027271e174c089389b3f35aba833406970e9742d2eb66be6411c139 1 1
PASS assertions= 1133
