BINDING ae79b659bb5b5cd7b6a344208acb007f58e717bd61e094505fe06f586ccc069d 84684261a3754dc348604068fb41c5a4dee9a2aeb8b6041cfa73658ba3c2b0b5 68cbc89b01e3cbc1e1e7f1006973ef92c0e764ad19a63a8112ca5c989155cb0b b57d75e54f9dc94f3a4476575d3eaa48935599a03055851a2b6f687ae3cc3f39 10ac85f6033a690facca02e33dfd1f60878a575b38ff39b0b0eb2e0806d6b75a 01010101010101010101010101010101 02020202020202020202020202020202 0303030303030303030303030303030303030303030303030303030303030303 5861314d7fccb39c2192173240eab44fa35ca66426201ca2acd0630a6258dd51 6590ca7ca2b365d4341483fcc6f160eb329f028fc9eda822b3029b86784ee1c9 4096 3
CHOICE 182f4d0c1b00295e33213a0669284084d547e1767a5fcfad491de10f135afcc9 38d84d2073c0eceb51b4417c04767b1633c4e25b950c8fcba74d0c430848ba40 36d84d57a655ddb98d642189bfbad158471d3647c7755d82bbe230488565e86a
ENTRY 3 4353cb2325aad90e22e6f8ebb666bf36aacc9b70874018ffe80dcc457b44e883 480c2336b410f1ad5f8bf1b28944490255804b65350c527787e74ebdd511e3a4 7
MEMBER 006dc15c47275b6a21094e5d4227cd72b4842e69076f4ff2a02d1f52fd43aef1
MEMBER 1278e8099ebf2e5e10dca4ffea5501bed2b25f0ccb3973c5d988c9dad0f682eb
MEMBER 182f4d0c1b00295e33213a0669284084d547e1767a5fcfad491de10f135afcc9
MEMBER 36d84d57a655ddb98d642189bfbad158471d3647c7755d82bbe230488565e86a
MEMBER 38d84d2073c0eceb51b4417c04767b1633c4e25b950c8fcba74d0c430848ba40
MEMBER 4353cb2325aad90e22e6f8ebb666bf36aacc9b70874018ffe80dcc457b44e883
MEMBER 480c2336b410f1ad5f8bf1b28944490255804b65350c527787e74ebdd511e3a4
MEMBER 497693ca90e83776882ae880aa8bc9e558040a448f184745fabaec68a7013bc2
MEMBER 6590ca7ca2b365d4341483fcc6f160eb329f028fc9eda822b3029b86784ee1c9
MEMBER 68cbc89b01e3cbc1e1e7f1006973ef92c0e764ad19a63a8112ca5c989155cb0b
MEMBER 6a226b7f644285e1906ff7dfa5f2bde8fc8777cb1aa237c9eee1f37c8480c125
MEMBER 84684261a3754dc348604068fb41c5a4dee9a2aeb8b6041cfa73658ba3c2b0b5
MEMBER 897bd83c1fc28507b8b7782fd82fde80c5bdd7cbd9f61dad29574346fd44b248
MEMBER 9399298b80a38f81f6af8bcbb74cb8c11a827a71e6b5aa4ae840cf39e3deca3d
MEMBER 96a296d224f285c67bee93c30f8a309157f0daa35dc5b87e410b78630a09cfc7
MEMBER aae416febb06278e4b0dffab035acdfe352a05250a22ec63b8f64313dfd20840
MEMBER ae79b659bb5b5cd7b6a344208acb007f58e717bd61e094505fe06f586ccc069d
MEMBER b57d75e54f9dc94f3a4476575d3eaa48935599a03055851a2b6f687ae3cc3f39
MEMBER b640e840b19d378660b32fb51ae18d67dccb4a8596a29e7bd72c1b2ae5928f41
MEMBER c219752027d7993a4927ec78a4e2cffd2922662cfdacf67009189a8d5e545b8b
MEMBER df6963f4c0295d7cd648dbb488ad2d9ba5db380bb78ceae7d963852e5b35ee41
PASS assertions= 36
