BINDING ae79b659bb5b5cd7b6a344208acb007f58e717bd61e094505fe06f586ccc069d 84684261a3754dc348604068fb41c5a4dee9a2aeb8b6041cfa73658ba3c2b0b5 68cbc89b01e3cbc1e1e7f1006973ef92c0e764ad19a63a8112ca5c989155cb0b b57d75e54f9dc94f3a4476575d3eaa48935599a03055851a2b6f687ae3cc3f39 10ac85f6033a690facca02e33dfd1f60878a575b38ff39b0b0eb2e0806d6b75a 01010101010101010101010101010101 02020202020202020202020202020202 0303030303030303030303030303030303030303030303030303030303030303 5861314d7fccb39c2192173240eab44fa35ca66426201ca2acd0630a6258dd51 2fa90ec9dc3bf27c739c11c391bf7477d7c2166a2faeb5e58ab0254377fc922c 6144 4
CHOICE 44f4015c4ce8792386490cb8f2041257d067322ac9582059858c3b3605ac8c00 b315f06a36a4335d417be1e047622ffdb3642735181bc01e769a4f0ad34e9899 472b0e9f1c47f2093578a755d1bbe4209c8d7344de3a574c5db02e2880b8e569
ENTRY 3 a4975af3f0a4ff0dda942f2597c9161984cf0302dc07efdddd668108fe5abdfe 480c2336b410f1ad5f8bf1b28944490255804b65350c527787e74ebdd511e3a4 7
ENTRY 4 8015735861a497bf22ca740cc78ceb1f9b01064f25c81c2123d6774af23bcde3 25bf8e1a2393f1108d37029b3df5593236c755742ec93465bbafa9b290bddcf6 5
MEMBER 006dc15c47275b6a21094e5d4227cd72b4842e69076f4ff2a02d1f52fd43aef1
MEMBER 1278e8099ebf2e5e10dca4ffea5501bed2b25f0ccb3973c5d988c9dad0f682eb
MEMBER 25bf8e1a2393f1108d37029b3df5593236c755742ec93465bbafa9b290bddcf6
MEMBER 2fa90ec9dc3bf27c739c11c391bf7477d7c2166a2faeb5e58ab0254377fc922c
MEMBER 44f4015c4ce8792386490cb8f2041257d067322ac9582059858c3b3605ac8c00
MEMBER 472b0e9f1c47f2093578a755d1bbe4209c8d7344de3a574c5db02e2880b8e569
MEMBER 480c2336b410f1ad5f8bf1b28944490255804b65350c527787e74ebdd511e3a4
MEMBER 497693ca90e83776882ae880aa8bc9e558040a448f184745fabaec68a7013bc2
MEMBER 68cbc89b01e3cbc1e1e7f1006973ef92c0e764ad19a63a8112ca5c989155cb0b
MEMBER 7ff9fc35654051752e0597b9dd6b29f7aea9904d8a2534632b61a43bab86c126
MEMBER 8015735861a497bf22ca740cc78ceb1f9b01064f25c81c2123d6774af23bcde3
MEMBER 84684261a3754dc348604068fb41c5a4dee9a2aeb8b6041cfa73658ba3c2b0b5
MEMBER 897bd83c1fc28507b8b7782fd82fde80c5bdd7cbd9f61dad29574346fd44b248
MEMBER 9399298b80a38f81f6af8bcbb74cb8c11a827a71e6b5aa4ae840cf39e3deca3d
MEMBER 96a296d224f285c67bee93c30f8a309157f0daa35dc5b87e410b78630a09cfc7
MEMBER a4975af3f0a4ff0dda942f2597c9161984cf0302dc07efdddd668108fe5abdfe
MEMBER aae416febb06278e4b0dffab035acdfe352a05250a22ec63b8f64313dfd20840
MEMBER ae79b659bb5b5cd7b6a344208acb007f58e717bd61e094505fe06f586ccc069d
MEMBER b11ec57e695a5e92ff32f4f7536dbc8ad5755d2e4d56f340d4163a665fca051b
MEMBER b315f06a36a4335d417be1e047622ffdb3642735181bc01e769a4f0ad34e9899
MEMBER b57d75e54f9dc94f3a4476575d3eaa48935599a03055851a2b6f687ae3cc3f39
MEMBER b640e840b19d378660b32fb51ae18d67dccb4a8596a29e7bd72c1b2ae5928f41
MEMBER c219752027d7993a4927ec78a4e2cffd2922662cfdacf67009189a8d5e545b8b
PASS assertions= 39
