ORIGINAL 12b80707238d3ed44016c82f7cf69b541309c40ec3776729099ca897a8301615
TAR 8608bd031dfc513b8c28237b11c80af9f6c0d7af68ad52c8eb02f85004d31a2e
COUNT 13
ENTRY 1
PATH 
LINK 
UNAME 666978747572652d75736572
GNAME 666978747572652d67726f7570
ATTR DIRECTORY 493 123 456 0 0 0 0 0 0 0
CONTENT 0000000000000000000000000000000000000000000000000000000000000000
XATTR 96a296d224f285c67bee93c30f8a309157f0daa35dc5b87e410b78630a09cfc7
ACL 96a296d224f285c67bee93c30f8a309157f0daa35dc5b87e410b78630a09cfc7
MTIME TRUE  1700000000 0
ATIME FALSE  0 0
CTIME FALSE  0 0
BTIME FALSE  0 0
ENTRY 2
PATH 757372
LINK 
UNAME 666978747572652d75736572
GNAME 666978747572652d67726f7570
ATTR DIRECTORY 1517 123 456 0 0 0 0 0 0 0
CONTENT 0000000000000000000000000000000000000000000000000000000000000000
XATTR 96a296d224f285c67bee93c30f8a309157f0daa35dc5b87e410b78630a09cfc7
ACL 96a296d224f285c67bee93c30f8a309157f0daa35dc5b87e410b78630a09cfc7
MTIME TRUE  1700000000 0
ATIME FALSE  0 0
CTIME FALSE  0 0
BTIME FALSE  0 0
ENTRY 3
PATH 7573722f61
LINK 
UNAME 666978747572652d75736572
GNAME 666978747572652d67726f7570
ATTR REGULAR 3561 123 456 0 0 10 10 3 0 0
CONTENT 7646a89496ca42ab172a32768ede43397c48a97fd80f43deb8fb44c8774c9156
XATTR 96a296d224f285c67bee93c30f8a309157f0daa35dc5b87e410b78630a09cfc7
ACL 96a296d224f285c67bee93c30f8a309157f0daa35dc5b87e410b78630a09cfc7
MTIME TRUE  1700000000 0
ATIME FALSE  0 0
CTIME FALSE  0 0
BTIME FALSE  0 0
ENTRY 4
PATH 656d707479
LINK 
UNAME 666978747572652d75736572
GNAME 666978747572652d67726f7570
ATTR REGULAR 420 123 456 0 0 0 0 4 0 0
CONTENT e3b0c44298fc1c149afbf4c8996fb92427ae41e4649b934ca495991b7852b855
XATTR 96a296d224f285c67bee93c30f8a309157f0daa35dc5b87e410b78630a09cfc7
ACL 96a296d224f285c67bee93c30f8a309157f0daa35dc5b87e410b78630a09cfc7
MTIME TRUE  1700000000 0
ATIME FALSE  0 0
CTIME FALSE  0 0
BTIME FALSE  0 0
ENTRY 5
PATH 666f7277617264
LINK 636861696e
UNAME 666978747572652d75736572
GNAME 666978747572652d67726f7570
ATTR HARD_LINK 420 123 456 0 0 0 10 3 0 0
CONTENT 7646a89496ca42ab172a32768ede43397c48a97fd80f43deb8fb44c8774c9156
XATTR 96a296d224f285c67bee93c30f8a309157f0daa35dc5b87e410b78630a09cfc7
ACL 96a296d224f285c67bee93c30f8a309157f0daa35dc5b87e410b78630a09cfc7
MTIME TRUE  1700000000 0
ATIME FALSE  0 0
CTIME FALSE  0 0
BTIME FALSE  0 0
ENTRY 6
PATH 636861696e
LINK 7573722f61
UNAME 666978747572652d75736572
GNAME 666978747572652d67726f7570
ATTR HARD_LINK 420 123 456 0 0 0 10 3 0 0
CONTENT 7646a89496ca42ab172a32768ede43397c48a97fd80f43deb8fb44c8774c9156
XATTR 96a296d224f285c67bee93c30f8a309157f0daa35dc5b87e410b78630a09cfc7
ACL 96a296d224f285c67bee93c30f8a309157f0daa35dc5b87e410b78630a09cfc7
MTIME TRUE  1700000000 0
ATIME FALSE  0 0
CTIME FALSE  0 0
BTIME FALSE  0 0
ENTRY 7
PATH 7573722f73796d
LINK 2e2e2f656d707479
UNAME 666978747572652d75736572
GNAME 666978747572652d67726f7570
ATTR SYMBOLIC_LINK 511 123 456 0 0 0 8 0 0 0
CONTENT 3a64b8676cab2db6a16608ce22c77eef8e5abb79b8054b45f63713791f368eda
XATTR 96a296d224f285c67bee93c30f8a309157f0daa35dc5b87e410b78630a09cfc7
ACL 96a296d224f285c67bee93c30f8a309157f0daa35dc5b87e410b78630a09cfc7
MTIME TRUE  1700000000 0
ATIME FALSE  0 0
CTIME FALSE  0 0
BTIME FALSE  0 0
ENTRY 8
PATH 6162736f6c757465
LINK 2f7573722f61
UNAME 666978747572652d75736572
GNAME 666978747572652d67726f7570
ATTR SYMBOLIC_LINK 511 123 456 0 0 0 6 0 0 0
CONTENT 44f11dce7803ab2f32cd85e45b890ddc87d7f84de58b39f4c3e0aff1864d6a69
XATTR 96a296d224f285c67bee93c30f8a309157f0daa35dc5b87e410b78630a09cfc7
ACL 96a296d224f285c67bee93c30f8a309157f0daa35dc5b87e410b78630a09cfc7
MTIME TRUE  1700000000 0
ATIME FALSE  0 0
CTIME FALSE  0 0
BTIME FALSE  0 0
ENTRY 9
PATH 64616e676c696e67
LINK 6d697373696e67
UNAME 666978747572652d75736572
GNAME 666978747572652d67726f7570
ATTR SYMBOLIC_LINK 511 123 456 0 0 0 7 0 0 0
CONTENT ffa63583dfa6706b87d284b86b0d693a161e4840aad2c5cf6b5d27c3b9621f7d
XATTR 96a296d224f285c67bee93c30f8a309157f0daa35dc5b87e410b78630a09cfc7
ACL 96a296d224f285c67bee93c30f8a309157f0daa35dc5b87e410b78630a09cfc7
MTIME TRUE  1700000000 0
ATIME FALSE  0 0
CTIME FALSE  0 0
BTIME FALSE  0 0
ENTRY 10
PATH 646576696365
LINK 
UNAME 666978747572652d75736572
GNAME 666978747572652d67726f7570
ATTR CHARACTER_DEVICE 420 123 456 1 3 0 0 0 0 0
CONTENT 0000000000000000000000000000000000000000000000000000000000000000
XATTR 96a296d224f285c67bee93c30f8a309157f0daa35dc5b87e410b78630a09cfc7
ACL 96a296d224f285c67bee93c30f8a309157f0daa35dc5b87e410b78630a09cfc7
MTIME TRUE  1700000000 0
ATIME FALSE  0 0
CTIME FALSE  0 0
BTIME FALSE  0 0
ENTRY 11
PATH 626c6f636b
LINK 
UNAME 666978747572652d75736572
GNAME 666978747572652d67726f7570
ATTR BLOCK_DEVICE 420 123 456 8 1 0 0 0 0 0
CONTENT 0000000000000000000000000000000000000000000000000000000000000000
XATTR 96a296d224f285c67bee93c30f8a309157f0daa35dc5b87e410b78630a09cfc7
ACL 96a296d224f285c67bee93c30f8a309157f0daa35dc5b87e410b78630a09cfc7
MTIME TRUE  1700000000 0
ATIME FALSE  0 0
CTIME FALSE  0 0
BTIME FALSE  0 0
ENTRY 12
PATH 70697065
LINK 
UNAME 666978747572652d75736572
GNAME 666978747572652d67726f7570
ATTR FIFO 420 123 456 0 0 0 0 0 0 0
CONTENT 0000000000000000000000000000000000000000000000000000000000000000
XATTR 96a296d224f285c67bee93c30f8a309157f0daa35dc5b87e410b78630a09cfc7
ACL 96a296d224f285c67bee93c30f8a309157f0daa35dc5b87e410b78630a09cfc7
MTIME TRUE  1700000000 0
ATIME FALSE  0 0
CTIME FALSE  0 0
BTIME FALSE  0 0
ENTRY 13
PATH 746d70
LINK 
UNAME 666978747572652d75736572
GNAME 666978747572652d67726f7570
ATTR DIRECTORY 1023 123 456 0 0 0 0 0 0 0
CONTENT 0000000000000000000000000000000000000000000000000000000000000000
XATTR 96a296d224f285c67bee93c30f8a309157f0daa35dc5b87e410b78630a09cfc7
ACL 96a296d224f285c67bee93c30f8a309157f0daa35dc5b87e410b78630a09cfc7
MTIME TRUE  1700000000 0
ATIME FALSE  0 0
CTIME FALSE  0 0
BTIME FALSE  0 0
PASS assertions= 152
