ORIGINAL 62d3cd9409a78dfbe683662df0ede1d51fef08f54bb943557586790d364de886
TAR 2d30685411c0c155e7c8a2726217bfe3cf629c8eafa7bc5ee05d62ab481263d0
COUNT 2
ENTRY 1
PATH 616c696173
LINK 6261736973
UNAME 666978747572652d75736572
GNAME 666978747572652d67726f7570
ATTR HARD_LINK 384 123 456 0 0 0 4 2 0 0
CONTENT cae662172fd450bb0cd710a769079c05bfc5d8e35efa6576edc7d0377afdd4a2
XATTR 96a296d224f285c67bee93c30f8a309157f0daa35dc5b87e410b78630a09cfc7
ACL 96a296d224f285c67bee93c30f8a309157f0daa35dc5b87e410b78630a09cfc7
MTIME TRUE  1700000000 0
ATIME FALSE  0 0
CTIME FALSE  0 0
BTIME FALSE  0 0
ENTRY 2
PATH 6261736973
LINK 
UNAME 666978747572652d75736572
GNAME 666978747572652d67726f7570
ATTR REGULAR 3565 123 456 0 0 4 4 2 0 0
CONTENT cae662172fd450bb0cd710a769079c05bfc5d8e35efa6576edc7d0377afdd4a2
XATTR 96a296d224f285c67bee93c30f8a309157f0daa35dc5b87e410b78630a09cfc7
ACL 96a296d224f285c67bee93c30f8a309157f0daa35dc5b87e410b78630a09cfc7
MTIME TRUE  1700000000 0
ATIME FALSE  0 0
CTIME FALSE  0 0
BTIME FALSE  0 0
PASS assertions= 38
