ORIGINAL ae245642f74af4dc1aef6a3fc607dd03f35c682675d496c2e26fc861cd4d877a
TAR 1c4079df19deb541f75b32efa517b0c8fa594b3d3b6af7012c998477305e1d80
COUNT 3
ENTRY 1
PATH 757372
LINK 
UNAME 666978747572652d75736572
GNAME 666978747572652d67726f7570
ATTR DIRECTORY 448 123 456 0 0 0 0 0 0 0
CONTENT 0000000000000000000000000000000000000000000000000000000000000000
XATTR 96a296d224f285c67bee93c30f8a309157f0daa35dc5b87e410b78630a09cfc7
ACL 96a296d224f285c67bee93c30f8a309157f0daa35dc5b87e410b78630a09cfc7
MTIME TRUE  1700000000 0
ATIME FALSE  0 0
CTIME FALSE  0 0
BTIME FALSE  0 0
ENTRY 2
PATH 6162736f6c7574652f6368696c64
LINK 
UNAME 666978747572652d75736572
GNAME 666978747572652d67726f7570
ATTR REGULAR 420 123 456 0 0 5 5 2 0 0
CONTENT ddc9e669194254cef019a29d3619a2c16592e5d52e1a81e98b01bd52319149a3
XATTR 96a296d224f285c67bee93c30f8a309157f0daa35dc5b87e410b78630a09cfc7
ACL 96a296d224f285c67bee93c30f8a309157f0daa35dc5b87e410b78630a09cfc7
MTIME TRUE  1700000000 0
ATIME FALSE  0 0
CTIME FALSE  0 0
BTIME FALSE  0 0
ENTRY 3
PATH 7573722f61
LINK 
UNAME 666978747572652d75736572
GNAME 666978747572652d67726f7570
ATTR REGULAR 420 123 456 0 0 5 5 3 0 0
CONTENT d9298a10d1b0735837dc4bd85dac641b0f3cef27a47e5d53a54f2f3f5b2fcffa
XATTR 96a296d224f285c67bee93c30f8a309157f0daa35dc5b87e410b78630a09cfc7
ACL 96a296d224f285c67bee93c30f8a309157f0daa35dc5b87e410b78630a09cfc7
MTIME TRUE  1700000000 0
ATIME FALSE  0 0
CTIME FALSE  0 0
BTIME FALSE  0 0
PASS assertions= 47
