ORIGINAL cd00b95a30b306fa94ebd89f3722a91180a9b87a7668e205de99a773c0ea6010
TAR 4a761217a7d41ee23ab8ef6503db52b71e2eb99d8f499dce46b0fe203a1c28bd
COUNT 2
ENTRY 1
PATH 7573722f6161616161616161616161616161616161616161616161616161616161616161616161616161616161616161616161616161616161616161616161616161616161616161616161616161616161616161616161616161616161616161616161616161616161616161616161616161616161616161616161616161616161616161616161616161616161616161616161616161616161612f626262626262626262626262626262626262626262626262626262626262626262626262626262626262626262626262626262626262626262626262626262626262626262626262626262626262626262626262626262626262626262626262626262626262626262626262626262626262626262626262626262626262626262626262626262626262626262626262626262626262
LINK 
UNAME 666978747572652d75736572
GNAME 666978747572652d67726f7570
ATTR REGULAR 420 123 456 0 0 4 4 1 0 0
CONTENT fc66f021c67d064c1490a12b5a4d4d2f5167ca692a16ca12f1f3a4cda29a6fa9
XATTR 96a296d224f285c67bee93c30f8a309157f0daa35dc5b87e410b78630a09cfc7
ACL 96a296d224f285c67bee93c30f8a309157f0daa35dc5b87e410b78630a09cfc7
MTIME TRUE  1700000000 0
ATIME FALSE  0 0
CTIME FALSE  0 0
BTIME FALSE  0 0
ENTRY 2
PATH 6c696e6b
LINK 2f7573722f6161616161616161616161616161616161616161616161616161616161616161616161616161616161616161616161616161616161616161616161616161616161616161616161616161616161616161616161616161616161616161616161616161616161616161616161616161616161616161616161616161616161616161616161616161616161616161616161616161616161612f626262626262626262626262626262626262626262626262626262626262626262626262626262626262626262626262626262626262626262626262626262626262626262626262626262626262626262626262626262626262626262626262626262626262626262626262626262626262626262626262626262626262626262626262626262626262626262626262626262626262
UNAME 666978747572652d75736572
GNAME 666978747572652d67726f7570
ATTR SYMBOLIC_LINK 420 123 456 0 0 0 306 0 0 0
CONTENT 25ed2b3388ba0ef8ad6b384a387fbc98fa56f5cffc155a3ef2c44f00b976f829
XATTR 96a296d224f285c67bee93c30f8a309157f0daa35dc5b87e410b78630a09cfc7
ACL 96a296d224f285c67bee93c30f8a309157f0daa35dc5b87e410b78630a09cfc7
MTIME TRUE  1700000000 0
ATIME FALSE  0 0
CTIME FALSE  0 0
BTIME FALSE  0 0
PASS assertions= 38
