ORIGINAL fa3e7390bde23e0ce5adc3998d738fc608f99bd152a088d5eed84bcdff5d1149
TAR 06be07d12cb5dceb40acc7222b04dcfc2919ffa2820d0d77957a7e4fc58e44a1
COUNT 2
ENTRY 1
PATH 757372
LINK 
UNAME 666978747572652d75736572
GNAME 666978747572652d67726f7570
ATTR DIRECTORY 1517 123 456 0 0 0 0 0 0 0
CONTENT 0000000000000000000000000000000000000000000000000000000000000000
XATTR 96a296d224f285c67bee93c30f8a309157f0daa35dc5b87e410b78630a09cfc7
ACL 96a296d224f285c67bee93c30f8a309157f0daa35dc5b87e410b78630a09cfc7
MTIME TRUE  1700000000 0
ATIME FALSE  0 0
CTIME FALSE  0 0
BTIME FALSE  0 0
ENTRY 2
PATH 656d707479
LINK 
UNAME 666978747572652d75736572
GNAME 666978747572652d67726f7570
ATTR REGULAR 420 123 456 0 0 0 0 2 0 0
CONTENT e3b0c44298fc1c149afbf4c8996fb92427ae41e4649b934ca495991b7852b855
XATTR 96a296d224f285c67bee93c30f8a309157f0daa35dc5b87e410b78630a09cfc7
ACL 96a296d224f285c67bee93c30f8a309157f0daa35dc5b87e410b78630a09cfc7
MTIME TRUE  1700000000 0
ATIME FALSE  0 0
CTIME FALSE  0 0
BTIME FALSE  0 0
PASS assertions= 35
