BINDING ae79b659bb5b5cd7b6a344208acb007f58e717bd61e094505fe06f586ccc069d 84684261a3754dc348604068fb41c5a4dee9a2aeb8b6041cfa73658ba3c2b0b5 68cbc89b01e3cbc1e1e7f1006973ef92c0e764ad19a63a8112ca5c989155cb0b b57d75e54f9dc94f3a4476575d3eaa48935599a03055851a2b6f687ae3cc3f39 10ac85f6033a690facca02e33dfd1f60878a575b38ff39b0b0eb2e0806d6b75a 01010101010101010101010101010101 02020202020202020202020202020202 0303030303030303030303030303030303030303030303030303030303030303 5861314d7fccb39c2192173240eab44fa35ca66426201ca2acd0630a6258dd51 a14333e46b1f155bc79bb7a93bb2dce5d6fd404e994072fe25c38cbe9752a842 6144 4
CHOICE 72ff493310110f42d180463eb178b8d1905ba5c1290394411bc6939d73217d5d 21dbd444329ef8ca7def7d7f46d81d321f39db338b510320fef84f9a510a525d 29e5acc30dd8df6d6d7ad4ef34cc4cfda355a7f3c01c39281250ef61c495573b
ENTRY 3 18cd44c75a8093595375c7c80d59a70bfd3a5f10e1d1b3e4e89d476521aa02e5 25bf8e1a2393f1108d37029b3df5593236c755742ec93465bbafa9b290bddcf6 5
ENTRY 4 c4a402d5876b9c2df285b0d8bc7c1e492a83fedf58451183c901d0f5b37bf76e 480c2336b410f1ad5f8bf1b28944490255804b65350c527787e74ebdd511e3a4 7
MEMBER 006dc15c47275b6a21094e5d4227cd72b4842e69076f4ff2a02d1f52fd43aef1
MEMBER 1278e8099ebf2e5e10dca4ffea5501bed2b25f0ccb3973c5d988c9dad0f682eb
MEMBER 18cd44c75a8093595375c7c80d59a70bfd3a5f10e1d1b3e4e89d476521aa02e5
MEMBER 21dbd444329ef8ca7def7d7f46d81d321f39db338b510320fef84f9a510a525d
MEMBER 25bf8e1a2393f1108d37029b3df5593236c755742ec93465bbafa9b290bddcf6
MEMBER 29e5acc30dd8df6d6d7ad4ef34cc4cfda355a7f3c01c39281250ef61c495573b
MEMBER 2a7edc508ce5fba1c0fb9c9bdfe8fe01dd73154124338df217e5dbe02bd16238
MEMBER 480c2336b410f1ad5f8bf1b28944490255804b65350c527787e74ebdd511e3a4
MEMBER 497693ca90e83776882ae880aa8bc9e558040a448f184745fabaec68a7013bc2
MEMBER 68cbc89b01e3cbc1e1e7f1006973ef92c0e764ad19a63a8112ca5c989155cb0b
MEMBER 72ff493310110f42d180463eb178b8d1905ba5c1290394411bc6939d73217d5d
MEMBER 84684261a3754dc348604068fb41c5a4dee9a2aeb8b6041cfa73658ba3c2b0b5
MEMBER 897bd83c1fc28507b8b7782fd82fde80c5bdd7cbd9f61dad29574346fd44b248
MEMBER 92b98f16fb8e570b22aca494c7dd17be98dddf811bd7df6d94fafaf8d4b14b76
MEMBER 9399298b80a38f81f6af8bcbb74cb8c11a827a71e6b5aa4ae840cf39e3deca3d
MEMBER 96a296d224f285c67bee93c30f8a309157f0daa35dc5b87e410b78630a09cfc7
MEMBER a14333e46b1f155bc79bb7a93bb2dce5d6fd404e994072fe25c38cbe9752a842
MEMBER ae79b659bb5b5cd7b6a344208acb007f58e717bd61e094505fe06f586ccc069d
MEMBER b57d75e54f9dc94f3a4476575d3eaa48935599a03055851a2b6f687ae3cc3f39
MEMBER b640e840b19d378660b32fb51ae18d67dccb4a8596a29e7bd72c1b2ae5928f41
MEMBER c219752027d7993a4927ec78a4e2cffd2922662cfdacf67009189a8d5e545b8b
MEMBER c4a402d5876b9c2df285b0d8bc7c1e492a83fedf58451183c901d0f5b37bf76e
MEMBER e05e9c816b91f2958e71f3ff47ceeba34b6cefa15e0bd9f9049fd30416a315a1
PASS assertions= 39
