BINDING 23f9b49df4e50a6504a1249ddd2f8cde976e45a146dd9657bd087a44b2e3813f 6cc4b4da1c8e46a9464ec3e9270a38ed94dcc949b2f39d37af40909fc3737fa8 95fb0b6536dbb1ccbd126497bd9b232fcb5d1a69fa7cb6234cf9fd35f9fdda7d 0ce3e952797179a058b91f14ee01f961b98d30593cb99b7fd020e95b01c32136 a7c0fa5e45177b2654423d53f51f8d7a84552565b0d7af88c422c542448b440b 01010101010101010101010101010101 02020202020202020202020202020202 0303030303030303030303030303030303030303030303030303030303030303 5861314d7fccb39c2192173240eab44fa35ca66426201ca2acd0630a6258dd51 8d595cb566b23122bd3465febbe0183cf7f863f490680af7731f29081bffd286 74240 8
CHOICE aad78bd9b440d04dfa4b22383fa8905940ae962df8d26c8121a38feffbd9ddaa 54321a45f5047d3fdb746ac73d10712398e077444741a84ec74e22abce70bbef 66951c31b3016d3dc9151801879a2437dce106906f4fdefde657ba737ad79f58
ENTRY 5 18cd44c75a8093595375c7c80d59a70bfd3a5f10e1d1b3e4e89d476521aa02e5 25bf8e1a2393f1108d37029b3df5593236c755742ec93465bbafa9b290bddcf6 5
ENTRY 6 8411f8fa5c54174e8bf3551b2508ade1780a2223a7ec47ddbc7a53d73aa54740 480c2336b410f1ad5f8bf1b28944490255804b65350c527787e74ebdd511e3a4 7
MEMBER 03822375f2aca5e53d66838a3e803183e0c1a7921da8e4056d3341ea95777cd9
MEMBER 0ce3e952797179a058b91f14ee01f961b98d30593cb99b7fd020e95b01c32136
MEMBER 0d43b26ef26a751976e7e97cc84ca76bc971c160023612555ac23bb28c7e0b1e
MEMBER 0ec5cc6f622d7b823ccba1a9cefe6531a110b97096d93f50c6b1c340fd9c1969
MEMBER 1278e8099ebf2e5e10dca4ffea5501bed2b25f0ccb3973c5d988c9dad0f682eb
MEMBER 18cd44c75a8093595375c7c80d59a70bfd3a5f10e1d1b3e4e89d476521aa02e5
MEMBER 23f9b49df4e50a6504a1249ddd2f8cde976e45a146dd9657bd087a44b2e3813f
MEMBER 25bf8e1a2393f1108d37029b3df5593236c755742ec93465bbafa9b290bddcf6
MEMBER 480c2336b410f1ad5f8bf1b28944490255804b65350c527787e74ebdd511e3a4
MEMBER 497693ca90e83776882ae880aa8bc9e558040a448f184745fabaec68a7013bc2
MEMBER 54321a45f5047d3fdb746ac73d10712398e077444741a84ec74e22abce70bbef
MEMBER 66951c31b3016d3dc9151801879a2437dce106906f4fdefde657ba737ad79f58
MEMBER 6cc4b4da1c8e46a9464ec3e9270a38ed94dcc949b2f39d37af40909fc3737fa8
MEMBER 6de0fd5f214f9c133fa019c1df8ad2857f8933d3b53726a98bfb48d6a50b8138
MEMBER 8411f8fa5c54174e8bf3551b2508ade1780a2223a7ec47ddbc7a53d73aa54740
MEMBER 897bd83c1fc28507b8b7782fd82fde80c5bdd7cbd9f61dad29574346fd44b248
MEMBER 8d595cb566b23122bd3465febbe0183cf7f863f490680af7731f29081bffd286
MEMBER 92b98f16fb8e570b22aca494c7dd17be98dddf811bd7df6d94fafaf8d4b14b76
MEMBER 95fb0b6536dbb1ccbd126497bd9b232fcb5d1a69fa7cb6234cf9fd35f9fdda7d
MEMBER 96a296d224f285c67bee93c30f8a309157f0daa35dc5b87e410b78630a09cfc7
MEMBER 9877397934ddf46aff7a5d143794657c3478b886c93373cc9e9674d77f405e29
MEMBER aad78bd9b440d04dfa4b22383fa8905940ae962df8d26c8121a38feffbd9ddaa
MEMBER b640e840b19d378660b32fb51ae18d67dccb4a8596a29e7bd72c1b2ae5928f41
MEMBER c219752027d7993a4927ec78a4e2cffd2922662cfdacf67009189a8d5e545b8b
MEMBER e05e9c816b91f2958e71f3ff47ceeba34b6cefa15e0bd9f9049fd30416a315a1
PASS assertions= 41
