BINDING ae79b659bb5b5cd7b6a344208acb007f58e717bd61e094505fe06f586ccc069d 84684261a3754dc348604068fb41c5a4dee9a2aeb8b6041cfa73658ba3c2b0b5 68cbc89b01e3cbc1e1e7f1006973ef92c0e764ad19a63a8112ca5c989155cb0b b57d75e54f9dc94f3a4476575d3eaa48935599a03055851a2b6f687ae3cc3f39 10ac85f6033a690facca02e33dfd1f60878a575b38ff39b0b0eb2e0806d6b75a 01010101010101010101010101010101 02020202020202020202020202020202 0303030303030303030303030303030303030303030303030303030303030303 5861314d7fccb39c2192173240eab44fa35ca66426201ca2acd0630a6258dd51 11a11fed8ad8f186f9236ec69c4dcb2b810cffbab6dbb5e2a84db8a0ccef3c09 5632 4
CHOICE f70bafd48a153d0be24b9cb346f6f4c71f4ed53a568780c90d0daf725bad7602 df776a04907807e1534b0de6f2c2912de3b3f0c1d4e8484fad20b74092054088 184ebfc7bbe0fc9e69fa03cd49f48b198b63ec66aed9c06d7e62c46c45e3ca38
ENTRY 3 cedfcc3717ef96bc972b6010b1b7dabbaeb54b93b0bd9257c64a619b923acf20 e3b0c44298fc1c149afbf4c8996fb92427ae41e4649b934ca495991b7852b855 0
ENTRY 4 c4a402d5876b9c2df285b0d8bc7c1e492a83fedf58451183c901d0f5b37bf76e 480c2336b410f1ad5f8bf1b28944490255804b65350c527787e74ebdd511e3a4 7
MEMBER 006dc15c47275b6a21094e5d4227cd72b4842e69076f4ff2a02d1f52fd43aef1
MEMBER 11a11fed8ad8f186f9236ec69c4dcb2b810cffbab6dbb5e2a84db8a0ccef3c09
MEMBER 1278e8099ebf2e5e10dca4ffea5501bed2b25f0ccb3973c5d988c9dad0f682eb
MEMBER 184ebfc7bbe0fc9e69fa03cd49f48b198b63ec66aed9c06d7e62c46c45e3ca38
MEMBER 480c2336b410f1ad5f8bf1b28944490255804b65350c527787e74ebdd511e3a4
MEMBER 497693ca90e83776882ae880aa8bc9e558040a448f184745fabaec68a7013bc2
MEMBER 68cbc89b01e3cbc1e1e7f1006973ef92c0e764ad19a63a8112ca5c989155cb0b
MEMBER 84684261a3754dc348604068fb41c5a4dee9a2aeb8b6041cfa73658ba3c2b0b5
MEMBER 87191fd4863135150ad1854aaa4ef5db0a588a2587db633dba7b559e368b32ed
MEMBER 897bd83c1fc28507b8b7782fd82fde80c5bdd7cbd9f61dad29574346fd44b248
MEMBER 92b98f16fb8e570b22aca494c7dd17be98dddf811bd7df6d94fafaf8d4b14b76
MEMBER 9399298b80a38f81f6af8bcbb74cb8c11a827a71e6b5aa4ae840cf39e3deca3d
MEMBER 96a296d224f285c67bee93c30f8a309157f0daa35dc5b87e410b78630a09cfc7
MEMBER ae79b659bb5b5cd7b6a344208acb007f58e717bd61e094505fe06f586ccc069d
MEMBER b57d75e54f9dc94f3a4476575d3eaa48935599a03055851a2b6f687ae3cc3f39
MEMBER b640e840b19d378660b32fb51ae18d67dccb4a8596a29e7bd72c1b2ae5928f41
MEMBER c219752027d7993a4927ec78a4e2cffd2922662cfdacf67009189a8d5e545b8b
MEMBER c4a402d5876b9c2df285b0d8bc7c1e492a83fedf58451183c901d0f5b37bf76e
MEMBER c68d9551cbb2ae338a2820920cc8ba653a70d7c5edb6016e2062f82ad5fe7007
MEMBER cedfcc3717ef96bc972b6010b1b7dabbaeb54b93b0bd9257c64a619b923acf20
MEMBER df776a04907807e1534b0de6f2c2912de3b3f0c1d4e8484fad20b74092054088
MEMBER e3b0c44298fc1c149afbf4c8996fb92427ae41e4649b934ca495991b7852b855
MEMBER f70bafd48a153d0be24b9cb346f6f4c71f4ed53a568780c90d0daf725bad7602
PASS assertions= 39
