Sep 10 16:47:54 niaos-builder systemd[1]: niaos-root-preparation.service: Starting requested but asserts failed.
Sep 10 16:47:54 niaos-builder systemd[1]: Assertion failed for niaos-root-preparation.service - NiaOS internal root preparation.
Sep 10 16:47:54 niaos-builder systemd[1]: niaos-root-preparation.service: Starting requested but asserts failed.
Sep 10 16:47:54 niaos-builder systemd[1]: Assertion failed for niaos-root-preparation.service - NiaOS internal root preparation.
Sep 10 16:47:54 niaos-builder systemd[1]: niaos-root-preparation.service: Starting requested but asserts failed.
Sep 10 16:47:54 niaos-builder systemd[1]: Assertion failed for niaos-root-preparation.service - NiaOS internal root preparation.
Sep 10 16:47:54 niaos-builder systemd[1]: niaos-root-preparation.service: Starting requested but asserts failed.
Sep 10 16:47:54 niaos-builder systemd[1]: Assertion failed for niaos-root-preparation.service - NiaOS internal root preparation.
Sep 10 16:47:57 niaos-builder systemd[1]: Starting niaos-root-preparation.service - NiaOS internal root preparation...
Sep 10 16:47:57 niaos-builder systemd[1]: Started niaos-root-preparation.service - NiaOS internal root preparation.
Sep 10 16:47:57 niaos-builder systemd[1]: Stopping niaos-root-preparation.service - NiaOS internal root preparation...
Sep 10 16:47:57 niaos-builder systemd[1]: niaos-root-preparation.service: Deactivated successfully.
Sep 10 16:47:57 niaos-builder systemd[1]: Stopped niaos-root-preparation.service - NiaOS internal root preparation.
Sep 10 16:47:57 niaos-builder systemd[1]: niaos-root-preparation.service: Starting requested but asserts failed.
Sep 10 16:47:57 niaos-builder systemd[1]: Assertion failed for niaos-root-preparation.service - NiaOS internal root preparation.
Sep 10 16:47:57 niaos-builder systemd[1]: niaos-root-preparation.service: Starting requested but asserts failed.
Sep 10 16:47:57 niaos-builder systemd[1]: Assertion failed for niaos-root-preparation.service - NiaOS internal root preparation.
Sep 10 16:47:57 niaos-builder systemd[1]: niaos-root-preparation.service: Starting requested but asserts failed.
Sep 10 16:47:57 niaos-builder systemd[1]: Assertion failed for niaos-root-preparation.service - NiaOS internal root preparation.
Sep 10 16:47:57 niaos-builder systemd[1]: niaos-root-preparation.service: Starting requested but asserts failed.
Sep 10 16:47:57 niaos-builder systemd[1]: Assertion failed for niaos-root-preparation.service - NiaOS internal root preparation.
Sep 10 16:47:57 niaos-builder systemd[1]: niaos-root-preparation.service: Starting requested but asserts failed.
Sep 10 16:47:57 niaos-builder systemd[1]: Assertion failed for niaos-root-preparation.service - NiaOS internal root preparation.
Sep 10 16:47:57 niaos-builder systemd[1]: niaos-root-preparation.service: Starting requested but asserts failed.
Sep 10 16:47:57 niaos-builder systemd[1]: Assertion failed for niaos-root-preparation.service - NiaOS internal root preparation.
Sep 10 16:47:57 niaos-builder systemd[1]: niaos-root-preparation.service: Starting requested but asserts failed.
Sep 10 16:47:57 niaos-builder systemd[1]: Assertion failed for niaos-root-preparation.service - NiaOS internal root preparation.
Sep 10 16:47:57 niaos-builder systemd[1]: niaos-root-preparation.service: Starting requested but asserts failed.
Sep 10 16:47:57 niaos-builder systemd[1]: Assertion failed for niaos-root-preparation.service - NiaOS internal root preparation.
Sep 10 16:47:57 niaos-builder systemd[1]: niaos-root-preparation.service: Starting requested but asserts failed.
Sep 10 16:47:57 niaos-builder systemd[1]: Assertion failed for niaos-root-preparation.service - NiaOS internal root preparation.
Sep 10 16:47:57 niaos-builder systemd[1]: niaos-root-preparation.service: Starting requested but asserts failed.
Sep 10 16:47:57 niaos-builder systemd[1]: Assertion failed for niaos-root-preparation.service - NiaOS internal root preparation.
Sep 10 16:47:57 niaos-builder systemd[1]: niaos-root-preparation.service: Starting requested but asserts failed.
Sep 10 16:47:57 niaos-builder systemd[1]: Assertion failed for niaos-root-preparation.service - NiaOS internal root preparation.
Sep 10 16:47:57 niaos-builder systemd[1]: niaos-root-preparation.service: Starting requested but asserts failed.
Sep 10 16:47:57 niaos-builder systemd[1]: Assertion failed for niaos-root-preparation.service - NiaOS internal root preparation.
Sep 10 16:47:57 niaos-builder systemd[1]: niaos-root-preparation.service: Starting requested but asserts failed.
Sep 10 16:47:57 niaos-builder systemd[1]: Assertion failed for niaos-root-preparation.service - NiaOS internal root preparation.
Sep 10 16:47:57 niaos-builder systemd[1]: niaos-root-preparation.service: Starting requested but asserts failed.
Sep 10 16:47:57 niaos-builder systemd[1]: Assertion failed for niaos-root-preparation.service - NiaOS internal root preparation.
Sep 10 16:47:57 niaos-builder systemd[1]: niaos-root-preparation.service: Starting requested but asserts failed.
Sep 10 16:47:57 niaos-builder systemd[1]: Assertion failed for niaos-root-preparation.service - NiaOS internal root preparation.
Sep 10 16:47:57 niaos-builder systemd[1]: niaos-root-preparation.service: Starting requested but asserts failed.
Sep 10 16:47:57 niaos-builder systemd[1]: Assertion failed for niaos-root-preparation.service - NiaOS internal root preparation.
Sep 10 16:47:57 niaos-builder systemd[1]: niaos-root-preparation.service: Starting requested but asserts failed.
Sep 10 16:47:57 niaos-builder systemd[1]: Assertion failed for niaos-root-preparation.service - NiaOS internal root preparation.
Sep 10 16:47:57 niaos-builder systemd[1]: niaos-root-preparation.service: Starting requested but asserts failed.
Sep 10 16:47:57 niaos-builder systemd[1]: Assertion failed for niaos-root-preparation.service - NiaOS internal root preparation.
Sep 10 16:47:57 niaos-builder systemd[1]: niaos-root-preparation.service: Starting requested but asserts failed.
Sep 10 16:47:57 niaos-builder systemd[1]: Assertion failed for niaos-root-preparation.service - NiaOS internal root preparation.
Sep 10 16:47:57 niaos-builder systemd[1]: niaos-root-preparation.service: Starting requested but asserts failed.
Sep 10 16:47:57 niaos-builder systemd[1]: Assertion failed for niaos-root-preparation.service - NiaOS internal root preparation.
Sep 10 16:48:00 niaos-builder systemd[1]: Starting niaos-root-preparation.service - NiaOS internal root preparation...
Sep 10 16:48:00 niaos-builder systemd[1]: Started niaos-root-preparation.service - NiaOS internal root preparation.
Sep 10 16:48:00 niaos-builder systemd[1]: Stopping niaos-root-preparation.service - NiaOS internal root preparation...
Sep 10 16:48:00 niaos-builder systemd[1]: niaos-root-preparation.service: Deactivated successfully.
Sep 10 16:48:00 niaos-builder systemd[1]: Stopped niaos-root-preparation.service - NiaOS internal root preparation.
Sep 10 16:48:00 niaos-builder systemd[1]: niaos-root-preparation.service: Starting requested but asserts failed.
Sep 10 16:48:00 niaos-builder systemd[1]: Assertion failed for niaos-root-preparation.service - NiaOS internal root preparation.
Sep 10 16:48:00 niaos-builder systemd[1]: niaos-root-preparation.service: Starting requested but asserts failed.
Sep 10 16:48:00 niaos-builder systemd[1]: Assertion failed for niaos-root-preparation.service - NiaOS internal root preparation.
Sep 10 16:48:00 niaos-builder systemd[1]: niaos-root-preparation.service: Starting requested but asserts failed.
Sep 10 16:48:00 niaos-builder systemd[1]: Assertion failed for niaos-root-preparation.service - NiaOS internal root preparation.
Sep 10 16:48:00 niaos-builder systemd[1]: niaos-root-preparation.service: Starting requested but asserts failed.
Sep 10 16:48:00 niaos-builder systemd[1]: Assertion failed for niaos-root-preparation.service - NiaOS internal root preparation.
Sep 10 16:48:00 niaos-builder systemd[1]: niaos-root-preparation.service: Starting requested but asserts failed.
Sep 10 16:48:00 niaos-builder systemd[1]: Assertion failed for niaos-root-preparation.service - NiaOS internal root preparation.
Sep 10 16:48:00 niaos-builder systemd[1]: niaos-root-preparation.service: Starting requested but asserts failed.
Sep 10 16:48:00 niaos-builder systemd[1]: Assertion failed for niaos-root-preparation.service - NiaOS internal root preparation.
Sep 10 16:48:00 niaos-builder systemd[1]: niaos-root-preparation.service: Starting requested but asserts failed.
Sep 10 16:48:00 niaos-builder systemd[1]: Assertion failed for niaos-root-preparation.service - NiaOS internal root preparation.
Sep 10 16:48:00 niaos-builder systemd[1]: niaos-root-preparation.service: Starting requested but asserts failed.
Sep 10 16:48:00 niaos-builder systemd[1]: Assertion failed for niaos-root-preparation.service - NiaOS internal root preparation.
Sep 10 16:48:00 niaos-builder systemd[1]: niaos-root-preparation.service: Starting requested but asserts failed.
Sep 10 16:48:00 niaos-builder systemd[1]: Assertion failed for niaos-root-preparation.service - NiaOS internal root preparation.
Sep 10 16:48:00 niaos-builder systemd[1]: niaos-root-preparation.service: Starting requested but asserts failed.
Sep 10 16:48:00 niaos-builder systemd[1]: Assertion failed for niaos-root-preparation.service - NiaOS internal root preparation.
Sep 10 16:48:00 niaos-builder systemd[1]: niaos-root-preparation.service: Starting requested but asserts failed.
Sep 10 16:48:00 niaos-builder systemd[1]: Assertion failed for niaos-root-preparation.service - NiaOS internal root preparation.
Sep 10 16:48:00 niaos-builder systemd[1]: niaos-root-preparation.service: Starting requested but asserts failed.
Sep 10 16:48:00 niaos-builder systemd[1]: Assertion failed for niaos-root-preparation.service - NiaOS internal root preparation.
Sep 10 16:48:00 niaos-builder systemd[1]: niaos-root-preparation.service: Starting requested but asserts failed.
Sep 10 16:48:00 niaos-builder systemd[1]: Assertion failed for niaos-root-preparation.service - NiaOS internal root preparation.
Sep 10 16:48:00 niaos-builder systemd[1]: niaos-root-preparation.service: Starting requested but asserts failed.
Sep 10 16:48:00 niaos-builder systemd[1]: Assertion failed for niaos-root-preparation.service - NiaOS internal root preparation.
Sep 10 16:48:00 niaos-builder systemd[1]: niaos-root-preparation.service: Starting requested but asserts failed.
Sep 10 16:48:00 niaos-builder systemd[1]: Assertion failed for niaos-root-preparation.service - NiaOS internal root preparation.
Sep 10 16:48:00 niaos-builder systemd[1]: niaos-root-preparation.service: Starting requested but asserts failed.
Sep 10 16:48:00 niaos-builder systemd[1]: Assertion failed for niaos-root-preparation.service - NiaOS internal root preparation.
Sep 10 16:48:00 niaos-builder systemd[1]: niaos-root-preparation.service: Starting requested but asserts failed.
Sep 10 16:48:00 niaos-builder systemd[1]: Assertion failed for niaos-root-preparation.service - NiaOS internal root preparation.
Sep 10 16:48:00 niaos-builder systemd[1]: niaos-root-preparation.service: Starting requested but asserts failed.
Sep 10 16:48:00 niaos-builder systemd[1]: Assertion failed for niaos-root-preparation.service - NiaOS internal root preparation.
Sep 10 16:48:00 niaos-builder systemd[1]: niaos-root-preparation.service: Starting requested but asserts failed.
Sep 10 16:48:00 niaos-builder systemd[1]: Assertion failed for niaos-root-preparation.service - NiaOS internal root preparation.
Sep 10 16:48:00 niaos-builder systemd[1]: niaos-root-preparation.service: Starting requested but asserts failed.
Sep 10 16:48:00 niaos-builder systemd[1]: Assertion failed for niaos-root-preparation.service - NiaOS internal root preparation.
Sep 10 16:48:04 niaos-builder systemd[1]: Starting niaos-root-preparation.service - NiaOS internal root preparation...
Sep 10 16:48:04 niaos-builder systemd[1]: Started niaos-root-preparation.service - NiaOS internal root preparation.
