Sep 10 16:10:02 niaos-builder systemd[1]: Starting niaos-root-preparation.service - NiaOS internal root preparation...
Sep 10 16:10:02 niaos-builder systemd[1]: Started niaos-root-preparation.service - NiaOS internal root preparation.
Sep 10 16:10:08 niaos-builder systemd[1]: Stopping niaos-root-preparation.service - NiaOS internal root preparation...
Sep 10 16:10:09 niaos-builder systemd[1]: niaos-root-preparation.service: Deactivated successfully.
Sep 10 16:10:09 niaos-builder systemd[1]: Stopped niaos-root-preparation.service - NiaOS internal root preparation.
-- Boot b23da1800a944aee80e266b61fa2a5c6 --
Sep 10 16:10:19 niaos-builder systemd[1]: Starting niaos-root-preparation.service - NiaOS internal root preparation...
Sep 10 16:10:19 niaos-builder systemd[1]: Started niaos-root-preparation.service - NiaOS internal root preparation.
Sep 10 16:10:19 niaos-builder systemd[1]: Stopping niaos-root-preparation.service - NiaOS internal root preparation...
Sep 10 16:10:19 niaos-builder systemd[1]: niaos-root-preparation.service: Deactivated successfully.
Sep 10 16:10:19 niaos-builder systemd[1]: Stopped niaos-root-preparation.service - NiaOS internal root preparation.
Sep 10 16:10:19 niaos-builder systemd[1]: niaos-root-preparation.service: Starting requested but asserts failed.
Sep 10 16:10:19 niaos-builder systemd[1]: Assertion failed for niaos-root-preparation.service - NiaOS internal root preparation.
Sep 10 16:10:19 niaos-builder systemd[1]: niaos-root-preparation.service: Starting requested but asserts failed.
Sep 10 16:10:19 niaos-builder systemd[1]: Assertion failed for niaos-root-preparation.service - NiaOS internal root preparation.
Sep 10 16:10:19 niaos-builder systemd[1]: niaos-root-preparation.service: Starting requested but asserts failed.
Sep 10 16:10:19 niaos-builder systemd[1]: Assertion failed for niaos-root-preparation.service - NiaOS internal root preparation.
Sep 10 16:10:19 niaos-builder systemd[1]: niaos-root-preparation.service: Starting requested but asserts failed.
Sep 10 16:10:19 niaos-builder systemd[1]: Assertion failed for niaos-root-preparation.service - NiaOS internal root preparation.
Sep 10 16:10:19 niaos-builder systemd[1]: niaos-root-preparation.service: Starting requested but asserts failed.
Sep 10 16:10:19 niaos-builder systemd[1]: Assertion failed for niaos-root-preparation.service - NiaOS internal root preparation.
Sep 10 16:10:19 niaos-builder systemd[1]: niaos-root-preparation.service: Starting requested but asserts failed.
Sep 10 16:10:19 niaos-builder systemd[1]: Assertion failed for niaos-root-preparation.service - NiaOS internal root preparation.
Sep 10 16:10:19 niaos-builder systemd[1]: niaos-root-preparation.service: Starting requested but asserts failed.
Sep 10 16:10:19 niaos-builder systemd[1]: Assertion failed for niaos-root-preparation.service - NiaOS internal root preparation.
Sep 10 16:10:19 niaos-builder systemd[1]: niaos-root-preparation.service: Starting requested but asserts failed.
Sep 10 16:10:19 niaos-builder systemd[1]: Assertion failed for niaos-root-preparation.service - NiaOS internal root preparation.
Sep 10 16:10:19 niaos-builder systemd[1]: niaos-root-preparation.service: Starting requested but asserts failed.
Sep 10 16:10:19 niaos-builder systemd[1]: Assertion failed for niaos-root-preparation.service - NiaOS internal root preparation.
Sep 10 16:10:19 niaos-builder systemd[1]: niaos-root-preparation.service: Starting requested but asserts failed.
Sep 10 16:10:19 niaos-builder systemd[1]: Assertion failed for niaos-root-preparation.service - NiaOS internal root preparation.
Sep 10 16:10:19 niaos-builder systemd[1]: niaos-root-preparation.service: Starting requested but asserts failed.
Sep 10 16:10:19 niaos-builder systemd[1]: Assertion failed for niaos-root-preparation.service - NiaOS internal root preparation.
Sep 10 16:10:19 niaos-builder systemd[1]: niaos-root-preparation.service: Starting requested but asserts failed.
Sep 10 16:10:19 niaos-builder systemd[1]: Assertion failed for niaos-root-preparation.service - NiaOS internal root preparation.
Sep 10 16:10:19 niaos-builder systemd[1]: niaos-root-preparation.service: Starting requested but asserts failed.
Sep 10 16:10:19 niaos-builder systemd[1]: Assertion failed for niaos-root-preparation.service - NiaOS internal root preparation.
Sep 10 16:10:19 niaos-builder systemd[1]: niaos-root-preparation.service: Starting requested but asserts failed.
Sep 10 16:10:19 niaos-builder systemd[1]: Assertion failed for niaos-root-preparation.service - NiaOS internal root preparation.
Sep 10 16:10:19 niaos-builder systemd[1]: niaos-root-preparation.service: Starting requested but asserts failed.
Sep 10 16:10:19 niaos-builder systemd[1]: Assertion failed for niaos-root-preparation.service - NiaOS internal root preparation.
Sep 10 16:10:19 niaos-builder systemd[1]: niaos-root-preparation.service: Starting requested but asserts failed.
Sep 10 16:10:19 niaos-builder systemd[1]: Assertion failed for niaos-root-preparation.service - NiaOS internal root preparation.
Sep 10 16:10:19 niaos-builder systemd[1]: niaos-root-preparation.service: Starting requested but asserts failed.
Sep 10 16:10:19 niaos-builder systemd[1]: Assertion failed for niaos-root-preparation.service - NiaOS internal root preparation.
Sep 10 16:10:19 niaos-builder systemd[1]: niaos-root-preparation.service: Starting requested but asserts failed.
Sep 10 16:10:19 niaos-builder systemd[1]: Assertion failed for niaos-root-preparation.service - NiaOS internal root preparation.
Sep 10 16:10:19 niaos-builder systemd[1]: niaos-root-preparation.service: Starting requested but asserts failed.
Sep 10 16:10:19 niaos-builder systemd[1]: Assertion failed for niaos-root-preparation.service - NiaOS internal root preparation.
