BINDING ae79b659bb5b5cd7b6a344208acb007f58e717bd61e094505fe06f586ccc069d 84684261a3754dc348604068fb41c5a4dee9a2aeb8b6041cfa73658ba3c2b0b5 68cbc89b01e3cbc1e1e7f1006973ef92c0e764ad19a63a8112ca5c989155cb0b b57d75e54f9dc94f3a4476575d3eaa48935599a03055851a2b6f687ae3cc3f39 0707070707070707070707070707070707070707070707070707070707070707 01010101010101010101010101010101 02020202020202020202020202020202 0303030303030303030303030303030303030303030303030303030303030303 5861314d7fccb39c2192173240eab44fa35ca66426201ca2acd0630a6258dd51 6a9d8265fba964ca057cdc4720ad0be4b2e2ca2a0181dcc37a984d525036a1a0 5632 4
CHOICE dc108b582d08183a5f258f4183d413b62976fa36eef725f8cac00ef76f6ebbd9 30d2073eef5b6b62d25041bcf56603ec2188311905318b5d2b7e68f2c3583831 2af7172328f5f1ce054e45e946a9bb8fcdf6e1e32615f748da97bac8ee356020
ENTRY 3 dd0bbce45d4279a9f9a3260641ff8dcdf096d039f129cd20e0af9ef44a770e40 e3b0c44298fc1c149afbf4c8996fb92427ae41e4649b934ca495991b7852b855 0
ENTRY 4 c4a402d5876b9c2df285b0d8bc7c1e492a83fedf58451183c901d0f5b37bf76e 480c2336b410f1ad5f8bf1b28944490255804b65350c527787e74ebdd511e3a4 7
MEMBER 006dc15c47275b6a21094e5d4227cd72b4842e69076f4ff2a02d1f52fd43aef1
MEMBER 1278e8099ebf2e5e10dca4ffea5501bed2b25f0ccb3973c5d988c9dad0f682eb
MEMBER 2af7172328f5f1ce054e45e946a9bb8fcdf6e1e32615f748da97bac8ee356020
MEMBER 30d2073eef5b6b62d25041bcf56603ec2188311905318b5d2b7e68f2c3583831
MEMBER 480c2336b410f1ad5f8bf1b28944490255804b65350c527787e74ebdd511e3a4
MEMBER 497693ca90e83776882ae880aa8bc9e558040a448f184745fabaec68a7013bc2
MEMBER 6083b081533a1216c6199d7023b270a9c48dccb9aa50bd97bf917d885f34197b
MEMBER 68cbc89b01e3cbc1e1e7f1006973ef92c0e764ad19a63a8112ca5c989155cb0b
MEMBER 6a9d8265fba964ca057cdc4720ad0be4b2e2ca2a0181dcc37a984d525036a1a0
MEMBER 84684261a3754dc348604068fb41c5a4dee9a2aeb8b6041cfa73658ba3c2b0b5
MEMBER 897bd83c1fc28507b8b7782fd82fde80c5bdd7cbd9f61dad29574346fd44b248
MEMBER 91a6da1853c34b0eac1674c43e20850212330d59672cf0ab5bd7e929cce4329b
MEMBER 9399298b80a38f81f6af8bcbb74cb8c11a827a71e6b5aa4ae840cf39e3deca3d
MEMBER 96a296d224f285c67bee93c30f8a309157f0daa35dc5b87e410b78630a09cfc7
MEMBER ae79b659bb5b5cd7b6a344208acb007f58e717bd61e094505fe06f586ccc069d
MEMBER b49c04b7ed98afe26d808117c262c6f67020314d3625294f8605d2ceaacd018f
MEMBER b57d75e54f9dc94f3a4476575d3eaa48935599a03055851a2b6f687ae3cc3f39
MEMBER b640e840b19d378660b32fb51ae18d67dccb4a8596a29e7bd72c1b2ae5928f41
MEMBER c219752027d7993a4927ec78a4e2cffd2922662cfdacf67009189a8d5e545b8b
MEMBER c4a402d5876b9c2df285b0d8bc7c1e492a83fedf58451183c901d0f5b37bf76e
MEMBER dc108b582d08183a5f258f4183d413b62976fa36eef725f8cac00ef76f6ebbd9
MEMBER dd0bbce45d4279a9f9a3260641ff8dcdf096d039f129cd20e0af9ef44a770e40
MEMBER e3b0c44298fc1c149afbf4c8996fb92427ae41e4649b934ca495991b7852b855
PASS assertions= 39
