Running as unit: run-p372127-i372427.scope; invocation ID: 0455440dd2b9477bb0daf5ff60e43ea2
limited-exec: {"scope": "run-p372127-i372427.scope", "kernel_limits": {"memory.max": "3221225472", "memory.swap.max": "0", "cpu.max": "100000 100000", "pids.max": "128"}}
./ci/check-contract.sh
runtime/mc_admin.adb: OK
runtime/mc_admin.ads: OK
runtime/mc_atomic.adb: OK
runtime/mc_atomic.ads: OK
runtime/mc_authentic.adb: OK
runtime/mc_authentic.ads: OK
runtime/mc_checkpoint_store.adb: OK
runtime/mc_checkpoint_store.ads: OK
runtime/mc_cli.adb: OK
runtime/mc_cli.ads: OK
runtime/mc_clock.adb: OK
runtime/mc_clock.ads: OK
runtime/mc_command.adb: OK
runtime/mc_command.ads: OK
runtime/mc_config_auth.adb: OK
runtime/mc_config_auth.ads: OK
runtime/mc_control_io.adb: OK
runtime/mc_control_io.ads: OK
runtime/mc_durable.adb: OK
runtime/mc_durable.ads: OK
runtime/mc_fault_auth.adb: OK
runtime/mc_fault_auth.ads: OK
runtime/mc_file_io.adb: OK
runtime/mc_file_io.ads: OK
runtime/mc_fs.adb: OK
runtime/mc_fs.ads: OK
runtime/mc_gate.adb: OK
runtime/mc_gate.ads: OK
runtime/mc_https.adb: OK
runtime/mc_https.ads: OK
runtime/mc_ingress.adb: OK
runtime/mc_ingress.ads: OK
runtime/mc_kernel_read.adb: OK
runtime/mc_kernel_read.ads: OK
runtime/mc_keys.adb: OK
runtime/mc_keys.ads: OK
runtime/mc_layout.adb: OK
runtime/mc_layout.ads: OK
runtime/mc_log.adb: OK
runtime/mc_log.ads: OK
runtime/mc_posix.ads: OK
runtime/mc_qualification_auth.adb: OK
runtime/mc_qualification_auth.ads: OK
runtime/mc_receiver_ledger.adb: OK
runtime/mc_receiver_ledger.ads: OK
runtime/mc_request_files.adb: OK
runtime/mc_request_files.ads: OK
runtime/mc_runtime.adb: OK
runtime/mc_runtime.ads: OK
runtime/mc_signatures.adb: OK
runtime/mc_signatures.ads: OK
runtime/mc_site_policy.adb: OK
runtime/mc_site_policy.ads: OK
runtime/mc_stop_barrier_auth.adb: OK
runtime/mc_stop_barrier_auth.ads: OK
runtime/mc_store.adb: OK
runtime/mc_store.ads: OK
runtime/mc_tools.adb: OK
runtime/mc_tools.ads: OK
runtime/mc_xml.adb: OK
runtime/mc_xml.ads: OK
src/mc_accounting.adb: OK
src/mc_accounting.ads: OK
src/mc_attestation.adb: OK
src/mc_attestation.ads: OK
src/mc_authorization.adb: OK
src/mc_authorization.ads: OK
src/mc_backups.adb: OK
src/mc_backups.ads: OK
src/mc_base64.adb: OK
src/mc_base64.ads: OK
src/mc_breakglass.adb: OK
src/mc_breakglass.ads: OK
src/mc_checkpoint.adb: OK
src/mc_checkpoint.ads: OK
src/mc_codec.adb: OK
src/mc_codec.ads: OK
src/mc_commissioning.adb: OK
src/mc_commissioning.ads: OK
src/mc_compatibility.adb: OK
src/mc_compatibility.ads: OK
src/mc_config_receipt.adb: OK
src/mc_config_receipt.ads: OK
src/mc_contract_profile.ads: OK
src/mc_control.adb: OK
src/mc_control.ads: OK
src/mc_control_codec.adb: OK
src/mc_control_codec.ads: OK
src/mc_diagnostic_bundle.adb: OK
src/mc_diagnostic_bundle.ads: OK
src/mc_dirents.adb: OK
src/mc_dirents.ads: OK
src/mc_fault_report.adb: OK
src/mc_fault_report.ads: OK
src/mc_faults.adb: OK
src/mc_faults.ads: OK
src/mc_generation.adb: OK
src/mc_generation.ads: OK
src/mc_golden.adb: OK
src/mc_golden.ads: OK
src/mc_health_golden.adb: OK
src/mc_health_golden.ads: OK
src/mc_health_report.adb: OK
src/mc_health_report.ads: OK
src/mc_hex.adb: OK
src/mc_hex.ads: OK
src/mc_incidents.adb: OK
src/mc_incidents.ads: OK
src/mc_journal_budget.ads: OK
src/mc_json.adb: OK
src/mc_json.ads: OK
src/mc_log_format.adb: OK
src/mc_log_format.ads: OK
src/mc_maintenance.adb: OK
src/mc_maintenance.ads: OK
src/mc_numbers.adb: OK
src/mc_numbers.ads: OK
src/mc_paths.adb: OK
src/mc_paths.ads: OK
src/mc_platform_profile.adb: OK
src/mc_platform_profile.ads: OK
src/mc_properties.adb: OK
src/mc_properties.ads: OK
src/mc_protocol.adb: OK
src/mc_protocol.ads: OK
src/mc_qualification.adb: OK
src/mc_qualification.ads: OK
src/mc_recovery_cohort.adb: OK
src/mc_recovery_cohort.ads: OK
src/mc_release.adb: OK
src/mc_release.ads: OK
src/mc_replay.adb: OK
src/mc_replay.ads: OK
src/mc_request_replay.adb: OK
src/mc_request_replay.ads: OK
src/mc_requests.adb: OK
src/mc_requests.ads: OK
src/mc_retry_budget.adb: OK
src/mc_retry_budget.ads: OK
src/mc_sha256.adb: OK
src/mc_sha256.ads: OK
src/mc_stop_barrier.adb: OK
src/mc_stop_barrier.ads: OK
src/mc_system_baseline.adb: OK
src/mc_system_baseline.ads: OK
src/mc_text.adb: OK
src/mc_text.ads: OK
src/mc_time_guard.adb: OK
src/mc_time_guard.ads: OK
src/mc_types.adb: OK
src/mc_types.ads: OK
src/mc_witness.adb: OK
src/mc_witness.ads: OK
python3 ci/check-resolver.py
{"result": "source-lock-only-pass", "resolver_profile": "0874d6b70ee2a3dedbdee6ec229766d1ac6527f9682f33be66928c53a16b3cae"}
gprbuild -s -j1 -p -c -u -P pkgcore.gpr
Compile
   [Ada]          pkg_generation_manifest.adb
   [Ada]          pkg_archive.adb
   [Ada]          pkg_rpm_auth.adb
   [Ada]          pkg_resolution_engine.adb
   [Ada]          pkg_image_inspector.adb
   [Ada]          pkg_generation_stage.adb
   [Ada]          pkg_configuration_engine.adb
   [Ada]          resolver_verify.adb
   [Ada]          resolver_proof.adb
   [Ada]          resolver_builder.adb
   [Ada]          resolver_wire.adb
   [Ada]          resolver_lrat.adb
   [Ada]          resolver_model.adb
   [Ada]          resolver_cnf.adb
   [Ada]          resolver_admission.adb
   [Ada]          pkg_versions.adb
   [Ada]          pkg_rpm_resolution.adb
   [Ada]          pkg_dependency.adb
   [Ada]          pkg_provenance.adb
   [Ada]          pkg_transactions.adb
   [Ada]          pkg_maintenance_bundle.adb
   [Ada]          pkg_rpm.adb
   [Ada]          pkg_journal.adb
   [Ada]          pkg_change_set.adb
   [Ada]          pkg_holds.adb
   [Ada]          pkg_advisory.adb
   [Ada]          pkg_activation.adb
   [Ada]          pkg_deb_semantics.adb
   [Ada]          pkg_deb_versions.adb
   [Ada]          pkg_root_state.adb
   [Ada]          pkg_exposure_policy.adb
   [Ada]          pkg_file_plan.adb
   [Ada]          pkg_self_repair.adb
   [Ada]          pkg_recovery.adb
   [Ada]          pkg_file_replay.adb
   [Ada]          pkg_repository_trust.adb
   [Ada]          pkg_incorporation.adb
   [Ada]          pkg_system_composition.adb
   [Ada]          pkg_rollback_contract.adb
   [Ada]          pkg_retention_batch.adb
   [Ada]          pkg_payload_map.adb
   [Ada]          pkg_artifact_grant.adb
   [Ada]          pkg_acceptance.adb
   [Ada]          pkg_evr.adb
   [Ada]          pkg_inventory.adb
   [Ada]          pkg_admission.adb
   [Ada]          pkg_rpm_fields.adb
   [Ada]          pkg_recovery_catalog.adb
gprbuild -s -j1 -p -P tests.gpr
Compile
   [Ada]          run_generation_stage_tests.adb
run_generation_stage_tests.adb:134:60: error: positional aggregate cannot have one component
run_generation_stage_tests.adb:134:60: error: write instead "Bytes'First => ..."
run_generation_stage_tests.adb:160:32: error: positional aggregate cannot have one component
run_generation_stage_tests.adb:160:32: error: write instead "Bytes'First => ..."
gprbuild: *** compilation phase failed
make: *** [Makefile:17: test-build] Error 4
