pread64(3</usr/lib/x86_64-linux-gnu/libc.so.6>, "\6\0\0\0\4\0\0\0@\0\0\0\0\0\0\0@\0\0\0\0\0\0\0@\0\0\0\0\0\0\0H\3\0\0\0\0\0\0H\3\0\0\0\0\0\0\10\0\0\0\0\0\0\0\3\0\0\0\4\0\0\0\240\1\36\0\0\0\0\0\240\1\36\0\0\0\0\0"..., 840, 64) = 840
pread64(3</usr/lib/x86_64-linux-gnu/libc.so.6>, "\6\0\0\0\4\0\0\0@\0\0\0\0\0\0\0@\0\0\0\0\0\0\0@\0\0\0\0\0\0\0H\3\0\0\0\0\0\0H\3\0\0\0\0\0\0\10\0\0\0\0\0\0\0\3\0\0\0\4\0\0\0\240\1\36\0\0\0\0\0\240\1\36\0\0\0\0\0"..., 840, 64) = 840
fsync(3</tmp/nia-chaos-delay-r0l06cs3>) = 0
pread64(3</evidence/chaos/attempt-05/public-fixture/original.deb>, "!<arch>\ndebian-binary   1789004488  0     0     100644  4         `\n2.0\ncontrol."..., 65536, 0) = 848
pread64(3</evidence/chaos/attempt-05/public-fixture/original.deb>, "", 64688, 848) = 0
pread64(3</evidence/chaos/attempt-05/public-fixture/original.deb>, "", 65536, 848) = 0
pread64(3</evidence/chaos/attempt-05/public-fixture/control>, "Package: nia-test\nVersion: 1:2.0~rc1-3\nArchitecture: all\nMaintainer: Nia synthet"..., 65536, 0) = 125
pread64(3</evidence/chaos/attempt-05/public-fixture/control>, "", 65411, 125) = 0
pread64(3</evidence/chaos/attempt-05/public-fixture/control>, "", 65536, 125) = 0
pread64(3</evidence/chaos/attempt-05/public-fixture/receipt>, "NIASUP011\24708UKu\200#\37\24\217\344_\303)\223\33\204^A\363\223\221I\271o\326O\30/mNX\270\363\272\35M\367G\230\217h\327\374\251\225\330\301h\236\271-\350\363\30yn\315\321\340\3068\356\365\272<\325\6\20\324"..., 65536, 0) = 320
pread64(3</evidence/chaos/attempt-05/public-fixture/receipt>, "", 65216, 320) = 0
pread64(3</evidence/chaos/attempt-05/public-fixture/receipt>, "", 65536, 320) = 0
pread64(3</evidence/chaos/attempt-05/public-fixture/public-key>, "r\325\16\23\244\7\210\260\203\210\245j^\345\31O\230\31y.\240\322\27\355WF8O\231@\240\2", 32, 0) = 32
pread64(3</evidence/chaos/attempt-05/public-fixture/scope>, "1\24708UKu\200#\37\24\217\344_\303)\223\33\204^A\363\223\221I\271o\326O\30/m", 32, 0) = 32
pread64(3</tmp/nia-chaos-delay-r0l06cs3/objects/04/fadb6822166755f50f3a824f76e266477d877e7690f450e3566486fba9f38e>, "NIASUP011\24708UKu\200#\37\24\217\344_\303)\223\33\204^A\363\223\221I\271o\326O\30/mNX\270\363\272\35M\367G\230\217h\327\374\251\225\330\301h\236\271-\350\363\30yn\315\321\340\3068\356\365\272<\325\6\20\324"..., 65536, 0) = 320
pread64(3</tmp/nia-chaos-delay-r0l06cs3/objects/04/fadb6822166755f50f3a824f76e266477d877e7690f450e3566486fba9f38e>, "", 65216, 320) = 0
pread64(3</tmp/nia-chaos-delay-r0l06cs3/objects/04/fadb6822166755f50f3a824f76e266477d877e7690f450e3566486fba9f38e>, "", 65536, 320) = 0
pread64(3</tmp/nia-chaos-delay-r0l06cs3/objects/04/fadb6822166755f50f3a824f76e266477d877e7690f450e3566486fba9f38e>, "NIASUP011\24708UKu\200#\37\24\217\344_\303)\223\33\204^A\363\223\221I\271o\326O\30/mNX\270\363\272\35M\367G\230\217h\327\374\251\225\330\301h\236\271-\350\363\30yn\315\321\340\3068\356\365\272<\325\6\20\324"..., 320, 0) = 320
pread64(3</tmp/nia-chaos-delay-r0l06cs3/objects/4e/58b8f3ba1d4df747988f68d7fca995d8c1689eb92de8f318796ecdd1e0c638>, "{\"created_at\":1789004428,\"schema\":\"org.niaos.archive-supply/v1\",\"security_epoch\""..., 65536, 0) = 583
pread64(3</tmp/nia-chaos-delay-r0l06cs3/objects/4e/58b8f3ba1d4df747988f68d7fca995d8c1689eb92de8f318796ecdd1e0c638>, "", 64953, 583) = 0
pread64(3</tmp/nia-chaos-delay-r0l06cs3/objects/4e/58b8f3ba1d4df747988f68d7fca995d8c1689eb92de8f318796ecdd1e0c638>, "", 65536, 583) = 0
pread64(3</tmp/nia-chaos-delay-r0l06cs3/objects/ee/f5ba3cd50610d463567daac66c04c0295a56fda8c4dd0654b4b011edd187b0>, "!<arch>\ndebian-binary   1789004488  0     0     100644  4         `\n2.0\ncontrol."..., 65536, 0) = 848
pread64(3</tmp/nia-chaos-delay-r0l06cs3/objects/ee/f5ba3cd50610d463567daac66c04c0295a56fda8c4dd0654b4b011edd187b0>, "", 64688, 848) = 0
pread64(3</tmp/nia-chaos-delay-r0l06cs3/objects/ee/f5ba3cd50610d463567daac66c04c0295a56fda8c4dd0654b4b011edd187b0>, "", 65536, 848) = 0
pread64(3</tmp/nia-chaos-delay-r0l06cs3/objects/c1/5e5346c8cc38aa50241e3350fced5682318ca66d63f9ff59983cd669e03fae>, "Package: nia-test\nVersion: 1:2.0~rc1-3\nArchitecture: all\nMaintainer: Nia synthet"..., 65536, 0) = 125
pread64(3</tmp/nia-chaos-delay-r0l06cs3/objects/c1/5e5346c8cc38aa50241e3350fced5682318ca66d63f9ff59983cd669e03fae>, "", 65411, 125) = 0
pread64(3</tmp/nia-chaos-delay-r0l06cs3/objects/c1/5e5346c8cc38aa50241e3350fced5682318ca66d63f9ff59983cd669e03fae>, "", 65536, 125) = 0
pread64(3</tmp/nia-chaos-delay-r0l06cs3/objects/7f/430681db399ac651e92953bb9c5fbf4ee254b69a0ff7a62f7cbe595ea8552d>, "-----BEGIN PGP SIGNED MESSAGE-----\nHash: SHA512\n\nOrigin: Debian\nLabel: Debian\nSu"..., 65536, 0) = 523
pread64(3</tmp/nia-chaos-delay-r0l06cs3/objects/7f/430681db399ac651e92953bb9c5fbf4ee254b69a0ff7a62f7cbe595ea8552d>, "", 65013, 523) = 0
pread64(3</tmp/nia-chaos-delay-r0l06cs3/objects/7f/430681db399ac651e92953bb9c5fbf4ee254b69a0ff7a62f7cbe595ea8552d>, "", 65536, 523) = 0
pread64(3</tmp/nia-chaos-delay-r0l06cs3/objects/41/3a09e74739bb86462d6504d705a763d5063abdcdbce5e8b1f9822b1349d2e2>, "\3757zXZ\0\0\4\346\326\264F\2\0!\1\26\0\0\0t/\345\243\340\0\300\0\245]\0(\30Hf\333\3320\205\376\26\352\356\274IX\321\4\33l\177\314a\345:\375b)\10V\237\202V\243-\24\226s{\206\277#.n\373Uz\226\f\321"..., 65536, 0) = 232
pread64(3</tmp/nia-chaos-delay-r0l06cs3/objects/41/3a09e74739bb86462d6504d705a763d5063abdcdbce5e8b1f9822b1349d2e2>, "", 65304, 232) = 0
pread64(3</tmp/nia-chaos-delay-r0l06cs3/objects/41/3a09e74739bb86462d6504d705a763d5063abdcdbce5e8b1f9822b1349d2e2>, "", 65536, 232) = 0
pread64(3</tmp/nia-chaos-delay-r0l06cs3/objects/c3/e4eb4616a69aca476f84428c33d6f7a7fdd35145881840775204c7a3b66314>, "\2303\4j\242\n\310\26\t+\6\1\4\1\332G\17\1\1\7@\v\303\355\266\360\242X$ \2629\374F\361q`\276\36\273GO\312(\16\177\17n\326\324\206\361\35\264\26Nia artificial fixture\210\220\4"..., 65536, 0) = 223
pread64(3</tmp/nia-chaos-delay-r0l06cs3/objects/c3/e4eb4616a69aca476f84428c33d6f7a7fdd35145881840775204c7a3b66314>, "", 65313, 223) = 0
pread64(3</tmp/nia-chaos-delay-r0l06cs3/objects/c3/e4eb4616a69aca476f84428c33d6f7a7fdd35145881840775204c7a3b66314>, "", 65536, 223) = 0
pread64(3</tmp/nia-chaos-delay-r0l06cs3/objects/ee/f5ba3cd50610d463567daac66c04c0295a56fda8c4dd0654b4b011edd187b0>, "!<arch>\ndebian-binary   1789004488  0     0     100644  4         `\n2.0\ncontrol."..., 65536, 0) = 848
pread64(3</tmp/nia-chaos-delay-r0l06cs3/objects/ee/f5ba3cd50610d463567daac66c04c0295a56fda8c4dd0654b4b011edd187b0>, "", 64688, 848) = 0
pread64(3</tmp/nia-chaos-delay-r0l06cs3/objects/ee/f5ba3cd50610d463567daac66c04c0295a56fda8c4dd0654b4b011edd187b0>, "", 65536, 848) = 0
pread64(3</tmp/nia-chaos-delay-r0l06cs3/objects/ee/f5ba3cd50610d463567daac66c04c0295a56fda8c4dd0654b4b011edd187b0>, "!<arch>\n", 8, 0) = 8
pread64(3</tmp/nia-chaos-delay-r0l06cs3/objects/ee/f5ba3cd50610d463567daac66c04c0295a56fda8c4dd0654b4b011edd187b0>, "debian-binary   1789004488  0     0     100644  4         `\n", 60, 8) = 60
pread64(3</tmp/nia-chaos-delay-r0l06cs3/objects/ee/f5ba3cd50610d463567daac66c04c0295a56fda8c4dd0654b4b011edd187b0>, "2.0\n", 4, 68) = 4
pread64(3</tmp/nia-chaos-delay-r0l06cs3/objects/ee/f5ba3cd50610d463567daac66c04c0295a56fda8c4dd0654b4b011edd187b0>, "2.0\n", 4, 68) = 4
pread64(3</tmp/nia-chaos-delay-r0l06cs3/objects/ee/f5ba3cd50610d463567daac66c04c0295a56fda8c4dd0654b4b011edd187b0>, "control.tar.xz  1789004488  0     0     100644  428       `\n", 60, 72) = 60
pread64(3</tmp/nia-chaos-delay-r0l06cs3/objects/ee/f5ba3cd50610d463567daac66c04c0295a56fda8c4dd0654b4b011edd187b0>, "\3757zXZ\0\0\4\346\326\264F\4\300\352\2\200P!\1\26\0\0\0\0\0\0\0\312uz\24\340'\377\1b]\0\27\v\274\34}\1\225\300\35J>y\25\302\314&\243c\26a\254\222R?\353\206\226+S\261\315q\3433\25\265\254\357{d+"..., 428, 132) = 428
pread64(3</tmp/nia-chaos-delay-r0l06cs3/objects/ee/f5ba3cd50610d463567daac66c04c0295a56fda8c4dd0654b4b011edd187b0>, "data.tar.xz     1789004488  0     0     100644  228       `\n", 60, 560) = 60
pread64(3</tmp/nia-chaos-delay-r0l06cs3/objects/ee/f5ba3cd50610d463567daac66c04c0295a56fda8c4dd0654b4b011edd187b0>, "\3757zXZ\0\0\4\346\326\264F\4\300\241\1\200P!\1\26\0\0\0\0\0\0\0\30\3251\247\340'\377\0\231]\0\27\v\274\34}\1\225\300\35J>y\25\302\314&\243c\26a\254\222R?\353\206\226+S\261\315q\3433\25\265\254\357{d+"..., 228, 620) = 228
pread64(3</tmp/nia-chaos-delay-r0l06cs3/objects/ee/f5ba3cd50610d463567daac66c04c0295a56fda8c4dd0654b4b011edd187b0>, "!<arch>\ndebian-binary   1789004488  0     0     100644  4         `\n2.0\ncontrol."..., 65536, 0) = 848
pread64(3</tmp/nia-chaos-delay-r0l06cs3/objects/ee/f5ba3cd50610d463567daac66c04c0295a56fda8c4dd0654b4b011edd187b0>, "", 64688, 848) = 0
pread64(3</tmp/nia-chaos-delay-r0l06cs3/objects/ee/f5ba3cd50610d463567daac66c04c0295a56fda8c4dd0654b4b011edd187b0>, "", 65536, 848) = 0
pread64(3</tmp/nia-chaos-delay-r0l06cs3/objects/ee/f5ba3cd50610d463567daac66c04c0295a56fda8c4dd0654b4b011edd187b0>, "!<arch>\n", 8, 0) = 8
pread64(3</tmp/nia-chaos-delay-r0l06cs3/objects/ee/f5ba3cd50610d463567daac66c04c0295a56fda8c4dd0654b4b011edd187b0>, "debian-binary   1789004488  0     0     100644  4         `\n", 60, 8) = 60
pread64(3</tmp/nia-chaos-delay-r0l06cs3/objects/ee/f5ba3cd50610d463567daac66c04c0295a56fda8c4dd0654b4b011edd187b0>, "2.0\n", 4, 68) = 4
pread64(3</tmp/nia-chaos-delay-r0l06cs3/objects/ee/f5ba3cd50610d463567daac66c04c0295a56fda8c4dd0654b4b011edd187b0>, "2.0\n", 4, 68) = 4
pread64(3</tmp/nia-chaos-delay-r0l06cs3/objects/ee/f5ba3cd50610d463567daac66c04c0295a56fda8c4dd0654b4b011edd187b0>, "control.tar.xz  1789004488  0     0     100644  428       `\n", 60, 72) = 60
pread64(3</tmp/nia-chaos-delay-r0l06cs3/objects/ee/f5ba3cd50610d463567daac66c04c0295a56fda8c4dd0654b4b011edd187b0>, "\3757zXZ\0\0\4\346\326\264F\4\300\352\2\200P!\1\26\0\0\0\0\0\0\0\312uz\24\340'\377\1b]\0\27\v\274\34}\1\225\300\35J>y\25\302\314&\243c\26a\254\222R?\353\206\226+S\261\315q\3433\25\265\254\357{d+"..., 428, 132) = 428
pread64(3</tmp/nia-chaos-delay-r0l06cs3/objects/ee/f5ba3cd50610d463567daac66c04c0295a56fda8c4dd0654b4b011edd187b0>, "data.tar.xz     1789004488  0     0     100644  228       `\n", 60, 560) = 60 (DELAYED)
write(1<pipe:[435521]>, "RESULT STALE 0000000000000000000000000000000000000000000000000000000000000000\n", 78) = 78
write(1<pipe:[435521]>, "DONE\n", 5)    = 5
