pread64(3</usr/lib/x86_64-linux-gnu/libc.so.6>, "\6\0\0\0\4\0\0\0@\0\0\0\0\0\0\0@\0\0\0\0\0\0\0@\0\0\0\0\0\0\0H\3\0\0\0\0\0\0H\3\0\0\0\0\0\0\10\0\0\0\0\0\0\0\3\0\0\0\4\0\0\0\240\1\36\0\0\0\0\0\240\1\36\0\0\0\0\0"..., 840, 64) = 840
pread64(3</usr/lib/x86_64-linux-gnu/libc.so.6>, "\6\0\0\0\4\0\0\0@\0\0\0\0\0\0\0@\0\0\0\0\0\0\0@\0\0\0\0\0\0\0H\3\0\0\0\0\0\0H\3\0\0\0\0\0\0\10\0\0\0\0\0\0\0\3\0\0\0\4\0\0\0\240\1\36\0\0\0\0\0\240\1\36\0\0\0\0\0"..., 840, 64) = 840
fsync(3</tmp/nia-chaos-delay-i95r0i34>) = 0
pread64(3</evidence/chaos/attempt-05/public-fixture/original.deb>, "!<arch>\ndebian-binary   1789004488  0     0     100644  4         `\n2.0\ncontrol."..., 65536, 0) = 848
pread64(3</evidence/chaos/attempt-05/public-fixture/original.deb>, "", 64688, 848) = 0
pread64(3</evidence/chaos/attempt-05/public-fixture/original.deb>, "", 65536, 848) = 0
pread64(3</evidence/chaos/attempt-05/public-fixture/control>, "Package: nia-test\nVersion: 1:2.0~rc1-3\nArchitecture: all\nMaintainer: Nia synthet"..., 65536, 0) = 125
pread64(3</evidence/chaos/attempt-05/public-fixture/control>, "", 65411, 125) = 0
pread64(3</evidence/chaos/attempt-05/public-fixture/control>, "", 65536, 125) = 0
pread64(3</evidence/chaos/attempt-05/public-fixture/receipt>, "NIASUP011\24708UKu\200#\37\24\217\344_\303)\223\33\204^A\363\223\221I\271o\326O\30/mNX\270\363\272\35M\367G\230\217h\327\374\251\225\330\301h\236\271-\350\363\30yn\315\321\340\3068\356\365\272<\325\6\20\324"..., 65536, 0) = 320
pread64(3</evidence/chaos/attempt-05/public-fixture/receipt>, "", 65216, 320) = 0
pread64(3</evidence/chaos/attempt-05/public-fixture/receipt>, "", 65536, 320) = 0
pread64(3</evidence/chaos/attempt-05/public-fixture/public-key>, "r\325\16\23\244\7\210\260\203\210\245j^\345\31O\230\31y.\240\322\27\355WF8O\231@\240\2", 32, 0) = 32
pread64(3</evidence/chaos/attempt-05/public-fixture/scope>, "1\24708UKu\200#\37\24\217\344_\303)\223\33\204^A\363\223\221I\271o\326O\30/m", 32, 0) = 32
pread64(3</tmp/nia-chaos-delay-i95r0i34/objects/04/fadb6822166755f50f3a824f76e266477d877e7690f450e3566486fba9f38e>, "NIASUP011\24708UKu\200#\37\24\217\344_\303)\223\33\204^A\363\223\221I\271o\326O\30/mNX\270\363\272\35M\367G\230\217h\327\374\251\225\330\301h\236\271-\350\363\30yn\315\321\340\3068\356\365\272<\325\6\20\324"..., 65536, 0) = 320
pread64(3</tmp/nia-chaos-delay-i95r0i34/objects/04/fadb6822166755f50f3a824f76e266477d877e7690f450e3566486fba9f38e>, "", 65216, 320) = 0
pread64(3</tmp/nia-chaos-delay-i95r0i34/objects/04/fadb6822166755f50f3a824f76e266477d877e7690f450e3566486fba9f38e>, "", 65536, 320) = 0 (DELAYED)
pread64(3</tmp/nia-chaos-delay-i95r0i34/objects/04/fadb6822166755f50f3a824f76e266477d877e7690f450e3566486fba9f38e>, "NIASUP011\24708UKu\200#\37\24\217\344_\303)\223\33\204^A\363\223\221I\271o\326O\30/mNX\270\363\272\35M\367G\230\217h\327\374\251\225\330\301h\236\271-\350\363\30yn\315\321\340\3068\356\365\272<\325\6\20\324"..., 320, 0) = 320
write(1<pipe:[434457]>, "RESULT STALE 0000000000000000000000000000000000000000000000000000000000000000\n", 78) = 78
write(1<pipe:[434457]>, "DONE\n", 5)    = 5
