pread64(3</usr/lib/x86_64-linux-gnu/libc.so.6>, "\6\0\0\0\4\0\0\0@\0\0\0\0\0\0\0@\0\0\0\0\0\0\0@\0\0\0\0\0\0\0H\3\0\0\0\0\0\0H\3\0\0\0\0\0\0\10\0\0\0\0\0\0\0\3\0\0\0\4\0\0\0\240\1\36\0\0\0\0\0\240\1\36\0\0\0\0\0"..., 840, 64) = 840
pread64(3</usr/lib/x86_64-linux-gnu/libc.so.6>, "\6\0\0\0\4\0\0\0@\0\0\0\0\0\0\0@\0\0\0\0\0\0\0@\0\0\0\0\0\0\0H\3\0\0\0\0\0\0H\3\0\0\0\0\0\0\10\0\0\0\0\0\0\0\3\0\0\0\4\0\0\0\240\1\36\0\0\0\0\0\240\1\36\0\0\0\0\0"..., 840, 64) = 840
fsync(3</tmp/nia-chaos-fault-vxe4khnv>) = 0
fsync(8</tmp/nia-chaos-fault-vxe4khnv/incoming>) = 0
pread64(3</evidence/chaos/attempt-05/public-fixture/original.deb>, "!<arch>\ndebian-binary   1789004488  0     0     100644  4         `\n2.0\ncontrol."..., 65536, 0) = 848
pread64(3</evidence/chaos/attempt-05/public-fixture/original.deb>, "", 64688, 848) = 0
write(7</tmp/nia-chaos-fault-vxe4khnv/incoming/3d5c1c6caaf350799dc52ca2be53bce3>, "!<arch>\ndebian-binary   1789004488  0     0     100644  4         `\n2.0\ncontrol."..., 848) = 848
pread64(3</evidence/chaos/attempt-05/public-fixture/original.deb>, "", 65536, 848) = 0
fsync(7</tmp/nia-chaos-fault-vxe4khnv/incoming/3d5c1c6caaf350799dc52ca2be53bce3>) = 0
fsync(9</tmp/nia-chaos-fault-vxe4khnv/objects>) = 0
renameat2(8</tmp/nia-chaos-fault-vxe4khnv/incoming>, "3d5c1c6caaf350799dc52ca2be53bce3", 7</tmp/nia-chaos-fault-vxe4khnv/objects/ee>, "f5ba3cd50610d463567daac66c04c0295a56fda8c4dd0654b4b011edd187b0", RENAME_NOREPLACE) = 0
fsync(8</tmp/nia-chaos-fault-vxe4khnv/incoming>) = 0
fsync(7</tmp/nia-chaos-fault-vxe4khnv/objects/ee>) = 0
write(1<pipe:[430954]>, "ACK original.deb eef5ba3cd50610d463567daac66c04c0295a56fda8c4dd0654b4b011edd187b"..., 82) = 82
fsync(8</tmp/nia-chaos-fault-vxe4khnv/incoming>) = 0
pread64(3</evidence/chaos/attempt-05/public-fixture/control>, "Package: nia-test\nVersion: 1:2.0~rc1-3\nArchitecture: all\nMaintainer: Nia synthet"..., 65536, 0) = 125
pread64(3</evidence/chaos/attempt-05/public-fixture/control>, "", 65411, 125) = 0
write(7</tmp/nia-chaos-fault-vxe4khnv/incoming/b42bf240add7f6aa93a0cc8c9ba57390>, "Package: nia-test\nVersion: 1:2.0~rc1-3\nArchitecture: all\nMaintainer: Nia synthet"..., 125) = 125
pread64(3</evidence/chaos/attempt-05/public-fixture/control>, "", 65536, 125) = 0
fsync(7</tmp/nia-chaos-fault-vxe4khnv/incoming/b42bf240add7f6aa93a0cc8c9ba57390>) = 0
fsync(9</tmp/nia-chaos-fault-vxe4khnv/objects>) = 0
renameat2(8</tmp/nia-chaos-fault-vxe4khnv/incoming>, "b42bf240add7f6aa93a0cc8c9ba57390", 7</tmp/nia-chaos-fault-vxe4khnv/objects/c1>, "5e5346c8cc38aa50241e3350fced5682318ca66d63f9ff59983cd669e03fae", RENAME_NOREPLACE) = 0
fsync(8</tmp/nia-chaos-fault-vxe4khnv/incoming>) = 0
fsync(7</tmp/nia-chaos-fault-vxe4khnv/objects/c1>) = 0
write(1<pipe:[430954]>, "ACK control c15e5346c8cc38aa50241e3350fced5682318ca66d63f9ff59983cd669e03fae\n", 77) = 77
fsync(8</tmp/nia-chaos-fault-vxe4khnv/incoming>) = 0
pread64(3</evidence/chaos/attempt-05/public-fixture/policy>, "{\"created_at\":1789004428,\"schema\":\"org.niaos.archive-supply/v1\",\"security_epoch\""..., 65536, 0) = 583
pread64(3</evidence/chaos/attempt-05/public-fixture/policy>, "", 64953, 583) = 0
write(7</tmp/nia-chaos-fault-vxe4khnv/incoming/3c929d0267da3b144a683f65eb2e2320>, "{\"created_at\":1789004428,\"schema\":\"org.niaos.archive-supply/v1\",\"security_epoch\""..., 583) = 583
pread64(3</evidence/chaos/attempt-05/public-fixture/policy>, "", 65536, 583) = 0
fsync(7</tmp/nia-chaos-fault-vxe4khnv/incoming/3c929d0267da3b144a683f65eb2e2320>) = 0
fsync(9</tmp/nia-chaos-fault-vxe4khnv/objects>) = 0
renameat2(8</tmp/nia-chaos-fault-vxe4khnv/incoming>, "3c929d0267da3b144a683f65eb2e2320", 7</tmp/nia-chaos-fault-vxe4khnv/objects/4e>, "58b8f3ba1d4df747988f68d7fca995d8c1689eb92de8f318796ecdd1e0c638", RENAME_NOREPLACE) = 0
fsync(8</tmp/nia-chaos-fault-vxe4khnv/incoming>) = 0
fsync(7</tmp/nia-chaos-fault-vxe4khnv/objects/4e>) = 0
write(1<pipe:[430954]>, "ACK policy 4e58b8f3ba1d4df747988f68d7fca995d8c1689eb92de8f318796ecdd1e0c638\n", 76) = 76
fsync(8</tmp/nia-chaos-fault-vxe4khnv/incoming>) = 0
pread64(3</evidence/chaos/attempt-05/public-fixture/InRelease>, "-----BEGIN PGP SIGNED MESSAGE-----\nHash: SHA512\n\nOrigin: Debian\nLabel: Debian\nSu"..., 65536, 0) = 523
pread64(3</evidence/chaos/attempt-05/public-fixture/InRelease>, "", 65013, 523) = 0
write(7</tmp/nia-chaos-fault-vxe4khnv/incoming/e506afc729364338b3698ba4ab55cfb6>, "-----BEGIN PGP SIGNED MESSAGE-----\nHash: SHA512\n\nOrigin: Debian\nLabel: Debian\nSu"..., 523) = 523
pread64(3</evidence/chaos/attempt-05/public-fixture/InRelease>, "", 65536, 523) = 0
fsync(7</tmp/nia-chaos-fault-vxe4khnv/incoming/e506afc729364338b3698ba4ab55cfb6>) = 0
fsync(9</tmp/nia-chaos-fault-vxe4khnv/objects>) = -1 EIO (Input/output error) (INJECTED)
write(1<pipe:[430954]>, "FAIL import-InRelease INDETERMINATE\n", 36) = 36
