pread64(3</usr/lib/x86_64-linux-gnu/libc.so.6>, "\6\0\0\0\4\0\0\0@\0\0\0\0\0\0\0@\0\0\0\0\0\0\0@\0\0\0\0\0\0\0H\3\0\0\0\0\0\0H\3\0\0\0\0\0\0\10\0\0\0\0\0\0\0\3\0\0\0\4\0\0\0\240\1\36\0\0\0\0\0\240\1\36\0\0\0\0\0"..., 840, 64) = 840
pread64(3</usr/lib/x86_64-linux-gnu/libc.so.6>, "\6\0\0\0\4\0\0\0@\0\0\0\0\0\0\0@\0\0\0\0\0\0\0@\0\0\0\0\0\0\0H\3\0\0\0\0\0\0H\3\0\0\0\0\0\0\10\0\0\0\0\0\0\0\3\0\0\0\4\0\0\0\240\1\36\0\0\0\0\0\240\1\36\0\0\0\0\0"..., 840, 64) = 840
fsync(3</tmp/nia-chaos-fault-37ujkb6p>) = 0
fsync(8</tmp/nia-chaos-fault-37ujkb6p/incoming>) = 0
pread64(3</evidence/chaos/attempt-05/public-fixture/original.deb>, "!<arch>\ndebian-binary   1789004488  0     0     100644  4         `\n2.0\ncontrol."..., 65536, 0) = 848
pread64(3</evidence/chaos/attempt-05/public-fixture/original.deb>, "", 64688, 848) = 0
write(7</tmp/nia-chaos-fault-37ujkb6p/incoming/b063d95c070f8a23d18a9dac3b8982a7>, "!<arch>\ndebian-binary   1789004488  0     0     100644  4         `\n2.0\ncontrol."..., 848) = 848
pread64(3</evidence/chaos/attempt-05/public-fixture/original.deb>, "", 65536, 848) = 0
fsync(7</tmp/nia-chaos-fault-37ujkb6p/incoming/b063d95c070f8a23d18a9dac3b8982a7>) = 0
fsync(9</tmp/nia-chaos-fault-37ujkb6p/objects>) = 0
renameat2(8</tmp/nia-chaos-fault-37ujkb6p/incoming>, "b063d95c070f8a23d18a9dac3b8982a7", 7</tmp/nia-chaos-fault-37ujkb6p/objects/ee>, "f5ba3cd50610d463567daac66c04c0295a56fda8c4dd0654b4b011edd187b0", RENAME_NOREPLACE) = 0
fsync(8</tmp/nia-chaos-fault-37ujkb6p/incoming>) = 0
fsync(7</tmp/nia-chaos-fault-37ujkb6p/objects/ee>) = 0
write(1<pipe:[431101]>, "ACK original.deb eef5ba3cd50610d463567daac66c04c0295a56fda8c4dd0654b4b011edd187b"..., 82) = 82
fsync(8</tmp/nia-chaos-fault-37ujkb6p/incoming>) = 0
pread64(3</evidence/chaos/attempt-05/public-fixture/control>, "Package: nia-test\nVersion: 1:2.0~rc1-3\nArchitecture: all\nMaintainer: Nia synthet"..., 65536, 0) = 125
pread64(3</evidence/chaos/attempt-05/public-fixture/control>, "", 65411, 125) = 0
write(7</tmp/nia-chaos-fault-37ujkb6p/incoming/856a99689245e84fac482567086b80ff>, "Package: nia-test\nVersion: 1:2.0~rc1-3\nArchitecture: all\nMaintainer: Nia synthet"..., 125) = 125
pread64(3</evidence/chaos/attempt-05/public-fixture/control>, "", 65536, 125) = 0
fsync(7</tmp/nia-chaos-fault-37ujkb6p/incoming/856a99689245e84fac482567086b80ff>) = 0
fsync(9</tmp/nia-chaos-fault-37ujkb6p/objects>) = 0
renameat2(8</tmp/nia-chaos-fault-37ujkb6p/incoming>, "856a99689245e84fac482567086b80ff", 7</tmp/nia-chaos-fault-37ujkb6p/objects/c1>, "5e5346c8cc38aa50241e3350fced5682318ca66d63f9ff59983cd669e03fae", RENAME_NOREPLACE) = 0
fsync(8</tmp/nia-chaos-fault-37ujkb6p/incoming>) = 0
fsync(7</tmp/nia-chaos-fault-37ujkb6p/objects/c1>) = 0
write(1<pipe:[431101]>, "ACK control c15e5346c8cc38aa50241e3350fced5682318ca66d63f9ff59983cd669e03fae\n", 77) = 77
fsync(8</tmp/nia-chaos-fault-37ujkb6p/incoming>) = 0
pread64(3</evidence/chaos/attempt-05/public-fixture/policy>, "{\"created_at\":1789004428,\"schema\":\"org.niaos.archive-supply/v1\",\"security_epoch\""..., 65536, 0) = 583
pread64(3</evidence/chaos/attempt-05/public-fixture/policy>, "", 64953, 583) = 0
write(7</tmp/nia-chaos-fault-37ujkb6p/incoming/7f349502fa600f11494dfe48eefeba6d>, "{\"created_at\":1789004428,\"schema\":\"org.niaos.archive-supply/v1\",\"security_epoch\""..., 583) = 583
pread64(3</evidence/chaos/attempt-05/public-fixture/policy>, "", 65536, 583) = 0
fsync(7</tmp/nia-chaos-fault-37ujkb6p/incoming/7f349502fa600f11494dfe48eefeba6d>) = 0
fsync(9</tmp/nia-chaos-fault-37ujkb6p/objects>) = 0
renameat2(8</tmp/nia-chaos-fault-37ujkb6p/incoming>, "7f349502fa600f11494dfe48eefeba6d", 7</tmp/nia-chaos-fault-37ujkb6p/objects/4e>, "58b8f3ba1d4df747988f68d7fca995d8c1689eb92de8f318796ecdd1e0c638", RENAME_NOREPLACE) = 0
fsync(8</tmp/nia-chaos-fault-37ujkb6p/incoming>) = 0
fsync(7</tmp/nia-chaos-fault-37ujkb6p/objects/4e>) = 0
write(1<pipe:[431101]>, "ACK policy 4e58b8f3ba1d4df747988f68d7fca995d8c1689eb92de8f318796ecdd1e0c638\n", 76) = 76
fsync(8</tmp/nia-chaos-fault-37ujkb6p/incoming>) = 0
pread64(3</evidence/chaos/attempt-05/public-fixture/InRelease>, "-----BEGIN PGP SIGNED MESSAGE-----\nHash: SHA512\n\nOrigin: Debian\nLabel: Debian\nSu"..., 65536, 0) = 523
pread64(3</evidence/chaos/attempt-05/public-fixture/InRelease>, "", 65013, 523) = 0
write(7</tmp/nia-chaos-fault-37ujkb6p/incoming/21fe277d9fbf1f64e51413cd7b3aaa60>, "-----BEGIN PGP SIGNED MESSAGE-----\nHash: SHA512\n\nOrigin: Debian\nLabel: Debian\nSu"..., 523) = 523
pread64(3</evidence/chaos/attempt-05/public-fixture/InRelease>, "", 65536, 523) = 0
fsync(7</tmp/nia-chaos-fault-37ujkb6p/incoming/21fe277d9fbf1f64e51413cd7b3aaa60>) = 0
fsync(9</tmp/nia-chaos-fault-37ujkb6p/objects>) = 0
renameat2(8</tmp/nia-chaos-fault-37ujkb6p/incoming>, "21fe277d9fbf1f64e51413cd7b3aaa60", 7</tmp/nia-chaos-fault-37ujkb6p/objects/7f>, "430681db399ac651e92953bb9c5fbf4ee254b69a0ff7a62f7cbe595ea8552d", RENAME_NOREPLACE) = 0
fsync(8</tmp/nia-chaos-fault-37ujkb6p/incoming>) = 0
fsync(7</tmp/nia-chaos-fault-37ujkb6p/objects/7f>) = 0
write(1<pipe:[431101]>, "ACK InRelease 7f430681db399ac651e92953bb9c5fbf4ee254b69a0ff7a62f7cbe595ea8552d\n", 79) = 79
fsync(8</tmp/nia-chaos-fault-37ujkb6p/incoming>) = 0
pread64(3</evidence/chaos/attempt-05/public-fixture/Packages>, "\3757zXZ\0\0\4\346\326\264F\2\0!\1\26\0\0\0t/\345\243\340\0\300\0\245]\0(\30Hf\333\3320\205\376\26\352\356\274IX\321\4\33l\177\314a\345:\375b)\10V\237\202V\243-\24\226s{\206\277#.n\373Uz\226\f\321"..., 65536, 0) = 232
pread64(3</evidence/chaos/attempt-05/public-fixture/Packages>, "", 65304, 232) = 0
write(7</tmp/nia-chaos-fault-37ujkb6p/incoming/d45773a614126776eb3f77f59bccba5e>, "\3757zXZ\0\0\4\346\326\264F\2\0!\1\26\0\0\0t/\345\243\340\0\300\0\245]\0(\30Hf\333\3320\205\376\26\352\356\274IX\321\4\33l\177\314a\345:\375b)\10V\237\202V\243-\24\226s{\206\277#.n\373Uz\226\f\321"..., 232) = 232
pread64(3</evidence/chaos/attempt-05/public-fixture/Packages>, "", 65536, 232) = 0
fsync(7</tmp/nia-chaos-fault-37ujkb6p/incoming/d45773a614126776eb3f77f59bccba5e>) = 0
fsync(9</tmp/nia-chaos-fault-37ujkb6p/objects>) = 0
renameat2(8</tmp/nia-chaos-fault-37ujkb6p/incoming>, "d45773a614126776eb3f77f59bccba5e", 7</tmp/nia-chaos-fault-37ujkb6p/objects/41>, "3a09e74739bb86462d6504d705a763d5063abdcdbce5e8b1f9822b1349d2e2", RENAME_NOREPLACE) = -1 EIO (Input/output error) (INJECTED)
write(1<pipe:[431101]>, "FAIL import-Packages IO_ERROR\n", 30) = 30
