pread64(3</usr/lib/x86_64-linux-gnu/libc.so.6>, "\6\0\0\0\4\0\0\0@\0\0\0\0\0\0\0@\0\0\0\0\0\0\0@\0\0\0\0\0\0\0H\3\0\0\0\0\0\0H\3\0\0\0\0\0\0\10\0\0\0\0\0\0\0\3\0\0\0\4\0\0\0\240\1\36\0\0\0\0\0\240\1\36\0\0\0\0\0"..., 840, 64) = 840
pread64(3</usr/lib/x86_64-linux-gnu/libc.so.6>, "\6\0\0\0\4\0\0\0@\0\0\0\0\0\0\0@\0\0\0\0\0\0\0@\0\0\0\0\0\0\0H\3\0\0\0\0\0\0H\3\0\0\0\0\0\0\10\0\0\0\0\0\0\0\3\0\0\0\4\0\0\0\240\1\36\0\0\0\0\0\240\1\36\0\0\0\0\0"..., 840, 64) = 840
fsync(3</tmp/nia-chaos-fault-b8d5rjvj>) = 0
fsync(8</tmp/nia-chaos-fault-b8d5rjvj/incoming>) = 0
pread64(3</evidence/chaos/attempt-05/public-fixture/original.deb>, "!<arch>\ndebian-binary   1789004488  0     0     100644  4         `\n2.0\ncontrol."..., 65536, 0) = 848
pread64(3</evidence/chaos/attempt-05/public-fixture/original.deb>, "", 64688, 848) = 0
write(7</tmp/nia-chaos-fault-b8d5rjvj/incoming/85d50e970b5c3fce59244319319872e7>, "!<arch>\ndebian-binary   1789004488  0     0     100644  4         `\n2.0\ncontrol."..., 848) = 848
pread64(3</evidence/chaos/attempt-05/public-fixture/original.deb>, "", 65536, 848) = 0
fsync(7</tmp/nia-chaos-fault-b8d5rjvj/incoming/85d50e970b5c3fce59244319319872e7>) = 0
fsync(9</tmp/nia-chaos-fault-b8d5rjvj/objects>) = 0
renameat2(8</tmp/nia-chaos-fault-b8d5rjvj/incoming>, "85d50e970b5c3fce59244319319872e7", 7</tmp/nia-chaos-fault-b8d5rjvj/objects/ee>, "f5ba3cd50610d463567daac66c04c0295a56fda8c4dd0654b4b011edd187b0", RENAME_NOREPLACE) = 0
fsync(8</tmp/nia-chaos-fault-b8d5rjvj/incoming>) = 0
fsync(7</tmp/nia-chaos-fault-b8d5rjvj/objects/ee>) = 0
write(1<pipe:[434235]>, "ACK original.deb eef5ba3cd50610d463567daac66c04c0295a56fda8c4dd0654b4b011edd187b"..., 82) = 82
fsync(8</tmp/nia-chaos-fault-b8d5rjvj/incoming>) = 0
pread64(3</evidence/chaos/attempt-05/public-fixture/control>, "Package: nia-test\nVersion: 1:2.0~rc1-3\nArchitecture: all\nMaintainer: Nia synthet"..., 65536, 0) = 125
pread64(3</evidence/chaos/attempt-05/public-fixture/control>, "", 65411, 125) = 0
write(7</tmp/nia-chaos-fault-b8d5rjvj/incoming/2a507af1527e8303c951ba6376aa1f01>, "Package: nia-test\nVersion: 1:2.0~rc1-3\nArchitecture: all\nMaintainer: Nia synthet"..., 125) = 125
pread64(3</evidence/chaos/attempt-05/public-fixture/control>, "", 65536, 125) = 0
fsync(7</tmp/nia-chaos-fault-b8d5rjvj/incoming/2a507af1527e8303c951ba6376aa1f01>) = 0
fsync(9</tmp/nia-chaos-fault-b8d5rjvj/objects>) = 0
renameat2(8</tmp/nia-chaos-fault-b8d5rjvj/incoming>, "2a507af1527e8303c951ba6376aa1f01", 7</tmp/nia-chaos-fault-b8d5rjvj/objects/c1>, "5e5346c8cc38aa50241e3350fced5682318ca66d63f9ff59983cd669e03fae", RENAME_NOREPLACE) = 0
fsync(8</tmp/nia-chaos-fault-b8d5rjvj/incoming>) = 0
fsync(7</tmp/nia-chaos-fault-b8d5rjvj/objects/c1>) = 0
write(1<pipe:[434235]>, "ACK control c15e5346c8cc38aa50241e3350fced5682318ca66d63f9ff59983cd669e03fae\n", 77) = 77
fsync(8</tmp/nia-chaos-fault-b8d5rjvj/incoming>) = 0
pread64(3</evidence/chaos/attempt-05/public-fixture/policy>, "{\"created_at\":1789004428,\"schema\":\"org.niaos.archive-supply/v1\",\"security_epoch\""..., 65536, 0) = 583
pread64(3</evidence/chaos/attempt-05/public-fixture/policy>, "", 64953, 583) = 0
write(7</tmp/nia-chaos-fault-b8d5rjvj/incoming/485a585ec49a6a2e6f1f0f5a59c0457e>, "{\"created_at\":1789004428,\"schema\":\"org.niaos.archive-supply/v1\",\"security_epoch\""..., 583) = 583
pread64(3</evidence/chaos/attempt-05/public-fixture/policy>, "", 65536, 583) = 0
fsync(7</tmp/nia-chaos-fault-b8d5rjvj/incoming/485a585ec49a6a2e6f1f0f5a59c0457e>) = 0
fsync(9</tmp/nia-chaos-fault-b8d5rjvj/objects>) = 0
renameat2(8</tmp/nia-chaos-fault-b8d5rjvj/incoming>, "485a585ec49a6a2e6f1f0f5a59c0457e", 7</tmp/nia-chaos-fault-b8d5rjvj/objects/4e>, "58b8f3ba1d4df747988f68d7fca995d8c1689eb92de8f318796ecdd1e0c638", RENAME_NOREPLACE) = 0
fsync(8</tmp/nia-chaos-fault-b8d5rjvj/incoming>) = 0
fsync(7</tmp/nia-chaos-fault-b8d5rjvj/objects/4e>) = 0
write(1<pipe:[434235]>, "ACK policy 4e58b8f3ba1d4df747988f68d7fca995d8c1689eb92de8f318796ecdd1e0c638\n", 76) = 76
fsync(8</tmp/nia-chaos-fault-b8d5rjvj/incoming>) = 0
pread64(3</evidence/chaos/attempt-05/public-fixture/InRelease>, "-----BEGIN PGP SIGNED MESSAGE-----\nHash: SHA512\n\nOrigin: Debian\nLabel: Debian\nSu"..., 65536, 0) = 523
pread64(3</evidence/chaos/attempt-05/public-fixture/InRelease>, "", 65013, 523) = 0
write(7</tmp/nia-chaos-fault-b8d5rjvj/incoming/3c742b2264f5e9394a47a5dadf10106f>, "-----BEGIN PGP SIGNED MESSAGE-----\nHash: SHA512\n\nOrigin: Debian\nLabel: Debian\nSu"..., 523) = 523
pread64(3</evidence/chaos/attempt-05/public-fixture/InRelease>, "", 65536, 523) = 0
fsync(7</tmp/nia-chaos-fault-b8d5rjvj/incoming/3c742b2264f5e9394a47a5dadf10106f>) = 0
fsync(9</tmp/nia-chaos-fault-b8d5rjvj/objects>) = 0
renameat2(8</tmp/nia-chaos-fault-b8d5rjvj/incoming>, "3c742b2264f5e9394a47a5dadf10106f", 7</tmp/nia-chaos-fault-b8d5rjvj/objects/7f>, "430681db399ac651e92953bb9c5fbf4ee254b69a0ff7a62f7cbe595ea8552d", RENAME_NOREPLACE) = 0
fsync(8</tmp/nia-chaos-fault-b8d5rjvj/incoming>) = 0
fsync(7</tmp/nia-chaos-fault-b8d5rjvj/objects/7f>) = 0
write(1<pipe:[434235]>, "ACK InRelease 7f430681db399ac651e92953bb9c5fbf4ee254b69a0ff7a62f7cbe595ea8552d\n", 79) = 79
fsync(8</tmp/nia-chaos-fault-b8d5rjvj/incoming>) = 0
pread64(3</evidence/chaos/attempt-05/public-fixture/Packages>, "\3757zXZ\0\0\4\346\326\264F\2\0!\1\26\0\0\0t/\345\243\340\0\300\0\245]\0(\30Hf\333\3320\205\376\26\352\356\274IX\321\4\33l\177\314a\345:\375b)\10V\237\202V\243-\24\226s{\206\277#.n\373Uz\226\f\321"..., 65536, 0) = 232
pread64(3</evidence/chaos/attempt-05/public-fixture/Packages>, "", 65304, 232) = 0
write(7</tmp/nia-chaos-fault-b8d5rjvj/incoming/b5baee3851a6b8c9a9c3e06c7345ae9d>, "\3757zXZ\0\0\4\346\326\264F\2\0!\1\26\0\0\0t/\345\243\340\0\300\0\245]\0(\30Hf\333\3320\205\376\26\352\356\274IX\321\4\33l\177\314a\345:\375b)\10V\237\202V\243-\24\226s{\206\277#.n\373Uz\226\f\321"..., 232) = ?
+++ killed by SIGKILL +++
