pread64(3</usr/lib/x86_64-linux-gnu/libc.so.6>, "\6\0\0\0\4\0\0\0@\0\0\0\0\0\0\0@\0\0\0\0\0\0\0@\0\0\0\0\0\0\0H\3\0\0\0\0\0\0H\3\0\0\0\0\0\0\10\0\0\0\0\0\0\0\3\0\0\0\4\0\0\0\240\1\36\0\0\0\0\0\240\1\36\0\0\0\0\0"..., 840, 64) = 840
pread64(3</usr/lib/x86_64-linux-gnu/libc.so.6>, "\6\0\0\0\4\0\0\0@\0\0\0\0\0\0\0@\0\0\0\0\0\0\0@\0\0\0\0\0\0\0H\3\0\0\0\0\0\0H\3\0\0\0\0\0\0\10\0\0\0\0\0\0\0\3\0\0\0\4\0\0\0\240\1\36\0\0\0\0\0\240\1\36\0\0\0\0\0"..., 840, 64) = 840
fsync(3</tmp/nia-chaos-fault-xk49obdi>) = 0
fsync(8</tmp/nia-chaos-fault-xk49obdi/incoming>) = 0
pread64(3</evidence/chaos/attempt-05/public-fixture/original.deb>, "!<arch>\ndebian-binary   1789004488  0     0     100644  4         `\n2.0\ncontrol."..., 65536, 0) = 848
pread64(3</evidence/chaos/attempt-05/public-fixture/original.deb>, "", 64688, 848) = 0
write(7</tmp/nia-chaos-fault-xk49obdi/incoming/b277c037fee73e09ca17fe144658be83>, "!<arch>\ndebian-binary   1789004488  0     0     100644  4         `\n2.0\ncontrol."..., 848) = 848
pread64(3</evidence/chaos/attempt-05/public-fixture/original.deb>, "", 65536, 848) = 0
fsync(7</tmp/nia-chaos-fault-xk49obdi/incoming/b277c037fee73e09ca17fe144658be83>) = 0
fsync(9</tmp/nia-chaos-fault-xk49obdi/objects>) = 0
renameat2(8</tmp/nia-chaos-fault-xk49obdi/incoming>, "b277c037fee73e09ca17fe144658be83", 7</tmp/nia-chaos-fault-xk49obdi/objects/ee>, "f5ba3cd50610d463567daac66c04c0295a56fda8c4dd0654b4b011edd187b0", RENAME_NOREPLACE) = 0
fsync(8</tmp/nia-chaos-fault-xk49obdi/incoming>) = 0
fsync(7</tmp/nia-chaos-fault-xk49obdi/objects/ee>) = 0
write(1<pipe:[430934]>, "ACK original.deb eef5ba3cd50610d463567daac66c04c0295a56fda8c4dd0654b4b011edd187b"..., 82) = 82
fsync(8</tmp/nia-chaos-fault-xk49obdi/incoming>) = 0
pread64(3</evidence/chaos/attempt-05/public-fixture/control>, "Package: nia-test\nVersion: 1:2.0~rc1-3\nArchitecture: all\nMaintainer: Nia synthet"..., 65536, 0) = 125
pread64(3</evidence/chaos/attempt-05/public-fixture/control>, "", 65411, 125) = 0
write(7</tmp/nia-chaos-fault-xk49obdi/incoming/bde7867e733ffedb02867f6757e7b658>, "Package: nia-test\nVersion: 1:2.0~rc1-3\nArchitecture: all\nMaintainer: Nia synthet"..., 125) = 125
pread64(3</evidence/chaos/attempt-05/public-fixture/control>, "", 65536, 125) = 0
fsync(7</tmp/nia-chaos-fault-xk49obdi/incoming/bde7867e733ffedb02867f6757e7b658>) = 0
fsync(9</tmp/nia-chaos-fault-xk49obdi/objects>) = 0
renameat2(8</tmp/nia-chaos-fault-xk49obdi/incoming>, "bde7867e733ffedb02867f6757e7b658", 7</tmp/nia-chaos-fault-xk49obdi/objects/c1>, "5e5346c8cc38aa50241e3350fced5682318ca66d63f9ff59983cd669e03fae", RENAME_NOREPLACE) = 0
fsync(8</tmp/nia-chaos-fault-xk49obdi/incoming>) = 0
fsync(7</tmp/nia-chaos-fault-xk49obdi/objects/c1>) = 0
write(1<pipe:[430934]>, "ACK control c15e5346c8cc38aa50241e3350fced5682318ca66d63f9ff59983cd669e03fae\n", 77) = 77
fsync(8</tmp/nia-chaos-fault-xk49obdi/incoming>) = 0
pread64(3</evidence/chaos/attempt-05/public-fixture/policy>, "{\"created_at\":1789004428,\"schema\":\"org.niaos.archive-supply/v1\",\"security_epoch\""..., 65536, 0) = 583
pread64(3</evidence/chaos/attempt-05/public-fixture/policy>, "", 64953, 583) = 0
write(7</tmp/nia-chaos-fault-xk49obdi/incoming/9eddcfdb37e897aade2d10c658eef06d>, "{\"created_at\":1789004428,\"schema\":\"org.niaos.archive-supply/v1\",\"security_epoch\""..., 583) = 583
pread64(3</evidence/chaos/attempt-05/public-fixture/policy>, "", 65536, 583) = 0
fsync(7</tmp/nia-chaos-fault-xk49obdi/incoming/9eddcfdb37e897aade2d10c658eef06d>) = 0
fsync(9</tmp/nia-chaos-fault-xk49obdi/objects>) = 0
renameat2(8</tmp/nia-chaos-fault-xk49obdi/incoming>, "9eddcfdb37e897aade2d10c658eef06d", 7</tmp/nia-chaos-fault-xk49obdi/objects/4e>, "58b8f3ba1d4df747988f68d7fca995d8c1689eb92de8f318796ecdd1e0c638", RENAME_NOREPLACE) = 0
fsync(8</tmp/nia-chaos-fault-xk49obdi/incoming>) = 0
fsync(7</tmp/nia-chaos-fault-xk49obdi/objects/4e>) = 0
write(1<pipe:[430934]>, "ACK policy 4e58b8f3ba1d4df747988f68d7fca995d8c1689eb92de8f318796ecdd1e0c638\n", 76) = 76
fsync(8</tmp/nia-chaos-fault-xk49obdi/incoming>) = 0
pread64(3</evidence/chaos/attempt-05/public-fixture/InRelease>, "-----BEGIN PGP SIGNED MESSAGE-----\nHash: SHA512\n\nOrigin: Debian\nLabel: Debian\nSu"..., 65536, 0) = 523
pread64(3</evidence/chaos/attempt-05/public-fixture/InRelease>, "", 65013, 523) = 0
write(7</tmp/nia-chaos-fault-xk49obdi/incoming/c80a7f3c0207cf3e6f46ca4ac5838178>, "-----BEGIN PGP SIGNED MESSAGE-----\nHash: SHA512\n\nOrigin: Debian\nLabel: Debian\nSu"..., 523) = -1 ENOSPC (No space left on device) (INJECTED)
write(1<pipe:[430934]>, "FAIL import-InRelease INDETERMINATE\n", 36) = 36
