pread64(3</usr/lib/x86_64-linux-gnu/libc.so.6>, "\6\0\0\0\4\0\0\0@\0\0\0\0\0\0\0@\0\0\0\0\0\0\0@\0\0\0\0\0\0\0H\3\0\0\0\0\0\0H\3\0\0\0\0\0\0\10\0\0\0\0\0\0\0\3\0\0\0\4\0\0\0\240\1\36\0\0\0\0\0\240\1\36\0\0\0\0\0"..., 840, 64) = 840
pread64(3</usr/lib/x86_64-linux-gnu/libc.so.6>, "\6\0\0\0\4\0\0\0@\0\0\0\0\0\0\0@\0\0\0\0\0\0\0@\0\0\0\0\0\0\0H\3\0\0\0\0\0\0H\3\0\0\0\0\0\0\10\0\0\0\0\0\0\0\3\0\0\0\4\0\0\0\240\1\36\0\0\0\0\0\240\1\36\0\0\0\0\0"..., 840, 64) = 840
fsync(3</tmp/nia-chaos-fault-zecpopy0>) = 0
fsync(8</tmp/nia-chaos-fault-zecpopy0/incoming>) = 0
pread64(3</evidence/chaos/attempt-05/public-fixture/original.deb>, "!<arch>\ndebian-binary   1789004488  0     0     100644  4         `\n2.0\ncontrol."..., 65536, 0) = 848
pread64(3</evidence/chaos/attempt-05/public-fixture/original.deb>, "", 64688, 848) = 0
write(7</tmp/nia-chaos-fault-zecpopy0/incoming/ab49c21473abc670d060281e31501cd7>, "!<arch>\ndebian-binary   1789004488  0     0     100644  4         `\n2.0\ncontrol."..., 848) = 848
pread64(3</evidence/chaos/attempt-05/public-fixture/original.deb>, "", 65536, 848) = 0
fsync(7</tmp/nia-chaos-fault-zecpopy0/incoming/ab49c21473abc670d060281e31501cd7>) = 0
fsync(9</tmp/nia-chaos-fault-zecpopy0/objects>) = 0
renameat2(8</tmp/nia-chaos-fault-zecpopy0/incoming>, "ab49c21473abc670d060281e31501cd7", 7</tmp/nia-chaos-fault-zecpopy0/objects/ee>, "f5ba3cd50610d463567daac66c04c0295a56fda8c4dd0654b4b011edd187b0", RENAME_NOREPLACE) = 0
fsync(8</tmp/nia-chaos-fault-zecpopy0/incoming>) = 0
fsync(7</tmp/nia-chaos-fault-zecpopy0/objects/ee>) = 0
write(1<pipe:[432750]>, "ACK original.deb eef5ba3cd50610d463567daac66c04c0295a56fda8c4dd0654b4b011edd187b"..., 82) = 82
fsync(8</tmp/nia-chaos-fault-zecpopy0/incoming>) = 0
pread64(3</evidence/chaos/attempt-05/public-fixture/control>, "Package: nia-test\nVersion: 1:2.0~rc1-3\nArchitecture: all\nMaintainer: Nia synthet"..., 65536, 0) = 125
pread64(3</evidence/chaos/attempt-05/public-fixture/control>, "", 65411, 125) = 0
write(7</tmp/nia-chaos-fault-zecpopy0/incoming/44ae6e80c9fd829385859c4bf8ac49fa>, "Package: nia-test\nVersion: 1:2.0~rc1-3\nArchitecture: all\nMaintainer: Nia synthet"..., 125) = 125
pread64(3</evidence/chaos/attempt-05/public-fixture/control>, "", 65536, 125) = 0
fsync(7</tmp/nia-chaos-fault-zecpopy0/incoming/44ae6e80c9fd829385859c4bf8ac49fa>) = 0
fsync(9</tmp/nia-chaos-fault-zecpopy0/objects>) = 0
renameat2(8</tmp/nia-chaos-fault-zecpopy0/incoming>, "44ae6e80c9fd829385859c4bf8ac49fa", 7</tmp/nia-chaos-fault-zecpopy0/objects/c1>, "5e5346c8cc38aa50241e3350fced5682318ca66d63f9ff59983cd669e03fae", RENAME_NOREPLACE) = 0
fsync(8</tmp/nia-chaos-fault-zecpopy0/incoming>) = 0
fsync(7</tmp/nia-chaos-fault-zecpopy0/objects/c1>) = 0
write(1<pipe:[432750]>, "ACK control c15e5346c8cc38aa50241e3350fced5682318ca66d63f9ff59983cd669e03fae\n", 77) = 77
fsync(8</tmp/nia-chaos-fault-zecpopy0/incoming>) = 0
pread64(3</evidence/chaos/attempt-05/public-fixture/policy>, "{\"created_at\":1789004428,\"schema\":\"org.niaos.archive-supply/v1\",\"security_epoch\""..., 65536, 0) = 583
pread64(3</evidence/chaos/attempt-05/public-fixture/policy>, "", 64953, 583) = 0
write(7</tmp/nia-chaos-fault-zecpopy0/incoming/40468f6a048aa9f6148dd0d84d8b6bef>, "{\"created_at\":1789004428,\"schema\":\"org.niaos.archive-supply/v1\",\"security_epoch\""..., 583) = 583
pread64(3</evidence/chaos/attempt-05/public-fixture/policy>, "", 65536, 583) = 0
fsync(7</tmp/nia-chaos-fault-zecpopy0/incoming/40468f6a048aa9f6148dd0d84d8b6bef>) = 0
fsync(9</tmp/nia-chaos-fault-zecpopy0/objects>) = 0
renameat2(8</tmp/nia-chaos-fault-zecpopy0/incoming>, "40468f6a048aa9f6148dd0d84d8b6bef", 7</tmp/nia-chaos-fault-zecpopy0/objects/4e>, "58b8f3ba1d4df747988f68d7fca995d8c1689eb92de8f318796ecdd1e0c638", RENAME_NOREPLACE) = 0
fsync(8</tmp/nia-chaos-fault-zecpopy0/incoming>) = 0
fsync(7</tmp/nia-chaos-fault-zecpopy0/objects/4e>) = 0
write(1<pipe:[432750]>, "ACK policy 4e58b8f3ba1d4df747988f68d7fca995d8c1689eb92de8f318796ecdd1e0c638\n", 76) = 76
fsync(8</tmp/nia-chaos-fault-zecpopy0/incoming>) = 0
pread64(3</evidence/chaos/attempt-05/public-fixture/InRelease>, "-----BEGIN PGP SIGNED MESSAGE-----\nHash: SHA512\n\nOrigin: Debian\nLabel: Debian\nSu"..., 65536, 0) = 523
pread64(3</evidence/chaos/attempt-05/public-fixture/InRelease>, "", 65013, 523) = 0
write(7</tmp/nia-chaos-fault-zecpopy0/incoming/d4721e4396718bd08ddb0d63e96c5364>, "-----BEGIN PGP SIGNED MESSAGE-----\nHash: SHA512\n\nOrigin: Debian\nLabel: Debian\nSu"..., 523) = ?
+++ killed by SIGKILL +++
