pread64(3</usr/lib/x86_64-linux-gnu/libc.so.6>, "\6\0\0\0\4\0\0\0@\0\0\0\0\0\0\0@\0\0\0\0\0\0\0@\0\0\0\0\0\0\0H\3\0\0\0\0\0\0H\3\0\0\0\0\0\0\10\0\0\0\0\0\0\0\3\0\0\0\4\0\0\0\240\1\36\0\0\0\0\0\240\1\36\0\0\0\0\0"..., 840, 64) = 840
pread64(3</usr/lib/x86_64-linux-gnu/libc.so.6>, "\6\0\0\0\4\0\0\0@\0\0\0\0\0\0\0@\0\0\0\0\0\0\0@\0\0\0\0\0\0\0H\3\0\0\0\0\0\0H\3\0\0\0\0\0\0\10\0\0\0\0\0\0\0\3\0\0\0\4\0\0\0\240\1\36\0\0\0\0\0\240\1\36\0\0\0\0\0"..., 840, 64) = 840
fsync(3</tmp/nia-chaos-fault-32f_dh3y>) = 0
fsync(8</tmp/nia-chaos-fault-32f_dh3y/incoming>) = 0
pread64(3</evidence/chaos/attempt-05/public-fixture/original.deb>, "!<arch>\ndebian-binary   1789004488  0     0     100644  4         `\n2.0\ncontrol."..., 65536, 0) = 848
pread64(3</evidence/chaos/attempt-05/public-fixture/original.deb>, "", 64688, 848) = 0
write(7</tmp/nia-chaos-fault-32f_dh3y/incoming/6b58c3b032fe8ed95b486a7edf9d9017>, "!<arch>\ndebian-binary   1789004488  0     0     100644  4         `\n2.0\ncontrol."..., 848) = 848
pread64(3</evidence/chaos/attempt-05/public-fixture/original.deb>, "", 65536, 848) = 0
fsync(7</tmp/nia-chaos-fault-32f_dh3y/incoming/6b58c3b032fe8ed95b486a7edf9d9017>) = 0
fsync(9</tmp/nia-chaos-fault-32f_dh3y/objects>) = 0
renameat2(8</tmp/nia-chaos-fault-32f_dh3y/incoming>, "6b58c3b032fe8ed95b486a7edf9d9017", 7</tmp/nia-chaos-fault-32f_dh3y/objects/ee>, "f5ba3cd50610d463567daac66c04c0295a56fda8c4dd0654b4b011edd187b0", RENAME_NOREPLACE) = 0
fsync(8</tmp/nia-chaos-fault-32f_dh3y/incoming>) = 0
fsync(7</tmp/nia-chaos-fault-32f_dh3y/objects/ee>) = 0
write(1<pipe:[433934]>, "ACK original.deb eef5ba3cd50610d463567daac66c04c0295a56fda8c4dd0654b4b011edd187b"..., 82) = 82
fsync(8</tmp/nia-chaos-fault-32f_dh3y/incoming>) = 0
pread64(3</evidence/chaos/attempt-05/public-fixture/control>, "Package: nia-test\nVersion: 1:2.0~rc1-3\nArchitecture: all\nMaintainer: Nia synthet"..., 65536, 0) = 125
pread64(3</evidence/chaos/attempt-05/public-fixture/control>, "", 65411, 125) = 0
write(7</tmp/nia-chaos-fault-32f_dh3y/incoming/2ea833dfb9ba950eef88fbb8f4f0ecfe>, "Package: nia-test\nVersion: 1:2.0~rc1-3\nArchitecture: all\nMaintainer: Nia synthet"..., 125) = 125
pread64(3</evidence/chaos/attempt-05/public-fixture/control>, "", 65536, 125) = 0
fsync(7</tmp/nia-chaos-fault-32f_dh3y/incoming/2ea833dfb9ba950eef88fbb8f4f0ecfe>) = 0
fsync(9</tmp/nia-chaos-fault-32f_dh3y/objects>) = 0
renameat2(8</tmp/nia-chaos-fault-32f_dh3y/incoming>, "2ea833dfb9ba950eef88fbb8f4f0ecfe", 7</tmp/nia-chaos-fault-32f_dh3y/objects/c1>, "5e5346c8cc38aa50241e3350fced5682318ca66d63f9ff59983cd669e03fae", RENAME_NOREPLACE) = 0
fsync(8</tmp/nia-chaos-fault-32f_dh3y/incoming>) = 0
fsync(7</tmp/nia-chaos-fault-32f_dh3y/objects/c1>) = 0
write(1<pipe:[433934]>, "ACK control c15e5346c8cc38aa50241e3350fced5682318ca66d63f9ff59983cd669e03fae\n", 77) = 77
fsync(8</tmp/nia-chaos-fault-32f_dh3y/incoming>) = 0
pread64(3</evidence/chaos/attempt-05/public-fixture/policy>, "{\"created_at\":1789004428,\"schema\":\"org.niaos.archive-supply/v1\",\"security_epoch\""..., 65536, 0) = 583
pread64(3</evidence/chaos/attempt-05/public-fixture/policy>, "", 64953, 583) = 0
write(7</tmp/nia-chaos-fault-32f_dh3y/incoming/0a92eaeeda92c9e42c123e70d92290a6>, "{\"created_at\":1789004428,\"schema\":\"org.niaos.archive-supply/v1\",\"security_epoch\""..., 583) = 583
pread64(3</evidence/chaos/attempt-05/public-fixture/policy>, "", 65536, 583) = 0
fsync(7</tmp/nia-chaos-fault-32f_dh3y/incoming/0a92eaeeda92c9e42c123e70d92290a6>) = 0
fsync(9</tmp/nia-chaos-fault-32f_dh3y/objects>) = 0
renameat2(8</tmp/nia-chaos-fault-32f_dh3y/incoming>, "0a92eaeeda92c9e42c123e70d92290a6", 7</tmp/nia-chaos-fault-32f_dh3y/objects/4e>, "58b8f3ba1d4df747988f68d7fca995d8c1689eb92de8f318796ecdd1e0c638", RENAME_NOREPLACE) = 0
fsync(8</tmp/nia-chaos-fault-32f_dh3y/incoming>) = 0
fsync(7</tmp/nia-chaos-fault-32f_dh3y/objects/4e>) = 0
write(1<pipe:[433934]>, "ACK policy 4e58b8f3ba1d4df747988f68d7fca995d8c1689eb92de8f318796ecdd1e0c638\n", 76) = 76
fsync(8</tmp/nia-chaos-fault-32f_dh3y/incoming>) = 0
pread64(3</evidence/chaos/attempt-05/public-fixture/InRelease>, "-----BEGIN PGP SIGNED MESSAGE-----\nHash: SHA512\n\nOrigin: Debian\nLabel: Debian\nSu"..., 65536, 0) = 523
pread64(3</evidence/chaos/attempt-05/public-fixture/InRelease>, "", 65013, 523) = 0
write(7</tmp/nia-chaos-fault-32f_dh3y/incoming/03a1a80a7c3691da1b4de9b6e102eb08>, "-----BEGIN PGP SIGNED MESSAGE-----\nHash: SHA512\n\nOrigin: Debian\nLabel: Debian\nSu"..., 523) = 523
pread64(3</evidence/chaos/attempt-05/public-fixture/InRelease>, "", 65536, 523) = 0
fsync(7</tmp/nia-chaos-fault-32f_dh3y/incoming/03a1a80a7c3691da1b4de9b6e102eb08>) = 0
fsync(9</tmp/nia-chaos-fault-32f_dh3y/objects>) = 0
renameat2(8</tmp/nia-chaos-fault-32f_dh3y/incoming>, "03a1a80a7c3691da1b4de9b6e102eb08", 7</tmp/nia-chaos-fault-32f_dh3y/objects/7f>, "430681db399ac651e92953bb9c5fbf4ee254b69a0ff7a62f7cbe595ea8552d", RENAME_NOREPLACE) = 0
fsync(8</tmp/nia-chaos-fault-32f_dh3y/incoming>) = 0
fsync(7</tmp/nia-chaos-fault-32f_dh3y/objects/7f>) = 0
write(1<pipe:[433934]>, "ACK InRelease 7f430681db399ac651e92953bb9c5fbf4ee254b69a0ff7a62f7cbe595ea8552d\n", 79) = 79
fsync(8</tmp/nia-chaos-fault-32f_dh3y/incoming>) = 0
pread64(3</evidence/chaos/attempt-05/public-fixture/Packages>, "\3757zXZ\0\0\4\346\326\264F\2\0!\1\26\0\0\0t/\345\243\340\0\300\0\245]\0(\30Hf\333\3320\205\376\26\352\356\274IX\321\4\33l\177\314a\345:\375b)\10V\237\202V\243-\24\226s{\206\277#.n\373Uz\226\f\321"..., 65536, 0) = 232
pread64(3</evidence/chaos/attempt-05/public-fixture/Packages>, "", 65304, 232) = 0
write(7</tmp/nia-chaos-fault-32f_dh3y/incoming/499a4d4a418f637da7611c096829517a>, "\3757zXZ\0\0\4\346\326\264F\2\0!\1\26\0\0\0t/\345\243\340\0\300\0\245]\0(\30Hf\333\3320\205\376\26\352\356\274IX\321\4\33l\177\314a\345:\375b)\10V\237\202V\243-\24\226s{\206\277#.n\373Uz\226\f\321"..., 232) = 232
pread64(3</evidence/chaos/attempt-05/public-fixture/Packages>, "", 65536, 232) = 0
fsync(7</tmp/nia-chaos-fault-32f_dh3y/incoming/499a4d4a418f637da7611c096829517a>) = 0
fsync(9</tmp/nia-chaos-fault-32f_dh3y/objects>) = -1 EIO (Input/output error) (INJECTED)
write(1<pipe:[433934]>, "FAIL import-Packages INDETERMINATE\n", 35) = 35
