pread64(3</usr/lib/x86_64-linux-gnu/libc.so.6>, "\6\0\0\0\4\0\0\0@\0\0\0\0\0\0\0@\0\0\0\0\0\0\0@\0\0\0\0\0\0\0H\3\0\0\0\0\0\0H\3\0\0\0\0\0\0\10\0\0\0\0\0\0\0\3\0\0\0\4\0\0\0\240\1\36\0\0\0\0\0\240\1\36\0\0\0\0\0"..., 840, 64) = 840
pread64(3</usr/lib/x86_64-linux-gnu/libc.so.6>, "\6\0\0\0\4\0\0\0@\0\0\0\0\0\0\0@\0\0\0\0\0\0\0@\0\0\0\0\0\0\0H\3\0\0\0\0\0\0H\3\0\0\0\0\0\0\10\0\0\0\0\0\0\0\3\0\0\0\4\0\0\0\240\1\36\0\0\0\0\0\240\1\36\0\0\0\0\0"..., 840, 64) = 840
fsync(3</tmp/nia-chaos-fault-r8osf5g9>) = 0
fsync(8</tmp/nia-chaos-fault-r8osf5g9/incoming>) = 0
pread64(3</evidence/chaos/attempt-05/public-fixture/original.deb>, "!<arch>\ndebian-binary   1789004488  0     0     100644  4         `\n2.0\ncontrol."..., 65536, 0) = 848
pread64(3</evidence/chaos/attempt-05/public-fixture/original.deb>, "", 64688, 848) = 0
write(7</tmp/nia-chaos-fault-r8osf5g9/incoming/b6ab64ec6e2dce160f8b004c0e90ecfb>, "!<arch>\ndebian-binary   1789004488  0     0     100644  4         `\n2.0\ncontrol."..., 848) = 848
pread64(3</evidence/chaos/attempt-05/public-fixture/original.deb>, "", 65536, 848) = 0
fsync(7</tmp/nia-chaos-fault-r8osf5g9/incoming/b6ab64ec6e2dce160f8b004c0e90ecfb>) = 0
fsync(9</tmp/nia-chaos-fault-r8osf5g9/objects>) = 0
renameat2(8</tmp/nia-chaos-fault-r8osf5g9/incoming>, "b6ab64ec6e2dce160f8b004c0e90ecfb", 7</tmp/nia-chaos-fault-r8osf5g9/objects/ee>, "f5ba3cd50610d463567daac66c04c0295a56fda8c4dd0654b4b011edd187b0", RENAME_NOREPLACE) = 0
fsync(8</tmp/nia-chaos-fault-r8osf5g9/incoming>) = 0
fsync(7</tmp/nia-chaos-fault-r8osf5g9/objects/ee>) = 0
write(1<pipe:[429963]>, "ACK original.deb eef5ba3cd50610d463567daac66c04c0295a56fda8c4dd0654b4b011edd187b"..., 82) = 82
fsync(8</tmp/nia-chaos-fault-r8osf5g9/incoming>) = 0
pread64(3</evidence/chaos/attempt-05/public-fixture/control>, "Package: nia-test\nVersion: 1:2.0~rc1-3\nArchitecture: all\nMaintainer: Nia synthet"..., 65536, 0) = 125
pread64(3</evidence/chaos/attempt-05/public-fixture/control>, "", 65411, 125) = 0
write(7</tmp/nia-chaos-fault-r8osf5g9/incoming/efebbfc30958c194f8ae2db1aa43e35c>, "Package: nia-test\nVersion: 1:2.0~rc1-3\nArchitecture: all\nMaintainer: Nia synthet"..., 125) = 125
pread64(3</evidence/chaos/attempt-05/public-fixture/control>, "", 65536, 125) = 0
fsync(7</tmp/nia-chaos-fault-r8osf5g9/incoming/efebbfc30958c194f8ae2db1aa43e35c>) = 0
fsync(9</tmp/nia-chaos-fault-r8osf5g9/objects>) = 0
renameat2(8</tmp/nia-chaos-fault-r8osf5g9/incoming>, "efebbfc30958c194f8ae2db1aa43e35c", 7</tmp/nia-chaos-fault-r8osf5g9/objects/c1>, "5e5346c8cc38aa50241e3350fced5682318ca66d63f9ff59983cd669e03fae", RENAME_NOREPLACE) = 0
fsync(8</tmp/nia-chaos-fault-r8osf5g9/incoming>) = 0
fsync(7</tmp/nia-chaos-fault-r8osf5g9/objects/c1>) = 0
write(1<pipe:[429963]>, "ACK control c15e5346c8cc38aa50241e3350fced5682318ca66d63f9ff59983cd669e03fae\n", 77) = 77
fsync(8</tmp/nia-chaos-fault-r8osf5g9/incoming>) = 0
pread64(3</evidence/chaos/attempt-05/public-fixture/policy>, "{\"created_at\":1789004428,\"schema\":\"org.niaos.archive-supply/v1\",\"security_epoch\""..., 65536, 0) = 583
pread64(3</evidence/chaos/attempt-05/public-fixture/policy>, "", 64953, 583) = 0
write(7</tmp/nia-chaos-fault-r8osf5g9/incoming/da2c2ea7c0c86bad940f0089e32cd00a>, "{\"created_at\":1789004428,\"schema\":\"org.niaos.archive-supply/v1\",\"security_epoch\""..., 583) = 583
pread64(3</evidence/chaos/attempt-05/public-fixture/policy>, "", 65536, 583) = 0
fsync(7</tmp/nia-chaos-fault-r8osf5g9/incoming/da2c2ea7c0c86bad940f0089e32cd00a>) = 0
fsync(9</tmp/nia-chaos-fault-r8osf5g9/objects>) = 0
renameat2(8</tmp/nia-chaos-fault-r8osf5g9/incoming>, "da2c2ea7c0c86bad940f0089e32cd00a", 7</tmp/nia-chaos-fault-r8osf5g9/objects/4e>, "58b8f3ba1d4df747988f68d7fca995d8c1689eb92de8f318796ecdd1e0c638", RENAME_NOREPLACE) = 0
fsync(8</tmp/nia-chaos-fault-r8osf5g9/incoming>) = 0
fsync(7</tmp/nia-chaos-fault-r8osf5g9/objects/4e>) = 0
write(1<pipe:[429963]>, "ACK policy 4e58b8f3ba1d4df747988f68d7fca995d8c1689eb92de8f318796ecdd1e0c638\n", 76) = 76
fsync(8</tmp/nia-chaos-fault-r8osf5g9/incoming>) = -1 EIO (Input/output error) (INJECTED)
write(1<pipe:[429963]>, "FAIL import-InRelease INDETERMINATE\n", 36) = 36
