pread64(3</usr/lib/x86_64-linux-gnu/libc.so.6>, "\6\0\0\0\4\0\0\0@\0\0\0\0\0\0\0@\0\0\0\0\0\0\0@\0\0\0\0\0\0\0H\3\0\0\0\0\0\0H\3\0\0\0\0\0\0\10\0\0\0\0\0\0\0\3\0\0\0\4\0\0\0\240\1\36\0\0\0\0\0\240\1\36\0\0\0\0\0"..., 840, 64) = 840
pread64(3</usr/lib/x86_64-linux-gnu/libc.so.6>, "\6\0\0\0\4\0\0\0@\0\0\0\0\0\0\0@\0\0\0\0\0\0\0@\0\0\0\0\0\0\0H\3\0\0\0\0\0\0H\3\0\0\0\0\0\0\10\0\0\0\0\0\0\0\3\0\0\0\4\0\0\0\240\1\36\0\0\0\0\0\240\1\36\0\0\0\0\0"..., 840, 64) = 840
fsync(3</tmp/nia-chaos-fault-th7k3r1g>) = 0
fsync(8</tmp/nia-chaos-fault-th7k3r1g/incoming>) = 0
pread64(3</evidence/chaos/attempt-05/public-fixture/original.deb>, "!<arch>\ndebian-binary   1789004488  0     0     100644  4         `\n2.0\ncontrol."..., 65536, 0) = 848
pread64(3</evidence/chaos/attempt-05/public-fixture/original.deb>, "", 64688, 848) = 0
write(7</tmp/nia-chaos-fault-th7k3r1g/incoming/cf1db1169e213e1b47f7d3bcca9a1c11>, "!<arch>\ndebian-binary   1789004488  0     0     100644  4         `\n2.0\ncontrol."..., 848) = 848
pread64(3</evidence/chaos/attempt-05/public-fixture/original.deb>, "", 65536, 848) = 0
fsync(7</tmp/nia-chaos-fault-th7k3r1g/incoming/cf1db1169e213e1b47f7d3bcca9a1c11>) = 0
fsync(9</tmp/nia-chaos-fault-th7k3r1g/objects>) = 0
renameat2(8</tmp/nia-chaos-fault-th7k3r1g/incoming>, "cf1db1169e213e1b47f7d3bcca9a1c11", 7</tmp/nia-chaos-fault-th7k3r1g/objects/ee>, "f5ba3cd50610d463567daac66c04c0295a56fda8c4dd0654b4b011edd187b0", RENAME_NOREPLACE) = 0
fsync(8</tmp/nia-chaos-fault-th7k3r1g/incoming>) = 0
fsync(7</tmp/nia-chaos-fault-th7k3r1g/objects/ee>) = 0
write(1<pipe:[433924]>, "ACK original.deb eef5ba3cd50610d463567daac66c04c0295a56fda8c4dd0654b4b011edd187b"..., 82) = 82
fsync(8</tmp/nia-chaos-fault-th7k3r1g/incoming>) = 0
pread64(3</evidence/chaos/attempt-05/public-fixture/control>, "Package: nia-test\nVersion: 1:2.0~rc1-3\nArchitecture: all\nMaintainer: Nia synthet"..., 65536, 0) = 125
pread64(3</evidence/chaos/attempt-05/public-fixture/control>, "", 65411, 125) = 0
write(7</tmp/nia-chaos-fault-th7k3r1g/incoming/6b5fbfa71648da3961de074dc65463be>, "Package: nia-test\nVersion: 1:2.0~rc1-3\nArchitecture: all\nMaintainer: Nia synthet"..., 125) = 125
pread64(3</evidence/chaos/attempt-05/public-fixture/control>, "", 65536, 125) = 0
fsync(7</tmp/nia-chaos-fault-th7k3r1g/incoming/6b5fbfa71648da3961de074dc65463be>) = 0
fsync(9</tmp/nia-chaos-fault-th7k3r1g/objects>) = 0
renameat2(8</tmp/nia-chaos-fault-th7k3r1g/incoming>, "6b5fbfa71648da3961de074dc65463be", 7</tmp/nia-chaos-fault-th7k3r1g/objects/c1>, "5e5346c8cc38aa50241e3350fced5682318ca66d63f9ff59983cd669e03fae", RENAME_NOREPLACE) = 0
fsync(8</tmp/nia-chaos-fault-th7k3r1g/incoming>) = 0
fsync(7</tmp/nia-chaos-fault-th7k3r1g/objects/c1>) = 0
write(1<pipe:[433924]>, "ACK control c15e5346c8cc38aa50241e3350fced5682318ca66d63f9ff59983cd669e03fae\n", 77) = 77
fsync(8</tmp/nia-chaos-fault-th7k3r1g/incoming>) = 0
pread64(3</evidence/chaos/attempt-05/public-fixture/policy>, "{\"created_at\":1789004428,\"schema\":\"org.niaos.archive-supply/v1\",\"security_epoch\""..., 65536, 0) = 583
pread64(3</evidence/chaos/attempt-05/public-fixture/policy>, "", 64953, 583) = 0
write(7</tmp/nia-chaos-fault-th7k3r1g/incoming/bc61ff93713b28967aca99eb9bd92b31>, "{\"created_at\":1789004428,\"schema\":\"org.niaos.archive-supply/v1\",\"security_epoch\""..., 583) = 583
pread64(3</evidence/chaos/attempt-05/public-fixture/policy>, "", 65536, 583) = 0
fsync(7</tmp/nia-chaos-fault-th7k3r1g/incoming/bc61ff93713b28967aca99eb9bd92b31>) = 0
fsync(9</tmp/nia-chaos-fault-th7k3r1g/objects>) = 0
renameat2(8</tmp/nia-chaos-fault-th7k3r1g/incoming>, "bc61ff93713b28967aca99eb9bd92b31", 7</tmp/nia-chaos-fault-th7k3r1g/objects/4e>, "58b8f3ba1d4df747988f68d7fca995d8c1689eb92de8f318796ecdd1e0c638", RENAME_NOREPLACE) = 0
fsync(8</tmp/nia-chaos-fault-th7k3r1g/incoming>) = 0
fsync(7</tmp/nia-chaos-fault-th7k3r1g/objects/4e>) = ?
+++ killed by SIGKILL +++
