Running as unit: run-p51750-i52050.scope; invocation ID: 31a7f97e0dce446dbd287b5402bf3fd8
limited-exec: {"scope": "run-p51750-i52050.scope", "kernel_limits": {"memory.max": "3221225472", "memory.swap.max": "0", "cpu.max": "100000 100000", "pids.max": "128"}}
Setup
   [mkdir]        object directory for project Tests
   [mkdir]        exec directory for project Tests
Compile
   [Ada]          run_generation_stage_tests.adb
   [Ada]          run_generation_publication_tests.adb
   [C]            pkg_deb_stream.c
   [C]            pkg_deb_decode.c
   [Ada]          mc_atomic.adb
   [Ada]          mc_clock.adb
   [Ada]          mc_codec.adb
   [Ada]          mc_dirents.adb
   [Ada]          mc_fs.adb
   [Ada]          mc_hex.adb
   [Ada]          mc_log.adb
   [Ada]          mc_log_format.adb
   [Ada]          mc_posix.ads
   [Ada]          mc_runtime.adb
   [Ada]          mc_sha256.adb
   [Ada]          mc_store.adb
   [Ada]          mc_text.adb
   [Ada]          mc_types.adb
   [Ada]          pkg_file_engine.adb
   [Ada]          pkg_file_plan.adb
   [Ada]          pkg_file_replay.adb
   [Ada]          pkg_generation_manifest.adb
   [Ada]          pkg_generation_stage.adb
   [Ada]          pkg_image_inspector.adb
   [Ada]          pkg_recovery_audit.adb
   [Ada]          pkg_root_state.adb
   [Ada]          test_support.adb
   [Ada]          mc_config_auth.adb
   [Ada]          mc_config_receipt.adb
   [Ada]          mc_contract_profile.ads
   [Ada]          mc_stop_barrier.adb
   [Ada]          pkg_catalog_retention.adb
   [Ada]          pkg_catalog_store.adb
   [Ada]          pkg_configuration_engine.adb
   [Ada]          pkg_deb_final_set.adb
   [Ada]          pkg_deb_metadata.adb
   [Ada]          pkg_deb_payload.adb
   [Ada]          pkg_deb_transition.adb
   [Ada]          pkg_generation_descriptor.adb
   [Ada]          pkg_generation_intent.adb
pkg_generation_intent.adb:174:69: error: operator for type "Interfaces.Unsigned_32" is not directly visible
pkg_generation_intent.adb:174:69: error: use clause would make operation legal
gprbuild: *** compilation phase failed
Traceback (most recent call last):
  File "/evidence/run-debug.py", line 3, in <module>
    subprocess.run(['gprbuild', '-s', '-j1', '-p', '-P', 'tests.gpr', 'run_generation_stage_tests.adb', 'run_generation_publication_tests.adb'], check=True)
    ~~~~~~~~~~~~~~^^^^^^^^^^^^^^^^^^^^^^^^^^^^^^^^^^^^^^^^^^^^^^^^^^^^^^^^^^^^^^^^^^^^^^^^^^^^^^^^^^^^^^^^^^^^^^^^^^^^^^^^^^^^^^^^^^^^^^^^^^^^^^^^^^^^^^^^^^
  File "/usr/lib/python3.13/subprocess.py", line 577, in run
    raise CalledProcessError(retcode, process.args,
                             output=stdout, stderr=stderr)
subprocess.CalledProcessError: Command '['gprbuild', '-s', '-j1', '-p', '-P', 'tests.gpr', 'run_generation_stage_tests.adb', 'run_generation_publication_tests.adb']' returned non-zero exit status 4.
