Running as unit: run-p54039-i54339.scope; invocation ID: ab62788b9ead4f52a2abe2ba94aa8e4e
limited-exec: {"scope": "run-p54039-i54339.scope", "kernel_limits": {"memory.max": "3221225472", "memory.swap.max": "0", "cpu.max": "100000 100000", "pids.max": "128"}}
Setup
   [mkdir]        object directory for project Tests
   [mkdir]        exec directory for project Tests
Compile
   [Ada]          run_generation_stage_tests.adb
   [Ada]          run_generation_publication_tests.adb
   [C]            pkg_deb_stream.c
   [C]            pkg_deb_decode.c
   [Ada]          mc_atomic.adb
   [Ada]          mc_clock.adb
   [Ada]          mc_codec.adb
   [Ada]          mc_dirents.adb
   [Ada]          mc_fs.adb
   [Ada]          mc_hex.adb
   [Ada]          mc_log.adb
   [Ada]          mc_log_format.adb
   [Ada]          mc_posix.ads
   [Ada]          mc_runtime.adb
   [Ada]          mc_sha256.adb
   [Ada]          mc_store.adb
   [Ada]          mc_text.adb
   [Ada]          mc_types.adb
   [Ada]          pkg_file_engine.adb
   [Ada]          pkg_file_plan.adb
   [Ada]          pkg_file_replay.adb
   [Ada]          pkg_generation_manifest.adb
   [Ada]          pkg_generation_stage.adb
   [Ada]          pkg_image_inspector.adb
   [Ada]          pkg_recovery_audit.adb
   [Ada]          pkg_root_state.adb
   [Ada]          test_support.adb
   [Ada]          mc_config_auth.adb
   [Ada]          mc_config_receipt.adb
   [Ada]          mc_contract_profile.ads
   [Ada]          mc_stop_barrier.adb
   [Ada]          pkg_catalog_retention.adb
   [Ada]          pkg_catalog_store.adb
   [Ada]          pkg_configuration_engine.adb
   [Ada]          pkg_deb_final_set.adb
   [Ada]          pkg_deb_metadata.adb
   [Ada]          pkg_deb_payload.adb
   [Ada]          pkg_deb_transition.adb
   [Ada]          pkg_generation_descriptor.adb
   [Ada]          pkg_generation_intent.adb
   [Ada]          pkg_generation_publisher.adb
   [Ada]          pkg_managed_engine.adb
   [Ada]          pkg_payload_index.adb
   [Ada]          pkg_quiescent_engine.adb
   [Ada]          pkg_resolution_engine.adb
   [Ada]          pkg_selected_catalog.adb
   [Ada]          resolver_admission.adb
   [Ada]          resolver_model.adb
   [Ada]          resolver_verify.adb
   [Ada]          resolver_wire.adb
   [Ada]          mc_kernel_read.adb
   [Ada]          mc_paths.adb
   [Ada]          mc_journal_budget.ads
   [Ada]          mc_authentic.adb
   [Ada]          mc_signatures.adb
   [Ada]          mc_time_guard.adb
   [Ada]          pkg_deb_container.adb
   [Ada]          pkg_deb_control.adb
   [Ada]          pkg_deb_semantics.adb
   [Ada]          pkg_deb_versions.adb
   [Ada]          pkg_deb_relations.adb
   [Ada]          pkg_deb_fields.adb
   [Ada]          pkg_deb_data_stream.adb
   [Ada]          pkg_tar_framing.adb
   [Ada]          mc_protocol.adb
Bind
   [gprbind]      run_generation_stage_tests.bexch
   [Ada]          run_generation_stage_tests.ali
   [gprbind]      run_generation_publication_tests.bexch
   [Ada]          run_generation_publication_tests.ali
Link
   [archive]      libtests.a
   [index]        libtests.a
   [link]         run_generation_stage_tests.adb
   [link]         run_generation_publication_tests.adb
PASS assertions= 1202
RETENTION_MISSING 0 32094e7c613fdb6dffb1f27d926b176f7fd8946b8c2cf3ca9e3b95cb91a1a8ca IO_ERROR
RETENTION_MISSING 0 0ca179e6befeb761f3613f1ef57ca892ebc3a6a228dca32f1309f0ac06a7de7e IO_ERROR
RETENTION_MISSING 0 4a36f6eb7c1b236ab6cb28ddb882919e888bf393dfc00d93008ad6730697f8f7 IO_ERROR
RETENTION_MISSING 0 84ff92691f909a05b224e1c56abb4864f01b4f8e3c854e4bb4c7baf1d3f6d652 IO_ERROR
RETENTION_MISSING 0 8ee688345e1d9502ee8cd7277a453c30bfb77b947201beb3300e9df2b8ca321d IO_ERROR
RETENTION_MISSING 0 a31a856f430af395bccd7eb2f142b11ad3ae0fc5daf3acc4ffb341c48a5abd39 IO_ERROR
RETENTION_MISSING 0 38c0e841345eeb0948445869eb5553bb39ebf66c24fe6fa00123868f32600451 IO_ERROR
RETENTION_MISSING 1 32094e7c613fdb6dffb1f27d926b176f7fd8946b8c2cf3ca9e3b95cb91a1a8ca IO_ERROR
RETENTION_MISSING 1 0ca179e6befeb761f3613f1ef57ca892ebc3a6a228dca32f1309f0ac06a7de7e IO_ERROR
RETENTION_MISSING 1 4a36f6eb7c1b236ab6cb28ddb882919e888bf393dfc00d93008ad6730697f8f7 IO_ERROR
RETENTION_MISSING 1 84ff92691f909a05b224e1c56abb4864f01b4f8e3c854e4bb4c7baf1d3f6d652 IO_ERROR
RETENTION_MISSING 1 8ee688345e1d9502ee8cd7277a453c30bfb77b947201beb3300e9df2b8ca321d IO_ERROR
RETENTION_MISSING 1 a31a856f430af395bccd7eb2f142b11ad3ae0fc5daf3acc4ffb341c48a5abd39 IO_ERROR
RETENTION_MISSING 1 38c0e841345eeb0948445869eb5553bb39ebf66c24fe6fa00123868f32600451 IO_ERROR
RETENTION_MISSING 2 32094e7c613fdb6dffb1f27d926b176f7fd8946b8c2cf3ca9e3b95cb91a1a8ca IO_ERROR
RETENTION_MISSING 2 0ca179e6befeb761f3613f1ef57ca892ebc3a6a228dca32f1309f0ac06a7de7e IO_ERROR
RETENTION_MISSING 2 4a36f6eb7c1b236ab6cb28ddb882919e888bf393dfc00d93008ad6730697f8f7 IO_ERROR
RETENTION_MISSING 2 84ff92691f909a05b224e1c56abb4864f01b4f8e3c854e4bb4c7baf1d3f6d652 IO_ERROR
RETENTION_MISSING 2 8ee688345e1d9502ee8cd7277a453c30bfb77b947201beb3300e9df2b8ca321d IO_ERROR
RETENTION_MISSING 2 a31a856f430af395bccd7eb2f142b11ad3ae0fc5daf3acc4ffb341c48a5abd39 IO_ERROR
RETENTION_MISSING 2 38c0e841345eeb0948445869eb5553bb39ebf66c24fe6fa00123868f32600451 IO_ERROR
RETENTION_MISSING 3 32094e7c613fdb6dffb1f27d926b176f7fd8946b8c2cf3ca9e3b95cb91a1a8ca IO_ERROR
RETENTION_MISSING 3 0ca179e6befeb761f3613f1ef57ca892ebc3a6a228dca32f1309f0ac06a7de7e IO_ERROR
RETENTION_MISSING 3 4a36f6eb7c1b236ab6cb28ddb882919e888bf393dfc00d93008ad6730697f8f7 IO_ERROR
RETENTION_MISSING 3 84ff92691f909a05b224e1c56abb4864f01b4f8e3c854e4bb4c7baf1d3f6d652 IO_ERROR
RETENTION_MISSING 3 8ee688345e1d9502ee8cd7277a453c30bfb77b947201beb3300e9df2b8ca321d IO_ERROR
RETENTION_MISSING 3 a31a856f430af395bccd7eb2f142b11ad3ae0fc5daf3acc4ffb341c48a5abd39 IO_ERROR
RETENTION_MISSING 3 38c0e841345eeb0948445869eb5553bb39ebf66c24fe6fa00123868f32600451 IO_ERROR
RETENTION_CALLBACK FALSE STALE 1
RETENTION_CALLBACK TRUE STALE 8
CURRENT_CATALOG 07890c9aaad34a289a37a9b03643b4a60976d69365f976d654660e82df34d15f 1 8ee688345e1d9502ee8cd7277a453c30bfb77b947201beb3300e9df2b8ca321d bbe3e16236d9244db7e5c0b2a9c2c61766b8a921d8b097fcd370e77f152ed931 1 0
CURRENT_UPDATE 07890c9aaad34a289a37a9b03643b4a60976d69365f976d654660e82df34d15f 8ee688345e1d9502ee8cd7277a453c30bfb77b947201beb3300e9df2b8ca321d 8ee688345e1d9502ee8cd7277a453c30bfb77b947201beb3300e9df2b8ca321d 32094e7c613fdb6dffb1f27d926b176f7fd8946b8c2cf3ca9e3b95cb91a1a8ca b9162fac3040f7a74556649c3a0f28fef050217aa538f60698b0e42f9edf1ae4 4b8236c7dbdfc2fd62af33fa88db1c2d11f30b7a2be46315402e8a4e6bd2d464 f4dda59d2e010df668681c50bbd5d4184687b203e07881217a3082626a43fd8c 0
RETENTION_MISSING 0 a5b3afc2f4d82a51c9070cd565e93157c01851437d5dc961cac026a8af381932 IO_ERROR
RETENTION_MISSING 0 0e0f3577d1df0bf203fb665e643b6c04d4db1c4ffddfbdcc652b5e1fd03b8629 IO_ERROR
RETENTION_MISSING 0 2a1d46295ebe0f1f8c3b2349fc03cca0b7e39da35776797ef52d2847ae7c6062 IO_ERROR
RETENTION_MISSING 0 7fef9479c8bc5a3c86891cb82969cbf2ffc73c7350366c82286345d8292eebf5 IO_ERROR
RETENTION_MISSING 0 96a296d224f285c67bee93c30f8a309157f0daa35dc5b87e410b78630a09cfc7 IO_ERROR
RETENTION_MISSING 0 b15dc9400dd6a95e2b6897e51acc1b4962b94c309f90e8c0ed35b627cf6f155c IO_ERROR
RETENTION_MISSING 0 eaa6a97798ac2f5e7b073ba6c19835d2dc29ce713cc34904872ba9210a5b0c0e IO_ERROR
RETENTION_MISSING 0 faf57debc844081e32dc6dc651405e5ee2bc49a549d31f744c91fd641b711cc7 IO_ERROR
RETENTION_MISSING 0 55bfc021f70d2fcf75ac72f9a0ecbcc0a9e908bd9665b6a84c0874bf15930135 IO_ERROR
CURRENT_UPDATE 07890c9aaad34a289a37a9b03643b4a60976d69365f976d654660e82df34d15f 8ee688345e1d9502ee8cd7277a453c30bfb77b947201beb3300e9df2b8ca321d eaa6a97798ac2f5e7b073ba6c19835d2dc29ce713cc34904872ba9210a5b0c0e a5b3afc2f4d82a51c9070cd565e93157c01851437d5dc961cac026a8af381932 668f299123e5ef155e89774af37b96a92e0b32f138dcacab024b718a6e9dc050 c8f2528b5b4632fe869634200b68eb714d551466b3382680c5ad63243082a480 113b561addaf359b5421ee154cc6262a1864443e784b45136e97a229e6c7f7ed 2
CURRENT_UPDATE_CHANGE 113b561addaf359b5421ee154cc6262a1864443e784b45136e97a229e6c7f7ed 1 ADDED consumer all - 1:2.0-1 0000000000000000000000000000000000000000000000000000000000000000 0e0f3577d1df0bf203fb665e643b6c04d4db1c4ffddfbdcc652b5e1fd03b8629
CURRENT_UPDATE_CHANGE 113b561addaf359b5421ee154cc6262a1864443e784b45136e97a229e6c7f7ed 2 REMOVED empty-package all 1 - 0ca179e6befeb761f3613f1ef57ca892ebc3a6a228dca32f1309f0ac06a7de7e 0000000000000000000000000000000000000000000000000000000000000000
UPDATE_MISSING a5b3afc2f4d82a51c9070cd565e93157c01851437d5dc961cac026a8af381932 IO_ERROR
UPDATE_MISSING 0e0f3577d1df0bf203fb665e643b6c04d4db1c4ffddfbdcc652b5e1fd03b8629 IO_ERROR
UPDATE_MISSING 2a1d46295ebe0f1f8c3b2349fc03cca0b7e39da35776797ef52d2847ae7c6062 IO_ERROR
UPDATE_MISSING 7fef9479c8bc5a3c86891cb82969cbf2ffc73c7350366c82286345d8292eebf5 IO_ERROR
UPDATE_MISSING 96a296d224f285c67bee93c30f8a309157f0daa35dc5b87e410b78630a09cfc7 IO_ERROR
UPDATE_MISSING b15dc9400dd6a95e2b6897e51acc1b4962b94c309f90e8c0ed35b627cf6f155c IO_ERROR
UPDATE_MISSING eaa6a97798ac2f5e7b073ba6c19835d2dc29ce713cc34904872ba9210a5b0c0e IO_ERROR
UPDATE_MISSING faf57debc844081e32dc6dc651405e5ee2bc49a549d31f744c91fd641b711cc7 IO_ERROR
RETENTION_MISSING 1 a5b3afc2f4d82a51c9070cd565e93157c01851437d5dc961cac026a8af381932 IO_ERROR
RETENTION_MISSING 1 0e0f3577d1df0bf203fb665e643b6c04d4db1c4ffddfbdcc652b5e1fd03b8629 IO_ERROR
RETENTION_MISSING 1 2a1d46295ebe0f1f8c3b2349fc03cca0b7e39da35776797ef52d2847ae7c6062 IO_ERROR
RETENTION_MISSING 1 7fef9479c8bc5a3c86891cb82969cbf2ffc73c7350366c82286345d8292eebf5 IO_ERROR
RETENTION_MISSING 1 96a296d224f285c67bee93c30f8a309157f0daa35dc5b87e410b78630a09cfc7 IO_ERROR
RETENTION_MISSING 1 b15dc9400dd6a95e2b6897e51acc1b4962b94c309f90e8c0ed35b627cf6f155c IO_ERROR
RETENTION_MISSING 1 eaa6a97798ac2f5e7b073ba6c19835d2dc29ce713cc34904872ba9210a5b0c0e IO_ERROR
RETENTION_MISSING 1 faf57debc844081e32dc6dc651405e5ee2bc49a549d31f744c91fd641b711cc7 IO_ERROR
RETENTION_MISSING 1 55bfc021f70d2fcf75ac72f9a0ecbcc0a9e908bd9665b6a84c0874bf15930135 IO_ERROR
RETENTION_MISSING 2 a5b3afc2f4d82a51c9070cd565e93157c01851437d5dc961cac026a8af381932 IO_ERROR
RETENTION_MISSING 2 0e0f3577d1df0bf203fb665e643b6c04d4db1c4ffddfbdcc652b5e1fd03b8629 IO_ERROR
RETENTION_MISSING 2 2a1d46295ebe0f1f8c3b2349fc03cca0b7e39da35776797ef52d2847ae7c6062 IO_ERROR
RETENTION_MISSING 2 7fef9479c8bc5a3c86891cb82969cbf2ffc73c7350366c82286345d8292eebf5 IO_ERROR
RETENTION_MISSING 2 96a296d224f285c67bee93c30f8a309157f0daa35dc5b87e410b78630a09cfc7 IO_ERROR
RETENTION_MISSING 2 b15dc9400dd6a95e2b6897e51acc1b4962b94c309f90e8c0ed35b627cf6f155c IO_ERROR
RETENTION_MISSING 2 eaa6a97798ac2f5e7b073ba6c19835d2dc29ce713cc34904872ba9210a5b0c0e IO_ERROR
RETENTION_MISSING 2 faf57debc844081e32dc6dc651405e5ee2bc49a549d31f744c91fd641b711cc7 IO_ERROR
RETENTION_MISSING 2 55bfc021f70d2fcf75ac72f9a0ecbcc0a9e908bd9665b6a84c0874bf15930135 IO_ERROR
RETENTION_MISSING 3 a5b3afc2f4d82a51c9070cd565e93157c01851437d5dc961cac026a8af381932 IO_ERROR
RETENTION_MISSING 3 0e0f3577d1df0bf203fb665e643b6c04d4db1c4ffddfbdcc652b5e1fd03b8629 IO_ERROR
RETENTION_MISSING 3 2a1d46295ebe0f1f8c3b2349fc03cca0b7e39da35776797ef52d2847ae7c6062 IO_ERROR
RETENTION_MISSING 3 7fef9479c8bc5a3c86891cb82969cbf2ffc73c7350366c82286345d8292eebf5 IO_ERROR
RETENTION_MISSING 3 96a296d224f285c67bee93c30f8a309157f0daa35dc5b87e410b78630a09cfc7 IO_ERROR
RETENTION_MISSING 3 b15dc9400dd6a95e2b6897e51acc1b4962b94c309f90e8c0ed35b627cf6f155c IO_ERROR
RETENTION_MISSING 3 eaa6a97798ac2f5e7b073ba6c19835d2dc29ce713cc34904872ba9210a5b0c0e IO_ERROR
RETENTION_MISSING 3 faf57debc844081e32dc6dc651405e5ee2bc49a549d31f744c91fd641b711cc7 IO_ERROR
RETENTION_MISSING 3 55bfc021f70d2fcf75ac72f9a0ecbcc0a9e908bd9665b6a84c0874bf15930135 IO_ERROR
CURRENT_CATALOG a8878ff2b591dd2c55f3ff29bee3e1362f3504265d375a6a5ed56e628fab4d03 2 eaa6a97798ac2f5e7b073ba6c19835d2dc29ce713cc34904872ba9210a5b0c0e 78e9ba0b5027271e174c089389b3f35aba833406970e9742d2eb66be6411c139 1 1
CURRENT_UPDATE a8878ff2b591dd2c55f3ff29bee3e1362f3504265d375a6a5ed56e628fab4d03 eaa6a97798ac2f5e7b073ba6c19835d2dc29ce713cc34904872ba9210a5b0c0e eaa6a97798ac2f5e7b073ba6c19835d2dc29ce713cc34904872ba9210a5b0c0e a5b3afc2f4d82a51c9070cd565e93157c01851437d5dc961cac026a8af381932 668f299123e5ef155e89774af37b96a92e0b32f138dcacab024b718a6e9dc050 94321c59989ea34c8093703414b2e5f6e32eab7ff8f3ee388cbf7f154ee7a2bd 068a9e2a7ff3be5c5decf0f20b02f11eae90fef01538874a8ccf7cb007a46ce8 0
CURRENT_UPDATE a8878ff2b591dd2c55f3ff29bee3e1362f3504265d375a6a5ed56e628fab4d03 eaa6a97798ac2f5e7b073ba6c19835d2dc29ce713cc34904872ba9210a5b0c0e 8ee688345e1d9502ee8cd7277a453c30bfb77b947201beb3300e9df2b8ca321d 32094e7c613fdb6dffb1f27d926b176f7fd8946b8c2cf3ca9e3b95cb91a1a8ca b9162fac3040f7a74556649c3a0f28fef050217aa538f60698b0e42f9edf1ae4 72f90f4b29a64b32285da5e4307e2fc01bf234a4584b305b06a594299dd48ecd 67c5b8bd2b133c4f86b904a8481cf3f90e9e9821e4076cffa2f655f60fa67d3b 2
CURRENT_UPDATE_CHANGE 67c5b8bd2b133c4f86b904a8481cf3f90e9e9821e4076cffa2f655f60fa67d3b 1 REMOVED consumer all 1:2.0-1 - 0e0f3577d1df0bf203fb665e643b6c04d4db1c4ffddfbdcc652b5e1fd03b8629 0000000000000000000000000000000000000000000000000000000000000000
CURRENT_UPDATE_CHANGE 67c5b8bd2b133c4f86b904a8481cf3f90e9e9821e4076cffa2f655f60fa67d3b 2 ADDED empty-package all - 1 0000000000000000000000000000000000000000000000000000000000000000 0ca179e6befeb761f3613f1ef57ca892ebc3a6a228dca32f1309f0ac06a7de7e
CURRENT_CATALOG a8878ff2b591dd2c55f3ff29bee3e1362f3504265d375a6a5ed56e628fab4d03 2 eaa6a97798ac2f5e7b073ba6c19835d2dc29ce713cc34904872ba9210a5b0c0e 78e9ba0b5027271e174c089389b3f35aba833406970e9742d2eb66be6411c139 1 1
CURRENT_UPDATE a8878ff2b591dd2c55f3ff29bee3e1362f3504265d375a6a5ed56e628fab4d03 eaa6a97798ac2f5e7b073ba6c19835d2dc29ce713cc34904872ba9210a5b0c0e eaa6a97798ac2f5e7b073ba6c19835d2dc29ce713cc34904872ba9210a5b0c0e a5b3afc2f4d82a51c9070cd565e93157c01851437d5dc961cac026a8af381932 668f299123e5ef155e89774af37b96a92e0b32f138dcacab024b718a6e9dc050 94321c59989ea34c8093703414b2e5f6e32eab7ff8f3ee388cbf7f154ee7a2bd 068a9e2a7ff3be5c5decf0f20b02f11eae90fef01538874a8ccf7cb007a46ce8 0
CURRENT_CATALOG a8878ff2b591dd2c55f3ff29bee3e1362f3504265d375a6a5ed56e628fab4d03 2 eaa6a97798ac2f5e7b073ba6c19835d2dc29ce713cc34904872ba9210a5b0c0e 78e9ba0b5027271e174c089389b3f35aba833406970e9742d2eb66be6411c139 1 1
CURRENT_UPDATE a8878ff2b591dd2c55f3ff29bee3e1362f3504265d375a6a5ed56e628fab4d03 eaa6a97798ac2f5e7b073ba6c19835d2dc29ce713cc34904872ba9210a5b0c0e eaa6a97798ac2f5e7b073ba6c19835d2dc29ce713cc34904872ba9210a5b0c0e a5b3afc2f4d82a51c9070cd565e93157c01851437d5dc961cac026a8af381932 668f299123e5ef155e89774af37b96a92e0b32f138dcacab024b718a6e9dc050 94321c59989ea34c8093703414b2e5f6e32eab7ff8f3ee388cbf7f154ee7a2bd 068a9e2a7ff3be5c5decf0f20b02f11eae90fef01538874a8ccf7cb007a46ce8 0
CURRENT_CATALOG a8878ff2b591dd2c55f3ff29bee3e1362f3504265d375a6a5ed56e628fab4d03 2 eaa6a97798ac2f5e7b073ba6c19835d2dc29ce713cc34904872ba9210a5b0c0e 78e9ba0b5027271e174c089389b3f35aba833406970e9742d2eb66be6411c139 1 1
CURRENT_UPDATE a8878ff2b591dd2c55f3ff29bee3e1362f3504265d375a6a5ed56e628fab4d03 eaa6a97798ac2f5e7b073ba6c19835d2dc29ce713cc34904872ba9210a5b0c0e eaa6a97798ac2f5e7b073ba6c19835d2dc29ce713cc34904872ba9210a5b0c0e a5b3afc2f4d82a51c9070cd565e93157c01851437d5dc961cac026a8af381932 668f299123e5ef155e89774af37b96a92e0b32f138dcacab024b718a6e9dc050 94321c59989ea34c8093703414b2e5f6e32eab7ff8f3ee388cbf7f154ee7a2bd 068a9e2a7ff3be5c5decf0f20b02f11eae90fef01538874a8ccf7cb007a46ce8 0
CURRENT_CATALOG a8878ff2b591dd2c55f3ff29bee3e1362f3504265d375a6a5ed56e628fab4d03 2 eaa6a97798ac2f5e7b073ba6c19835d2dc29ce713cc34904872ba9210a5b0c0e 78e9ba0b5027271e174c089389b3f35aba833406970e9742d2eb66be6411c139 1 1
CURRENT_UPDATE a8878ff2b591dd2c55f3ff29bee3e1362f3504265d375a6a5ed56e628fab4d03 eaa6a97798ac2f5e7b073ba6c19835d2dc29ce713cc34904872ba9210a5b0c0e eaa6a97798ac2f5e7b073ba6c19835d2dc29ce713cc34904872ba9210a5b0c0e a5b3afc2f4d82a51c9070cd565e93157c01851437d5dc961cac026a8af381932 668f299123e5ef155e89774af37b96a92e0b32f138dcacab024b718a6e9dc050 94321c59989ea34c8093703414b2e5f6e32eab7ff8f3ee388cbf7f154ee7a2bd 068a9e2a7ff3be5c5decf0f20b02f11eae90fef01538874a8ccf7cb007a46ce8 0
RETENTION_MISSING 4 a5b3afc2f4d82a51c9070cd565e93157c01851437d5dc961cac026a8af381932 IO_ERROR
RETENTION_MISSING 4 0e0f3577d1df0bf203fb665e643b6c04d4db1c4ffddfbdcc652b5e1fd03b8629 IO_ERROR
RETENTION_MISSING 4 2a1d46295ebe0f1f8c3b2349fc03cca0b7e39da35776797ef52d2847ae7c6062 IO_ERROR
RETENTION_MISSING 4 7fef9479c8bc5a3c86891cb82969cbf2ffc73c7350366c82286345d8292eebf5 IO_ERROR
RETENTION_MISSING 4 96a296d224f285c67bee93c30f8a309157f0daa35dc5b87e410b78630a09cfc7 IO_ERROR
RETENTION_MISSING 4 b15dc9400dd6a95e2b6897e51acc1b4962b94c309f90e8c0ed35b627cf6f155c IO_ERROR
RETENTION_MISSING 4 eaa6a97798ac2f5e7b073ba6c19835d2dc29ce713cc34904872ba9210a5b0c0e IO_ERROR
RETENTION_MISSING 4 faf57debc844081e32dc6dc651405e5ee2bc49a549d31f744c91fd641b711cc7 IO_ERROR
RETENTION_MISSING 4 55bfc021f70d2fcf75ac72f9a0ecbcc0a9e908bd9665b6a84c0874bf15930135 IO_ERROR
CURRENT_CATALOG a8878ff2b591dd2c55f3ff29bee3e1362f3504265d375a6a5ed56e628fab4d03 2 eaa6a97798ac2f5e7b073ba6c19835d2dc29ce713cc34904872ba9210a5b0c0e 78e9ba0b5027271e174c089389b3f35aba833406970e9742d2eb66be6411c139 1 1
CURRENT_UPDATE a8878ff2b591dd2c55f3ff29bee3e1362f3504265d375a6a5ed56e628fab4d03 eaa6a97798ac2f5e7b073ba6c19835d2dc29ce713cc34904872ba9210a5b0c0e eaa6a97798ac2f5e7b073ba6c19835d2dc29ce713cc34904872ba9210a5b0c0e a5b3afc2f4d82a51c9070cd565e93157c01851437d5dc961cac026a8af381932 668f299123e5ef155e89774af37b96a92e0b32f138dcacab024b718a6e9dc050 94321c59989ea34c8093703414b2e5f6e32eab7ff8f3ee388cbf7f154ee7a2bd 068a9e2a7ff3be5c5decf0f20b02f11eae90fef01538874a8ccf7cb007a46ce8 0
CURRENT_CATALOG a8878ff2b591dd2c55f3ff29bee3e1362f3504265d375a6a5ed56e628fab4d03 2 eaa6a97798ac2f5e7b073ba6c19835d2dc29ce713cc34904872ba9210a5b0c0e 78e9ba0b5027271e174c089389b3f35aba833406970e9742d2eb66be6411c139 1 1
CURRENT_UPDATE a8878ff2b591dd2c55f3ff29bee3e1362f3504265d375a6a5ed56e628fab4d03 eaa6a97798ac2f5e7b073ba6c19835d2dc29ce713cc34904872ba9210a5b0c0e eaa6a97798ac2f5e7b073ba6c19835d2dc29ce713cc34904872ba9210a5b0c0e a5b3afc2f4d82a51c9070cd565e93157c01851437d5dc961cac026a8af381932 668f299123e5ef155e89774af37b96a92e0b32f138dcacab024b718a6e9dc050 94321c59989ea34c8093703414b2e5f6e32eab7ff8f3ee388cbf7f154ee7a2bd 068a9e2a7ff3be5c5decf0f20b02f11eae90fef01538874a8ccf7cb007a46ce8 0
CURRENT_CATALOG a8878ff2b591dd2c55f3ff29bee3e1362f3504265d375a6a5ed56e628fab4d03 2 eaa6a97798ac2f5e7b073ba6c19835d2dc29ce713cc34904872ba9210a5b0c0e 78e9ba0b5027271e174c089389b3f35aba833406970e9742d2eb66be6411c139 1 1
CURRENT_UPDATE a8878ff2b591dd2c55f3ff29bee3e1362f3504265d375a6a5ed56e628fab4d03 eaa6a97798ac2f5e7b073ba6c19835d2dc29ce713cc34904872ba9210a5b0c0e eaa6a97798ac2f5e7b073ba6c19835d2dc29ce713cc34904872ba9210a5b0c0e a5b3afc2f4d82a51c9070cd565e93157c01851437d5dc961cac026a8af381932 668f299123e5ef155e89774af37b96a92e0b32f138dcacab024b718a6e9dc050 94321c59989ea34c8093703414b2e5f6e32eab7ff8f3ee388cbf7f154ee7a2bd 068a9e2a7ff3be5c5decf0f20b02f11eae90fef01538874a8ccf7cb007a46ce8 0
CURRENT_CATALOG a8878ff2b591dd2c55f3ff29bee3e1362f3504265d375a6a5ed56e628fab4d03 2 eaa6a97798ac2f5e7b073ba6c19835d2dc29ce713cc34904872ba9210a5b0c0e 78e9ba0b5027271e174c089389b3f35aba833406970e9742d2eb66be6411c139 1 1
CURRENT_UPDATE a8878ff2b591dd2c55f3ff29bee3e1362f3504265d375a6a5ed56e628fab4d03 eaa6a97798ac2f5e7b073ba6c19835d2dc29ce713cc34904872ba9210a5b0c0e eaa6a97798ac2f5e7b073ba6c19835d2dc29ce713cc34904872ba9210a5b0c0e a5b3afc2f4d82a51c9070cd565e93157c01851437d5dc961cac026a8af381932 668f299123e5ef155e89774af37b96a92e0b32f138dcacab024b718a6e9dc050 94321c59989ea34c8093703414b2e5f6e32eab7ff8f3ee388cbf7f154ee7a2bd 068a9e2a7ff3be5c5decf0f20b02f11eae90fef01538874a8ccf7cb007a46ce8 0
CURRENT_CATALOG a8878ff2b591dd2c55f3ff29bee3e1362f3504265d375a6a5ed56e628fab4d03 2 eaa6a97798ac2f5e7b073ba6c19835d2dc29ce713cc34904872ba9210a5b0c0e 78e9ba0b5027271e174c089389b3f35aba833406970e9742d2eb66be6411c139 1 1
CURRENT_UPDATE a8878ff2b591dd2c55f3ff29bee3e1362f3504265d375a6a5ed56e628fab4d03 eaa6a97798ac2f5e7b073ba6c19835d2dc29ce713cc34904872ba9210a5b0c0e eaa6a97798ac2f5e7b073ba6c19835d2dc29ce713cc34904872ba9210a5b0c0e a5b3afc2f4d82a51c9070cd565e93157c01851437d5dc961cac026a8af381932 668f299123e5ef155e89774af37b96a92e0b32f138dcacab024b718a6e9dc050 94321c59989ea34c8093703414b2e5f6e32eab7ff8f3ee388cbf7f154ee7a2bd 068a9e2a7ff3be5c5decf0f20b02f11eae90fef01538874a8ccf7cb007a46ce8 0
CURRENT_CATALOG a8878ff2b591dd2c55f3ff29bee3e1362f3504265d375a6a5ed56e628fab4d03 2 eaa6a97798ac2f5e7b073ba6c19835d2dc29ce713cc34904872ba9210a5b0c0e 78e9ba0b5027271e174c089389b3f35aba833406970e9742d2eb66be6411c139 1 1
CURRENT_UPDATE a8878ff2b591dd2c55f3ff29bee3e1362f3504265d375a6a5ed56e628fab4d03 eaa6a97798ac2f5e7b073ba6c19835d2dc29ce713cc34904872ba9210a5b0c0e eaa6a97798ac2f5e7b073ba6c19835d2dc29ce713cc34904872ba9210a5b0c0e a5b3afc2f4d82a51c9070cd565e93157c01851437d5dc961cac026a8af381932 668f299123e5ef155e89774af37b96a92e0b32f138dcacab024b718a6e9dc050 94321c59989ea34c8093703414b2e5f6e32eab7ff8f3ee388cbf7f154ee7a2bd 068a9e2a7ff3be5c5decf0f20b02f11eae90fef01538874a8ccf7cb007a46ce8 0
CURRENT_CATALOG a8878ff2b591dd2c55f3ff29bee3e1362f3504265d375a6a5ed56e628fab4d03 2 eaa6a97798ac2f5e7b073ba6c19835d2dc29ce713cc34904872ba9210a5b0c0e 78e9ba0b5027271e174c089389b3f35aba833406970e9742d2eb66be6411c139 1 1
CURRENT_UPDATE a8878ff2b591dd2c55f3ff29bee3e1362f3504265d375a6a5ed56e628fab4d03 eaa6a97798ac2f5e7b073ba6c19835d2dc29ce713cc34904872ba9210a5b0c0e eaa6a97798ac2f5e7b073ba6c19835d2dc29ce713cc34904872ba9210a5b0c0e a5b3afc2f4d82a51c9070cd565e93157c01851437d5dc961cac026a8af381932 668f299123e5ef155e89774af37b96a92e0b32f138dcacab024b718a6e9dc050 94321c59989ea34c8093703414b2e5f6e32eab7ff8f3ee388cbf7f154ee7a2bd 068a9e2a7ff3be5c5decf0f20b02f11eae90fef01538874a8ccf7cb007a46ce8 0
CURRENT_CATALOG a8878ff2b591dd2c55f3ff29bee3e1362f3504265d375a6a5ed56e628fab4d03 2 eaa6a97798ac2f5e7b073ba6c19835d2dc29ce713cc34904872ba9210a5b0c0e 78e9ba0b5027271e174c089389b3f35aba833406970e9742d2eb66be6411c139 1 1
CURRENT_UPDATE a8878ff2b591dd2c55f3ff29bee3e1362f3504265d375a6a5ed56e628fab4d03 eaa6a97798ac2f5e7b073ba6c19835d2dc29ce713cc34904872ba9210a5b0c0e eaa6a97798ac2f5e7b073ba6c19835d2dc29ce713cc34904872ba9210a5b0c0e a5b3afc2f4d82a51c9070cd565e93157c01851437d5dc961cac026a8af381932 668f299123e5ef155e89774af37b96a92e0b32f138dcacab024b718a6e9dc050 94321c59989ea34c8093703414b2e5f6e32eab7ff8f3ee388cbf7f154ee7a2bd 068a9e2a7ff3be5c5decf0f20b02f11eae90fef01538874a8ccf7cb007a46ce8 0
CURRENT_CATALOG a8878ff2b591dd2c55f3ff29bee3e1362f3504265d375a6a5ed56e628fab4d03 2 eaa6a97798ac2f5e7b073ba6c19835d2dc29ce713cc34904872ba9210a5b0c0e 78e9ba0b5027271e174c089389b3f35aba833406970e9742d2eb66be6411c139 1 1
CURRENT_UPDATE a8878ff2b591dd2c55f3ff29bee3e1362f3504265d375a6a5ed56e628fab4d03 eaa6a97798ac2f5e7b073ba6c19835d2dc29ce713cc34904872ba9210a5b0c0e eaa6a97798ac2f5e7b073ba6c19835d2dc29ce713cc34904872ba9210a5b0c0e a5b3afc2f4d82a51c9070cd565e93157c01851437d5dc961cac026a8af381932 668f299123e5ef155e89774af37b96a92e0b32f138dcacab024b718a6e9dc050 94321c59989ea34c8093703414b2e5f6e32eab7ff8f3ee388cbf7f154ee7a2bd 068a9e2a7ff3be5c5decf0f20b02f11eae90fef01538874a8ccf7cb007a46ce8 0
CURRENT_CATALOG a8878ff2b591dd2c55f3ff29bee3e1362f3504265d375a6a5ed56e628fab4d03 2 eaa6a97798ac2f5e7b073ba6c19835d2dc29ce713cc34904872ba9210a5b0c0e 78e9ba0b5027271e174c089389b3f35aba833406970e9742d2eb66be6411c139 1 1
CURRENT_UPDATE a8878ff2b591dd2c55f3ff29bee3e1362f3504265d375a6a5ed56e628fab4d03 eaa6a97798ac2f5e7b073ba6c19835d2dc29ce713cc34904872ba9210a5b0c0e eaa6a97798ac2f5e7b073ba6c19835d2dc29ce713cc34904872ba9210a5b0c0e a5b3afc2f4d82a51c9070cd565e93157c01851437d5dc961cac026a8af381932 668f299123e5ef155e89774af37b96a92e0b32f138dcacab024b718a6e9dc050 94321c59989ea34c8093703414b2e5f6e32eab7ff8f3ee388cbf7f154ee7a2bd 068a9e2a7ff3be5c5decf0f20b02f11eae90fef01538874a8ccf7cb007a46ce8 0
INTENT_REJECT 1 UNSUPPORTED
INTENT_REJECT 2 CORRUPT
INTENT_REJECT 3 CORRUPT
INTENT_REJECT 4 CORRUPT
INTENT_REJECT 5 CORRUPT
INTENT_REJECT 6 CORRUPT
INTENT_REJECT 7 CORRUPT
INTENT_REJECT 8 CORRUPT
INTENT_REJECT 9 CORRUPT
INTENT_REJECT 10 CORRUPT
INTENT_REJECT 11 CORRUPT
INTENT_REJECT 12 CORRUPT
INTENT_REJECT 13 CORRUPT
INTENT_REJECT 14 CORRUPT
INTENT_REJECT 15 CORRUPT
INTENT_REJECT 16 DENIED
INTENT_REJECT 17 DENIED
INTENT_REJECT 18 DENIED
INTENT_REJECT 19 DENIED
INTENT_REJECT 20 CONFLICT
INTENT_REJECT 21 CONFLICT
INTENT_REJECT 22 INVALID_INPUT
INTENT_REJECT 23 INVALID_INPUT
INTENT_PUBLICATION DAMAGED_RESULT CONFLICT
INTENT_PUBLICATION WRONG_ROOT DENIED
INTENT_PUBLICATION FALSE_INITIAL DENIED
PASS assertions= 1616
