BINDING ae79b659bb5b5cd7b6a344208acb007f58e717bd61e094505fe06f586ccc069d 84684261a3754dc348604068fb41c5a4dee9a2aeb8b6041cfa73658ba3c2b0b5 68cbc89b01e3cbc1e1e7f1006973ef92c0e764ad19a63a8112ca5c989155cb0b b57d75e54f9dc94f3a4476575d3eaa48935599a03055851a2b6f687ae3cc3f39 10ac85f6033a690facca02e33dfd1f60878a575b38ff39b0b0eb2e0806d6b75a 01010101010101010101010101010101 02020202020202020202020202020202 0303030303030303030303030303030303030303030303030303030303030303 5861314d7fccb39c2192173240eab44fa35ca66426201ca2acd0630a6258dd51 c8b49323a73f7cbde8ebb0983fecccdacc03b5beb36101add821a57415cc669b 5632 4
CHOICE 6d62a3ab3755abbe459c61d50f79acff19d242cd123535e0b6d6b87bc685f2ab 31f3a39562bcec766bb0bee32c85e7ff7e31163009f6f8cb8abe4003220a5d43 f1bc7f65d4de09434d6096d293ee11439e16002cffdc0204123bec0076cedfe6
ENTRY 3 1aa61af5ba8eb4eda289eeda89cddd3d275b0a5c3bfa62bec9e9ee3b0339ebf6 e3b0c44298fc1c149afbf4c8996fb92427ae41e4649b934ca495991b7852b855 0
ENTRY 4 c4a402d5876b9c2df285b0d8bc7c1e492a83fedf58451183c901d0f5b37bf76e 480c2336b410f1ad5f8bf1b28944490255804b65350c527787e74ebdd511e3a4 7
MEMBER 006dc15c47275b6a21094e5d4227cd72b4842e69076f4ff2a02d1f52fd43aef1
MEMBER 1278e8099ebf2e5e10dca4ffea5501bed2b25f0ccb3973c5d988c9dad0f682eb
MEMBER 1aa61af5ba8eb4eda289eeda89cddd3d275b0a5c3bfa62bec9e9ee3b0339ebf6
MEMBER 284438072da1126986e7183745d9b425aeec58cf65f0c50e3abda7084ee75df6
MEMBER 31f3a39562bcec766bb0bee32c85e7ff7e31163009f6f8cb8abe4003220a5d43
MEMBER 480c2336b410f1ad5f8bf1b28944490255804b65350c527787e74ebdd511e3a4
MEMBER 497693ca90e83776882ae880aa8bc9e558040a448f184745fabaec68a7013bc2
MEMBER 68cbc89b01e3cbc1e1e7f1006973ef92c0e764ad19a63a8112ca5c989155cb0b
MEMBER 6d62a3ab3755abbe459c61d50f79acff19d242cd123535e0b6d6b87bc685f2ab
MEMBER 84684261a3754dc348604068fb41c5a4dee9a2aeb8b6041cfa73658ba3c2b0b5
MEMBER 897bd83c1fc28507b8b7782fd82fde80c5bdd7cbd9f61dad29574346fd44b248
MEMBER 91e954ee969e2f3fe383499363be27ab40ad9ed7ac1f41acc58730f5c10dd437
MEMBER 9399298b80a38f81f6af8bcbb74cb8c11a827a71e6b5aa4ae840cf39e3deca3d
MEMBER 96a296d224f285c67bee93c30f8a309157f0daa35dc5b87e410b78630a09cfc7
MEMBER aae416febb06278e4b0dffab035acdfe352a05250a22ec63b8f64313dfd20840
MEMBER ae79b659bb5b5cd7b6a344208acb007f58e717bd61e094505fe06f586ccc069d
MEMBER b57d75e54f9dc94f3a4476575d3eaa48935599a03055851a2b6f687ae3cc3f39
MEMBER b640e840b19d378660b32fb51ae18d67dccb4a8596a29e7bd72c1b2ae5928f41
MEMBER c219752027d7993a4927ec78a4e2cffd2922662cfdacf67009189a8d5e545b8b
MEMBER c4a402d5876b9c2df285b0d8bc7c1e492a83fedf58451183c901d0f5b37bf76e
MEMBER c8b49323a73f7cbde8ebb0983fecccdacc03b5beb36101add821a57415cc669b
MEMBER e3b0c44298fc1c149afbf4c8996fb92427ae41e4649b934ca495991b7852b855
MEMBER f1bc7f65d4de09434d6096d293ee11439e16002cffdc0204123bec0076cedfe6
PASS assertions= 39
