{
  "schema": "org.niaos.product-audit/v1",
  "result": "source-coherence-pass",
  "product": "Nia OS",
  "upstream": "debian-forky",
  "transport": "deb",
  "host_package_authority": "nia",
  "native_db_handoff_required": false,
  "profiles": 1,
  "state_domains": 14,
  "release_gates": 43,
  "packaging": {
    "covered_application_mains": [
      "assurance/assure",
      "assurance/controlctl",
      "assurance/platformctl",
      "pkgcore/pkg_recoveryctl",
      "pkgcore/pkgctl",
      "pkgcore/pkg_worker",
      "pkgcore/pkg_scrubctl",
      "statecore/hostctl",
      "statecore/statectl",
      "statecore/state_worker",
      "statecore/state_recovery_worker",
      "statecore/state_healing_admin",
      "controlcore/nia",
      "controlcore/missionctl",
      "controlcore/mission_sign",
      "configcore/configctl",
      "resolvercore/resolverctl",
      "capsulecore/capsulectl"
    ],
    "transport": "deb",
    "package_build_executed": false,
    "native_dependencies_qualified": false,
    "legacy_rpm_recipes_active": false
  },
  "execution_permit": false,
  "bootable_image": false,
  "formal_proof": false,
  "production_qualified": false,
  "source_subject": "afdb6163195025cb2c485c7450ee4894738ba2f51b6a767930753921023e2cb8"
}
