Sep 12 22:35:34 niaos-builder polkitd[2248]: Finished loading, compiling and executing 3 rules
Sep 12 22:35:34 niaos-builder systemd[1]: Started polkit.service - Authorization Manager.
Sep 12 22:35:34 niaos-builder polkitd[2248]: Acquired the name org.freedesktop.PolicyKit1 on the system bus
Sep 12 22:35:34 niaos-builder polkitd[2248]: Reloading rules
Sep 12 22:35:34 niaos-builder polkitd[2248]: Collecting garbage unconditionally...
Sep 12 22:35:34 niaos-builder polkitd[2248]: Loading rules from directory /etc/polkit-1/rules.d
Sep 12 22:35:34 niaos-builder polkitd[2248]: Loading rules from directory /run/polkit-1/rules.d
Sep 12 22:35:34 niaos-builder polkitd[2248]: Error opening rules directory: Error opening directory “/run/polkit-1/rules.d”: No such file or directory (g-file-error-quark, 4)
Sep 12 22:35:34 niaos-builder polkitd[2248]: Loading rules from directory /usr/local/share/polkit-1/rules.d
Sep 12 22:35:34 niaos-builder polkitd[2248]: Error opening rules directory: Error opening directory “/usr/local/share/polkit-1/rules.d”: No such file or directory (g-file-error-quark, 4)
Sep 12 22:35:34 niaos-builder polkitd[2248]: Loading rules from directory /usr/share/polkit-1/rules.d
Sep 12 22:35:34 niaos-builder polkitd[2248]: Finished loading, compiling and executing 3 rules
Sep 12 22:35:34 niaos-builder polkitd[2248]: Reloading rules
Sep 12 22:35:34 niaos-builder polkitd[2248]: Collecting garbage unconditionally...
Sep 12 22:35:34 niaos-builder polkitd[2248]: Loading rules from directory /etc/polkit-1/rules.d
Sep 12 22:35:34 niaos-builder polkitd[2248]: Loading rules from directory /run/polkit-1/rules.d
Sep 12 22:35:34 niaos-builder polkitd[2248]: Error opening rules directory: Error opening directory “/run/polkit-1/rules.d”: No such file or directory (g-file-error-quark, 4)
Sep 12 22:35:34 niaos-builder polkitd[2248]: Loading rules from directory /usr/local/share/polkit-1/rules.d
Sep 12 22:35:34 niaos-builder polkitd[2248]: Error opening rules directory: Error opening directory “/usr/local/share/polkit-1/rules.d”: No such file or directory (g-file-error-quark, 4)
Sep 12 22:35:34 niaos-builder polkitd[2248]: Loading rules from directory /usr/share/polkit-1/rules.d
Sep 12 22:35:34 niaos-builder polkitd[2248]: Finished loading, compiling and executing 3 rules
Sep 12 22:35:34 niaos-builder polkitd[2248]: Reloading rules
Sep 12 22:35:34 niaos-builder polkitd[2248]: Collecting garbage unconditionally...
Sep 12 22:35:34 niaos-builder polkitd[2248]: Loading rules from directory /etc/polkit-1/rules.d
Sep 12 22:35:34 niaos-builder polkitd[2248]: Loading rules from directory /run/polkit-1/rules.d
Sep 12 22:35:34 niaos-builder polkitd[2248]: Error opening rules directory: Error opening directory “/run/polkit-1/rules.d”: No such file or directory (g-file-error-quark, 4)
Sep 12 22:35:34 niaos-builder polkitd[2248]: Loading rules from directory /usr/local/share/polkit-1/rules.d
Sep 12 22:35:34 niaos-builder polkitd[2248]: Error opening rules directory: Error opening directory “/usr/local/share/polkit-1/rules.d”: No such file or directory (g-file-error-quark, 4)
Sep 12 22:35:34 niaos-builder polkitd[2248]: Loading rules from directory /usr/share/polkit-1/rules.d
Sep 12 22:35:34 niaos-builder polkitd[2248]: Finished loading, compiling and executing 3 rules
Sep 12 22:35:34 niaos-builder polkitd[2248]: Reloading rules
Sep 12 22:35:34 niaos-builder polkitd[2248]: Collecting garbage unconditionally...
Sep 12 22:35:34 niaos-builder polkitd[2248]: Loading rules from directory /etc/polkit-1/rules.d
Sep 12 22:35:34 niaos-builder polkitd[2248]: Loading rules from directory /run/polkit-1/rules.d
Sep 12 22:35:34 niaos-builder polkitd[2248]: Error opening rules directory: Error opening directory “/run/polkit-1/rules.d”: No such file or directory (g-file-error-quark, 4)
Sep 12 22:35:34 niaos-builder polkitd[2248]: Loading rules from directory /usr/local/share/polkit-1/rules.d
Sep 12 22:35:34 niaos-builder polkitd[2248]: Error opening rules directory: Error opening directory “/usr/local/share/polkit-1/rules.d”: No such file or directory (g-file-error-quark, 4)
Sep 12 22:35:34 niaos-builder polkitd[2248]: Loading rules from directory /usr/share/polkit-1/rules.d
Sep 12 22:35:34 niaos-builder polkitd[2248]: Finished loading, compiling and executing 3 rules
Sep 12 22:35:34 niaos-builder systemd[1]: Stopping polkit.service - Authorization Manager...
Sep 12 22:35:34 niaos-builder systemd[1]: polkit.service: Deactivated successfully.
Sep 12 22:35:34 niaos-builder systemd[1]: Stopped polkit.service - Authorization Manager.
Sep 12 22:35:34 niaos-builder systemd[1]: Starting polkit.service - Authorization Manager...
Sep 12 22:35:34 niaos-builder polkitd[2275]: Started polkitd version 126
Sep 12 22:35:34 niaos-builder polkitd[2275]: Loading rules from directory /etc/polkit-1/rules.d
Sep 12 22:35:34 niaos-builder polkitd[2275]: Loading rules from directory /run/polkit-1/rules.d
Sep 12 22:35:34 niaos-builder polkitd[2275]: Error opening rules directory: Error opening directory “/run/polkit-1/rules.d”: No such file or directory (g-file-error-quark, 4)
Sep 12 22:35:34 niaos-builder polkitd[2275]: Loading rules from directory /usr/local/share/polkit-1/rules.d
Sep 12 22:35:34 niaos-builder polkitd[2275]: Error opening rules directory: Error opening directory “/usr/local/share/polkit-1/rules.d”: No such file or directory (g-file-error-quark, 4)
Sep 12 22:35:34 niaos-builder polkitd[2275]: Loading rules from directory /usr/share/polkit-1/rules.d
Sep 12 22:35:34 niaos-builder polkitd[2275]: Finished loading, compiling and executing 3 rules
Sep 12 22:35:34 niaos-builder systemd[1]: Started polkit.service - Authorization Manager.
Sep 12 22:35:34 niaos-builder polkitd[2275]: Acquired the name org.freedesktop.PolicyKit1 on the system bus
Sep 12 22:35:34 niaos-builder polkitd[2275]: Reloading rules
Sep 12 22:35:34 niaos-builder polkitd[2275]: Collecting garbage unconditionally...
Sep 12 22:35:34 niaos-builder polkitd[2275]: Loading rules from directory /etc/polkit-1/rules.d
Sep 12 22:35:34 niaos-builder polkitd[2275]: Loading rules from directory /run/polkit-1/rules.d
Sep 12 22:35:34 niaos-builder polkitd[2275]: Error opening rules directory: Error opening directory “/run/polkit-1/rules.d”: No such file or directory (g-file-error-quark, 4)
Sep 12 22:35:34 niaos-builder polkitd[2275]: Loading rules from directory /usr/local/share/polkit-1/rules.d
Sep 12 22:35:34 niaos-builder polkitd[2275]: Error opening rules directory: Error opening directory “/usr/local/share/polkit-1/rules.d”: No such file or directory (g-file-error-quark, 4)
Sep 12 22:35:34 niaos-builder polkitd[2275]: Loading rules from directory /usr/share/polkit-1/rules.d
Sep 12 22:35:34 niaos-builder polkitd[2275]: Finished loading, compiling and executing 3 rules
Sep 12 22:35:34 niaos-builder polkitd[2275]: Reloading rules
Sep 12 22:35:34 niaos-builder polkitd[2275]: Collecting garbage unconditionally...
Sep 12 22:35:34 niaos-builder polkitd[2275]: Loading rules from directory /etc/polkit-1/rules.d
Sep 12 22:35:34 niaos-builder polkitd[2275]: Loading rules from directory /run/polkit-1/rules.d
Sep 12 22:35:34 niaos-builder polkitd[2275]: Error opening rules directory: Error opening directory “/run/polkit-1/rules.d”: No such file or directory (g-file-error-quark, 4)
Sep 12 22:35:34 niaos-builder polkitd[2275]: Loading rules from directory /usr/local/share/polkit-1/rules.d
Sep 12 22:35:34 niaos-builder polkitd[2275]: Error opening rules directory: Error opening directory “/usr/local/share/polkit-1/rules.d”: No such file or directory (g-file-error-quark, 4)
Sep 12 22:35:34 niaos-builder polkitd[2275]: Loading rules from directory /usr/share/polkit-1/rules.d
Sep 12 22:35:34 niaos-builder polkitd[2275]: Finished loading, compiling and executing 3 rules
Sep 12 22:35:34 niaos-builder systemd[1]: Stopping polkit.service - Authorization Manager...
Sep 12 22:35:34 niaos-builder systemd[1]: polkit.service: Deactivated successfully.
Sep 12 22:35:34 niaos-builder systemd[1]: Stopped polkit.service - Authorization Manager.
Sep 12 22:35:34 niaos-builder systemd[1]: polkit.service: Start request repeated too quickly.
Sep 12 22:35:34 niaos-builder systemd[1]: polkit.service: Failed with result 'start-limit-hit'.
Sep 12 22:35:34 niaos-builder systemd[1]: Failed to start polkit.service - Authorization Manager.
Sep 12 22:35:34 niaos-builder systemd[1]: polkit.service: Start request repeated too quickly.
Sep 12 22:35:34 niaos-builder systemd[1]: polkit.service: Failed with result 'start-limit-hit'.
Sep 12 22:35:34 niaos-builder systemd[1]: Failed to start polkit.service - Authorization Manager.
PASS default-deny
PASS valid
PASS wrong-plan
PASS rule-change
PASS cancel
PASS peer-exit
PASS helper-stall
PASS authority-restart
PASS duplicate-pending
PASS bad-sequence
