Sep 12 22:37:44 niaos-builder polkitd[664]: Acquired the name org.freedesktop.PolicyKit1 on the system bus
Sep 12 22:37:45 niaos-builder polkitd[664]: Reloading rules
Sep 12 22:37:45 niaos-builder polkitd[664]: Collecting garbage unconditionally...
Sep 12 22:37:45 niaos-builder polkitd[664]: Loading rules from directory /etc/polkit-1/rules.d
Sep 12 22:37:45 niaos-builder polkitd[664]: Loading rules from directory /run/polkit-1/rules.d
Sep 12 22:37:45 niaos-builder polkitd[664]: Error opening rules directory: Error opening directory “/run/polkit-1/rules.d”: No such file or directory (g-file-error-quark, 4)
Sep 12 22:37:45 niaos-builder polkitd[664]: Loading rules from directory /usr/local/share/polkit-1/rules.d
Sep 12 22:37:45 niaos-builder polkitd[664]: Error opening rules directory: Error opening directory “/usr/local/share/polkit-1/rules.d”: No such file or directory (g-file-error-quark, 4)
Sep 12 22:37:45 niaos-builder polkitd[664]: Loading rules from directory /usr/share/polkit-1/rules.d
Sep 12 22:37:45 niaos-builder polkitd[664]: Finished loading, compiling and executing 3 rules
Sep 12 22:37:45 niaos-builder polkitd[664]: Reloading rules
Sep 12 22:37:45 niaos-builder polkitd[664]: Collecting garbage unconditionally...
Sep 12 22:37:45 niaos-builder polkitd[664]: Loading rules from directory /etc/polkit-1/rules.d
Sep 12 22:37:45 niaos-builder polkitd[664]: Loading rules from directory /run/polkit-1/rules.d
Sep 12 22:37:45 niaos-builder polkitd[664]: Error opening rules directory: Error opening directory “/run/polkit-1/rules.d”: No such file or directory (g-file-error-quark, 4)
Sep 12 22:37:45 niaos-builder polkitd[664]: Loading rules from directory /usr/local/share/polkit-1/rules.d
Sep 12 22:37:45 niaos-builder polkitd[664]: Error opening rules directory: Error opening directory “/usr/local/share/polkit-1/rules.d”: No such file or directory (g-file-error-quark, 4)
Sep 12 22:37:45 niaos-builder polkitd[664]: Loading rules from directory /usr/share/polkit-1/rules.d
Sep 12 22:37:45 niaos-builder polkitd[664]: Finished loading, compiling and executing 3 rules
Sep 12 22:37:45 niaos-builder systemd[1]: Stopping polkit.service - Authorization Manager...
Sep 12 22:37:45 niaos-builder systemd[1]: polkit.service: Deactivated successfully.
Sep 12 22:37:45 niaos-builder systemd[1]: Stopped polkit.service - Authorization Manager.
Sep 12 22:37:45 niaos-builder systemd[1]: Starting polkit.service - Authorization Manager...
Sep 12 22:37:45 niaos-builder polkitd[684]: Started polkitd version 126
Sep 12 22:37:45 niaos-builder polkitd[684]: Loading rules from directory /etc/polkit-1/rules.d
Sep 12 22:37:45 niaos-builder polkitd[684]: Loading rules from directory /run/polkit-1/rules.d
Sep 12 22:37:45 niaos-builder polkitd[684]: Error opening rules directory: Error opening directory “/run/polkit-1/rules.d”: No such file or directory (g-file-error-quark, 4)
Sep 12 22:37:45 niaos-builder polkitd[684]: Loading rules from directory /usr/local/share/polkit-1/rules.d
Sep 12 22:37:45 niaos-builder polkitd[684]: Error opening rules directory: Error opening directory “/usr/local/share/polkit-1/rules.d”: No such file or directory (g-file-error-quark, 4)
Sep 12 22:37:45 niaos-builder polkitd[684]: Loading rules from directory /usr/share/polkit-1/rules.d
Sep 12 22:37:45 niaos-builder polkitd[684]: Finished loading, compiling and executing 3 rules
Sep 12 22:37:45 niaos-builder systemd[1]: Started polkit.service - Authorization Manager.
Sep 12 22:37:45 niaos-builder polkitd[684]: Acquired the name org.freedesktop.PolicyKit1 on the system bus
Sep 12 22:37:45 niaos-builder polkitd[684]: Reloading rules
Sep 12 22:37:45 niaos-builder polkitd[684]: Collecting garbage unconditionally...
Sep 12 22:37:45 niaos-builder polkitd[684]: Loading rules from directory /etc/polkit-1/rules.d
Sep 12 22:37:45 niaos-builder polkitd[684]: Loading rules from directory /run/polkit-1/rules.d
Sep 12 22:37:45 niaos-builder polkitd[684]: Error opening rules directory: Error opening directory “/run/polkit-1/rules.d”: No such file or directory (g-file-error-quark, 4)
Sep 12 22:37:45 niaos-builder polkitd[684]: Loading rules from directory /usr/local/share/polkit-1/rules.d
Sep 12 22:37:45 niaos-builder polkitd[684]: Error opening rules directory: Error opening directory “/usr/local/share/polkit-1/rules.d”: No such file or directory (g-file-error-quark, 4)
Sep 12 22:37:45 niaos-builder polkitd[684]: Loading rules from directory /usr/share/polkit-1/rules.d
Sep 12 22:37:45 niaos-builder polkitd[684]: Finished loading, compiling and executing 3 rules
Sep 12 22:37:45 niaos-builder polkitd[684]: Reloading rules
Sep 12 22:37:45 niaos-builder polkitd[684]: Collecting garbage unconditionally...
Sep 12 22:37:45 niaos-builder polkitd[684]: Loading rules from directory /etc/polkit-1/rules.d
Sep 12 22:37:45 niaos-builder polkitd[684]: Loading rules from directory /run/polkit-1/rules.d
Sep 12 22:37:45 niaos-builder polkitd[684]: Error opening rules directory: Error opening directory “/run/polkit-1/rules.d”: No such file or directory (g-file-error-quark, 4)
Sep 12 22:37:45 niaos-builder polkitd[684]: Loading rules from directory /usr/local/share/polkit-1/rules.d
Sep 12 22:37:45 niaos-builder polkitd[684]: Error opening rules directory: Error opening directory “/usr/local/share/polkit-1/rules.d”: No such file or directory (g-file-error-quark, 4)
Sep 12 22:37:45 niaos-builder polkitd[684]: Loading rules from directory /usr/share/polkit-1/rules.d
Sep 12 22:37:45 niaos-builder polkitd[684]: Finished loading, compiling and executing 3 rules
Sep 12 22:37:45 niaos-builder polkitd[684]: Reloading rules
Sep 12 22:37:45 niaos-builder polkitd[684]: Collecting garbage unconditionally...
Sep 12 22:37:45 niaos-builder polkitd[684]: Loading rules from directory /etc/polkit-1/rules.d
Sep 12 22:37:45 niaos-builder polkitd[684]: Loading rules from directory /run/polkit-1/rules.d
Sep 12 22:37:45 niaos-builder polkitd[684]: Error opening rules directory: Error opening directory “/run/polkit-1/rules.d”: No such file or directory (g-file-error-quark, 4)
Sep 12 22:37:45 niaos-builder polkitd[684]: Loading rules from directory /usr/local/share/polkit-1/rules.d
Sep 12 22:37:45 niaos-builder polkitd[684]: Error opening rules directory: Error opening directory “/usr/local/share/polkit-1/rules.d”: No such file or directory (g-file-error-quark, 4)
Sep 12 22:37:45 niaos-builder polkitd[684]: Loading rules from directory /usr/share/polkit-1/rules.d
Sep 12 22:37:45 niaos-builder polkitd[684]: Finished loading, compiling and executing 3 rules
Sep 12 22:37:45 niaos-builder polkitd[684]: Reloading rules
Sep 12 22:37:45 niaos-builder polkitd[684]: Collecting garbage unconditionally...
Sep 12 22:37:45 niaos-builder polkitd[684]: Loading rules from directory /etc/polkit-1/rules.d
Sep 12 22:37:45 niaos-builder polkitd[684]: Loading rules from directory /run/polkit-1/rules.d
Sep 12 22:37:45 niaos-builder polkitd[684]: Error opening rules directory: Error opening directory “/run/polkit-1/rules.d”: No such file or directory (g-file-error-quark, 4)
Sep 12 22:37:45 niaos-builder polkitd[684]: Loading rules from directory /usr/local/share/polkit-1/rules.d
Sep 12 22:37:45 niaos-builder polkitd[684]: Error opening rules directory: Error opening directory “/usr/local/share/polkit-1/rules.d”: No such file or directory (g-file-error-quark, 4)
Sep 12 22:37:45 niaos-builder polkitd[684]: Loading rules from directory /usr/share/polkit-1/rules.d
Sep 12 22:37:45 niaos-builder polkitd[684]: Finished loading, compiling and executing 3 rules
Sep 12 22:37:45 niaos-builder systemd[1]: Stopping polkit.service - Authorization Manager...
Sep 12 22:37:45 niaos-builder systemd[1]: polkit.service: Deactivated successfully.
Sep 12 22:37:45 niaos-builder systemd[1]: Stopped polkit.service - Authorization Manager.
Sep 12 22:37:45 niaos-builder systemd[1]: Starting polkit.service - Authorization Manager...
Sep 12 22:37:45 niaos-builder polkitd[717]: Started polkitd version 126
Sep 12 22:37:45 niaos-builder polkitd[717]: Loading rules from directory /etc/polkit-1/rules.d
Sep 12 22:37:45 niaos-builder polkitd[717]: Loading rules from directory /run/polkit-1/rules.d
Sep 12 22:37:45 niaos-builder polkitd[717]: Error opening rules directory: Error opening directory “/run/polkit-1/rules.d”: No such file or directory (g-file-error-quark, 4)
Sep 12 22:37:45 niaos-builder polkitd[717]: Loading rules from directory /usr/local/share/polkit-1/rules.d
Sep 12 22:37:45 niaos-builder polkitd[717]: Error opening rules directory: Error opening directory “/usr/local/share/polkit-1/rules.d”: No such file or directory (g-file-error-quark, 4)
Sep 12 22:37:45 niaos-builder polkitd[717]: Loading rules from directory /usr/share/polkit-1/rules.d
Sep 12 22:37:45 niaos-builder polkitd[717]: Finished loading, compiling and executing 3 rules
Sep 12 22:37:45 niaos-builder systemd[1]: Started polkit.service - Authorization Manager.
Sep 12 22:37:45 niaos-builder polkitd[717]: Acquired the name org.freedesktop.PolicyKit1 on the system bus
Sep 12 22:37:46 niaos-builder systemd[1]: Stopping polkit.service - Authorization Manager...
Sep 12 22:37:46 niaos-builder systemd[1]: polkit.service: Deactivated successfully.
Sep 12 22:37:46 niaos-builder systemd[1]: Stopped polkit.service - Authorization Manager.
Sep 12 22:37:46 niaos-builder systemd[1]: Starting polkit.service - Authorization Manager...
Sep 12 22:37:46 niaos-builder polkitd[744]: Started polkitd version 126
Sep 12 22:37:46 niaos-builder polkitd[744]: Loading rules from directory /etc/polkit-1/rules.d
Sep 12 22:37:46 niaos-builder polkitd[744]: Loading rules from directory /run/polkit-1/rules.d
Sep 12 22:37:46 niaos-builder polkitd[744]: Error opening rules directory: Error opening directory “/run/polkit-1/rules.d”: No such file or directory (g-file-error-quark, 4)
Sep 12 22:37:46 niaos-builder polkitd[744]: Loading rules from directory /usr/local/share/polkit-1/rules.d
Sep 12 22:37:46 niaos-builder polkitd[744]: Error opening rules directory: Error opening directory “/usr/local/share/polkit-1/rules.d”: No such file or directory (g-file-error-quark, 4)
Sep 12 22:37:46 niaos-builder polkitd[744]: Loading rules from directory /usr/share/polkit-1/rules.d
Sep 12 22:37:46 niaos-builder polkitd[744]: Finished loading, compiling and executing 3 rules
Sep 12 22:37:46 niaos-builder systemd[1]: Started polkit.service - Authorization Manager.
Sep 12 22:37:46 niaos-builder polkitd[744]: Acquired the name org.freedesktop.PolicyKit1 on the system bus
Sep 12 22:37:46 niaos-builder polkitd[744]: Reloading rules
Sep 12 22:37:46 niaos-builder polkitd[744]: Collecting garbage unconditionally...
Sep 12 22:37:46 niaos-builder polkitd[744]: Loading rules from directory /etc/polkit-1/rules.d
Sep 12 22:37:46 niaos-builder polkitd[744]: Loading rules from directory /run/polkit-1/rules.d
Sep 12 22:37:46 niaos-builder polkitd[744]: Error opening rules directory: Error opening directory “/run/polkit-1/rules.d”: No such file or directory (g-file-error-quark, 4)
Sep 12 22:37:46 niaos-builder polkitd[744]: Loading rules from directory /usr/local/share/polkit-1/rules.d
Sep 12 22:37:46 niaos-builder polkitd[744]: Error opening rules directory: Error opening directory “/usr/local/share/polkit-1/rules.d”: No such file or directory (g-file-error-quark, 4)
Sep 12 22:37:46 niaos-builder polkitd[744]: Loading rules from directory /usr/share/polkit-1/rules.d
Sep 12 22:37:46 niaos-builder polkitd[744]: Finished loading, compiling and executing 2 rules
Sep 12 22:37:46 niaos-builder systemd[1]: Stopping polkit.service - Authorization Manager...
Sep 12 22:37:46 niaos-builder systemd[1]: polkit.service: Deactivated successfully.
Sep 12 22:37:46 niaos-builder systemd[1]: Stopped polkit.service - Authorization Manager.
Sep 12 22:37:46 niaos-builder systemd[1]: Starting polkit.service - Authorization Manager...
Sep 12 22:37:46 niaos-builder polkitd[763]: Started polkitd version 126
Sep 12 22:37:46 niaos-builder polkitd[763]: Loading rules from directory /etc/polkit-1/rules.d
Sep 12 22:37:46 niaos-builder polkitd[763]: Loading rules from directory /run/polkit-1/rules.d
Sep 12 22:37:46 niaos-builder polkitd[763]: Error opening rules directory: Error opening directory “/run/polkit-1/rules.d”: No such file or directory (g-file-error-quark, 4)
Sep 12 22:37:46 niaos-builder polkitd[763]: Loading rules from directory /usr/local/share/polkit-1/rules.d
Sep 12 22:37:46 niaos-builder polkitd[763]: Error opening rules directory: Error opening directory “/usr/local/share/polkit-1/rules.d”: No such file or directory (g-file-error-quark, 4)
Sep 12 22:37:46 niaos-builder polkitd[763]: Loading rules from directory /usr/share/polkit-1/rules.d
Sep 12 22:37:46 niaos-builder polkitd[763]: Finished loading, compiling and executing 2 rules
Sep 12 22:37:46 niaos-builder systemd[1]: Started polkit.service - Authorization Manager.
Sep 12 22:37:46 niaos-builder polkitd[763]: Acquired the name org.freedesktop.PolicyKit1 on the system bus
