Running as unit: run-p241351-i241651.scope; invocation ID: 7b5bf94161b64e829a642a3f855e81b6
limited-exec: {"scope": "run-p241351-i241651.scope", "kernel_limits": {"memory.max": "3221225472", "memory.swap.max": "0", "cpu.max": "100000 100000", "pids.max": "128"}}
./ci/check-contract.sh
runtime/mc_admin.adb: OK
runtime/mc_admin.ads: OK
runtime/mc_atomic.adb: OK
runtime/mc_atomic.ads: OK
runtime/mc_authentic.adb: OK
runtime/mc_authentic.ads: OK
runtime/mc_checkpoint_store.adb: OK
runtime/mc_checkpoint_store.ads: OK
runtime/mc_cli.adb: OK
runtime/mc_cli.ads: OK
runtime/mc_clock.adb: OK
runtime/mc_clock.ads: OK
runtime/mc_command.adb: OK
runtime/mc_command.ads: OK
runtime/mc_config_auth.adb: OK
runtime/mc_config_auth.ads: OK
runtime/mc_control_io.adb: OK
runtime/mc_control_io.ads: OK
runtime/mc_durable.adb: OK
runtime/mc_durable.ads: OK
runtime/mc_fault_auth.adb: OK
runtime/mc_fault_auth.ads: OK
runtime/mc_file_io.adb: OK
runtime/mc_file_io.ads: OK
runtime/mc_fs.adb: OK
runtime/mc_fs.ads: OK
runtime/mc_gate.adb: OK
runtime/mc_gate.ads: OK
runtime/mc_https.adb: OK
runtime/mc_https.ads: OK
runtime/mc_ingress.adb: OK
runtime/mc_ingress.ads: OK
runtime/mc_kernel_read.adb: OK
runtime/mc_kernel_read.ads: OK
runtime/mc_keys.adb: OK
runtime/mc_keys.ads: OK
runtime/mc_layout.adb: OK
runtime/mc_layout.ads: OK
runtime/mc_log.adb: OK
runtime/mc_log.ads: OK
runtime/mc_posix.ads: OK
runtime/mc_qualification_auth.adb: OK
runtime/mc_qualification_auth.ads: OK
runtime/mc_receiver_ledger.adb: OK
runtime/mc_receiver_ledger.ads: OK
runtime/mc_request_files.adb: OK
runtime/mc_request_files.ads: OK
runtime/mc_runtime.adb: OK
runtime/mc_runtime.ads: OK
runtime/mc_signatures.adb: OK
runtime/mc_signatures.ads: OK
runtime/mc_site_policy.adb: OK
runtime/mc_site_policy.ads: OK
runtime/mc_stop_barrier_auth.adb: OK
runtime/mc_stop_barrier_auth.ads: OK
runtime/mc_store.adb: OK
runtime/mc_store.ads: OK
runtime/mc_tools.adb: OK
runtime/mc_tools.ads: OK
runtime/mc_xml.adb: OK
runtime/mc_xml.ads: OK
src/mc_accounting.adb: OK
src/mc_accounting.ads: OK
src/mc_attestation.adb: OK
src/mc_attestation.ads: OK
src/mc_authorization.adb: OK
src/mc_authorization.ads: OK
src/mc_backups.adb: OK
src/mc_backups.ads: OK
src/mc_base64.adb: OK
src/mc_base64.ads: OK
src/mc_breakglass.adb: OK
src/mc_breakglass.ads: OK
src/mc_checkpoint.adb: OK
src/mc_checkpoint.ads: OK
src/mc_codec.adb: OK
src/mc_codec.ads: OK
src/mc_commissioning.adb: OK
src/mc_commissioning.ads: OK
src/mc_compatibility.adb: OK
src/mc_compatibility.ads: OK
src/mc_config_receipt.adb: OK
src/mc_config_receipt.ads: OK
src/mc_contract_profile.ads: OK
src/mc_control.adb: OK
src/mc_control.ads: OK
src/mc_control_codec.adb: OK
src/mc_control_codec.ads: OK
src/mc_diagnostic_bundle.adb: OK
src/mc_diagnostic_bundle.ads: OK
src/mc_dirents.adb: OK
src/mc_dirents.ads: OK
src/mc_fault_report.adb: OK
src/mc_fault_report.ads: OK
src/mc_faults.adb: OK
src/mc_faults.ads: OK
src/mc_generation.adb: OK
src/mc_generation.ads: OK
src/mc_golden.adb: OK
src/mc_golden.ads: OK
src/mc_health_golden.adb: OK
src/mc_health_golden.ads: OK
src/mc_health_report.adb: OK
src/mc_health_report.ads: OK
src/mc_hex.adb: OK
src/mc_hex.ads: OK
src/mc_incidents.adb: OK
src/mc_incidents.ads: OK
src/mc_journal_budget.ads: OK
src/mc_json.adb: OK
src/mc_json.ads: OK
src/mc_log_format.adb: OK
src/mc_log_format.ads: OK
src/mc_maintenance.adb: OK
src/mc_maintenance.ads: OK
src/mc_numbers.adb: OK
src/mc_numbers.ads: OK
src/mc_paths.adb: OK
src/mc_paths.ads: OK
src/mc_platform_profile.adb: OK
src/mc_platform_profile.ads: OK
src/mc_properties.adb: OK
src/mc_properties.ads: OK
src/mc_protocol.adb: OK
src/mc_protocol.ads: OK
src/mc_qualification.adb: OK
src/mc_qualification.ads: OK
src/mc_recovery_cohort.adb: OK
src/mc_recovery_cohort.ads: OK
src/mc_release.adb: OK
src/mc_release.ads: OK
src/mc_replay.adb: OK
src/mc_replay.ads: OK
src/mc_request_replay.adb: OK
src/mc_request_replay.ads: OK
src/mc_requests.adb: OK
src/mc_requests.ads: OK
src/mc_retry_budget.adb: OK
src/mc_retry_budget.ads: OK
src/mc_sha256.adb: OK
src/mc_sha256.ads: OK
src/mc_stop_barrier.adb: OK
src/mc_stop_barrier.ads: OK
src/mc_system_baseline.adb: OK
src/mc_system_baseline.ads: OK
src/mc_text.adb: OK
src/mc_text.ads: OK
src/mc_time_guard.adb: OK
src/mc_time_guard.ads: OK
src/mc_types.adb: OK
src/mc_types.ads: OK
src/mc_witness.adb: OK
src/mc_witness.ads: OK
python3 ci/check-resolver.py
{"result": "source-lock-only-pass", "resolver_profile": "0874d6b70ee2a3dedbdee6ec229766d1ac6527f9682f33be66928c53a16b3cae"}
gprbuild -s -j1 -p -c -u -P pkgcore.gpr
Setup
   [mkdir]        object directory for project Pkgcore
   [mkdir]        exec directory for project Pkgcore
Compile
   [C]            pkg_deb_stream.c
   [C]            pkg_deb_decode.c
   [Ada]          pkgctl.adb
   [Ada]          pkg_recoveryctl.adb
   [Ada]          pkg_scrubctl.adb
   [Ada]          pkg_worker.adb
   [Ada]          mc_fault_auth.adb
   [Ada]          mc_fs.adb
   [Ada]          mc_atomic.adb
   [Ada]          mc_config_auth.adb
   [Ada]          mc_site_policy.adb
   [Ada]          mc_authentic.adb
   [Ada]          mc_receiver_ledger.adb
   [Ada]          mc_xml.adb
   [Ada]          mc_clock.adb
   [Ada]          mc_posix.ads
   [Ada]          mc_qualification_auth.adb
   [Ada]          mc_durable.adb
   [Ada]          mc_checkpoint_store.adb
   [Ada]          mc_admin.adb
   [Ada]          mc_stop_barrier_auth.adb
   [Ada]          mc_command.adb
   [Ada]          mc_file_io.adb
   [Ada]          mc_request_files.adb
   [Ada]          mc_signatures.adb
   [Ada]          mc_runtime.adb
   [Ada]          mc_cli.adb
   [Ada]          mc_kernel_read.adb
   [Ada]          mc_https.adb
   [Ada]          mc_log.adb
   [Ada]          mc_ingress.adb
   [Ada]          mc_layout.adb
   [Ada]          mc_keys.adb
   [Ada]          mc_gate.adb
   [Ada]          mc_tools.adb
   [Ada]          mc_store.adb
   [Ada]          mc_control_io.adb
   [Ada]          mc_backups.adb
   [Ada]          mc_health_golden.adb
   [Ada]          mc_maintenance.adb
   [Ada]          mc_witness.adb
   [Ada]          mc_control_codec.adb
   [Ada]          mc_retry_budget.adb
   [Ada]          mc_hex.adb
   [Ada]          mc_authorization.adb
   [Ada]          mc_system_baseline.adb
   [Ada]          mc_contract_profile.ads
   [Ada]          mc_checkpoint.adb
   [Ada]          mc_accounting.adb
   [Ada]          mc_stop_barrier.adb
   [Ada]          mc_numbers.adb
   [Ada]          mc_protocol.adb
   [Ada]          mc_platform_profile.adb
   [Ada]          mc_properties.adb
   [Ada]          mc_attestation.adb
   [Ada]          mc_control.adb
   [Ada]          mc_recovery_cohort.adb
   [Ada]          mc_health_report.adb
   [Ada]          mc_codec.adb
   [Ada]          mc_journal_budget.ads
   [Ada]          mc_sha256.adb
   [Ada]          mc_fault_report.adb
   [Ada]          mc_compatibility.adb
   [Ada]          mc_log_format.adb
   [Ada]          mc_time_guard.adb
   [Ada]          mc_breakglass.adb
   [Ada]          mc_commissioning.adb
   [Ada]          mc_release.adb
   [Ada]          mc_request_replay.adb
   [Ada]          mc_text.adb
   [Ada]          mc_generation.adb
   [Ada]          mc_requests.adb
   [Ada]          mc_paths.adb
   [Ada]          mc_replay.adb
   [Ada]          mc_faults.adb
   [Ada]          mc_base64.adb
   [Ada]          mc_diagnostic_bundle.adb
   [Ada]          mc_qualification.adb
   [Ada]          mc_incidents.adb
   [Ada]          mc_json.adb
   [Ada]          mc_golden.adb
   [Ada]          mc_types.adb
   [Ada]          mc_config_receipt.adb
   [Ada]          mc_dirents.adb
   [Ada]          pkg_plan_compiler.adb
   [Ada]          pkg_selected_catalog.adb
   [Ada]          pkg_managed_engine.adb
   [Ada]          pkg_deb_final_set.adb
   [Ada]          pkg_tar_framing.adb
   [Ada]          pkg_journal_io.adb
   [Ada]          pkg_deb_control.adb
   [Ada]          pkg_deb_container.adb
   [Ada]          pkg_payload_index.adb
   [Ada]          pkg_deb_fields.adb
   [Ada]          pkg_file_engine.adb
   [Ada]          pkg_recovery_audit.adb
   [Ada]          pkg_scrubber.adb
   [Ada]          pkg_source.adb
   [Ada]          pkg_quiescent_engine.adb
   [Ada]          pkg_admin.adb
   [Ada]          pkg_rpm_file.adb
   [Ada]          pkg_generation_manifest.adb
   [Ada]          pkg_archive.adb
   [Ada]          pkg_catalog_store.adb
   [Ada]          pkg_generation_descriptor.adb
   [Ada]          pkg_rpm_auth.adb
   [Ada]          pkg_deb_payload.adb
   [Ada]          pkg_deb_data_stream.adb
   [Ada]          pkg_deb_metadata.adb
   [Ada]          pkg_deb_relations.adb
   [Ada]          pkg_resolution_engine.adb
   [Ada]          pkg_deb_transition.adb
   [Ada]          pkg_image_inspector.adb
   [Ada]          pkg_generation_stage.adb
   [Ada]          pkg_configuration_engine.adb
   [Ada]          pkg_generation_publisher.adb
   [Ada]          resolver_verify.adb
   [Ada]          resolver_proof.adb
   [Ada]          resolver_builder.adb
   [Ada]          resolver_wire.adb
   [Ada]          resolver_lrat.adb
   [Ada]          resolver_model.adb
   [Ada]          resolver_cnf.adb
   [Ada]          resolver_admission.adb
   [Ada]          pkg_versions.adb
   [Ada]          pkg_rpm_resolution.adb
   [Ada]          pkg_dependency.adb
   [Ada]          pkg_provenance.adb
   [Ada]          pkg_transactions.adb
   [Ada]          pkg_maintenance_bundle.adb
   [Ada]          pkg_rpm.adb
   [Ada]          pkg_journal.adb
   [Ada]          pkg_change_set.adb
   [Ada]          pkg_holds.adb
   [Ada]          pkg_advisory.adb
   [Ada]          pkg_activation.adb
   [Ada]          pkg_deb_semantics.adb
   [Ada]          pkg_deb_versions.adb
   [Ada]          pkg_root_state.adb
   [Ada]          pkg_exposure_policy.adb
   [Ada]          pkg_file_plan.adb
   [Ada]          pkg_self_repair.adb
   [Ada]          pkg_recovery.adb
   [Ada]          pkg_file_replay.adb
   [Ada]          pkg_repository_trust.adb
   [Ada]          pkg_incorporation.adb
   [Ada]          pkg_system_composition.adb
   [Ada]          pkg_rollback_contract.adb
   [Ada]          pkg_retention_batch.adb
   [Ada]          pkg_payload_map.adb
   [Ada]          pkg_artifact_grant.adb
   [Ada]          pkg_acceptance.adb
   [Ada]          pkg_evr.adb
   [Ada]          pkg_inventory.adb
   [Ada]          pkg_admission.adb
   [Ada]          pkg_rpm_fields.adb
   [Ada]          pkg_recovery_catalog.adb
gprbuild -s -j1 -p -P pkgcore.gpr
Bind
   [gprbind]      pkg_recoveryctl.bexch
   [Ada]          pkg_recoveryctl.ali
   [gprbind]      pkgctl.bexch
   [Ada]          pkgctl.ali
   [gprbind]      pkg_worker.bexch
   [Ada]          pkg_worker.ali
   [gprbind]      pkg_scrubctl.bexch
   [Ada]          pkg_scrubctl.ali
Link
   [archive]      libpkgcore.a
   [index]        libpkgcore.a
   [link]         pkg_recoveryctl.adb
   [link]         pkgctl.adb
   [link]         pkg_worker.adb
   [link]         pkg_scrubctl.adb
gprbuild -s -j1 -p -P tests.gpr
Setup
   [mkdir]        object directory for project Tests
   [mkdir]        exec directory for project Tests
Compile
   [Ada]          run_catalog_store_tests.adb
   [Ada]          run_deb_transition_tests.adb
   [Ada]          run_deb_final_set_tests.adb
   [Ada]          run_selected_catalog_tests.adb
   [Ada]          run_payload_index_tests.adb
   [Ada]          run_deb_payload_tests.adb
   [Ada]          run_deb_data_stream_tests.adb
   [Ada]          run_deb_relations_tests.adb
   [Ada]          run_deb_metadata_tests.adb
   [Ada]          run_deb_control_tests.adb
   [Ada]          run_deb_container_tests.adb
   [Ada]          run_generation_publication_tests.adb
   [Ada]          run_generation_stage_tests.adb
   [Ada]          run_deb_semantics_tests.adb
   [Ada]          run_pkg_resolution_tests.adb
   [Ada]          run_file_replay_tests.adb
   [Ada]          run_composition_tests.adb
   [Ada]          run_pkg_tests.adb
   [Ada]          run_rpm_tests.adb
   [Ada]          run_journal_io_tests.adb
   [Ada]          run_v2_pkg_tests.adb
   [Ada]          run_file_engine_tests.adb
   [Ada]          run_repair_tests.adb
   [Ada]          run_retention_batch_tests.adb
   [Ada]          run_enterprise_pkg_tests.adb
   [C]            pkg_deb_stream.c
   [C]            pkg_deb_decode.c
   [Ada]          mc_clock.adb
   [Ada]          mc_codec.adb
   [Ada]          mc_fs.adb
   [Ada]          mc_hex.adb
   [Ada]          mc_posix.ads
   [Ada]          mc_runtime.adb
   [Ada]          mc_store.adb
   [Ada]          mc_text.adb
   [Ada]          mc_types.adb
   [Ada]          pkg_catalog_store.adb
   [Ada]          pkg_deb_metadata.adb
   [Ada]          pkg_deb_payload.adb
   [Ada]          pkg_deb_relations.adb
   [Ada]          pkg_deb_semantics.adb
   [Ada]          pkg_payload_index.adb
   [Ada]          pkg_selected_catalog.adb
   [Ada]          test_support.adb
   [Ada]          pkg_deb_final_set.adb
   [Ada]          pkg_deb_transition.adb
   [Ada]          mc_sha256.adb
   [Ada]          pkg_deb_container.adb
   [Ada]          pkg_deb_data_stream.adb
   [Ada]          pkg_deb_fields.adb
   [Ada]          pkg_deb_control.adb
   [Ada]          mc_atomic.adb
   [Ada]          mc_config_auth.adb
   [Ada]          mc_config_receipt.adb
   [Ada]          mc_contract_profile.ads
   [Ada]          mc_dirents.adb
   [Ada]          mc_log.adb
   [Ada]          mc_log_format.adb
   [Ada]          mc_stop_barrier.adb
   [Ada]          pkg_configuration_engine.adb
   [Ada]          pkg_file_engine.adb
   [Ada]          pkg_file_plan.adb
   [Ada]          pkg_file_replay.adb
   [Ada]          pkg_generation_descriptor.adb
   [Ada]          pkg_generation_manifest.adb
   [Ada]          pkg_generation_publisher.adb
   [Ada]          pkg_generation_stage.adb
   [Ada]          pkg_image_inspector.adb
   [Ada]          pkg_managed_engine.adb
   [Ada]          pkg_quiescent_engine.adb
   [Ada]          pkg_recovery_audit.adb
   [Ada]          pkg_resolution_engine.adb
   [Ada]          pkg_root_state.adb
   [Ada]          resolver_admission.adb
   [Ada]          resolver_model.adb
   [Ada]          resolver_verify.adb
   [Ada]          resolver_wire.adb
   [Ada]          pkg_deb_versions.adb
   [Ada]          pkg_dependency.adb
   [Ada]          pkg_rpm_resolution.adb
   [Ada]          pkg_system_composition.adb
   [Ada]          pkg_admission.adb
   [Ada]          pkg_journal.adb
   [Ada]          pkg_recovery.adb
   [Ada]          pkg_transactions.adb
   [Ada]          pkg_versions.adb
   [Ada]          resolver_builder.adb
   [Ada]          mc_file_io.adb
   [Ada]          pkg_rpm.adb
   [Ada]          mc_durable.adb
   [Ada]          pkg_journal_io.adb
   [Ada]          pkg_artifact_grant.adb
   [Ada]          pkg_evr.adb
   [Ada]          pkg_rpm_fields.adb
   [Ada]          pkg_inventory.adb
   [Ada]          pkg_recovery_catalog.adb
   [Ada]          pkg_self_repair.adb
   [Ada]          mc_backups.adb
   [Ada]          pkg_retention_batch.adb
   [Ada]          recovery_fixtures.adb
   [Ada]          mc_maintenance.adb
   [Ada]          pkg_acceptance.adb
   [Ada]          pkg_activation.adb
   [Ada]          pkg_advisory.adb
   [Ada]          pkg_exposure_policy.adb
   [Ada]          pkg_holds.adb
   [Ada]          pkg_incorporation.adb
   [Ada]          pkg_maintenance_bundle.adb
   [Ada]          pkg_provenance.adb
   [Ada]          pkg_repository_trust.adb
   [Ada]          pkg_rollback_contract.adb
   [Ada]          mc_kernel_read.adb
   [Ada]          mc_paths.adb
   [Ada]          pkg_tar_framing.adb
   [Ada]          mc_authentic.adb
   [Ada]          mc_signatures.adb
   [Ada]          mc_journal_budget.ads
   [Ada]          mc_time_guard.adb
   [Ada]          mc_protocol.adb
Bind
   [gprbind]      run_catalog_store_tests.bexch
   [Ada]          run_catalog_store_tests.ali
   [gprbind]      run_deb_transition_tests.bexch
   [Ada]          run_deb_transition_tests.ali
   [gprbind]      run_deb_final_set_tests.bexch
   [Ada]          run_deb_final_set_tests.ali
   [gprbind]      run_selected_catalog_tests.bexch
   [Ada]          run_selected_catalog_tests.ali
   [gprbind]      run_payload_index_tests.bexch
   [Ada]          run_payload_index_tests.ali
   [gprbind]      run_deb_payload_tests.bexch
   [Ada]          run_deb_payload_tests.ali
   [gprbind]      run_deb_data_stream_tests.bexch
   [Ada]          run_deb_data_stream_tests.ali
   [gprbind]      run_deb_relations_tests.bexch
   [Ada]          run_deb_relations_tests.ali
   [gprbind]      run_deb_metadata_tests.bexch
   [Ada]          run_deb_metadata_tests.ali
   [gprbind]      run_deb_control_tests.bexch
   [Ada]          run_deb_control_tests.ali
   [gprbind]      run_deb_container_tests.bexch
   [Ada]          run_deb_container_tests.ali
   [gprbind]      run_generation_publication_tests.bexch
   [Ada]          run_generation_publication_tests.ali
   [gprbind]      run_generation_stage_tests.bexch
   [Ada]          run_generation_stage_tests.ali
   [gprbind]      run_deb_semantics_tests.bexch
   [Ada]          run_deb_semantics_tests.ali
   [gprbind]      run_pkg_resolution_tests.bexch
   [Ada]          run_pkg_resolution_tests.ali
   [gprbind]      run_file_replay_tests.bexch
   [Ada]          run_file_replay_tests.ali
   [gprbind]      run_composition_tests.bexch
   [Ada]          run_composition_tests.ali
   [gprbind]      run_pkg_tests.bexch
   [Ada]          run_pkg_tests.ali
   [gprbind]      run_rpm_tests.bexch
   [Ada]          run_rpm_tests.ali
   [gprbind]      run_journal_io_tests.bexch
   [Ada]          run_journal_io_tests.ali
   [gprbind]      run_v2_pkg_tests.bexch
   [Ada]          run_v2_pkg_tests.ali
   [gprbind]      run_file_engine_tests.bexch
   [Ada]          run_file_engine_tests.ali
   [gprbind]      run_repair_tests.bexch
   [Ada]          run_repair_tests.ali
   [gprbind]      run_retention_batch_tests.bexch
   [Ada]          run_retention_batch_tests.ali
   [gprbind]      run_enterprise_pkg_tests.bexch
   [Ada]          run_enterprise_pkg_tests.ali
Link
   [archive]      libtests.a
   [index]        libtests.a
   [link]         run_catalog_store_tests.adb
   [link]         run_deb_transition_tests.adb
   [link]         run_deb_final_set_tests.adb
   [link]         run_selected_catalog_tests.adb
   [link]         run_payload_index_tests.adb
   [link]         run_deb_payload_tests.adb
   [link]         run_deb_data_stream_tests.adb
   [link]         run_deb_relations_tests.adb
   [link]         run_deb_metadata_tests.adb
   [link]         run_deb_control_tests.adb
   [link]         run_deb_container_tests.adb
   [link]         run_generation_publication_tests.adb
   [link]         run_generation_stage_tests.adb
   [link]         run_deb_semantics_tests.adb
   [link]         run_pkg_resolution_tests.adb
   [link]         run_file_replay_tests.adb
   [link]         run_composition_tests.adb
   [link]         run_pkg_tests.adb
   [link]         run_rpm_tests.adb
   [link]         run_journal_io_tests.adb
   [link]         run_v2_pkg_tests.adb
   [link]         run_file_engine_tests.adb
   [link]         run_repair_tests.adb
   [link]         run_retention_batch_tests.adb
   [link]         run_enterprise_pkg_tests.adb
