Running as unit: run-p316320-i316620.scope; invocation ID: fb3049a595f848bc8c811f25bf77229e
limited-exec: {"scope": "run-p316320-i316620.scope", "kernel_limits": {"memory.max": "3221225472", "memory.swap.max": "0", "cpu.max": "100000 100000", "pids.max": "128"}}
Setup
   [mkdir]        object directory for project Tests
   [mkdir]        exec directory for project Tests
Compile
   [Ada]          run_root_archive_tests.adb
   [Ada]          run_generation_stage_tests.adb
   [Ada]          run_generation_publication_tests.adb
   [C]            pkg_deb_stream.c
   [C]            pkg_deb_decode.c
   [Ada]          mc_clock.adb
   [Ada]          mc_codec.adb
   [Ada]          mc_fs.adb
   [Ada]          mc_hex.adb
   [Ada]          mc_posix.ads
   [Ada]          mc_runtime.adb
   [Ada]          mc_store.adb
   [Ada]          mc_types.adb
   [Ada]          pkg_catalog_retention.adb
   [Ada]          pkg_catalog_store.adb
   [Ada]          pkg_deb_metadata.adb
   [Ada]          pkg_deb_payload.adb
   [Ada]          pkg_payload_index.adb
   [Ada]          pkg_root_archive.adb
   [Ada]          pkg_selected_catalog.adb
   [Ada]          root_archive_stage_test.adb
root_archive_stage_test.adb:48:78: warning: index for "Phase" may assume lower bound of 1 [-gnatww]
root_archive_stage_test.adb:48:78: warning: suggested replacement: "Phase'First" [-gnatww]
root_archive_stage_test.adb:48:83: warning: index for "Phase" may assume lower bound of 1 [-gnatww]
root_archive_stage_test.adb:48:83: warning: suggested replacement: "Phase'First + 5" [-gnatww]
gprbuild: *** compilation phase failed
