Running as unit: run-p130851-i131151.scope; invocation ID: cc610731af95443a828c581c94b27baa
limited-exec: {"scope": "run-p130851-i131151.scope", "kernel_limits": {"memory.max": "3221225472", "memory.swap.max": "0", "cpu.max": "100000 100000", "pids.max": "128"}}
Compile
   [Ada]          pkg_selected_catalog.adb
   [Ada]          test_support.adb
   [Ada]          mc_kernel_read.adb
   [Ada]          mc_codec.adb
   [Ada]          mc_paths.adb
   [Ada]          mc_sha256.adb
   [Ada]          mc_dirents.adb
   [Ada]          pkg_deb_container.adb
   [Ada]          pkg_deb_control.adb
   [Ada]          pkg_deb_fields.adb
   [Ada]          pkg_deb_data_stream.adb
   [Ada]          pkg_tar_framing.adb
   [Ada]          pkg_deb_versions.adb
Bind
   [gprbind]      run_selected_catalog_tests.bexch
   [Ada]          run_selected_catalog_tests.ali
Link
   [archive]      libtests.a
   [index]        libtests.a
   [link]         run_selected_catalog_tests.adb
FAIL: private CASDENIED

raised TEST_SUPPORT.FAILURE : private CASDENIED
