Running as unit: run-p130607-i130907.scope; invocation ID: bb978872526b4476a39977647ea4ec88
limited-exec: {"scope": "run-p130607-i130907.scope", "kernel_limits": {"memory.max": "3221225472", "memory.swap.max": "0", "cpu.max": "100000 100000", "pids.max": "128"}}
Setup
   [mkdir]        object directory for project Tests
   [mkdir]        exec directory for project Tests
Compile
   [Ada]          run_selected_catalog_tests.adb
   [C]            pkg_deb_stream.c
   [C]            pkg_deb_decode.c
   [Ada]          mc_clock.adb
   [Ada]          mc_fs.adb
   [Ada]          mc_hex.adb
   [Ada]          mc_posix.ads
   [Ada]          mc_runtime.adb
   [Ada]          mc_store.adb
   [Ada]          mc_text.adb
   [Ada]          mc_types.adb
   [Ada]          pkg_deb_metadata.adb
   [Ada]          pkg_deb_payload.adb
   [Ada]          pkg_deb_relations.adb
   [Ada]          pkg_deb_semantics.adb
   [Ada]          pkg_payload_index.adb
   [Ada]          pkg_selected_catalog.adb
pkg_selected_catalog.adb:142:44: error: "Start" not declared in "MC_SHA256"
gprbuild: *** compilation phase failed
