Running as unit: run-p201223-i201523.scope; invocation ID: 98fe376429f8415fb1263be107014365
limited-exec: {"scope": "run-p201223-i201523.scope", "kernel_limits": {"memory.max": "3221225472", "memory.swap.max": "0", "cpu.max": "100000 100000", "pids.max": "128"}}
Setup
   [mkdir]        object directory for project Tests
   [mkdir]        exec directory for project Tests
Compile
   [Ada]          run_deb_transition_tests.adb
   [C]            pkg_deb_stream.c
   [C]            pkg_deb_decode.c
   [Ada]          mc_clock.adb
   [Ada]          mc_fs.adb
   [Ada]          mc_hex.adb
   [Ada]          mc_posix.ads
   [Ada]          mc_runtime.adb
   [Ada]          mc_store.adb
   [Ada]          mc_text.adb
   [Ada]          mc_types.adb
   [Ada]          pkg_deb_final_set.adb
   [Ada]          pkg_deb_payload.adb
   [Ada]          pkg_deb_transition.adb
   [Ada]          pkg_payload_index.adb
   [Ada]          pkg_selected_catalog.adb
   [Ada]          test_support.adb
   [Ada]          mc_kernel_read.adb
   [Ada]          mc_codec.adb
   [Ada]          mc_paths.adb
   [Ada]          mc_sha256.adb
   [Ada]          mc_dirents.adb
   [Ada]          pkg_deb_semantics.adb
   [Ada]          pkg_deb_versions.adb
   [Ada]          pkg_deb_relations.adb
   [Ada]          pkg_deb_container.adb
   [Ada]          pkg_deb_data_stream.adb
   [Ada]          pkg_tar_framing.adb
   [Ada]          pkg_deb_metadata.adb
   [Ada]          pkg_deb_fields.adb
   [Ada]          pkg_deb_control.adb
Bind
   [gprbind]      run_deb_transition_tests.bexch
   [Ada]          run_deb_transition_tests.ali
Link
   [archive]      libtests.a
   [index]        libtests.a
   [link]         run_deb_transition_tests.adb
TRANSITION case-0000 NONE OK 9635e41101fc27f3fc5f2ebbc20d824a59542f408f20b08594790affd7bba315 9635e41101fc27f3fc5f2ebbc20d824a59542f408f20b08594790affd7bba315 3f366099994b3bb1f332ed53bec4071c0873113a23f6399e74313f50d5dc371b 8827cf6e6ccd6aa5194b6d404f58946b63d8093ac179a1cc4eb6ac9152a0178f 0 0000000000000000000000000000000000000000000000000000000000000000 0000000000000000000000000000000000000000000000000000000000000000 FALSE FALSE NOT_CHECKED
TRANSITION case-0001 NONE OK 303c97525236ca7937ac0ee42eb722b5e7c709ea79544b04eef41ce7a6dc6839 303c97525236ca7937ac0ee42eb722b5e7c709ea79544b04eef41ce7a6dc6839 a9c8b3d200bb4eca96175cab7c3ea76ff3a320f03a094c16a38ceaaa4ee0d226 ef095383c4375729d098936469a654b00f18901c8db79e2e6a6ff72e73a178a8 0 0000000000000000000000000000000000000000000000000000000000000000 0000000000000000000000000000000000000000000000000000000000000000 FALSE FALSE NOT_CHECKED
TRANSITION case-0002 NONE OK 9635e41101fc27f3fc5f2ebbc20d824a59542f408f20b08594790affd7bba315 303c97525236ca7937ac0ee42eb722b5e7c709ea79544b04eef41ce7a6dc6839 4fc7141bb5f5f49a36da0b15c789a8f77740ac332e48231416b9ccbb3023735f ef095383c4375729d098936469a654b00f18901c8db79e2e6a6ff72e73a178a8 1 0000000000000000000000000000000000000000000000000000000000000000 0000000000000000000000000000000000000000000000000000000000000000 FALSE FALSE NOT_CHECKED
CHANGE case-0002 1 ADDED base amd64 - 2 0000000000000000000000000000000000000000000000000000000000000000 549abc7dc99450fdcb6d1465be0622b6ab9cb2c1b73368ae9a7731c119027aad
TRANSITION case-0003 NONE OK 303c97525236ca7937ac0ee42eb722b5e7c709ea79544b04eef41ce7a6dc6839 9635e41101fc27f3fc5f2ebbc20d824a59542f408f20b08594790affd7bba315 5af233eed4c20dcab86310fc1fc3c0abe84108081225e61447c5db9b9ba00ac5 8827cf6e6ccd6aa5194b6d404f58946b63d8093ac179a1cc4eb6ac9152a0178f 1 0000000000000000000000000000000000000000000000000000000000000000 0000000000000000000000000000000000000000000000000000000000000000 FALSE FALSE NOT_CHECKED
CHANGE case-0003 1 REMOVED base amd64 2 - 549abc7dc99450fdcb6d1465be0622b6ab9cb2c1b73368ae9a7731c119027aad 0000000000000000000000000000000000000000000000000000000000000000
TRANSITION case-0004 NONE OK 303c97525236ca7937ac0ee42eb722b5e7c709ea79544b04eef41ce7a6dc6839 6196f6d0c5fa1ac08151e27d7ec432e09f64a2b66a240c4fb516f96b0e68b9bc 0082819897c9e9c1665cd594daec865616857d62777b8d4105f7feae5cbd935c 246dd8b0ca64dff0aba39b1e0e86c2cafd202b499834b2056e15309945afd7b9 1 0000000000000000000000000000000000000000000000000000000000000000 0000000000000000000000000000000000000000000000000000000000000000 FALSE FALSE NOT_CHECKED
CHANGE case-0004 1 UPGRADED base amd64 2 3 549abc7dc99450fdcb6d1465be0622b6ab9cb2c1b73368ae9a7731c119027aad 1653b599a2abd00e682ebbadac53d3c15bf4326fb600e66ca02ba2a572014cd9
TRANSITION case-0005 NONE OK 303c97525236ca7937ac0ee42eb722b5e7c709ea79544b04eef41ce7a6dc6839 fb9685adf50c4b3341378290a2081c3e422232957c5cd20a566c1264666059f4 3e2402c4c548ccff9e3f36f310f39287850c47be51ebe50928a77a177acef103 a272c441a4c493a6a86eb8ac96801857314aa16f9d27ab5fbee74401fc97a88c 1 0000000000000000000000000000000000000000000000000000000000000000 0000000000000000000000000000000000000000000000000000000000000000 FALSE FALSE NOT_CHECKED
CHANGE case-0005 1 DOWNGRADED base amd64 2 1 549abc7dc99450fdcb6d1465be0622b6ab9cb2c1b73368ae9a7731c119027aad a345be7c0d09fd4c3faa468635dee6112c78e81cf5b2c376ce94ca828e7e7731
TRANSITION case-0006 NONE OK 303c97525236ca7937ac0ee42eb722b5e7c709ea79544b04eef41ce7a6dc6839 11fcd6088d1751e4f8600b248d4aba63a8bc8208869ce95aeebdf04a1f423e07 2dd1474344b6a7d93a6a0060b9b387dfd74e1688279f4192e87b9f786659c6c5 e4af11d49ea2a5c0514d4f873bb56b4061b8f82b88818b99cffec06288c65f81 1 0000000000000000000000000000000000000000000000000000000000000000 0000000000000000000000000000000000000000000000000000000000000000 FALSE FALSE NOT_CHECKED
CHANGE case-0006 1 REPACKED base amd64 2 2-0 549abc7dc99450fdcb6d1465be0622b6ab9cb2c1b73368ae9a7731c119027aad d3b4a134e16503a0009f6b3dc3a3a508ae691e9228e90c5709ffadb1a7e10bd8
TRANSITION case-0007 NONE OK 303c97525236ca7937ac0ee42eb722b5e7c709ea79544b04eef41ce7a6dc6839 bb4dc178f9d6effab81c8fbc7e130dbe49209ce1e12aac588ecad243ebffc344 f63208cfb510b9b8b355d43553e63cc5e7ea6a37231a38a4af0a710ecb111c57 e0a5beaee5e165722b3bb57ae69ef268388f4de5617aa4e049b105a94c8abf9a 1 0000000000000000000000000000000000000000000000000000000000000000 0000000000000000000000000000000000000000000000000000000000000000 FALSE FALSE NOT_CHECKED
CHANGE case-0007 1 UPGRADED base amd64 2 1:1 549abc7dc99450fdcb6d1465be0622b6ab9cb2c1b73368ae9a7731c119027aad fd8811a916bf341b8541426171ae0437994234ffa30cbdfb9e72a55a6aca6f99
TRANSITION case-0008 NONE OK 303c97525236ca7937ac0ee42eb722b5e7c709ea79544b04eef41ce7a6dc6839 d6a2b57d429c35ba2fa4839489982db90b045e845deaf1893b50db407e92f2d6 f6e5a105bbb38090f1b371003fd4f328bf288366946b7e06c505712471495ae8 13424165b9911cb21f6316350c4f28db3a6498af0f483bf0b2114cc3a2e5c871 1 0000000000000000000000000000000000000000000000000000000000000000 0000000000000000000000000000000000000000000000000000000000000000 FALSE FALSE NOT_CHECKED
CHANGE case-0008 1 DOWNGRADED base amd64 2 2~rc1 549abc7dc99450fdcb6d1465be0622b6ab9cb2c1b73368ae9a7731c119027aad 3ac11bd1469050626cbda69b137524e75d602703ae1c77ab58610756e0cba5c2
TRANSITION case-0009 NONE OK 303c97525236ca7937ac0ee42eb722b5e7c709ea79544b04eef41ce7a6dc6839 ef04605d6c7ca670fce3f0396ed52a0e99ad553bf54efffc321489fe9ce792ff e93c58d2165c2d5077a3f06f5b50ccfd3e909b4b404352b0b9f5b85ad540b6bb 4ff5ac53cca71aad715e65d1c7ac34e8db836d944e7d5c8161fb08c3402e9b33 1 0000000000000000000000000000000000000000000000000000000000000000 0000000000000000000000000000000000000000000000000000000000000000 FALSE FALSE NOT_CHECKED
CHANGE case-0009 1 REPACKED base amd64 2 2 549abc7dc99450fdcb6d1465be0622b6ab9cb2c1b73368ae9a7731c119027aad 8fef0d9a6da2247a0dc546bd105f904fc716e45f73f779b2e3947d1e6b498868
TRANSITION case-0010 NONE OK 303c97525236ca7937ac0ee42eb722b5e7c709ea79544b04eef41ce7a6dc6839 75050d8f669669cb3c94c2ae632fccbd015f47d7d6c80b1a3d14fd61697c83fa 0cfca1c66b81292d7b5384d56af54693a6fec402cdb1072891905979b28bc6b4 782ba77dc9e7e252f7118d2e38c7c08f5b587498ca69a6c31f9ede1cca26e31c 2 0000000000000000000000000000000000000000000000000000000000000000 0000000000000000000000000000000000000000000000000000000000000000 FALSE FALSE NOT_CHECKED
CHANGE case-0010 1 REMOVED base amd64 2 - 549abc7dc99450fdcb6d1465be0622b6ab9cb2c1b73368ae9a7731c119027aad 0000000000000000000000000000000000000000000000000000000000000000
CHANGE case-0010 2 ADDED base arm64 - 2 0000000000000000000000000000000000000000000000000000000000000000 7ac2b6dca07c69818a45260876d2fd4a978d701f7547a1ccc7ac52e805308315
TRANSITION case-0011 NONE OK 303c97525236ca7937ac0ee42eb722b5e7c709ea79544b04eef41ce7a6dc6839 6196f6d0c5fa1ac08151e27d7ec432e09f64a2b66a240c4fb516f96b0e68b9bc 0082819897c9e9c1665cd594daec865616857d62777b8d4105f7feae5cbd935c 246dd8b0ca64dff0aba39b1e0e86c2cafd202b499834b2056e15309945afd7b9 1 0000000000000000000000000000000000000000000000000000000000000000 0000000000000000000000000000000000000000000000000000000000000000 FALSE FALSE NOT_CHECKED
CHANGE case-0011 1 UPGRADED base amd64 2 3 549abc7dc99450fdcb6d1465be0622b6ab9cb2c1b73368ae9a7731c119027aad 1653b599a2abd00e682ebbadac53d3c15bf4326fb600e66ca02ba2a572014cd9
TRANSITION case-0012 NONE OK 303c97525236ca7937ac0ee42eb722b5e7c709ea79544b04eef41ce7a6dc6839 53d01cbdf835eb93c1ed365803f2deca73b8fd8e8dbbf3c71c9f09c69cc9c008 d2cf3767b0abbab69d2d7dc51de22678c0959ad02406c81bde49ab390d57ea87 4dc5d5797cd7baca4763f2dca824e53fdcefa6281078505f948f01d6d0dd52bf 1 0000000000000000000000000000000000000000000000000000000000000000 0000000000000000000000000000000000000000000000000000000000000000 FALSE FALSE NOT_CHECKED
CHANGE case-0012 1 UPGRADED base amd64 2 3 549abc7dc99450fdcb6d1465be0622b6ab9cb2c1b73368ae9a7731c119027aad f0b1b37d7149eff22facd730ce052a563409c1f96975d783274601f0f6210025
TRANSITION case-0013 NONE OK 303c97525236ca7937ac0ee42eb722b5e7c709ea79544b04eef41ce7a6dc6839 accf8c19b229db1c1f4ff7fd746ba65fd7f748ca4fee4df6c033170652fdcea9 a4fcc6f1e35eec75e7dd56cfdd3bf44259e7e479a4e1e99b4295d936c315ccc8 1aec6e002d0c063cb642def38cb2169283d7fa2321ca5c9c28989bd7d9c59337 1 0000000000000000000000000000000000000000000000000000000000000000 0000000000000000000000000000000000000000000000000000000000000000 FALSE FALSE NOT_CHECKED
CHANGE case-0013 1 UPGRADED base amd64 2 3 549abc7dc99450fdcb6d1465be0622b6ab9cb2c1b73368ae9a7731c119027aad 847388ef6dad9195225c0bf9408bde5e341e805aa42098f350b0da9837e5af05
TRANSITION case-0014 NONE OK 303c97525236ca7937ac0ee42eb722b5e7c709ea79544b04eef41ce7a6dc6839 2c1a9ce28fc32288339f057e94823568baee850eb1e63cbd56ec26d150e75674 1f00e3b3a3dbbbecc2e399c712a68b52fefef8a2b36811fcaa4566a363381f13 9f41a5d4b73b5cd30bea26dd876e6d8c0b6206374787c4b045173ca0313b9d78 1 0000000000000000000000000000000000000000000000000000000000000000 0000000000000000000000000000000000000000000000000000000000000000 FALSE FALSE NOT_CHECKED
CHANGE case-0014 1 UPGRADED base amd64 2 3 549abc7dc99450fdcb6d1465be0622b6ab9cb2c1b73368ae9a7731c119027aad c4bf0f165aec2f661e53be1c6404e9718f99c200cf1b8f7a0e98622441cded39
TRANSITION case-0015 PROTECTION_MIGRATION_REQUIRED DENIED faa0eebe1a82d99ec02c01d867d406be60fd142b1a63f3d159edf25c1bc193ec 6196f6d0c5fa1ac08151e27d7ec432e09f64a2b66a240c4fb516f96b0e68b9bc 0000000000000000000000000000000000000000000000000000000000000000 0000000000000000000000000000000000000000000000000000000000000000 0 0269874e5e6c300c41dd2505e6e8d8038289c75e6558fab6e9c9af6a965743a5 1653b599a2abd00e682ebbadac53d3c15bf4326fb600e66ca02ba2a572014cd9 TRUE FALSE NOT_CHECKED
TRANSITION case-0016 NONE OK faa0eebe1a82d99ec02c01d867d406be60fd142b1a63f3d159edf25c1bc193ec 53d01cbdf835eb93c1ed365803f2deca73b8fd8e8dbbf3c71c9f09c69cc9c008 c918d7cff6daf7a1b4a462f25ebf52d91e36c424bbdcab0391ed50747a98e41c 4dc5d5797cd7baca4763f2dca824e53fdcefa6281078505f948f01d6d0dd52bf 1 0000000000000000000000000000000000000000000000000000000000000000 0000000000000000000000000000000000000000000000000000000000000000 FALSE FALSE NOT_CHECKED
CHANGE case-0016 1 UPGRADED base amd64 2 3 0269874e5e6c300c41dd2505e6e8d8038289c75e6558fab6e9c9af6a965743a5 f0b1b37d7149eff22facd730ce052a563409c1f96975d783274601f0f6210025
TRANSITION case-0017 PROTECTION_MIGRATION_REQUIRED DENIED faa0eebe1a82d99ec02c01d867d406be60fd142b1a63f3d159edf25c1bc193ec accf8c19b229db1c1f4ff7fd746ba65fd7f748ca4fee4df6c033170652fdcea9 0000000000000000000000000000000000000000000000000000000000000000 0000000000000000000000000000000000000000000000000000000000000000 0 0269874e5e6c300c41dd2505e6e8d8038289c75e6558fab6e9c9af6a965743a5 847388ef6dad9195225c0bf9408bde5e341e805aa42098f350b0da9837e5af05 TRUE FALSE NOT_CHECKED
TRANSITION case-0018 NONE OK faa0eebe1a82d99ec02c01d867d406be60fd142b1a63f3d159edf25c1bc193ec 2c1a9ce28fc32288339f057e94823568baee850eb1e63cbd56ec26d150e75674 8a04af8fe131607df0dd12e35fdb632d57c632852bc65358f9e64da06adab540 9f41a5d4b73b5cd30bea26dd876e6d8c0b6206374787c4b045173ca0313b9d78 1 0000000000000000000000000000000000000000000000000000000000000000 0000000000000000000000000000000000000000000000000000000000000000 FALSE FALSE NOT_CHECKED
CHANGE case-0018 1 UPGRADED base amd64 2 3 0269874e5e6c300c41dd2505e6e8d8038289c75e6558fab6e9c9af6a965743a5 c4bf0f165aec2f661e53be1c6404e9718f99c200cf1b8f7a0e98622441cded39
TRANSITION case-0019 PROTECTION_MIGRATION_REQUIRED DENIED faa0eebe1a82d99ec02c01d867d406be60fd142b1a63f3d159edf25c1bc193ec 9635e41101fc27f3fc5f2ebbc20d824a59542f408f20b08594790affd7bba315 0000000000000000000000000000000000000000000000000000000000000000 0000000000000000000000000000000000000000000000000000000000000000 0 0269874e5e6c300c41dd2505e6e8d8038289c75e6558fab6e9c9af6a965743a5 0000000000000000000000000000000000000000000000000000000000000000 TRUE FALSE NOT_CHECKED
TRANSITION case-0020 PROTECTION_MIGRATION_REQUIRED DENIED faa0eebe1a82d99ec02c01d867d406be60fd142b1a63f3d159edf25c1bc193ec 73c8f46b676da318b5ea73802e122b5bb86de8a76aec2e071c134ff055271d01 0000000000000000000000000000000000000000000000000000000000000000 0000000000000000000000000000000000000000000000000000000000000000 0 0269874e5e6c300c41dd2505e6e8d8038289c75e6558fab6e9c9af6a965743a5 0000000000000000000000000000000000000000000000000000000000000000 TRUE FALSE NOT_CHECKED
TRANSITION case-0021 PROTECTION_MIGRATION_REQUIRED DENIED faa0eebe1a82d99ec02c01d867d406be60fd142b1a63f3d159edf25c1bc193ec bd3e793a57eeabb3fdf64e2b1de43a3a1cfa80c39a33804ed1b751f5216a27f3 0000000000000000000000000000000000000000000000000000000000000000 0000000000000000000000000000000000000000000000000000000000000000 0 0269874e5e6c300c41dd2505e6e8d8038289c75e6558fab6e9c9af6a965743a5 0000000000000000000000000000000000000000000000000000000000000000 TRUE FALSE NOT_CHECKED
TRANSITION case-0022 PROTECTION_MIGRATION_REQUIRED DENIED 9c1c84152fd0d3e22bc9579ae2c2f3fd8efb442161e9fc0ac1737f95a03299af 6196f6d0c5fa1ac08151e27d7ec432e09f64a2b66a240c4fb516f96b0e68b9bc 0000000000000000000000000000000000000000000000000000000000000000 0000000000000000000000000000000000000000000000000000000000000000 0 39a847134d17437c5e788cdbc7d282173b68e9e330bf050333657322fd38c60c 1653b599a2abd00e682ebbadac53d3c15bf4326fb600e66ca02ba2a572014cd9 FALSE TRUE NOT_CHECKED
TRANSITION case-0023 PROTECTION_MIGRATION_REQUIRED DENIED 9c1c84152fd0d3e22bc9579ae2c2f3fd8efb442161e9fc0ac1737f95a03299af 53d01cbdf835eb93c1ed365803f2deca73b8fd8e8dbbf3c71c9f09c69cc9c008 0000000000000000000000000000000000000000000000000000000000000000 0000000000000000000000000000000000000000000000000000000000000000 0 39a847134d17437c5e788cdbc7d282173b68e9e330bf050333657322fd38c60c f0b1b37d7149eff22facd730ce052a563409c1f96975d783274601f0f6210025 FALSE TRUE NOT_CHECKED
TRANSITION case-0024 NONE OK 9c1c84152fd0d3e22bc9579ae2c2f3fd8efb442161e9fc0ac1737f95a03299af accf8c19b229db1c1f4ff7fd746ba65fd7f748ca4fee4df6c033170652fdcea9 a5dfb099987e91076d83175659fc9aa735984dbd2dd63cf88f8ee8568d8d0286 1aec6e002d0c063cb642def38cb2169283d7fa2321ca5c9c28989bd7d9c59337 1 0000000000000000000000000000000000000000000000000000000000000000 0000000000000000000000000000000000000000000000000000000000000000 FALSE FALSE NOT_CHECKED
CHANGE case-0024 1 UPGRADED base amd64 2 3 39a847134d17437c5e788cdbc7d282173b68e9e330bf050333657322fd38c60c 847388ef6dad9195225c0bf9408bde5e341e805aa42098f350b0da9837e5af05
TRANSITION case-0025 NONE OK 9c1c84152fd0d3e22bc9579ae2c2f3fd8efb442161e9fc0ac1737f95a03299af 2c1a9ce28fc32288339f057e94823568baee850eb1e63cbd56ec26d150e75674 26cb35b27d6818332af41418f639d49016c3ed65eb8323c0ec65885b79f22b90 9f41a5d4b73b5cd30bea26dd876e6d8c0b6206374787c4b045173ca0313b9d78 1 0000000000000000000000000000000000000000000000000000000000000000 0000000000000000000000000000000000000000000000000000000000000000 FALSE FALSE NOT_CHECKED
CHANGE case-0025 1 UPGRADED base amd64 2 3 39a847134d17437c5e788cdbc7d282173b68e9e330bf050333657322fd38c60c c4bf0f165aec2f661e53be1c6404e9718f99c200cf1b8f7a0e98622441cded39
TRANSITION case-0026 PROTECTION_MIGRATION_REQUIRED DENIED 9c1c84152fd0d3e22bc9579ae2c2f3fd8efb442161e9fc0ac1737f95a03299af 9635e41101fc27f3fc5f2ebbc20d824a59542f408f20b08594790affd7bba315 0000000000000000000000000000000000000000000000000000000000000000 0000000000000000000000000000000000000000000000000000000000000000 0 39a847134d17437c5e788cdbc7d282173b68e9e330bf050333657322fd38c60c 0000000000000000000000000000000000000000000000000000000000000000 FALSE TRUE NOT_CHECKED
TRANSITION case-0027 PROTECTION_MIGRATION_REQUIRED DENIED 9c1c84152fd0d3e22bc9579ae2c2f3fd8efb442161e9fc0ac1737f95a03299af 36955d6aa5c6ec12895c79293adfe0769d04d85ceadc2e79251de95d283c3c66 0000000000000000000000000000000000000000000000000000000000000000 0000000000000000000000000000000000000000000000000000000000000000 0 39a847134d17437c5e788cdbc7d282173b68e9e330bf050333657322fd38c60c 0000000000000000000000000000000000000000000000000000000000000000 FALSE TRUE NOT_CHECKED
TRANSITION case-0028 PROTECTION_MIGRATION_REQUIRED DENIED 9c1c84152fd0d3e22bc9579ae2c2f3fd8efb442161e9fc0ac1737f95a03299af f106031559e0a3681f53234e548715fbe94778ce5f75d74c32c7b0b67df6816b 0000000000000000000000000000000000000000000000000000000000000000 0000000000000000000000000000000000000000000000000000000000000000 0 39a847134d17437c5e788cdbc7d282173b68e9e330bf050333657322fd38c60c 0000000000000000000000000000000000000000000000000000000000000000 FALSE TRUE NOT_CHECKED
TRANSITION case-0029 PROTECTION_MIGRATION_REQUIRED DENIED ef1cb3a9bd5926df36ce82d15e298e1b69d8137156be9d84e47ba43bc4d6ef9b 6196f6d0c5fa1ac08151e27d7ec432e09f64a2b66a240c4fb516f96b0e68b9bc 0000000000000000000000000000000000000000000000000000000000000000 0000000000000000000000000000000000000000000000000000000000000000 0 fa047c301ab2d3b0b3a0a9f74e02dc7485adf15b7d5405c52024232d6cce897a 1653b599a2abd00e682ebbadac53d3c15bf4326fb600e66ca02ba2a572014cd9 TRUE TRUE NOT_CHECKED
TRANSITION case-0030 PROTECTION_MIGRATION_REQUIRED DENIED ef1cb3a9bd5926df36ce82d15e298e1b69d8137156be9d84e47ba43bc4d6ef9b 53d01cbdf835eb93c1ed365803f2deca73b8fd8e8dbbf3c71c9f09c69cc9c008 0000000000000000000000000000000000000000000000000000000000000000 0000000000000000000000000000000000000000000000000000000000000000 0 fa047c301ab2d3b0b3a0a9f74e02dc7485adf15b7d5405c52024232d6cce897a f0b1b37d7149eff22facd730ce052a563409c1f96975d783274601f0f6210025 FALSE TRUE NOT_CHECKED
TRANSITION case-0031 PROTECTION_MIGRATION_REQUIRED DENIED ef1cb3a9bd5926df36ce82d15e298e1b69d8137156be9d84e47ba43bc4d6ef9b accf8c19b229db1c1f4ff7fd746ba65fd7f748ca4fee4df6c033170652fdcea9 0000000000000000000000000000000000000000000000000000000000000000 0000000000000000000000000000000000000000000000000000000000000000 0 fa047c301ab2d3b0b3a0a9f74e02dc7485adf15b7d5405c52024232d6cce897a 847388ef6dad9195225c0bf9408bde5e341e805aa42098f350b0da9837e5af05 TRUE FALSE NOT_CHECKED
TRANSITION case-0032 NONE OK ef1cb3a9bd5926df36ce82d15e298e1b69d8137156be9d84e47ba43bc4d6ef9b 2c1a9ce28fc32288339f057e94823568baee850eb1e63cbd56ec26d150e75674 eab4686075b58886535a7538630ed2d3417014f7e7f5e99c22e35a750fe564d1 9f41a5d4b73b5cd30bea26dd876e6d8c0b6206374787c4b045173ca0313b9d78 1 0000000000000000000000000000000000000000000000000000000000000000 0000000000000000000000000000000000000000000000000000000000000000 FALSE FALSE NOT_CHECKED
CHANGE case-0032 1 UPGRADED base amd64 2 3 fa047c301ab2d3b0b3a0a9f74e02dc7485adf15b7d5405c52024232d6cce897a c4bf0f165aec2f661e53be1c6404e9718f99c200cf1b8f7a0e98622441cded39
TRANSITION case-0033 PROTECTION_MIGRATION_REQUIRED DENIED ef1cb3a9bd5926df36ce82d15e298e1b69d8137156be9d84e47ba43bc4d6ef9b 9635e41101fc27f3fc5f2ebbc20d824a59542f408f20b08594790affd7bba315 0000000000000000000000000000000000000000000000000000000000000000 0000000000000000000000000000000000000000000000000000000000000000 0 fa047c301ab2d3b0b3a0a9f74e02dc7485adf15b7d5405c52024232d6cce897a 0000000000000000000000000000000000000000000000000000000000000000 TRUE TRUE NOT_CHECKED
TRANSITION case-0034 PROTECTION_MIGRATION_REQUIRED DENIED ef1cb3a9bd5926df36ce82d15e298e1b69d8137156be9d84e47ba43bc4d6ef9b 35083d988ae9b93487c4fb46c70287e7601549ccef56a452091eae94c8e9681e 0000000000000000000000000000000000000000000000000000000000000000 0000000000000000000000000000000000000000000000000000000000000000 0 fa047c301ab2d3b0b3a0a9f74e02dc7485adf15b7d5405c52024232d6cce897a 0000000000000000000000000000000000000000000000000000000000000000 TRUE TRUE NOT_CHECKED
TRANSITION case-0035 PROTECTION_MIGRATION_REQUIRED DENIED ef1cb3a9bd5926df36ce82d15e298e1b69d8137156be9d84e47ba43bc4d6ef9b c96a031e12d817e0c1b570c75ff02802eeacaff118dea89fe9275588cac0c7ce 0000000000000000000000000000000000000000000000000000000000000000 0000000000000000000000000000000000000000000000000000000000000000 0 fa047c301ab2d3b0b3a0a9f74e02dc7485adf15b7d5405c52024232d6cce897a 0000000000000000000000000000000000000000000000000000000000000000 TRUE TRUE NOT_CHECKED
TRANSITION case-0036 NONE OK 9635e41101fc27f3fc5f2ebbc20d824a59542f408f20b08594790affd7bba315 f8d8b1b802f319f577fff6ddc63a1e199c8acbcf7703360e0ac190a4ef7a24c6 c783db1550d44dd50ef540cf380c92b316aed6428e2992532745af98400b56b0 98b773c9aa70ac41f752c7c19d31bb00fc6c8e8a6947a8eb0b3b2a1aebe31945 6 0000000000000000000000000000000000000000000000000000000000000000 0000000000000000000000000000000000000000000000000000000000000000 FALSE FALSE NOT_CHECKED
CHANGE case-0036 1 ADDED base amd64 - 2 0000000000000000000000000000000000000000000000000000000000000000 549abc7dc99450fdcb6d1465be0622b6ab9cb2c1b73368ae9a7731c119027aad
CHANGE case-0036 2 ADDED base+ amd64 - 2 0000000000000000000000000000000000000000000000000000000000000000 af64f1efe32e6782b042cd0a460739398b874be3955c992c31a11f8cb9db4037
CHANGE case-0036 3 ADDED base-a amd64 - 2 0000000000000000000000000000000000000000000000000000000000000000 a6fe5f4c764f62927b97f201d18a335f866f66f9b645c8f0c69d47ab24c0293d
CHANGE case-0036 4 ADDED base.a amd64 - 2 0000000000000000000000000000000000000000000000000000000000000000 510905e009e1f1fadbe166dd50259cbfb3013b085ac3469586506f50fcea151a
CHANGE case-0036 5 ADDED base0 amd64 - 2 0000000000000000000000000000000000000000000000000000000000000000 956a0bf863f798208d4aadc63e0344fcb09e3da0af47bb87559fb682803e522c
CHANGE case-0036 6 ADDED basea amd64 - 2 0000000000000000000000000000000000000000000000000000000000000000 0d305274bf8ebdfcaa27724f2d3d7765596a56025f0af738ff55d8b4bfe32ce5
TRANSITION case-0037 NONE OK 9635e41101fc27f3fc5f2ebbc20d824a59542f408f20b08594790affd7bba315 ce9287815fbde85c23b860c4f63b73a2b541f2db9929e83d33557b1285b600e2 185897f7c9c8bd644d58a23d60edf4b536d23b22757d64131b39198e45c7ec2a 39f42ba8476a137b40abd6edb532fe249b89a3f25f29c72408a814b82f28c007 3 0000000000000000000000000000000000000000000000000000000000000000 0000000000000000000000000000000000000000000000000000000000000000 FALSE FALSE NOT_CHECKED
CHANGE case-0037 1 ADDED library amd64 - 2 0000000000000000000000000000000000000000000000000000000000000000 c065e929b9fd98be749ffea5bbbb581f53f5b06d10eac08b1be0be48e6dd32d0
CHANGE case-0037 2 ADDED library arm64 - 2 0000000000000000000000000000000000000000000000000000000000000000 b9e8b41ae2bb94122aeb46479c0ef226ec90f6d2ab25e507a08b4e2a9311e781
CHANGE case-0037 3 ADDED library i386 - 2 0000000000000000000000000000000000000000000000000000000000000000 e0c4ca27aadba350ee9d2e32e62eba998b7cce7d06f6047aad4525ca8c2548fd
TRANSITION case-0038 NONE OK 4011b5f291d27c76e2f866b707446410237ed02cce93712b2287e5dfc7ff68f2 91f900fd763feedb862712c3d038d6d6f0fc26ff0dcfe4922290f71d338a0a73 65979e90d506b4af95a2bbacc47b19ad1e1950288fc2fb8c9663ade4e4ca0cd4 a1da4aba274b9b77a6ffa18fd4b4f7370a55c38b928539ce4d54484baa33d0b3 1 0000000000000000000000000000000000000000000000000000000000000000 0000000000000000000000000000000000000000000000000000000000000000 FALSE FALSE NOT_CHECKED
CHANGE case-0038 1 ADDED provider amd64 - 2 0000000000000000000000000000000000000000000000000000000000000000 52a454de727fcddebd451b4eb105e7f615ae7f2645c4959d87a4b22494036fad
TRANSITION case-0039 ENDPOINT_REJECTED CONFLICT 9635e41101fc27f3fc5f2ebbc20d824a59542f408f20b08594790affd7bba315 4011b5f291d27c76e2f866b707446410237ed02cce93712b2287e5dfc7ff68f2 0000000000000000000000000000000000000000000000000000000000000000 0000000000000000000000000000000000000000000000000000000000000000 0 0000000000000000000000000000000000000000000000000000000000000000 0000000000000000000000000000000000000000000000000000000000000000 FALSE FALSE MISSING_DEPENDENCY
TRANSITION case-0040 ENDPOINT_REJECTED CONFLICT 91f900fd763feedb862712c3d038d6d6f0fc26ff0dcfe4922290f71d338a0a73 4011b5f291d27c76e2f866b707446410237ed02cce93712b2287e5dfc7ff68f2 0000000000000000000000000000000000000000000000000000000000000000 0000000000000000000000000000000000000000000000000000000000000000 0 0000000000000000000000000000000000000000000000000000000000000000 0000000000000000000000000000000000000000000000000000000000000000 FALSE FALSE MISSING_DEPENDENCY
TRANSITION case-0041 ENDPOINT_REJECTED CONFLICT 9635e41101fc27f3fc5f2ebbc20d824a59542f408f20b08594790affd7bba315 d8676e26df87aa9189612ed9c62a01a72a3bf5cf4afe0e5ac6ea04dce4fb73e0 0000000000000000000000000000000000000000000000000000000000000000 0000000000000000000000000000000000000000000000000000000000000000 0 0000000000000000000000000000000000000000000000000000000000000000 0000000000000000000000000000000000000000000000000000000000000000 FALSE FALSE PRESENT_CONFLICT
TRANSITION case-0042 ENDPOINT_REJECTED CONFLICT faa0eebe1a82d99ec02c01d867d406be60fd142b1a63f3d159edf25c1bc193ec d6542d008f6f039d6f7cd18d4ce06ab1ce7d6277c579bab0b140a46ece1c5cfa 0000000000000000000000000000000000000000000000000000000000000000 0000000000000000000000000000000000000000000000000000000000000000 0 0000000000000000000000000000000000000000000000000000000000000000 0000000000000000000000000000000000000000000000000000000000000000 FALSE FALSE MISSING_DEPENDENCY
TRANSITION case-0043 PROTECTION_MIGRATION_REQUIRED DENIED d08819711f7d23a5333af99e98cfd8e549a332ec43e5de0e343103a90a78078b 3bb8b31e80ae79480ad29d30cd40fe0badc0076bf9bdad6833605d49fab25086 0000000000000000000000000000000000000000000000000000000000000000 0000000000000000000000000000000000000000000000000000000000000000 0 2cd206044dd42026ef77fd45b6b4b286875644f783f2146b76a9c75ad014bceb 0000000000000000000000000000000000000000000000000000000000000000 TRUE FALSE NOT_CHECKED
PASS assertions= 3045
