(Reading database ... 38789 files and directories currently installed.)
Preparing to unpack .../libgnat-14_14.2.0-19_amd64.deb ...
Unpacking libgnat-14:amd64 (14.2.0-19) over (14.2.0-19) ...
Preparing to unpack .../python3-bcrypt_4.2.0-2.1+b1_amd64.deb ...
Unpacking python3-bcrypt (4.2.0-2.1+b1) over (4.2.0-2.1+b1) ...
Preparing to unpack .../python3-certifi_2025.1.31+ds-1_all.deb ...
Unpacking python3-certifi (2025.1.31+ds-1) over (2025.1.31+ds-1) ...
Preparing to unpack .../python3-cffi-backend_1.17.1-3_amd64.deb ...
Unpacking python3-cffi-backend:amd64 (1.17.1-3) over (1.17.1-3) ...
Preparing to unpack .../python3-chardet_5.2.0+dfsg-2_all.deb ...
Unpacking python3-chardet (5.2.0+dfsg-2) over (5.2.0+dfsg-2) ...
Preparing to unpack .../python3-charset-normalizer_3.4.2-1_amd64.deb ...
Unpacking python3-charset-normalizer (3.4.2-1) over (3.4.2-1) ...
Preparing to unpack .../python3-cryptography_43.0.0-3+deb13u1_amd64.deb ...
Unpacking python3-cryptography (43.0.0-3+deb13u1) over (43.0.0-3+deb13u1) ...
Preparing to unpack .../python3-idna_3.10-1+deb13u1_all.deb ...
Unpacking python3-idna (3.10-1+deb13u1) over (3.10-1+deb13u1) ...
Preparing to unpack .../python3-requests_2.32.3+dfsg-5+deb13u1_all.deb ...
Unpacking python3-requests (2.32.3+dfsg-5+deb13u1) over (2.32.3+dfsg-5+deb13u1) ...
Selecting previously unselected package python3-securesystemslib.
Preparing to unpack .../python3-securesystemslib_1.2.0-2_all.deb ...
Unpacking python3-securesystemslib (1.2.0-2) ...
Selecting previously unselected package python3-tuf.
Preparing to unpack .../python3-tuf_5.1.0-2_all.deb ...
Unpacking python3-tuf (5.1.0-2) ...
Preparing to unpack .../python3-urllib3_2.3.0-3+deb13u2_all.deb ...
Unpacking python3-urllib3 (2.3.0-3+deb13u2) over (2.3.0-3+deb13u2) ...
Selecting previously unselected package niaos-archive-observer.
Preparing to unpack component.deb ...
Unpacking niaos-archive-observer (0.1.0) ...
Setting up libgnat-14:amd64 (14.2.0-19) ...
Setting up python3-bcrypt (4.2.0-2.1+b1) ...
Setting up python3-certifi (2025.1.31+ds-1) ...
Setting up python3-cffi-backend:amd64 (1.17.1-3) ...
Setting up python3-chardet (5.2.0+dfsg-2) ...
Setting up python3-charset-normalizer (3.4.2-1) ...
Setting up python3-cryptography (43.0.0-3+deb13u1) ...
Setting up python3-idna (3.10-1+deb13u1) ...
Setting up python3-securesystemslib (1.2.0-2) ...
Setting up python3-urllib3 (2.3.0-3+deb13u2) ...
Setting up python3-requests (2.32.3+dfsg-5+deb13u1) ...
Setting up python3-tuf (5.1.0-2) ...
Setting up niaos-archive-observer (0.1.0) ...
Creating group 'nia-pkg' with GID 987.
Creating group 'nia-supply' with GID 986.
Creating user 'nia-supply' (NiaOS supply observer) with UID 986 and GID 986.
Processing triggers for libc-bin (2.41-12+deb13u3) ...
Processing triggers for man-db (2.13.1-1) ...
