BINDING ae79b659bb5b5cd7b6a344208acb007f58e717bd61e094505fe06f586ccc069d 84684261a3754dc348604068fb41c5a4dee9a2aeb8b6041cfa73658ba3c2b0b5 68cbc89b01e3cbc1e1e7f1006973ef92c0e764ad19a63a8112ca5c989155cb0b b57d75e54f9dc94f3a4476575d3eaa48935599a03055851a2b6f687ae3cc3f39 10ac85f6033a690facca02e33dfd1f60878a575b38ff39b0b0eb2e0806d6b75a 01010101010101010101010101010101 02020202020202020202020202020202 0303030303030303030303030303030303030303030303030303030303030303 5861314d7fccb39c2192173240eab44fa35ca66426201ca2acd0630a6258dd51 99bba1e41ea6ba4cf09eecd06515108d3be924e72b78df7349e00b023a87f3fd 5632 4
CHOICE 68818a28e71d030944006299bfbb4f94177fc6be0aec471489c0ffdf9afb0ca0 ed3e6c95d221d1d93aa5e39ab74aeb05240d55436a9780478964487c617d3600 da4ff5ede9875ccd0ffd2171feaeb182712eeaa892cdb50eae818d81cc3ac83a
ENTRY 3 369e1557a017873777bd620f070a51e89993271f26396c7b33c0108ed43e0008 e3b0c44298fc1c149afbf4c8996fb92427ae41e4649b934ca495991b7852b855 0
ENTRY 4 c4a402d5876b9c2df285b0d8bc7c1e492a83fedf58451183c901d0f5b37bf76e 480c2336b410f1ad5f8bf1b28944490255804b65350c527787e74ebdd511e3a4 7
MEMBER 006dc15c47275b6a21094e5d4227cd72b4842e69076f4ff2a02d1f52fd43aef1
MEMBER 044042e191fd38822729c58f99872483119cbf3406aee0c9ecae5dc2e1cc4325
MEMBER 1278e8099ebf2e5e10dca4ffea5501bed2b25f0ccb3973c5d988c9dad0f682eb
MEMBER 369e1557a017873777bd620f070a51e89993271f26396c7b33c0108ed43e0008
MEMBER 480c2336b410f1ad5f8bf1b28944490255804b65350c527787e74ebdd511e3a4
MEMBER 497693ca90e83776882ae880aa8bc9e558040a448f184745fabaec68a7013bc2
MEMBER 68818a28e71d030944006299bfbb4f94177fc6be0aec471489c0ffdf9afb0ca0
MEMBER 68cbc89b01e3cbc1e1e7f1006973ef92c0e764ad19a63a8112ca5c989155cb0b
MEMBER 84684261a3754dc348604068fb41c5a4dee9a2aeb8b6041cfa73658ba3c2b0b5
MEMBER 897bd83c1fc28507b8b7782fd82fde80c5bdd7cbd9f61dad29574346fd44b248
MEMBER 9399298b80a38f81f6af8bcbb74cb8c11a827a71e6b5aa4ae840cf39e3deca3d
MEMBER 96a296d224f285c67bee93c30f8a309157f0daa35dc5b87e410b78630a09cfc7
MEMBER 99bba1e41ea6ba4cf09eecd06515108d3be924e72b78df7349e00b023a87f3fd
MEMBER ae79b659bb5b5cd7b6a344208acb007f58e717bd61e094505fe06f586ccc069d
MEMBER b57d75e54f9dc94f3a4476575d3eaa48935599a03055851a2b6f687ae3cc3f39
MEMBER b640e840b19d378660b32fb51ae18d67dccb4a8596a29e7bd72c1b2ae5928f41
MEMBER c219752027d7993a4927ec78a4e2cffd2922662cfdacf67009189a8d5e545b8b
MEMBER c4a402d5876b9c2df285b0d8bc7c1e492a83fedf58451183c901d0f5b37bf76e
MEMBER da4ff5ede9875ccd0ffd2171feaeb182712eeaa892cdb50eae818d81cc3ac83a
MEMBER e3b0c44298fc1c149afbf4c8996fb92427ae41e4649b934ca495991b7852b855
MEMBER ed1d88d7c4ae6d7362a2cda01e2535261c9aa3bb7eca564e129f52b759da92ab
MEMBER ed3e6c95d221d1d93aa5e39ab74aeb05240d55436a9780478964487c617d3600
MEMBER f466c6c0b21d4ad597caa39c42c291f3bdd5d6afd4038a8a7a64101d06e8486e
PASS assertions= 41
