pread64(3</usr/lib/x86_64-linux-gnu/libc.so.6>, "\6\0\0\0\4\0\0\0@\0\0\0\0\0\0\0@\0\0\0\0\0\0\0@\0\0\0\0\0\0\0H\3\0\0\0\0\0\0H\3\0\0\0\0\0\0\10\0\0\0\0\0\0\0\3\0\0\0\4\0\0\0\240\1\36\0\0\0\0\0\240\1\36\0\0\0\0\0"..., 840, 64) = 840
pread64(3</usr/lib/x86_64-linux-gnu/libc.so.6>, "\6\0\0\0\4\0\0\0@\0\0\0\0\0\0\0@\0\0\0\0\0\0\0@\0\0\0\0\0\0\0H\3\0\0\0\0\0\0H\3\0\0\0\0\0\0\10\0\0\0\0\0\0\0\3\0\0\0\4\0\0\0\240\1\36\0\0\0\0\0\240\1\36\0\0\0\0\0"..., 840, 64) = 840
fsync(3</tmp/nia-chaos-delay-ramiz56e>) = 0
pread64(3</evidence/chaos/attempt-03/public-fixture/original.deb>, "!<arch>\ndebian-binary   1789004362  0     0     100644  4         `\n2.0\ncontrol."..., 65536, 0) = 848
pread64(3</evidence/chaos/attempt-03/public-fixture/original.deb>, "", 64688, 848) = 0
pread64(3</evidence/chaos/attempt-03/public-fixture/original.deb>, "", 65536, 848) = 0
pread64(3</evidence/chaos/attempt-03/public-fixture/control>, "Package: nia-test\nVersion: 1:2.0~rc1-3\nArchitecture: all\nMaintainer: Nia synthet"..., 65536, 0) = 125
pread64(3</evidence/chaos/attempt-03/public-fixture/control>, "", 65411, 125) = 0
pread64(3</evidence/chaos/attempt-03/public-fixture/control>, "", 65536, 125) = 0
pread64(3</evidence/chaos/attempt-03/public-fixture/receipt>, "NIASUP01+\331b\345|a\327m\\Q\236\373\310\347J\321\25\376\340l@{\365<\300\374\2109\33\225\310\2255\333\277\3525`\247>\260\331\2414\235\262\\\03556%]hq|\270\"\255f\253|0\375w\25_\341>\210\333\210\323"..., 65536, 0) = 320
pread64(3</evidence/chaos/attempt-03/public-fixture/receipt>, "", 65216, 320) = 0
pread64(3</evidence/chaos/attempt-03/public-fixture/receipt>, "", 65536, 320) = 0
pread64(3</evidence/chaos/attempt-03/public-fixture/public-key>, "\306\10\303\356\4 \34\332\17\354e\273\274\25\200\363\33T\361 \377N\271\37\270h\240\361\307x\376\215", 32, 0) = 32
pread64(3</evidence/chaos/attempt-03/public-fixture/scope>, "+\331b\345|a\327m\\Q\236\373\310\347J\321\25\376\340l@{\365<\300\374\2109\33\225\310\225", 32, 0) = 32
pread64(3</tmp/nia-chaos-delay-ramiz56e/objects/4c/535a76d3ef270c722f83b4c2e7b6b32b65ee8e474dd5792d934647b16cffd0>, "NIASUP01+\331b\345|a\327m\\Q\236\373\310\347J\321\25\376\340l@{\365<\300\374\2109\33\225\310\2255\333\277\3525`\247>\260\331\2414\235\262\\\03556%]hq|\270\"\255f\253|0\375w\25_\341>\210\333\210\323"..., 65536, 0) = 320
pread64(3</tmp/nia-chaos-delay-ramiz56e/objects/4c/535a76d3ef270c722f83b4c2e7b6b32b65ee8e474dd5792d934647b16cffd0>, "", 65216, 320) = 0
pread64(3</tmp/nia-chaos-delay-ramiz56e/objects/4c/535a76d3ef270c722f83b4c2e7b6b32b65ee8e474dd5792d934647b16cffd0>, "", 65536, 320) = 0
pread64(3</tmp/nia-chaos-delay-ramiz56e/objects/4c/535a76d3ef270c722f83b4c2e7b6b32b65ee8e474dd5792d934647b16cffd0>, "NIASUP01+\331b\345|a\327m\\Q\236\373\310\347J\321\25\376\340l@{\365<\300\374\2109\33\225\310\2255\333\277\3525`\247>\260\331\2414\235\262\\\03556%]hq|\270\"\255f\253|0\375w\25_\341>\210\333\210\323"..., 320, 0) = 320
pread64(3</tmp/nia-chaos-delay-ramiz56e/objects/35/dbbfea3560a73eb0d9a1349db25c1d3536255d68717cb822ad66ab7c30fd77>, "{\"created_at\":1789004302,\"schema\":\"org.niaos.archive-supply/v1\",\"security_epoch\""..., 65536, 0) = 583
pread64(3</tmp/nia-chaos-delay-ramiz56e/objects/35/dbbfea3560a73eb0d9a1349db25c1d3536255d68717cb822ad66ab7c30fd77>, "", 64953, 583) = 0
pread64(3</tmp/nia-chaos-delay-ramiz56e/objects/35/dbbfea3560a73eb0d9a1349db25c1d3536255d68717cb822ad66ab7c30fd77>, "", 65536, 583) = 0
pread64(3</tmp/nia-chaos-delay-ramiz56e/objects/15/5fe13e88db88d3219cbddcacf5a6a8147c8bc3f807b876481867dff50941f3>, "!<arch>\ndebian-binary   1789004362  0     0     100644  4         `\n2.0\ncontrol."..., 65536, 0) = 848
pread64(3</tmp/nia-chaos-delay-ramiz56e/objects/15/5fe13e88db88d3219cbddcacf5a6a8147c8bc3f807b876481867dff50941f3>, "", 64688, 848) = 0
pread64(3</tmp/nia-chaos-delay-ramiz56e/objects/15/5fe13e88db88d3219cbddcacf5a6a8147c8bc3f807b876481867dff50941f3>, "", 65536, 848) = 0
pread64(3</tmp/nia-chaos-delay-ramiz56e/objects/c1/5e5346c8cc38aa50241e3350fced5682318ca66d63f9ff59983cd669e03fae>, "Package: nia-test\nVersion: 1:2.0~rc1-3\nArchitecture: all\nMaintainer: Nia synthet"..., 65536, 0) = 125
pread64(3</tmp/nia-chaos-delay-ramiz56e/objects/c1/5e5346c8cc38aa50241e3350fced5682318ca66d63f9ff59983cd669e03fae>, "", 65411, 125) = 0
pread64(3</tmp/nia-chaos-delay-ramiz56e/objects/c1/5e5346c8cc38aa50241e3350fced5682318ca66d63f9ff59983cd669e03fae>, "", 65536, 125) = 0
pread64(3</tmp/nia-chaos-delay-ramiz56e/objects/65/e058e4a20a7d623f1a368a7575c62d72585b340bcf7928beaa43015ab6c218>, "-----BEGIN PGP SIGNED MESSAGE-----\nHash: SHA512\n\nOrigin: Debian\nLabel: Debian\nSu"..., 65536, 0) = 523
pread64(3</tmp/nia-chaos-delay-ramiz56e/objects/65/e058e4a20a7d623f1a368a7575c62d72585b340bcf7928beaa43015ab6c218>, "", 65013, 523) = 0
pread64(3</tmp/nia-chaos-delay-ramiz56e/objects/65/e058e4a20a7d623f1a368a7575c62d72585b340bcf7928beaa43015ab6c218>, "", 65536, 523) = 0
pread64(3</tmp/nia-chaos-delay-ramiz56e/objects/9c/bcd5ae85e839978e98fecd4b6536e67e07fd20d22ac5c0e05ba34dd897e063>, "\3757zXZ\0\0\4\346\326\264F\2\0!\1\26\0\0\0t/\345\243\340\0\300\0\245]\0(\30Hf\333\3320\205\376\26\352\356\274IX\321\4\33l\177\314a\345:\375b)\10V\237\202V\243-\24\226s{\206\277#.n\373Uz\226\f\321"..., 65536, 0) = 232
pread64(3</tmp/nia-chaos-delay-ramiz56e/objects/9c/bcd5ae85e839978e98fecd4b6536e67e07fd20d22ac5c0e05ba34dd897e063>, "", 65304, 232) = 0
pread64(3</tmp/nia-chaos-delay-ramiz56e/objects/9c/bcd5ae85e839978e98fecd4b6536e67e07fd20d22ac5c0e05ba34dd897e063>, "", 65536, 232) = 0 (DELAYED)
write(1<pipe:[427206]>, "RESULT STALE 0000000000000000000000000000000000000000000000000000000000000000\n", 78) = 78
write(1<pipe:[427206]>, "DONE\n", 5)    = 5
