pread64(3</usr/lib/x86_64-linux-gnu/libc.so.6>, "\6\0\0\0\4\0\0\0@\0\0\0\0\0\0\0@\0\0\0\0\0\0\0@\0\0\0\0\0\0\0H\3\0\0\0\0\0\0H\3\0\0\0\0\0\0\10\0\0\0\0\0\0\0\3\0\0\0\4\0\0\0\240\1\36\0\0\0\0\0\240\1\36\0\0\0\0\0"..., 840, 64) = 840
pread64(3</usr/lib/x86_64-linux-gnu/libc.so.6>, "\6\0\0\0\4\0\0\0@\0\0\0\0\0\0\0@\0\0\0\0\0\0\0@\0\0\0\0\0\0\0H\3\0\0\0\0\0\0H\3\0\0\0\0\0\0\10\0\0\0\0\0\0\0\3\0\0\0\4\0\0\0\240\1\36\0\0\0\0\0\240\1\36\0\0\0\0\0"..., 840, 64) = 840
fsync(3</tmp/nia-chaos-delay-8k2dw1so>) = 0
pread64(3</evidence/chaos/attempt-03/public-fixture/original.deb>, "!<arch>\ndebian-binary   1789004362  0     0     100644  4         `\n2.0\ncontrol."..., 65536, 0) = 848
pread64(3</evidence/chaos/attempt-03/public-fixture/original.deb>, "", 64688, 848) = 0
pread64(3</evidence/chaos/attempt-03/public-fixture/original.deb>, "", 65536, 848) = 0
pread64(3</evidence/chaos/attempt-03/public-fixture/control>, "Package: nia-test\nVersion: 1:2.0~rc1-3\nArchitecture: all\nMaintainer: Nia synthet"..., 65536, 0) = 125
pread64(3</evidence/chaos/attempt-03/public-fixture/control>, "", 65411, 125) = 0
pread64(3</evidence/chaos/attempt-03/public-fixture/control>, "", 65536, 125) = 0
pread64(3</evidence/chaos/attempt-03/public-fixture/receipt>, "NIASUP01+\331b\345|a\327m\\Q\236\373\310\347J\321\25\376\340l@{\365<\300\374\2109\33\225\310\2255\333\277\3525`\247>\260\331\2414\235\262\\\03556%]hq|\270\"\255f\253|0\375w\25_\341>\210\333\210\323"..., 65536, 0) = 320
pread64(3</evidence/chaos/attempt-03/public-fixture/receipt>, "", 65216, 320) = 0
pread64(3</evidence/chaos/attempt-03/public-fixture/receipt>, "", 65536, 320) = 0
pread64(3</evidence/chaos/attempt-03/public-fixture/public-key>, "\306\10\303\356\4 \34\332\17\354e\273\274\25\200\363\33T\361 \377N\271\37\270h\240\361\307x\376\215", 32, 0) = 32
pread64(3</evidence/chaos/attempt-03/public-fixture/scope>, "+\331b\345|a\327m\\Q\236\373\310\347J\321\25\376\340l@{\365<\300\374\2109\33\225\310\225", 32, 0) = 32
pread64(3</tmp/nia-chaos-delay-8k2dw1so/objects/4c/535a76d3ef270c722f83b4c2e7b6b32b65ee8e474dd5792d934647b16cffd0>, "NIASUP01+\331b\345|a\327m\\Q\236\373\310\347J\321\25\376\340l@{\365<\300\374\2109\33\225\310\2255\333\277\3525`\247>\260\331\2414\235\262\\\03556%]hq|\270\"\255f\253|0\375w\25_\341>\210\333\210\323"..., 65536, 0) = 320 (DELAYED)
pread64(3</tmp/nia-chaos-delay-8k2dw1so/objects/4c/535a76d3ef270c722f83b4c2e7b6b32b65ee8e474dd5792d934647b16cffd0>, "", 65216, 320) = 0
pread64(3</tmp/nia-chaos-delay-8k2dw1so/objects/4c/535a76d3ef270c722f83b4c2e7b6b32b65ee8e474dd5792d934647b16cffd0>, "", 65536, 320) = 0
pread64(3</tmp/nia-chaos-delay-8k2dw1so/objects/4c/535a76d3ef270c722f83b4c2e7b6b32b65ee8e474dd5792d934647b16cffd0>, "NIASUP01+\331b\345|a\327m\\Q\236\373\310\347J\321\25\376\340l@{\365<\300\374\2109\33\225\310\2255\333\277\3525`\247>\260\331\2414\235\262\\\03556%]hq|\270\"\255f\253|0\375w\25_\341>\210\333\210\323"..., 320, 0) = 320
write(1<pipe:[427191]>, "RESULT STALE 0000000000000000000000000000000000000000000000000000000000000000\n", 78) = 78
write(1<pipe:[427191]>, "DONE\n", 5)    = 5
