pread64(3</usr/lib/x86_64-linux-gnu/libc.so.6>, "\6\0\0\0\4\0\0\0@\0\0\0\0\0\0\0@\0\0\0\0\0\0\0@\0\0\0\0\0\0\0H\3\0\0\0\0\0\0H\3\0\0\0\0\0\0\10\0\0\0\0\0\0\0\3\0\0\0\4\0\0\0\240\1\36\0\0\0\0\0\240\1\36\0\0\0\0\0"..., 840, 64) = 840
pread64(3</usr/lib/x86_64-linux-gnu/libc.so.6>, "\6\0\0\0\4\0\0\0@\0\0\0\0\0\0\0@\0\0\0\0\0\0\0@\0\0\0\0\0\0\0H\3\0\0\0\0\0\0H\3\0\0\0\0\0\0\10\0\0\0\0\0\0\0\3\0\0\0\4\0\0\0\240\1\36\0\0\0\0\0\240\1\36\0\0\0\0\0"..., 840, 64) = 840
fsync(3</tmp/nia-chaos-fault-x4cxxj0j>) = 0
fsync(8</tmp/nia-chaos-fault-x4cxxj0j/incoming>) = 0
pread64(3</evidence/chaos/attempt-03/public-fixture/original.deb>, "!<arch>\ndebian-binary   1789004362  0     0     100644  4         `\n2.0\ncontrol."..., 65536, 0) = 848
pread64(3</evidence/chaos/attempt-03/public-fixture/original.deb>, "", 64688, 848) = 0
write(7</tmp/nia-chaos-fault-x4cxxj0j/incoming/ab444aea08b8fc9c56c27d1ab6a53d47>, "!<arch>\ndebian-binary   1789004362  0     0     100644  4         `\n2.0\ncontrol."..., 848) = 848
pread64(3</evidence/chaos/attempt-03/public-fixture/original.deb>, "", 65536, 848) = 0
fsync(7</tmp/nia-chaos-fault-x4cxxj0j/incoming/ab444aea08b8fc9c56c27d1ab6a53d47>) = 0
fsync(9</tmp/nia-chaos-fault-x4cxxj0j/objects>) = 0
renameat2(8</tmp/nia-chaos-fault-x4cxxj0j/incoming>, "ab444aea08b8fc9c56c27d1ab6a53d47", 7</tmp/nia-chaos-fault-x4cxxj0j/objects/15>, "5fe13e88db88d3219cbddcacf5a6a8147c8bc3f807b876481867dff50941f3", RENAME_NOREPLACE) = 0
fsync(8</tmp/nia-chaos-fault-x4cxxj0j/incoming>) = 0
fsync(7</tmp/nia-chaos-fault-x4cxxj0j/objects/15>) = 0
write(1<pipe:[422488]>, "ACK original.deb 155fe13e88db88d3219cbddcacf5a6a8147c8bc3f807b876481867dff50941f"..., 82) = 82
fsync(8</tmp/nia-chaos-fault-x4cxxj0j/incoming>) = 0
pread64(3</evidence/chaos/attempt-03/public-fixture/control>, "Package: nia-test\nVersion: 1:2.0~rc1-3\nArchitecture: all\nMaintainer: Nia synthet"..., 65536, 0) = 125
pread64(3</evidence/chaos/attempt-03/public-fixture/control>, "", 65411, 125) = 0
write(7</tmp/nia-chaos-fault-x4cxxj0j/incoming/d0c587ebe7bcce703f280129b02ce610>, "Package: nia-test\nVersion: 1:2.0~rc1-3\nArchitecture: all\nMaintainer: Nia synthet"..., 125) = 125
pread64(3</evidence/chaos/attempt-03/public-fixture/control>, "", 65536, 125) = 0
fsync(7</tmp/nia-chaos-fault-x4cxxj0j/incoming/d0c587ebe7bcce703f280129b02ce610>) = 0
fsync(9</tmp/nia-chaos-fault-x4cxxj0j/objects>) = 0
renameat2(8</tmp/nia-chaos-fault-x4cxxj0j/incoming>, "d0c587ebe7bcce703f280129b02ce610", 7</tmp/nia-chaos-fault-x4cxxj0j/objects/c1>, "5e5346c8cc38aa50241e3350fced5682318ca66d63f9ff59983cd669e03fae", RENAME_NOREPLACE) = 0
fsync(8</tmp/nia-chaos-fault-x4cxxj0j/incoming>) = 0
fsync(7</tmp/nia-chaos-fault-x4cxxj0j/objects/c1>) = 0
write(1<pipe:[422488]>, "ACK control c15e5346c8cc38aa50241e3350fced5682318ca66d63f9ff59983cd669e03fae\n", 77) = 77
fsync(8</tmp/nia-chaos-fault-x4cxxj0j/incoming>) = 0
pread64(3</evidence/chaos/attempt-03/public-fixture/policy>, "{\"created_at\":1789004302,\"schema\":\"org.niaos.archive-supply/v1\",\"security_epoch\""..., 65536, 0) = 583
pread64(3</evidence/chaos/attempt-03/public-fixture/policy>, "", 64953, 583) = 0
write(7</tmp/nia-chaos-fault-x4cxxj0j/incoming/643e26f63bbed78c370ae9ea9d9dc061>, "{\"created_at\":1789004302,\"schema\":\"org.niaos.archive-supply/v1\",\"security_epoch\""..., 583) = 583
pread64(3</evidence/chaos/attempt-03/public-fixture/policy>, "", 65536, 583) = 0
fsync(7</tmp/nia-chaos-fault-x4cxxj0j/incoming/643e26f63bbed78c370ae9ea9d9dc061>) = 0
fsync(9</tmp/nia-chaos-fault-x4cxxj0j/objects>) = 0
renameat2(8</tmp/nia-chaos-fault-x4cxxj0j/incoming>, "643e26f63bbed78c370ae9ea9d9dc061", 7</tmp/nia-chaos-fault-x4cxxj0j/objects/35>, "dbbfea3560a73eb0d9a1349db25c1d3536255d68717cb822ad66ab7c30fd77", RENAME_NOREPLACE) = 0
fsync(8</tmp/nia-chaos-fault-x4cxxj0j/incoming>) = 0
fsync(7</tmp/nia-chaos-fault-x4cxxj0j/objects/35>) = 0
write(1<pipe:[422488]>, "ACK policy 35dbbfea3560a73eb0d9a1349db25c1d3536255d68717cb822ad66ab7c30fd77\n", 76) = 76
fsync(8</tmp/nia-chaos-fault-x4cxxj0j/incoming>) = 0
pread64(3</evidence/chaos/attempt-03/public-fixture/InRelease>, "-----BEGIN PGP SIGNED MESSAGE-----\nHash: SHA512\n\nOrigin: Debian\nLabel: Debian\nSu"..., 65536, 0) = 523
pread64(3</evidence/chaos/attempt-03/public-fixture/InRelease>, "", 65013, 523) = 0
write(7</tmp/nia-chaos-fault-x4cxxj0j/incoming/813bc164e5e50452296e5c11816353e4>, "-----BEGIN PGP SIGNED MESSAGE-----\nHash: SHA512\n\nOrigin: Debian\nLabel: Debian\nSu"..., 523) = 523
pread64(3</evidence/chaos/attempt-03/public-fixture/InRelease>, "", 65536, 523) = 0
fsync(7</tmp/nia-chaos-fault-x4cxxj0j/incoming/813bc164e5e50452296e5c11816353e4>) = 0
fsync(9</tmp/nia-chaos-fault-x4cxxj0j/objects>) = 0
renameat2(8</tmp/nia-chaos-fault-x4cxxj0j/incoming>, "813bc164e5e50452296e5c11816353e4", 7</tmp/nia-chaos-fault-x4cxxj0j/objects/65>, "e058e4a20a7d623f1a368a7575c62d72585b340bcf7928beaa43015ab6c218", RENAME_NOREPLACE) = 0
fsync(8</tmp/nia-chaos-fault-x4cxxj0j/incoming>) = 0
fsync(7</tmp/nia-chaos-fault-x4cxxj0j/objects/65>) = 0
write(1<pipe:[422488]>, "ACK InRelease 65e058e4a20a7d623f1a368a7575c62d72585b340bcf7928beaa43015ab6c218\n", 79) = 79
fsync(8</tmp/nia-chaos-fault-x4cxxj0j/incoming>) = 0
pread64(3</evidence/chaos/attempt-03/public-fixture/Packages>, "\3757zXZ\0\0\4\346\326\264F\2\0!\1\26\0\0\0t/\345\243\340\0\300\0\245]\0(\30Hf\333\3320\205\376\26\352\356\274IX\321\4\33l\177\314a\345:\375b)\10V\237\202V\243-\24\226s{\206\277#.n\373Uz\226\f\321"..., 65536, 0) = 232
pread64(3</evidence/chaos/attempt-03/public-fixture/Packages>, "", 65304, 232) = 0
write(7</tmp/nia-chaos-fault-x4cxxj0j/incoming/f65d0d7628cc69c9fef11c039c321a87>, "\3757zXZ\0\0\4\346\326\264F\2\0!\1\26\0\0\0t/\345\243\340\0\300\0\245]\0(\30Hf\333\3320\205\376\26\352\356\274IX\321\4\33l\177\314a\345:\375b)\10V\237\202V\243-\24\226s{\206\277#.n\373Uz\226\f\321"..., 232) = 232
pread64(3</evidence/chaos/attempt-03/public-fixture/Packages>, "", 65536, 232) = 0
fsync(7</tmp/nia-chaos-fault-x4cxxj0j/incoming/f65d0d7628cc69c9fef11c039c321a87>) = 0
fsync(9</tmp/nia-chaos-fault-x4cxxj0j/objects>) = 0
renameat2(8</tmp/nia-chaos-fault-x4cxxj0j/incoming>, "f65d0d7628cc69c9fef11c039c321a87", 7</tmp/nia-chaos-fault-x4cxxj0j/objects/9c>, "bcd5ae85e839978e98fecd4b6536e67e07fd20d22ac5c0e05ba34dd897e063", RENAME_NOREPLACE) = 0
fsync(8</tmp/nia-chaos-fault-x4cxxj0j/incoming>) = 0
fsync(7</tmp/nia-chaos-fault-x4cxxj0j/objects/9c>) = 0
write(1<pipe:[422488]>, "ACK Packages 9cbcd5ae85e839978e98fecd4b6536e67e07fd20d22ac5c0e05ba34dd897e063\n", 78) = 78
fsync(8</tmp/nia-chaos-fault-x4cxxj0j/incoming>) = 0
pread64(3</evidence/chaos/attempt-03/public-fixture/keyring>, "\2303\4j\242\nJ\26\t+\6\1\4\1\332G\17\1\1\7@\257j\5\230`\27\244\326,D\32\310\4\22\337\373:2\223N\25\230\207\363Ix\2\230\240\v\232\266\264\26Nia artificial fixture\210\220\4"..., 65536, 0) = 223
pread64(3</evidence/chaos/attempt-03/public-fixture/keyring>, "", 65313, 223) = 0
write(7</tmp/nia-chaos-fault-x4cxxj0j/incoming/38ce2c379b24f3863a9a08ece5db0d29>, "\2303\4j\242\nJ\26\t+\6\1\4\1\332G\17\1\1\7@\257j\5\230`\27\244\326,D\32\310\4\22\337\373:2\223N\25\230\207\363Ix\2\230\240\v\232\266\264\26Nia artificial fixture\210\220\4"..., 223) = -1 ENOSPC (No space left on device) (INJECTED)
write(1<pipe:[422488]>, "FAIL import-keyring INDETERMINATE\n", 34) = 34
