pread64(3</usr/lib/x86_64-linux-gnu/libc.so.6>, "\6\0\0\0\4\0\0\0@\0\0\0\0\0\0\0@\0\0\0\0\0\0\0@\0\0\0\0\0\0\0H\3\0\0\0\0\0\0H\3\0\0\0\0\0\0\10\0\0\0\0\0\0\0\3\0\0\0\4\0\0\0\240\1\36\0\0\0\0\0\240\1\36\0\0\0\0\0"..., 840, 64) = 840
pread64(3</usr/lib/x86_64-linux-gnu/libc.so.6>, "\6\0\0\0\4\0\0\0@\0\0\0\0\0\0\0@\0\0\0\0\0\0\0@\0\0\0\0\0\0\0H\3\0\0\0\0\0\0H\3\0\0\0\0\0\0\10\0\0\0\0\0\0\0\3\0\0\0\4\0\0\0\240\1\36\0\0\0\0\0\240\1\36\0\0\0\0\0"..., 840, 64) = 840
fsync(3</tmp/nia-chaos-fault-r5wtu2bf>) = 0
fsync(8</tmp/nia-chaos-fault-r5wtu2bf/incoming>) = 0
pread64(3</evidence/chaos/attempt-03/public-fixture/original.deb>, "!<arch>\ndebian-binary   1789004362  0     0     100644  4         `\n2.0\ncontrol."..., 65536, 0) = 848
pread64(3</evidence/chaos/attempt-03/public-fixture/original.deb>, "", 64688, 848) = 0
write(7</tmp/nia-chaos-fault-r5wtu2bf/incoming/3da36d0f3b7856a4c5746aab0bc03dcb>, "!<arch>\ndebian-binary   1789004362  0     0     100644  4         `\n2.0\ncontrol."..., 848) = 848
pread64(3</evidence/chaos/attempt-03/public-fixture/original.deb>, "", 65536, 848) = 0
fsync(7</tmp/nia-chaos-fault-r5wtu2bf/incoming/3da36d0f3b7856a4c5746aab0bc03dcb>) = 0
fsync(9</tmp/nia-chaos-fault-r5wtu2bf/objects>) = 0
renameat2(8</tmp/nia-chaos-fault-r5wtu2bf/incoming>, "3da36d0f3b7856a4c5746aab0bc03dcb", 7</tmp/nia-chaos-fault-r5wtu2bf/objects/15>, "5fe13e88db88d3219cbddcacf5a6a8147c8bc3f807b876481867dff50941f3", RENAME_NOREPLACE) = 0
fsync(8</tmp/nia-chaos-fault-r5wtu2bf/incoming>) = 0
fsync(7</tmp/nia-chaos-fault-r5wtu2bf/objects/15>) = 0
write(1<pipe:[425769]>, "ACK original.deb 155fe13e88db88d3219cbddcacf5a6a8147c8bc3f807b876481867dff50941f"..., 82) = 82
fsync(8</tmp/nia-chaos-fault-r5wtu2bf/incoming>) = 0
pread64(3</evidence/chaos/attempt-03/public-fixture/control>, "Package: nia-test\nVersion: 1:2.0~rc1-3\nArchitecture: all\nMaintainer: Nia synthet"..., 65536, 0) = 125
pread64(3</evidence/chaos/attempt-03/public-fixture/control>, "", 65411, 125) = 0
write(7</tmp/nia-chaos-fault-r5wtu2bf/incoming/54f0028bb727e3fe98bad6b85587a58b>, "Package: nia-test\nVersion: 1:2.0~rc1-3\nArchitecture: all\nMaintainer: Nia synthet"..., 125) = 125
pread64(3</evidence/chaos/attempt-03/public-fixture/control>, "", 65536, 125) = 0
fsync(7</tmp/nia-chaos-fault-r5wtu2bf/incoming/54f0028bb727e3fe98bad6b85587a58b>) = 0
fsync(9</tmp/nia-chaos-fault-r5wtu2bf/objects>) = 0
renameat2(8</tmp/nia-chaos-fault-r5wtu2bf/incoming>, "54f0028bb727e3fe98bad6b85587a58b", 7</tmp/nia-chaos-fault-r5wtu2bf/objects/c1>, "5e5346c8cc38aa50241e3350fced5682318ca66d63f9ff59983cd669e03fae", RENAME_NOREPLACE) = 0
fsync(8</tmp/nia-chaos-fault-r5wtu2bf/incoming>) = 0
fsync(7</tmp/nia-chaos-fault-r5wtu2bf/objects/c1>) = 0
write(1<pipe:[425769]>, "ACK control c15e5346c8cc38aa50241e3350fced5682318ca66d63f9ff59983cd669e03fae\n", 77) = 77
fsync(8</tmp/nia-chaos-fault-r5wtu2bf/incoming>) = 0
pread64(3</evidence/chaos/attempt-03/public-fixture/policy>, "{\"created_at\":1789004302,\"schema\":\"org.niaos.archive-supply/v1\",\"security_epoch\""..., 65536, 0) = 583
pread64(3</evidence/chaos/attempt-03/public-fixture/policy>, "", 64953, 583) = 0
write(7</tmp/nia-chaos-fault-r5wtu2bf/incoming/93c1d5b6441b56ff1ca5b2e4ec12ccab>, "{\"created_at\":1789004302,\"schema\":\"org.niaos.archive-supply/v1\",\"security_epoch\""..., 583) = 583
pread64(3</evidence/chaos/attempt-03/public-fixture/policy>, "", 65536, 583) = 0
fsync(7</tmp/nia-chaos-fault-r5wtu2bf/incoming/93c1d5b6441b56ff1ca5b2e4ec12ccab>) = 0
fsync(9</tmp/nia-chaos-fault-r5wtu2bf/objects>) = 0
renameat2(8</tmp/nia-chaos-fault-r5wtu2bf/incoming>, "93c1d5b6441b56ff1ca5b2e4ec12ccab", 7</tmp/nia-chaos-fault-r5wtu2bf/objects/35>, "dbbfea3560a73eb0d9a1349db25c1d3536255d68717cb822ad66ab7c30fd77", RENAME_NOREPLACE) = 0
fsync(8</tmp/nia-chaos-fault-r5wtu2bf/incoming>) = 0
fsync(7</tmp/nia-chaos-fault-r5wtu2bf/objects/35>) = 0
write(1<pipe:[425769]>, "ACK policy 35dbbfea3560a73eb0d9a1349db25c1d3536255d68717cb822ad66ab7c30fd77\n", 76) = 76
fsync(8</tmp/nia-chaos-fault-r5wtu2bf/incoming>) = 0
pread64(3</evidence/chaos/attempt-03/public-fixture/InRelease>, "-----BEGIN PGP SIGNED MESSAGE-----\nHash: SHA512\n\nOrigin: Debian\nLabel: Debian\nSu"..., 65536, 0) = 523
pread64(3</evidence/chaos/attempt-03/public-fixture/InRelease>, "", 65013, 523) = 0
write(7</tmp/nia-chaos-fault-r5wtu2bf/incoming/0acb1dfedb341d5933fd38e720220afa>, "-----BEGIN PGP SIGNED MESSAGE-----\nHash: SHA512\n\nOrigin: Debian\nLabel: Debian\nSu"..., 523) = 523
pread64(3</evidence/chaos/attempt-03/public-fixture/InRelease>, "", 65536, 523) = 0
fsync(7</tmp/nia-chaos-fault-r5wtu2bf/incoming/0acb1dfedb341d5933fd38e720220afa>) = 0
fsync(9</tmp/nia-chaos-fault-r5wtu2bf/objects>) = ?
+++ killed by SIGKILL +++
