pread64(3</usr/lib/x86_64-linux-gnu/libc.so.6>, "\6\0\0\0\4\0\0\0@\0\0\0\0\0\0\0@\0\0\0\0\0\0\0@\0\0\0\0\0\0\0H\3\0\0\0\0\0\0H\3\0\0\0\0\0\0\10\0\0\0\0\0\0\0\3\0\0\0\4\0\0\0\240\1\36\0\0\0\0\0\240\1\36\0\0\0\0\0"..., 840, 64) = 840
pread64(3</usr/lib/x86_64-linux-gnu/libc.so.6>, "\6\0\0\0\4\0\0\0@\0\0\0\0\0\0\0@\0\0\0\0\0\0\0@\0\0\0\0\0\0\0H\3\0\0\0\0\0\0H\3\0\0\0\0\0\0\10\0\0\0\0\0\0\0\3\0\0\0\4\0\0\0\240\1\36\0\0\0\0\0\240\1\36\0\0\0\0\0"..., 840, 64) = 840
fsync(3</tmp/nia-chaos-fault-121lp1ku>) = 0
fsync(8</tmp/nia-chaos-fault-121lp1ku/incoming>) = 0
pread64(3</evidence/chaos/attempt-03/public-fixture/original.deb>, "!<arch>\ndebian-binary   1789004362  0     0     100644  4         `\n2.0\ncontrol."..., 65536, 0) = 848
pread64(3</evidence/chaos/attempt-03/public-fixture/original.deb>, "", 64688, 848) = 0
write(7</tmp/nia-chaos-fault-121lp1ku/incoming/6a1759e332c49b644433e273fed60ceb>, "!<arch>\ndebian-binary   1789004362  0     0     100644  4         `\n2.0\ncontrol."..., 848) = 848
pread64(3</evidence/chaos/attempt-03/public-fixture/original.deb>, "", 65536, 848) = 0
fsync(7</tmp/nia-chaos-fault-121lp1ku/incoming/6a1759e332c49b644433e273fed60ceb>) = 0
fsync(9</tmp/nia-chaos-fault-121lp1ku/objects>) = 0
renameat2(8</tmp/nia-chaos-fault-121lp1ku/incoming>, "6a1759e332c49b644433e273fed60ceb", 7</tmp/nia-chaos-fault-121lp1ku/objects/15>, "5fe13e88db88d3219cbddcacf5a6a8147c8bc3f807b876481867dff50941f3", RENAME_NOREPLACE) = 0
fsync(8</tmp/nia-chaos-fault-121lp1ku/incoming>) = 0
fsync(7</tmp/nia-chaos-fault-121lp1ku/objects/15>) = 0
write(1<pipe:[420858]>, "ACK original.deb 155fe13e88db88d3219cbddcacf5a6a8147c8bc3f807b876481867dff50941f"..., 82) = 82
fsync(8</tmp/nia-chaos-fault-121lp1ku/incoming>) = 0
pread64(3</evidence/chaos/attempt-03/public-fixture/control>, "Package: nia-test\nVersion: 1:2.0~rc1-3\nArchitecture: all\nMaintainer: Nia synthet"..., 65536, 0) = 125
pread64(3</evidence/chaos/attempt-03/public-fixture/control>, "", 65411, 125) = 0
write(7</tmp/nia-chaos-fault-121lp1ku/incoming/41b74cc61f507a5aed951053da3dc856>, "Package: nia-test\nVersion: 1:2.0~rc1-3\nArchitecture: all\nMaintainer: Nia synthet"..., 125) = 125
pread64(3</evidence/chaos/attempt-03/public-fixture/control>, "", 65536, 125) = 0
fsync(7</tmp/nia-chaos-fault-121lp1ku/incoming/41b74cc61f507a5aed951053da3dc856>) = 0
fsync(9</tmp/nia-chaos-fault-121lp1ku/objects>) = 0
renameat2(8</tmp/nia-chaos-fault-121lp1ku/incoming>, "41b74cc61f507a5aed951053da3dc856", 7</tmp/nia-chaos-fault-121lp1ku/objects/c1>, "5e5346c8cc38aa50241e3350fced5682318ca66d63f9ff59983cd669e03fae", RENAME_NOREPLACE) = 0
fsync(8</tmp/nia-chaos-fault-121lp1ku/incoming>) = 0
fsync(7</tmp/nia-chaos-fault-121lp1ku/objects/c1>) = 0
write(1<pipe:[420858]>, "ACK control c15e5346c8cc38aa50241e3350fced5682318ca66d63f9ff59983cd669e03fae\n", 77) = 77
fsync(8</tmp/nia-chaos-fault-121lp1ku/incoming>) = 0
pread64(3</evidence/chaos/attempt-03/public-fixture/policy>, "{\"created_at\":1789004302,\"schema\":\"org.niaos.archive-supply/v1\",\"security_epoch\""..., 65536, 0) = 583
pread64(3</evidence/chaos/attempt-03/public-fixture/policy>, "", 64953, 583) = 0
write(7</tmp/nia-chaos-fault-121lp1ku/incoming/3f9c29dde00ccd342c77a577f2bb46ca>, "{\"created_at\":1789004302,\"schema\":\"org.niaos.archive-supply/v1\",\"security_epoch\""..., 583) = 583
pread64(3</evidence/chaos/attempt-03/public-fixture/policy>, "", 65536, 583) = 0
fsync(7</tmp/nia-chaos-fault-121lp1ku/incoming/3f9c29dde00ccd342c77a577f2bb46ca>) = 0
fsync(9</tmp/nia-chaos-fault-121lp1ku/objects>) = 0
renameat2(8</tmp/nia-chaos-fault-121lp1ku/incoming>, "3f9c29dde00ccd342c77a577f2bb46ca", 7</tmp/nia-chaos-fault-121lp1ku/objects/35>, "dbbfea3560a73eb0d9a1349db25c1d3536255d68717cb822ad66ab7c30fd77", RENAME_NOREPLACE) = 0
fsync(8</tmp/nia-chaos-fault-121lp1ku/incoming>) = 0
fsync(7</tmp/nia-chaos-fault-121lp1ku/objects/35>) = 0
write(1<pipe:[420858]>, "ACK policy 35dbbfea3560a73eb0d9a1349db25c1d3536255d68717cb822ad66ab7c30fd77\n", 76) = 76
fsync(8</tmp/nia-chaos-fault-121lp1ku/incoming>) = 0
pread64(3</evidence/chaos/attempt-03/public-fixture/InRelease>, "-----BEGIN PGP SIGNED MESSAGE-----\nHash: SHA512\n\nOrigin: Debian\nLabel: Debian\nSu"..., 65536, 0) = 523
pread64(3</evidence/chaos/attempt-03/public-fixture/InRelease>, "", 65013, 523) = 0
write(7</tmp/nia-chaos-fault-121lp1ku/incoming/4ac097581318df0bc3eec7bb78fbd1e0>, "-----BEGIN PGP SIGNED MESSAGE-----\nHash: SHA512\n\nOrigin: Debian\nLabel: Debian\nSu"..., 523) = 523
pread64(3</evidence/chaos/attempt-03/public-fixture/InRelease>, "", 65536, 523) = 0
fsync(7</tmp/nia-chaos-fault-121lp1ku/incoming/4ac097581318df0bc3eec7bb78fbd1e0>) = 0
fsync(9</tmp/nia-chaos-fault-121lp1ku/objects>) = 0
renameat2(8</tmp/nia-chaos-fault-121lp1ku/incoming>, "4ac097581318df0bc3eec7bb78fbd1e0", 7</tmp/nia-chaos-fault-121lp1ku/objects/65>, "e058e4a20a7d623f1a368a7575c62d72585b340bcf7928beaa43015ab6c218", RENAME_NOREPLACE) = 0
fsync(8</tmp/nia-chaos-fault-121lp1ku/incoming>) = 0
fsync(7</tmp/nia-chaos-fault-121lp1ku/objects/65>) = 0
write(1<pipe:[420858]>, "ACK InRelease 65e058e4a20a7d623f1a368a7575c62d72585b340bcf7928beaa43015ab6c218\n", 79) = 79
fsync(8</tmp/nia-chaos-fault-121lp1ku/incoming>) = 0
pread64(3</evidence/chaos/attempt-03/public-fixture/Packages>, "\3757zXZ\0\0\4\346\326\264F\2\0!\1\26\0\0\0t/\345\243\340\0\300\0\245]\0(\30Hf\333\3320\205\376\26\352\356\274IX\321\4\33l\177\314a\345:\375b)\10V\237\202V\243-\24\226s{\206\277#.n\373Uz\226\f\321"..., 65536, 0) = 232
pread64(3</evidence/chaos/attempt-03/public-fixture/Packages>, "", 65304, 232) = 0
write(7</tmp/nia-chaos-fault-121lp1ku/incoming/f19cab1f319183ad9b21aac6c7e5b248>, "\3757zXZ\0\0\4\346\326\264F\2\0!\1\26\0\0\0t/\345\243\340\0\300\0\245]\0(\30Hf\333\3320\205\376\26\352\356\274IX\321\4\33l\177\314a\345:\375b)\10V\237\202V\243-\24\226s{\206\277#.n\373Uz\226\f\321"..., 232) = 232
pread64(3</evidence/chaos/attempt-03/public-fixture/Packages>, "", 65536, 232) = 0
fsync(7</tmp/nia-chaos-fault-121lp1ku/incoming/f19cab1f319183ad9b21aac6c7e5b248>) = 0
fsync(9</tmp/nia-chaos-fault-121lp1ku/objects>) = 0
renameat2(8</tmp/nia-chaos-fault-121lp1ku/incoming>, "f19cab1f319183ad9b21aac6c7e5b248", 7</tmp/nia-chaos-fault-121lp1ku/objects/9c>, "bcd5ae85e839978e98fecd4b6536e67e07fd20d22ac5c0e05ba34dd897e063", RENAME_NOREPLACE) = 0
fsync(8</tmp/nia-chaos-fault-121lp1ku/incoming>) = 0
fsync(7</tmp/nia-chaos-fault-121lp1ku/objects/9c>) = 0
write(1<pipe:[420858]>, "ACK Packages 9cbcd5ae85e839978e98fecd4b6536e67e07fd20d22ac5c0e05ba34dd897e063\n", 78) = 78
fsync(8</tmp/nia-chaos-fault-121lp1ku/incoming>) = 0
pread64(3</evidence/chaos/attempt-03/public-fixture/keyring>, "\2303\4j\242\nJ\26\t+\6\1\4\1\332G\17\1\1\7@\257j\5\230`\27\244\326,D\32\310\4\22\337\373:2\223N\25\230\207\363Ix\2\230\240\v\232\266\264\26Nia artificial fixture\210\220\4"..., 65536, 0) = 223
pread64(3</evidence/chaos/attempt-03/public-fixture/keyring>, "", 65313, 223) = 0
write(7</tmp/nia-chaos-fault-121lp1ku/incoming/4354fe13f786ab58b29b808e97c28ddd>, "\2303\4j\242\nJ\26\t+\6\1\4\1\332G\17\1\1\7@\257j\5\230`\27\244\326,D\32\310\4\22\337\373:2\223N\25\230\207\363Ix\2\230\240\v\232\266\264\26Nia artificial fixture\210\220\4"..., 223) = 223
pread64(3</evidence/chaos/attempt-03/public-fixture/keyring>, "", 65536, 223) = 0
fsync(7</tmp/nia-chaos-fault-121lp1ku/incoming/4354fe13f786ab58b29b808e97c28ddd>) = 0
fsync(9</tmp/nia-chaos-fault-121lp1ku/objects>) = 0
renameat2(8</tmp/nia-chaos-fault-121lp1ku/incoming>, "4354fe13f786ab58b29b808e97c28ddd", 7</tmp/nia-chaos-fault-121lp1ku/objects/fe>, "49d0956522d36d85e635c2d64e50cb5b52f9b6da2a5f4a0a36633ffdc7eeff", RENAME_NOREPLACE) = 0
fsync(8</tmp/nia-chaos-fault-121lp1ku/incoming>) = 0
fsync(7</tmp/nia-chaos-fault-121lp1ku/objects/fe>) = 0
write(1<pipe:[420858]>, "ACK keyring fe49d0956522d36d85e635c2d64e50cb5b52f9b6da2a5f4a0a36633ffdc7eeff\n", 77) = 77
fsync(8</tmp/nia-chaos-fault-121lp1ku/incoming>) = 0
pread64(3</evidence/chaos/attempt-03/public-fixture/receipt>, "NIASUP01+\331b\345|a\327m\\Q\236\373\310\347J\321\25\376\340l@{\365<\300\374\2109\33\225\310\2255\333\277\3525`\247>\260\331\2414\235\262\\\03556%]hq|\270\"\255f\253|0\375w\25_\341>\210\333\210\323"..., 65536, 0) = 320
pread64(3</evidence/chaos/attempt-03/public-fixture/receipt>, "", 65216, 320) = 0
write(7</tmp/nia-chaos-fault-121lp1ku/incoming/e5987ef973a074222d6d066a8efae401>, "NIASUP01+\331b\345|a\327m\\Q\236\373\310\347J\321\25\376\340l@{\365<\300\374\2109\33\225\310\2255\333\277\3525`\247>\260\331\2414\235\262\\\03556%]hq|\270\"\255f\253|0\375w\25_\341>\210\333\210\323"..., 320) = 320
pread64(3</evidence/chaos/attempt-03/public-fixture/receipt>, "", 65536, 320) = 0
fsync(7</tmp/nia-chaos-fault-121lp1ku/incoming/e5987ef973a074222d6d066a8efae401>) = 0
fsync(9</tmp/nia-chaos-fault-121lp1ku/objects>) = 0
renameat2(8</tmp/nia-chaos-fault-121lp1ku/incoming>, "e5987ef973a074222d6d066a8efae401", 7</tmp/nia-chaos-fault-121lp1ku/objects/4c>, "535a76d3ef270c722f83b4c2e7b6b32b65ee8e474dd5792d934647b16cffd0", RENAME_NOREPLACE) = ?
+++ killed by SIGKILL +++
