pread64(3</usr/lib/x86_64-linux-gnu/libc.so.6>, "\6\0\0\0\4\0\0\0@\0\0\0\0\0\0\0@\0\0\0\0\0\0\0@\0\0\0\0\0\0\0H\3\0\0\0\0\0\0H\3\0\0\0\0\0\0\10\0\0\0\0\0\0\0\3\0\0\0\4\0\0\0\240\1\36\0\0\0\0\0\240\1\36\0\0\0\0\0"..., 840, 64) = 840
pread64(3</usr/lib/x86_64-linux-gnu/libc.so.6>, "\6\0\0\0\4\0\0\0@\0\0\0\0\0\0\0@\0\0\0\0\0\0\0@\0\0\0\0\0\0\0H\3\0\0\0\0\0\0H\3\0\0\0\0\0\0\10\0\0\0\0\0\0\0\3\0\0\0\4\0\0\0\240\1\36\0\0\0\0\0\240\1\36\0\0\0\0\0"..., 840, 64) = 840
fsync(3</tmp/nia-chaos-fault-5t1teqw_>) = 0
fsync(8</tmp/nia-chaos-fault-5t1teqw_/incoming>) = 0
pread64(3</evidence/chaos/attempt-03/public-fixture/original.deb>, "!<arch>\ndebian-binary   1789004362  0     0     100644  4         `\n2.0\ncontrol."..., 65536, 0) = 848
pread64(3</evidence/chaos/attempt-03/public-fixture/original.deb>, "", 64688, 848) = 0
write(7</tmp/nia-chaos-fault-5t1teqw_/incoming/b5fe79739ab7d98720c4c248d8a0926c>, "!<arch>\ndebian-binary   1789004362  0     0     100644  4         `\n2.0\ncontrol."..., 848) = 848
pread64(3</evidence/chaos/attempt-03/public-fixture/original.deb>, "", 65536, 848) = 0
fsync(7</tmp/nia-chaos-fault-5t1teqw_/incoming/b5fe79739ab7d98720c4c248d8a0926c>) = 0
fsync(9</tmp/nia-chaos-fault-5t1teqw_/objects>) = 0
renameat2(8</tmp/nia-chaos-fault-5t1teqw_/incoming>, "b5fe79739ab7d98720c4c248d8a0926c", 7</tmp/nia-chaos-fault-5t1teqw_/objects/15>, "5fe13e88db88d3219cbddcacf5a6a8147c8bc3f807b876481867dff50941f3", RENAME_NOREPLACE) = 0
fsync(8</tmp/nia-chaos-fault-5t1teqw_/incoming>) = 0
fsync(7</tmp/nia-chaos-fault-5t1teqw_/objects/15>) = 0
write(1<pipe:[425775]>, "ACK original.deb 155fe13e88db88d3219cbddcacf5a6a8147c8bc3f807b876481867dff50941f"..., 82) = 82
fsync(8</tmp/nia-chaos-fault-5t1teqw_/incoming>) = 0
pread64(3</evidence/chaos/attempt-03/public-fixture/control>, "Package: nia-test\nVersion: 1:2.0~rc1-3\nArchitecture: all\nMaintainer: Nia synthet"..., 65536, 0) = 125
pread64(3</evidence/chaos/attempt-03/public-fixture/control>, "", 65411, 125) = 0
write(7</tmp/nia-chaos-fault-5t1teqw_/incoming/e434df765874726cd02a52137d86105e>, "Package: nia-test\nVersion: 1:2.0~rc1-3\nArchitecture: all\nMaintainer: Nia synthet"..., 125) = 125
pread64(3</evidence/chaos/attempt-03/public-fixture/control>, "", 65536, 125) = 0
fsync(7</tmp/nia-chaos-fault-5t1teqw_/incoming/e434df765874726cd02a52137d86105e>) = 0
fsync(9</tmp/nia-chaos-fault-5t1teqw_/objects>) = 0
renameat2(8</tmp/nia-chaos-fault-5t1teqw_/incoming>, "e434df765874726cd02a52137d86105e", 7</tmp/nia-chaos-fault-5t1teqw_/objects/c1>, "5e5346c8cc38aa50241e3350fced5682318ca66d63f9ff59983cd669e03fae", RENAME_NOREPLACE) = 0
fsync(8</tmp/nia-chaos-fault-5t1teqw_/incoming>) = 0
fsync(7</tmp/nia-chaos-fault-5t1teqw_/objects/c1>) = 0
write(1<pipe:[425775]>, "ACK control c15e5346c8cc38aa50241e3350fced5682318ca66d63f9ff59983cd669e03fae\n", 77) = 77
fsync(8</tmp/nia-chaos-fault-5t1teqw_/incoming>) = 0
pread64(3</evidence/chaos/attempt-03/public-fixture/policy>, "{\"created_at\":1789004302,\"schema\":\"org.niaos.archive-supply/v1\",\"security_epoch\""..., 65536, 0) = 583
pread64(3</evidence/chaos/attempt-03/public-fixture/policy>, "", 64953, 583) = 0
write(7</tmp/nia-chaos-fault-5t1teqw_/incoming/914b7a22f03ec98f78913b1b872e238b>, "{\"created_at\":1789004302,\"schema\":\"org.niaos.archive-supply/v1\",\"security_epoch\""..., 583) = 583
pread64(3</evidence/chaos/attempt-03/public-fixture/policy>, "", 65536, 583) = 0
fsync(7</tmp/nia-chaos-fault-5t1teqw_/incoming/914b7a22f03ec98f78913b1b872e238b>) = 0
fsync(9</tmp/nia-chaos-fault-5t1teqw_/objects>) = 0
renameat2(8</tmp/nia-chaos-fault-5t1teqw_/incoming>, "914b7a22f03ec98f78913b1b872e238b", 7</tmp/nia-chaos-fault-5t1teqw_/objects/35>, "dbbfea3560a73eb0d9a1349db25c1d3536255d68717cb822ad66ab7c30fd77", RENAME_NOREPLACE) = 0
fsync(8</tmp/nia-chaos-fault-5t1teqw_/incoming>) = 0
fsync(7</tmp/nia-chaos-fault-5t1teqw_/objects/35>) = 0
write(1<pipe:[425775]>, "ACK policy 35dbbfea3560a73eb0d9a1349db25c1d3536255d68717cb822ad66ab7c30fd77\n", 76) = 76
fsync(8</tmp/nia-chaos-fault-5t1teqw_/incoming>) = 0
pread64(3</evidence/chaos/attempt-03/public-fixture/InRelease>, "-----BEGIN PGP SIGNED MESSAGE-----\nHash: SHA512\n\nOrigin: Debian\nLabel: Debian\nSu"..., 65536, 0) = 523
pread64(3</evidence/chaos/attempt-03/public-fixture/InRelease>, "", 65013, 523) = 0
write(7</tmp/nia-chaos-fault-5t1teqw_/incoming/ee5d2a504146639061c55527cfc5c125>, "-----BEGIN PGP SIGNED MESSAGE-----\nHash: SHA512\n\nOrigin: Debian\nLabel: Debian\nSu"..., 523) = 523
pread64(3</evidence/chaos/attempt-03/public-fixture/InRelease>, "", 65536, 523) = 0
fsync(7</tmp/nia-chaos-fault-5t1teqw_/incoming/ee5d2a504146639061c55527cfc5c125>) = 0
fsync(9</tmp/nia-chaos-fault-5t1teqw_/objects>) = 0
renameat2(8</tmp/nia-chaos-fault-5t1teqw_/incoming>, "ee5d2a504146639061c55527cfc5c125", 7</tmp/nia-chaos-fault-5t1teqw_/objects/65>, "e058e4a20a7d623f1a368a7575c62d72585b340bcf7928beaa43015ab6c218", RENAME_NOREPLACE) = 0
fsync(8</tmp/nia-chaos-fault-5t1teqw_/incoming>) = 0
fsync(7</tmp/nia-chaos-fault-5t1teqw_/objects/65>) = ?
+++ killed by SIGKILL +++
