pread64(3</usr/lib/x86_64-linux-gnu/libc.so.6>, "\6\0\0\0\4\0\0\0@\0\0\0\0\0\0\0@\0\0\0\0\0\0\0@\0\0\0\0\0\0\0H\3\0\0\0\0\0\0H\3\0\0\0\0\0\0\10\0\0\0\0\0\0\0\3\0\0\0\4\0\0\0\240\1\36\0\0\0\0\0\240\1\36\0\0\0\0\0"..., 840, 64) = 840
pread64(3</usr/lib/x86_64-linux-gnu/libc.so.6>, "\6\0\0\0\4\0\0\0@\0\0\0\0\0\0\0@\0\0\0\0\0\0\0@\0\0\0\0\0\0\0H\3\0\0\0\0\0\0H\3\0\0\0\0\0\0\10\0\0\0\0\0\0\0\3\0\0\0\4\0\0\0\240\1\36\0\0\0\0\0\240\1\36\0\0\0\0\0"..., 840, 64) = 840
fsync(3</tmp/nia-chaos-fault-knf2yz93>) = 0
fsync(8</tmp/nia-chaos-fault-knf2yz93/incoming>) = 0
pread64(3</evidence/chaos/attempt-03/public-fixture/original.deb>, "!<arch>\ndebian-binary   1789004362  0     0     100644  4         `\n2.0\ncontrol."..., 65536, 0) = 848
pread64(3</evidence/chaos/attempt-03/public-fixture/original.deb>, "", 64688, 848) = 0
write(7</tmp/nia-chaos-fault-knf2yz93/incoming/4849b708fc88075cef3579a12ddd0b04>, "!<arch>\ndebian-binary   1789004362  0     0     100644  4         `\n2.0\ncontrol."..., 848) = 848
pread64(3</evidence/chaos/attempt-03/public-fixture/original.deb>, "", 65536, 848) = 0
fsync(7</tmp/nia-chaos-fault-knf2yz93/incoming/4849b708fc88075cef3579a12ddd0b04>) = 0
fsync(9</tmp/nia-chaos-fault-knf2yz93/objects>) = 0
renameat2(8</tmp/nia-chaos-fault-knf2yz93/incoming>, "4849b708fc88075cef3579a12ddd0b04", 7</tmp/nia-chaos-fault-knf2yz93/objects/15>, "5fe13e88db88d3219cbddcacf5a6a8147c8bc3f807b876481867dff50941f3", RENAME_NOREPLACE) = 0
fsync(8</tmp/nia-chaos-fault-knf2yz93/incoming>) = 0
fsync(7</tmp/nia-chaos-fault-knf2yz93/objects/15>) = 0
write(1<pipe:[422592]>, "ACK original.deb 155fe13e88db88d3219cbddcacf5a6a8147c8bc3f807b876481867dff50941f"..., 82) = 82
fsync(8</tmp/nia-chaos-fault-knf2yz93/incoming>) = 0
pread64(3</evidence/chaos/attempt-03/public-fixture/control>, "Package: nia-test\nVersion: 1:2.0~rc1-3\nArchitecture: all\nMaintainer: Nia synthet"..., 65536, 0) = 125
pread64(3</evidence/chaos/attempt-03/public-fixture/control>, "", 65411, 125) = 0
write(7</tmp/nia-chaos-fault-knf2yz93/incoming/c2a82313f8a57e94a7edd981576e0b5d>, "Package: nia-test\nVersion: 1:2.0~rc1-3\nArchitecture: all\nMaintainer: Nia synthet"..., 125) = 125
pread64(3</evidence/chaos/attempt-03/public-fixture/control>, "", 65536, 125) = 0
fsync(7</tmp/nia-chaos-fault-knf2yz93/incoming/c2a82313f8a57e94a7edd981576e0b5d>) = 0
fsync(9</tmp/nia-chaos-fault-knf2yz93/objects>) = 0
renameat2(8</tmp/nia-chaos-fault-knf2yz93/incoming>, "c2a82313f8a57e94a7edd981576e0b5d", 7</tmp/nia-chaos-fault-knf2yz93/objects/c1>, "5e5346c8cc38aa50241e3350fced5682318ca66d63f9ff59983cd669e03fae", RENAME_NOREPLACE) = 0
fsync(8</tmp/nia-chaos-fault-knf2yz93/incoming>) = -1 EIO (Input/output error) (INJECTED)
write(1<pipe:[422592]>, "FAIL import-control INDETERMINATE\n", 34) = 34
