Running as unit: run-p277634-i277934.scope; invocation ID: 9f9e7b3e23a948cf9fd7a2df18ee0790
limited-exec: {"scope": "run-p277634-i277934.scope", "kernel_limits": {"memory.max": "3221225472", "memory.swap.max": "0", "cpu.max": "100000 100000", "pids.max": "128"}}
PASS fault-00 io-error
PASS fault-01 io-error
PASS fault-02 kill
PASS fault-03 io-error
PASS fault-04 kill
PASS fault-05 io-error
PASS fault-06 kill
PASS fault-07 kill
PASS fault-08 kill
PASS fault-09 kill
PASS fault-10 kill
PASS fault-11 io-error
PASS fault-12 kill
PASS fault-13 kill
PASS fault-14 io-error
PASS fault-15 io-error
PASS fault-16 kill
PASS fault-17 kill
PASS fault-18 kill
PASS fault-19 kill
PASS fault-20 io-error
PASS fault-21 kill
PASS fault-22 io-error
PASS fault-23 io-error
PASS fault-24 kill
PASS fault-25 kill
PASS fault-26 io-error
PASS fault-27 io-error
PASS fault-28 io-error
PASS fault-29 io-error
PASS fault-30 kill
PASS fault-31 io-error
PASS fault-32 io-error
PASS fault-33 io-error
PASS fault-34 kill
PASS fault-35 kill
PASS fault-36 io-error
PASS fault-37 io-error
PASS fault-38 kill
PASS fault-39 io-error
PASS lost-policy required-reference-loss
PASS lost-map required-reference-loss
PASS lost-receipt required-reference-loss
PASS lost-original required-reference-loss
PASS lost-control required-reference-loss
PASS lost-manifest required-reference-loss
PASS lost-intent required-reference-loss
PASS lost-catalog required-reference-loss
PASS structure-0 structure-loss
PASS structure-1 structure-loss
PASS structure-2 structure-loss
PASS structure-3 structure-loss
PASS structure-4 structure-loss
PASS structure-5 structure-loss
PASS structure-6 structure-loss
PASS damage-55 retained-corruption
PASS damage-56 retained-corruption
PASS damage-57 retained-corruption
PASS damage-58 retained-corruption
PASS damage-59 retained-corruption
PASS damage-60 retained-corruption
PASS delay-0 deadline-delay
PASS delay-1 deadline-delay
PASS delay-2 deadline-delay
PASS delay-3 deadline-delay
PASS kill-then-loss-0 kill-then-loss
PASS kill-then-loss-1 kill-then-loss
PASS completed publication cases 67
