Sep 12 14:01:07 niaos-builder systemd[1]: Starting polkit.service - Authorization Manager...
Sep 12 14:01:07 niaos-builder polkitd[2195]: Started polkitd version 126
Sep 12 14:01:07 niaos-builder polkitd[2195]: Loading rules from directory /etc/polkit-1/rules.d
Sep 12 14:01:07 niaos-builder polkitd[2195]: Loading rules from directory /run/polkit-1/rules.d
Sep 12 14:01:07 niaos-builder polkitd[2195]: Error opening rules directory: Error opening directory “/run/polkit-1/rules.d”: No such file or directory (g-file-error-quark, 4)
Sep 12 14:01:07 niaos-builder polkitd[2195]: Loading rules from directory /usr/local/share/polkit-1/rules.d
Sep 12 14:01:07 niaos-builder polkitd[2195]: Error opening rules directory: Error opening directory “/usr/local/share/polkit-1/rules.d”: No such file or directory (g-file-error-quark, 4)
Sep 12 14:01:07 niaos-builder polkitd[2195]: Loading rules from directory /usr/share/polkit-1/rules.d
Sep 12 14:01:07 niaos-builder polkitd[2195]: Finished loading, compiling and executing 2 rules
Sep 12 14:01:07 niaos-builder systemd[1]: Started polkit.service - Authorization Manager.
Sep 12 14:01:07 niaos-builder polkitd[2195]: Acquired the name org.freedesktop.PolicyKit1 on the system bus
Sep 12 14:01:07 niaos-builder polkitd[2195]: Reloading rules
Sep 12 14:01:07 niaos-builder polkitd[2195]: Collecting garbage unconditionally...
Sep 12 14:01:07 niaos-builder polkitd[2195]: Loading rules from directory /etc/polkit-1/rules.d
Sep 12 14:01:07 niaos-builder polkitd[2195]: Loading rules from directory /run/polkit-1/rules.d
Sep 12 14:01:07 niaos-builder polkitd[2195]: Error opening rules directory: Error opening directory “/run/polkit-1/rules.d”: No such file or directory (g-file-error-quark, 4)
Sep 12 14:01:07 niaos-builder polkitd[2195]: Loading rules from directory /usr/local/share/polkit-1/rules.d
Sep 12 14:01:07 niaos-builder polkitd[2195]: Error opening rules directory: Error opening directory “/usr/local/share/polkit-1/rules.d”: No such file or directory (g-file-error-quark, 4)
Sep 12 14:01:07 niaos-builder polkitd[2195]: Loading rules from directory /usr/share/polkit-1/rules.d
Sep 12 14:01:07 niaos-builder polkitd[2195]: Finished loading, compiling and executing 3 rules
Sep 12 14:01:07 niaos-builder polkitd[2195]: Reloading rules
Sep 12 14:01:07 niaos-builder polkitd[2195]: Collecting garbage unconditionally...
Sep 12 14:01:07 niaos-builder polkitd[2195]: Loading rules from directory /etc/polkit-1/rules.d
Sep 12 14:01:07 niaos-builder polkitd[2195]: Loading rules from directory /run/polkit-1/rules.d
Sep 12 14:01:07 niaos-builder polkitd[2195]: Error opening rules directory: Error opening directory “/run/polkit-1/rules.d”: No such file or directory (g-file-error-quark, 4)
Sep 12 14:01:07 niaos-builder polkitd[2195]: Loading rules from directory /usr/local/share/polkit-1/rules.d
Sep 12 14:01:07 niaos-builder polkitd[2195]: Error opening rules directory: Error opening directory “/usr/local/share/polkit-1/rules.d”: No such file or directory (g-file-error-quark, 4)
Sep 12 14:01:07 niaos-builder polkitd[2195]: Loading rules from directory /usr/share/polkit-1/rules.d
Sep 12 14:01:07 niaos-builder polkitd[2195]: Finished loading, compiling and executing 3 rules
Sep 12 14:01:07 niaos-builder systemd[1]: Stopping polkit.service - Authorization Manager...
Sep 12 14:01:07 niaos-builder systemd[1]: polkit.service: Deactivated successfully.
Sep 12 14:01:07 niaos-builder systemd[1]: Stopped polkit.service - Authorization Manager.
Sep 12 14:01:07 niaos-builder systemd[1]: Starting polkit.service - Authorization Manager...
Sep 12 14:01:07 niaos-builder polkitd[2218]: Started polkitd version 126
Sep 12 14:01:07 niaos-builder polkitd[2218]: Loading rules from directory /etc/polkit-1/rules.d
Sep 12 14:01:07 niaos-builder polkitd[2218]: Loading rules from directory /run/polkit-1/rules.d
Sep 12 14:01:07 niaos-builder polkitd[2218]: Error opening rules directory: Error opening directory “/run/polkit-1/rules.d”: No such file or directory (g-file-error-quark, 4)
Sep 12 14:01:07 niaos-builder polkitd[2218]: Loading rules from directory /usr/local/share/polkit-1/rules.d
Sep 12 14:01:07 niaos-builder polkitd[2218]: Error opening rules directory: Error opening directory “/usr/local/share/polkit-1/rules.d”: No such file or directory (g-file-error-quark, 4)
Sep 12 14:01:07 niaos-builder polkitd[2218]: Loading rules from directory /usr/share/polkit-1/rules.d
Sep 12 14:01:07 niaos-builder polkitd[2218]: Finished loading, compiling and executing 3 rules
Sep 12 14:01:07 niaos-builder systemd[1]: Started polkit.service - Authorization Manager.
Sep 12 14:01:07 niaos-builder polkitd[2218]: Acquired the name org.freedesktop.PolicyKit1 on the system bus
Sep 12 14:01:07 niaos-builder polkitd[2218]: Reloading rules
Sep 12 14:01:07 niaos-builder polkitd[2218]: Collecting garbage unconditionally...
Sep 12 14:01:07 niaos-builder polkitd[2218]: Loading rules from directory /etc/polkit-1/rules.d
Sep 12 14:01:07 niaos-builder polkitd[2218]: Loading rules from directory /run/polkit-1/rules.d
Sep 12 14:01:07 niaos-builder polkitd[2218]: Error opening rules directory: Error opening directory “/run/polkit-1/rules.d”: No such file or directory (g-file-error-quark, 4)
Sep 12 14:01:07 niaos-builder polkitd[2218]: Loading rules from directory /usr/local/share/polkit-1/rules.d
Sep 12 14:01:07 niaos-builder polkitd[2218]: Error opening rules directory: Error opening directory “/usr/local/share/polkit-1/rules.d”: No such file or directory (g-file-error-quark, 4)
Sep 12 14:01:07 niaos-builder polkitd[2218]: Loading rules from directory /usr/share/polkit-1/rules.d
Sep 12 14:01:07 niaos-builder polkitd[2218]: Finished loading, compiling and executing 3 rules
Sep 12 14:01:07 niaos-builder polkitd[2218]: Reloading rules
Sep 12 14:01:07 niaos-builder polkitd[2218]: Collecting garbage unconditionally...
Sep 12 14:01:07 niaos-builder polkitd[2218]: Loading rules from directory /etc/polkit-1/rules.d
Sep 12 14:01:07 niaos-builder polkitd[2218]: Loading rules from directory /run/polkit-1/rules.d
Sep 12 14:01:07 niaos-builder polkitd[2218]: Error opening rules directory: Error opening directory “/run/polkit-1/rules.d”: No such file or directory (g-file-error-quark, 4)
Sep 12 14:01:07 niaos-builder polkitd[2218]: Loading rules from directory /usr/local/share/polkit-1/rules.d
Sep 12 14:01:07 niaos-builder polkitd[2218]: Error opening rules directory: Error opening directory “/usr/local/share/polkit-1/rules.d”: No such file or directory (g-file-error-quark, 4)
Sep 12 14:01:07 niaos-builder polkitd[2218]: Loading rules from directory /usr/share/polkit-1/rules.d
Sep 12 14:01:07 niaos-builder polkitd[2218]: Finished loading, compiling and executing 3 rules
Sep 12 14:01:07 niaos-builder polkitd[2218]: Reloading rules
Sep 12 14:01:07 niaos-builder polkitd[2218]: Collecting garbage unconditionally...
Sep 12 14:01:07 niaos-builder polkitd[2218]: Loading rules from directory /etc/polkit-1/rules.d
Sep 12 14:01:07 niaos-builder polkitd[2218]: Loading rules from directory /run/polkit-1/rules.d
Sep 12 14:01:07 niaos-builder polkitd[2218]: Error opening rules directory: Error opening directory “/run/polkit-1/rules.d”: No such file or directory (g-file-error-quark, 4)
Sep 12 14:01:07 niaos-builder polkitd[2218]: Loading rules from directory /usr/local/share/polkit-1/rules.d
Sep 12 14:01:07 niaos-builder polkitd[2218]: Error opening rules directory: Error opening directory “/usr/local/share/polkit-1/rules.d”: No such file or directory (g-file-error-quark, 4)
Sep 12 14:01:07 niaos-builder polkitd[2218]: Loading rules from directory /usr/share/polkit-1/rules.d
Sep 12 14:01:07 niaos-builder polkitd[2218]: Finished loading, compiling and executing 3 rules
Sep 12 14:01:07 niaos-builder polkitd[2218]: Reloading rules
Sep 12 14:01:07 niaos-builder polkitd[2218]: Collecting garbage unconditionally...
Sep 12 14:01:07 niaos-builder polkitd[2218]: Loading rules from directory /etc/polkit-1/rules.d
Sep 12 14:01:07 niaos-builder polkitd[2218]: Loading rules from directory /run/polkit-1/rules.d
Sep 12 14:01:07 niaos-builder polkitd[2218]: Error opening rules directory: Error opening directory “/run/polkit-1/rules.d”: No such file or directory (g-file-error-quark, 4)
Sep 12 14:01:07 niaos-builder polkitd[2218]: Loading rules from directory /usr/local/share/polkit-1/rules.d
Sep 12 14:01:07 niaos-builder polkitd[2218]: Error opening rules directory: Error opening directory “/usr/local/share/polkit-1/rules.d”: No such file or directory (g-file-error-quark, 4)
Sep 12 14:01:07 niaos-builder polkitd[2218]: Loading rules from directory /usr/share/polkit-1/rules.d
Sep 12 14:01:07 niaos-builder polkitd[2218]: Finished loading, compiling and executing 3 rules
Sep 12 14:01:07 niaos-builder systemd[1]: Stopping polkit.service - Authorization Manager...
Sep 12 14:01:07 niaos-builder systemd[1]: polkit.service: Deactivated successfully.
Sep 12 14:01:07 niaos-builder systemd[1]: Stopped polkit.service - Authorization Manager.
Sep 12 14:01:07 niaos-builder systemd[1]: Starting polkit.service - Authorization Manager...
Sep 12 14:01:08 niaos-builder polkitd[2249]: Started polkitd version 126
Sep 12 14:01:08 niaos-builder polkitd[2249]: Loading rules from directory /etc/polkit-1/rules.d
Sep 12 14:01:08 niaos-builder polkitd[2249]: Loading rules from directory /run/polkit-1/rules.d
Sep 12 14:01:08 niaos-builder polkitd[2249]: Error opening rules directory: Error opening directory “/run/polkit-1/rules.d”: No such file or directory (g-file-error-quark, 4)
Sep 12 14:01:08 niaos-builder polkitd[2249]: Loading rules from directory /usr/local/share/polkit-1/rules.d
Sep 12 14:01:08 niaos-builder polkitd[2249]: Error opening rules directory: Error opening directory “/usr/local/share/polkit-1/rules.d”: No such file or directory (g-file-error-quark, 4)
Sep 12 14:01:08 niaos-builder polkitd[2249]: Loading rules from directory /usr/share/polkit-1/rules.d
Sep 12 14:01:08 niaos-builder polkitd[2249]: Finished loading, compiling and executing 3 rules
Sep 12 14:01:08 niaos-builder systemd[1]: Started polkit.service - Authorization Manager.
Sep 12 14:01:08 niaos-builder polkitd[2249]: Acquired the name org.freedesktop.PolicyKit1 on the system bus
Sep 12 14:01:08 niaos-builder systemd[1]: Stopping polkit.service - Authorization Manager...
Sep 12 14:01:08 niaos-builder systemd[1]: polkit.service: Deactivated successfully.
Sep 12 14:01:08 niaos-builder systemd[1]: Stopped polkit.service - Authorization Manager.
Sep 12 14:01:08 niaos-builder systemd[1]: Starting polkit.service - Authorization Manager...
Sep 12 14:01:08 niaos-builder polkitd[2262]: Started polkitd version 126
Sep 12 14:01:08 niaos-builder polkitd[2262]: Loading rules from directory /etc/polkit-1/rules.d
Sep 12 14:01:08 niaos-builder polkitd[2262]: Loading rules from directory /run/polkit-1/rules.d
Sep 12 14:01:08 niaos-builder polkitd[2262]: Error opening rules directory: Error opening directory “/run/polkit-1/rules.d”: No such file or directory (g-file-error-quark, 4)
Sep 12 14:01:08 niaos-builder polkitd[2262]: Loading rules from directory /usr/local/share/polkit-1/rules.d
Sep 12 14:01:08 niaos-builder polkitd[2262]: Error opening rules directory: Error opening directory “/usr/local/share/polkit-1/rules.d”: No such file or directory (g-file-error-quark, 4)
Sep 12 14:01:08 niaos-builder polkitd[2262]: Loading rules from directory /usr/share/polkit-1/rules.d
Sep 12 14:01:08 niaos-builder polkitd[2262]: Finished loading, compiling and executing 3 rules
Sep 12 14:01:08 niaos-builder systemd[1]: Started polkit.service - Authorization Manager.
Sep 12 14:01:08 niaos-builder polkitd[2262]: Acquired the name org.freedesktop.PolicyKit1 on the system bus
Sep 12 14:01:10 niaos-builder polkitd[2262]: Reloading rules
Sep 12 14:01:10 niaos-builder polkitd[2262]: Collecting garbage unconditionally...
Sep 12 14:01:10 niaos-builder polkitd[2262]: Loading rules from directory /etc/polkit-1/rules.d
Sep 12 14:01:10 niaos-builder polkitd[2262]: Loading rules from directory /run/polkit-1/rules.d
Sep 12 14:01:10 niaos-builder polkitd[2262]: Error opening rules directory: Error opening directory “/run/polkit-1/rules.d”: No such file or directory (g-file-error-quark, 4)
Sep 12 14:01:10 niaos-builder polkitd[2262]: Loading rules from directory /usr/local/share/polkit-1/rules.d
Sep 12 14:01:10 niaos-builder polkitd[2262]: Error opening rules directory: Error opening directory “/usr/local/share/polkit-1/rules.d”: No such file or directory (g-file-error-quark, 4)
Sep 12 14:01:10 niaos-builder polkitd[2262]: Loading rules from directory /usr/share/polkit-1/rules.d
Sep 12 14:01:10 niaos-builder polkitd[2262]: Finished loading, compiling and executing 2 rules
Sep 12 14:01:10 niaos-builder systemd[1]: Stopping polkit.service - Authorization Manager...
Sep 12 14:01:10 niaos-builder systemd[1]: polkit.service: Deactivated successfully.
Sep 12 14:01:10 niaos-builder systemd[1]: Stopped polkit.service - Authorization Manager.
Sep 12 14:01:10 niaos-builder systemd[1]: Starting polkit.service - Authorization Manager...
Sep 12 14:01:10 niaos-builder polkitd[2284]: Started polkitd version 126
Sep 12 14:01:10 niaos-builder polkitd[2284]: Loading rules from directory /etc/polkit-1/rules.d
Sep 12 14:01:10 niaos-builder polkitd[2284]: Loading rules from directory /run/polkit-1/rules.d
Sep 12 14:01:10 niaos-builder polkitd[2284]: Error opening rules directory: Error opening directory “/run/polkit-1/rules.d”: No such file or directory (g-file-error-quark, 4)
Sep 12 14:01:10 niaos-builder polkitd[2284]: Loading rules from directory /usr/local/share/polkit-1/rules.d
Sep 12 14:01:10 niaos-builder polkitd[2284]: Error opening rules directory: Error opening directory “/usr/local/share/polkit-1/rules.d”: No such file or directory (g-file-error-quark, 4)
Sep 12 14:01:10 niaos-builder polkitd[2284]: Loading rules from directory /usr/share/polkit-1/rules.d
Sep 12 14:01:10 niaos-builder polkitd[2284]: Finished loading, compiling and executing 2 rules
Sep 12 14:01:10 niaos-builder systemd[1]: Started polkit.service - Authorization Manager.
Sep 12 14:01:10 niaos-builder polkitd[2284]: Acquired the name org.freedesktop.PolicyKit1 on the system bus
