Running as unit: run-p402174-i402474.scope; invocation ID: 598899ef86c841d3812c295b0cdc1bf3
limited-exec: {"scope": "run-p402174-i402474.scope", "kernel_limits": {"memory.max": "3221225472", "memory.swap.max": "0", "cpu.max": "100000 100000", "pids.max": "128"}}
Formatting '/evidence/vm/test.qcow2', fmt=qcow2 cluster_size=65536 extended_l2=off compression_type=zlib size=85899345920 backing_file=/vm-base/builder.qcow2 backing_fmt=qcow2 lazy_refcounts=off refcount_bits=16
Traceback (most recent call last):
  File "/evidence/vm-check.py", line 18, in <module>
    ready=subprocess.run(ssh+['true'],stdout=subprocess.DEVNULL,stderr=subprocess.DEVNULL,timeout=6)
  File "/usr/lib/python3.13/subprocess.py", line 554, in run
    with Popen(*popenargs, **kwargs) as process:
         ~~~~~^^^^^^^^^^^^^^^^^^^^^^
  File "/usr/lib/python3.13/subprocess.py", line 1039, in __init__
    self._execute_child(args, executable, preexec_fn, close_fds,
    ~~~~~~~~~~~~~~~~~~~^^^^^^^^^^^^^^^^^^^^^^^^^^^^^^^^^^^^^^^^^
                        pass_fds, cwd, env,
                        ^^^^^^^^^^^^^^^^^^^
    ...<5 lines>...
                        gid, gids, uid, umask,
                        ^^^^^^^^^^^^^^^^^^^^^^
                        start_new_session, process_group)
                        ^^^^^^^^^^^^^^^^^^^^^^^^^^^^^^^^^
  File "/usr/lib/python3.13/subprocess.py", line 1972, in _execute_child
    raise child_exception_type(errno_num, err_msg, err_filename)
FileNotFoundError: [Errno 2] No such file or directory: 'ssh'
