Running as unit: run-p93181-i93481.scope; invocation ID: 596a82185c3245838118ce29e50fe839
limited-exec: {"scope": "run-p93181-i93481.scope", "kernel_limits": {"memory.max": "3221225472", "memory.swap.max": "0", "cpu.max": "100000 100000", "pids.max": "128"}}
python3 -B native/i18n_catalogs.py
Checked 119 messages in 7 translation catalog(s).
python3 -B -m unittest discover -s native -p 'test_*.py' -v
test_archive_authentication_does_not_replace_tuf (test_archive_intake.ArchiveIntakeTests.test_archive_authentication_does_not_replace_tuf) ... ok
test_backward_clock_is_rejected (test_archive_intake.ArchiveIntakeTests.test_backward_clock_is_rejected) ... ok
test_different_target_bytes_in_same_session_are_rejected (test_archive_intake.ArchiveIntakeTests.test_different_target_bytes_in_same_session_are_rejected) ... ok
test_epoch_is_checked_against_independent_floor (test_archive_intake.ArchiveIntakeTests.test_epoch_is_checked_against_independent_floor) ... ok
test_expiry_during_final_recheck (test_archive_intake.ArchiveIntakeTests.test_expiry_during_final_recheck) ... ok
test_full_signed_chain_returns_native_original_and_control_bindings (test_archive_intake.ArchiveIntakeTests.test_full_signed_chain_returns_native_original_and_control_bindings) ... ok
test_legacy_policy_cannot_enter_the_shared_native_intake (test_archive_intake.ArchiveIntakeTests.test_legacy_policy_cannot_enter_the_shared_native_intake) ... ok
test_policy_expired_after_archive_check (test_archive_intake.ArchiveIntakeTests.test_policy_expired_after_archive_check) ... ok
test_policy_not_yet_valid (test_archive_intake.ArchiveIntakeTests.test_policy_not_yet_valid) ... ok
test_root_is_rejected_before_any_supply_request (test_archive_intake.ArchiveIntakeTests.test_root_is_rejected_before_any_supply_request) ... ok
test_signed_policy_does_not_authorize_other_original_bytes (test_archive_intake.ArchiveIntakeTests.test_signed_policy_does_not_authorize_other_original_bytes) ... ok
test_tuf_does_not_replace_archive_authentication (test_archive_intake.ArchiveIntakeTests.test_tuf_does_not_replace_archive_authentication) ... ok
test_added_catalogs_have_complete_messages_and_language_independent_operations (test_i18n.LocalizationTests.test_added_catalogs_have_complete_messages_and_language_independent_operations) ... ok
test_all_entrypoint_help_keeps_syntax_and_localizes_explanation (test_i18n.LocalizationTests.test_all_entrypoint_help_keeps_syntax_and_localizes_explanation) ... ok
test_ascii_terminal_and_non_tty_do_not_raise_encoding_error (test_i18n.LocalizationTests.test_ascii_terminal_and_non_tty_do_not_raise_encoding_error) ... ok
test_bundled_catalog_covers_all_public_messages (test_i18n.LocalizationTests.test_bundled_catalog_covers_all_public_messages) ... ok
test_c_locales_override_language_and_unknown_languages_fall_back (test_i18n.LocalizationTests.test_c_locales_override_language_and_unknown_languages_fall_back) ... ok
test_error_status_streams_and_dynamic_parameters_do_not_depend_on_language (test_i18n.LocalizationTests.test_error_status_streams_and_dynamic_parameters_do_not_depend_on_language) ... ok
test_every_pinned_debian_locale_and_installer_choice_is_accepted (test_i18n.LocalizationTests.test_every_pinned_debian_locale_and_installer_choice_is_accepted) ... ok
test_fallback_is_not_counted_as_full_language_support (test_i18n.LocalizationTests.test_fallback_is_not_counted_as_full_language_support) ... ok
test_language_input_is_bounded_and_never_becomes_a_catalog_path (test_i18n.LocalizationTests.test_language_input_is_bounded_and_never_becomes_a_catalog_path) ... ok
test_locale_is_not_global_and_parallel_rendering_does_not_mix_languages (test_i18n.LocalizationTests.test_locale_is_not_global_and_parallel_rendering_does_not_mix_languages) ... ok
test_locale_precedence_and_language_list (test_i18n.LocalizationTests.test_locale_precedence_and_language_list) ... ok
test_missing_broken_and_invalid_translation_fall_back_without_changing_outcome (test_i18n.LocalizationTests.test_missing_broken_and_invalid_translation_fall_back_without_changing_outcome) ... ok
test_raw_operations_and_signed_artifact_bytes_do_not_change (test_i18n.LocalizationTests.test_raw_operations_and_signed_artifact_bytes_do_not_change) ... ok
test_real_build_under_japanese_keeps_exact_original_bytes (test_i18n.LocalizationTests.test_real_build_under_japanese_keeps_exact_original_bytes) ... ok
test_real_gettext_plural_rules_support_languages_with_more_than_two_forms (test_i18n.LocalizationTests.test_real_gettext_plural_rules_support_languages_with_more_than_two_forms) ... ok
test_script_modifiers_and_chinese_writing_systems_are_not_dropped (test_i18n.LocalizationTests.test_script_modifiers_and_chinese_writing_systems_are_not_dropped) ... ok
test_untrusted_controls_escaped_and_joining_characters_preserved (test_i18n.LocalizationTests.test_untrusted_controls_escaped_and_joining_characters_preserved) ... ok
test_action_and_selector_ambiguity_rejected (test_interim_commands.InterimCommandTests.test_action_and_selector_ambiguity_rejected) ... ok
test_all_installed_interim_operations_remain_unavailable (test_interim_commands.InterimCommandTests.test_all_installed_interim_operations_remain_unavailable) ... ok
test_default_work_directory (test_interim_commands.InterimCommandTests.test_default_work_directory) ... ok
test_detail_is_original_metadata_and_not_installed_state (test_interim_commands.InterimCommandTests.test_detail_is_original_metadata_and_not_installed_state) ... ok
test_display_corrupt_or_symlink_package_emits_no_partial_report (test_interim_commands.InterimCommandTests.test_display_corrupt_or_symlink_package_emits_no_partial_report) ... ok
test_display_escapes_terminal_formatting_and_marks_unknown_reboot (test_interim_commands.InterimCommandTests.test_display_escapes_terminal_formatting_and_marks_unknown_reboot) ... ok
test_label_binding_and_corrupt_input_precede_output_creation (test_interim_commands.InterimCommandTests.test_label_binding_and_corrupt_input_precede_output_creation) ... ok
test_label_length_and_interactive_mode_are_distinct (test_interim_commands.InterimCommandTests.test_label_length_and_interactive_mode_are_distinct) ... ok
test_malformed_control_reports_failure_without_traceback (test_interim_commands.InterimCommandTests.test_malformed_control_reports_failure_without_traceback) ... ok
test_output_never_overwritten_and_failure_uses_stderr (test_interim_commands.InterimCommandTests.test_output_never_overwritten_and_failure_uses_stderr) ... ok
test_real_build_display_and_reproducible_bytes (test_interim_commands.InterimCommandTests.test_real_build_display_and_reproducible_bytes) ... ok
test_work_directory_symlink_is_not_followed (test_interim_commands.InterimCommandTests.test_work_directory_symlink_is_not_followed) ... ok
test_exact_artifact_and_references_use_real_delegated_signatures (test_interim_intake.InterimIntakeTests.test_exact_artifact_and_references_use_real_delegated_signatures) ... ok
test_expired_and_future_artifacts_rejected_even_when_signed (test_interim_intake.InterimIntakeTests.test_expired_and_future_artifacts_rejected_even_when_signed) ... ok
test_failed_authentication_never_creates_output (test_interim_intake.InterimIntakeTests.test_failed_authentication_never_creates_output) ... ok
test_foreign_download_url_and_invalid_syntax (test_interim_intake.InterimIntakeTests.test_foreign_download_url_and_invalid_syntax) ... ok
test_independent_security_epoch_floor (test_interim_intake.InterimIntakeTests.test_independent_security_epoch_floor) ... ok
test_outer_signature_cannot_supply_missing_reference (test_interim_intake.InterimIntakeTests.test_outer_signature_cannot_supply_missing_reference) ... ok
test_policy_change_prevents_output_publication (test_interim_intake.InterimIntakeTests.test_policy_change_prevents_output_publication) ... ok
test_policy_input_mutation_cannot_change_the_original_binding (test_interim_intake.InterimIntakeTests.test_policy_input_mutation_cannot_change_the_original_binding) ... ok
test_real_download_retains_exact_bytes_and_does_not_overwrite (test_interim_intake.InterimIntakeTests.test_real_download_retains_exact_bytes_and_does_not_overwrite) ... ok
test_resigned_reference_with_different_hash_is_rejected (test_interim_intake.InterimIntakeTests.test_resigned_reference_with_different_hash_is_rejected) ... ok
test_untrusted_policy_owner_permissions_and_links_are_rejected (test_interim_intake.InterimIntakeTests.test_untrusted_policy_owner_permissions_and_links_are_rejected) ... ok
test_build_output_and_inspection_are_not_installation_or_trust (test_interim_package.InterimPackageTests.test_build_output_and_inspection_are_not_installation_or_trust) ... ok
test_build_refuses_symlink_inputs_and_output (test_interim_package.InterimPackageTests.test_build_refuses_symlink_inputs_and_output) ... ok
test_duplicate_identity_and_unchanged_replacement (test_interim_package.InterimPackageTests.test_duplicate_identity_and_unchanged_replacement) ... ok
test_fix_dependency_cannot_also_be_superseded (test_interim_package.InterimPackageTests.test_fix_dependency_cannot_also_be_superseded) ... ok
test_framing_rejects_truncation_corruption_and_extra_data (test_interim_package.InterimPackageTests.test_framing_rejects_truncation_corruption_and_extra_data) ... ok
test_invalid_platform_times_and_advisory (test_interim_package.InterimPackageTests.test_invalid_platform_times_and_advisory) ... ok
test_length_bounds_before_payload_read (test_interim_package.InterimPackageTests.test_length_bounds_before_payload_read) ... ok
test_only_canonical_manifest_encoding (test_interim_package.InterimPackageTests.test_only_canonical_manifest_encoding) ... ok
test_original_control_identity_is_checked (test_interim_package.InterimPackageTests.test_original_control_identity_is_checked) ... ok
test_reproducible_roundtrip_preserves_original_debs (test_interim_package.InterimPackageTests.test_reproducible_roundtrip_preserves_original_debs) ... ok
test_unknown_manifest_fields_never_become_authority (test_interim_package.InterimPackageTests.test_unknown_manifest_fields_never_become_authority) ... ok
test_unlisted_missing_and_tampered_artifacts (test_interim_package.InterimPackageTests.test_unlisted_missing_and_tampered_artifacts) ... ok
test_bad_image_preserves_previous_index (test_media.MediaTests.test_bad_image_preserves_previous_index) ... ok
test_colon_output_roundtrips_epochs_unicode_controls_and_is_locale_independent (test_media.MediaTests.test_colon_output_roundtrips_epochs_unicode_controls_and_is_locale_independent) ... ok
test_conflicting_and_duplicate_identities_are_rejected (test_media.MediaTests.test_conflicting_and_duplicate_identities_are_rejected) ... ok
test_detects_change_during_archive_observation (test_media.MediaTests.test_detects_change_during_archive_observation) ... ok
test_directory_lock_and_write_permissions (test_media.MediaTests.test_directory_lock_and_write_permissions) ... ok
test_empty_media_has_deterministic_index_and_no_fake_package (test_media.MediaTests.test_empty_media_has_deterministic_index_and_no_fake_package) ... ok
test_image_links_fifo_and_linked_directory_are_rejected (test_media.MediaTests.test_image_links_fifo_and_linked_directory_are_rejected) ... ok
test_independent_resource_limits (test_media.MediaTests.test_independent_resource_limits) ... ok
test_index_is_reproducible_and_identical_rebuild_does_not_replace (test_media.MediaTests.test_index_is_reproducible_and_identical_rebuild_does_not_replace) ... ok
test_list_without_index_is_read_only_and_ignores_unrelated_files (test_media.MediaTests.test_list_without_index_is_read_only_and_ignores_unrelated_files) ... ok
test_real_index_and_listing_commands_preserve_originals (test_media.MediaTests.test_real_index_and_listing_commands_preserve_originals) ... ok
test_stale_index_rejected_then_rebuilt_from_changed_original (test_media.MediaTests.test_stale_index_rejected_then_rebuilt_from_changed_original) ... ok
test_unsupported_or_linked_index_is_not_overwritten (test_media.MediaTests.test_unsupported_or_linked_index_is_not_overwritten) ... ok
test_write_and_sync_failure_preserve_complete_index (test_media.MediaTests.test_write_and_sync_failure_preserve_complete_index) ... ok
test_command_inventory_matches_actual_development_entrypoints (test_package_cli.Commands.test_command_inventory_matches_actual_development_entrypoints) ... ok
test_geninstall_uses_same_installp_intent (test_package_cli.Commands.test_geninstall_uses_same_installp_intent) ... ok
test_grouped_flags_and_attached_source (test_package_cli.Commands.test_grouped_flags_and_attached_source) ... ok
test_instfix_p_lists_packages_not_installp_preview (test_package_cli.Commands.test_instfix_p_lists_packages_not_installp_preview) ... ok
test_inutoc_default_and_explicit_directory (test_package_cli.Commands.test_inutoc_default_and_explicit_directory) ... ok
test_invalid_and_bounded_input (test_package_cli.Commands.test_invalid_and_bounded_input) ... ok
test_invalid_installp_combinations (test_package_cli.Commands.test_invalid_installp_combinations) ... ok
test_lifecycle_is_not_collapsed (test_package_cli.Commands.test_lifecycle_is_not_collapsed) ... ok
test_list_file_remains_unread_intent (test_package_cli.Commands.test_list_file_remains_unread_intent) ... ok
test_lppchk_is_read_only_and_modes_are_distinct (test_package_cli.Commands.test_lppchk_is_read_only_and_modes_are_distinct) ... ok
test_lppmgr_prompt_is_not_preview_and_list_overrides_removal (test_package_cli.Commands.test_lppmgr_prompt_is_not_preview_and_list_overrides_removal) ... ok
test_lslpp_history_and_literal_patterns (test_package_cli.Commands.test_lslpp_history_and_literal_patterns) ... ok
test_no_silent_compatibility_options (test_package_cli.Commands.test_no_silent_compatibility_options) ... ok
test_preview_all_mutations (test_package_cli.Commands.test_preview_all_mutations) ... ok
test_real_named_entry_points_and_no_fallback (test_package_cli.Commands.test_real_named_entry_points_and_no_fallback) ... ok
test_suma_does_not_accept_foreign_specific_or_ambiguous_settings (test_package_cli.Commands.test_suma_does_not_accept_foreign_specific_or_ambiguous_settings) ... ok
test_suma_schedule_bounds (test_package_cli.Commands.test_suma_schedule_bounds) ... ok
test_suma_task_operations_and_attributes (test_package_cli.Commands.test_suma_task_operations_and_attributes) ... ok
test_unconnected_actions_never_report_success (test_package_cli.Commands.test_unconnected_actions_never_report_success) ... ok
test_update_all_is_installed_selection_not_media_all (test_package_cli.Commands.test_update_all_is_installed_selection_not_media_all) ... ok
test_cache_binding_permissions_links_and_lock_replacement (test_repository.RepositoryTests.test_cache_binding_permissions_links_and_lock_replacement) ... ok
test_cache_lock_is_exclusive_and_released_on_failure (test_repository.RepositoryTests.test_cache_lock_is_exclusive_and_released_on_failure) ... ok
test_corrupt_checkpoint_is_not_reset_to_bootstrap (test_repository.RepositoryTests.test_corrupt_checkpoint_is_not_reset_to_bootstrap) ... ok
test_delegated_publisher_cannot_publish_outside_scope (test_repository.RepositoryTests.test_delegated_publisher_cannot_publish_outside_scope) ... ok
test_download_corruption_and_session_poisoning (test_repository.RepositoryTests.test_download_corruption_and_session_poisoning) ... ok
test_expired_signed_metadata_is_rejected (test_repository.RepositoryTests.test_expired_signed_metadata_is_rejected) ... ok
test_independent_bootstrap_pin_and_root_threshold (test_repository.RepositoryTests.test_independent_bootstrap_pin_and_root_threshold) ... ok
test_interrupted_refresh_retains_complete_previous_checkpoint (test_repository.RepositoryTests.test_interrupted_refresh_retains_complete_previous_checkpoint) ... ok
test_missing_cache_is_never_automatically_reset (test_repository.RepositoryTests.test_missing_cache_is_never_automatically_reset) ... ok
test_network_urls_are_not_inferred_from_untrusted_names (test_repository.RepositoryTests.test_network_urls_are_not_inferred_from_untrusted_names) ... ok
test_partial_temporary_checkpoint_is_discarded_under_lock (test_repository.RepositoryTests.test_partial_temporary_checkpoint_is_discarded_under_lock) ... ok
test_persisted_timestamp_rejects_rollback_on_next_process_context (test_repository.RepositoryTests.test_persisted_timestamp_rejects_rollback_on_next_process_context) ... ok
test_real_chain_target_hash_and_cache_reopen (test_repository.RepositoryTests.test_real_chain_target_hash_and_cache_reopen) ... ok
test_root_rotation_requires_old_and_new_root_signatures (test_repository.RepositoryTests.test_root_rotation_requires_old_and_new_root_signatures) ... ok
test_rotated_root_revokes_old_target_publisher (test_repository.RepositoryTests.test_rotated_root_revokes_old_target_publisher) ... ok
test_stream_transport_errors_are_normalized (test_repository.RepositoryTests.test_stream_transport_errors_are_normalized) ... ok
test_sync_failure_after_replace_leaves_a_complete_new_checkpoint (test_repository.RepositoryTests.test_sync_failure_after_replace_leaves_a_complete_new_checkpoint) ... ok
test_sync_failure_never_returns_authenticated_target (test_repository.RepositoryTests.test_sync_failure_never_returns_authenticated_target) ... ok
test_target_limit_checked_before_payload_download (test_repository.RepositoryTests.test_target_limit_checked_before_payload_download) ... ok
test_wrong_signature_and_mixed_snapshot_rejected (test_repository.RepositoryTests.test_wrong_signature_and_mixed_snapshot_rejected) ... ok
test_actual_https_and_signed_artifact (test_repository_https.HTTPSTests.test_actual_https_and_signed_artifact) ... ok
test_corrupt_payload_from_real_https_fails_verification (test_repository_https.HTTPSTests.test_corrupt_payload_from_real_https_fails_verification) ... ok
test_redirect_is_rejected_without_following_it (test_repository_https.HTTPSTests.test_redirect_is_rejected_without_following_it) ... ok
test_untrusted_tls_certificate_is_rejected (test_repository_https.HTTPSTests.test_untrusted_tls_certificate_is_rejected) ... ok
test_incomplete_or_duplicate_state_rejected (test_transition.TransitionTests.test_incomplete_or_duplicate_state_rejected) ... ok
test_missing_file_lists_not_empty_success (test_transition.TransitionTests.test_missing_file_lists_not_empty_success) ... ok
test_native_any_requires_multiarch_allowed (test_transition.TransitionTests.test_native_any_requires_multiarch_allowed) ... ok
test_original_alternative_and_versioned_provides_preserved (test_transition.TransitionTests.test_original_alternative_and_versioned_provides_preserved) ... ok
test_real_control_inventory_and_removal_breakage (test_transition.TransitionTests.test_real_control_inventory_and_removal_breakage) ... ok
test_exact_artifact_and_source_binding (test_update_metadata.UpdateMetadataTests.test_exact_artifact_and_source_binding) ... ok
test_malformed_and_ambiguous_advisories_rejected (test_update_metadata.UpdateMetadataTests.test_malformed_and_ambiguous_advisories_rejected) ... ok
test_missing_urgency_is_unknown_not_low (test_update_metadata.UpdateMetadataTests.test_missing_urgency_is_unknown_not_low) ... ok
test_native_version_order_and_release_selection (test_update_metadata.UpdateMetadataTests.test_native_version_order_and_release_selection) ... ok
test_real_deb_intake_keeps_observation_separate_from_trust (test_update_metadata.UpdateMetadataTests.test_real_deb_intake_keeps_observation_separate_from_trust) ... ok
test_source_version_not_binary_rebuild_version (test_update_metadata.UpdateMetadataTests.test_source_version_not_binary_rebuild_version) ... ok
test_upload_urgency_case_and_comment_are_preserved (test_update_metadata.UpdateMetadataTests.test_upload_urgency_case_and_comment_are_preserved) ... ok

----------------------------------------------------------------------
Ran 134 tests in 10.562s

OK
python3 -m compileall -q native
python3 -B -m unittest discover -s hardening -p test_hardening.py -v
test_elf_negative_properties_are_not_pass (test_hardening.HardeningTests.test_elf_negative_properties_are_not_pass) ... ok
test_generated_policy_is_exact (test_hardening.HardeningTests.test_generated_policy_is_exact) ... ok
test_missing_runtime_evidence_fails (test_hardening.HardeningTests.test_missing_runtime_evidence_fails) ... ok
test_truncated_program_table_or_dynamic_rejected (test_hardening.HardeningTests.test_truncated_program_table_or_dynamic_rejected) ... ok

----------------------------------------------------------------------
Ran 4 tests in 0.001s

OK
python3 -m compileall -q hardening
python3 -B -m unittest discover -s image -p test_image_tools.py -v
test_equal_bytes_require_equal_inputs_and_changed_bytes_fail (test_image_tools.ImageComparison.test_equal_bytes_require_equal_inputs_and_changed_bytes_fail) ... ok
test_committed_file_modes_do_not_depend_on_checkout_permissions (test_image_tools.PreparationBoundaries.test_committed_file_modes_do_not_depend_on_checkout_permissions) ... ok
test_dirty_component_refused_before_copy (test_image_tools.PreparationBoundaries.test_dirty_component_refused_before_copy) ... ok
test_existing_output_is_not_overwritten (test_image_tools.PreparationBoundaries.test_existing_output_is_not_overwritten) ... ok
test_failure_already_received_after_login_is_not_lost (test_image_tools.SerialAcceptance.test_failure_already_received_after_login_is_not_lost) ... ok
test_additional_source_requires_exact_version (test_image_tools.SourceAssociation.test_additional_source_requires_exact_version) ... ok
test_binary_nmu_uses_explicit_source_version_and_epoch (test_image_tools.SourceAssociation.test_binary_nmu_uses_explicit_source_version_and_epoch) ... ok
test_historical_architectures_are_alternatives_and_errors_fail (test_image_tools.SourceAssociation.test_historical_architectures_are_alternatives_and_errors_fail) ... Historical download: fixture=1.0 (amd64)
debsnap: No binary packages found for fixture version 1.0 on amd64
Historical download: fixture=1.0 (all)
Historical download: fixture=1.0 (amd64)
TLS retrieval failedok
test_installer_build_identity_preserves_source_version (test_image_tools.SourceAssociation.test_installer_build_identity_preserves_source_version) ... ok
test_live_inventory_requires_every_exact_binary_version (test_image_tools.SourceAssociation.test_live_inventory_requires_every_exact_binary_version) ... ok
test_missing_source_field_preserves_identity (test_image_tools.SourceAssociation.test_missing_source_field_preserves_identity) ... ok
test_no_invented_bin_nmu_source_version (test_image_tools.SourceAssociation.test_no_invented_bin_nmu_source_version) ... ok
test_signed_kernel_source_control_closes_missing_udeb_reference (test_image_tools.SourceAssociation.test_signed_kernel_source_control_closes_missing_udeb_reference) ... ok
test_signed_wrapper_retains_actual_kernel_and_static_sources (test_image_tools.SourceAssociation.test_signed_wrapper_retains_actual_kernel_and_static_sources) ... ok
test_source_archives_are_checked_against_exact_control (test_image_tools.SourceAssociation.test_source_archives_are_checked_against_exact_control) ... ok
test_source_name_without_version_preserves_binary_version (test_image_tools.SourceAssociation.test_source_name_without_version_preserves_binary_version) ... ok

----------------------------------------------------------------------
Ran 16 tests in 0.159s

OK
python3 -m compileall -q image release
