Running as unit: run-p161829-i162129.scope; invocation ID: c2f915bbe38a43c98e693817e697892d
limited-exec: {"scope": "run-p161829-i162129.scope", "kernel_limits": {"memory.max": "3221225472", "memory.swap.max": "0", "cpu.max": "100000 100000", "pids.max": "128"}}
PASS fault-000 io-error
PASS fault-001 io-error
PASS fault-002 io-error
PASS fault-003 kill
PASS fault-004 io-error
PASS fault-005 kill
PASS fault-006 kill
PASS fault-007 io-error
PASS fault-008 io-error
PASS fault-009 kill
PASS fault-010 io-error
PASS fault-011 io-error
PASS fault-012 io-error
PASS fault-013 kill
PASS fault-014 io-error
PASS fault-015 kill
PASS fault-016 io-error
PASS fault-017 io-error
PASS fault-018 io-error
PASS fault-019 kill
PASS fault-020 kill
PASS fault-021 io-error
PASS fault-022 io-error
PASS fault-023 kill
PASS fault-024 kill
PASS fault-025 io-error
PASS fault-026 kill
PASS fault-027 kill
PASS fault-028 kill
PASS fault-029 io-error
PASS fault-030 io-error
PASS fault-031 kill
PASS fault-032 io-error
PASS fault-033 io-error
PASS fault-034 kill
PASS fault-035 kill
PASS fault-036 kill
PASS fault-037 kill
PASS fault-038 kill
PASS fault-039 kill
PASS fault-040 kill
PASS fault-041 kill
PASS fault-042 io-error
PASS fault-043 io-error
PASS fault-044 kill
PASS fault-045 io-error
PASS fault-046 kill
PASS fault-047 io-error
PASS fault-048 kill
PASS fault-049 kill
PASS fault-050 io-error
PASS fault-051 io-error
PASS damage-receipt-bitflip corruption
PASS damage-receipt-truncate corruption
PASS damage-receipt-missing corruption
PASS damage-policy-bitflip corruption
PASS damage-policy-truncate corruption
PASS damage-policy-missing corruption
PASS damage-original.deb-bitflip corruption
PASS damage-original.deb-truncate corruption
PASS damage-original.deb-missing corruption
PASS damage-control-bitflip corruption
PASS damage-control-truncate corruption
PASS damage-control-missing corruption
PASS damage-InRelease-bitflip corruption
PASS damage-InRelease-truncate corruption
PASS damage-InRelease-missing corruption
PASS damage-Packages-bitflip corruption
PASS damage-Packages-truncate corruption
PASS damage-Packages-missing corruption
PASS damage-keyring-bitflip corruption
PASS damage-keyring-truncate corruption
PASS damage-keyring-missing corruption
PASS missing-structure-store-lock structural-loss
PASS missing-structure-objects structural-loss
PASS missing-structure-incoming structural-loss
PASS missing-structure-pins structural-loss
PASS delay-014 deadline-delay
PASS delay-019 deadline-delay
PASS delay-032 deadline-delay
PASS delay-030 deadline-delay
Traceback (most recent call last):
  File "/evidence/chaos/campaign.py", line 324, in <module>
    main()
    ~~~~^^
  File "/evidence/chaos/campaign.py", line 260, in main
    assert len(calls) >= nth and '(DELAYED)' in calls[nth-1] and str(store) in calls[nth-1], result
           ^^^^^^^^^^^^^^^^^^^^^^^^^^^^^^^^^^^^^^^^^^^^^^^^^^^^^^^^^^^^^^^^^^^^^^^^^^^^^^^^
AssertionError: {'returncode': 10, 'ms': 70.8038899992971, 'stdout': 'RESULT STALE 0000000000000000000000000000000000000000000000000000000000000000\nDONE\n', 'stderr': '', 'outcome': 'STALE', 'trace': 'pread64(3</usr/lib/x86_64-linux-gnu/libc.so.6>, "\\6\\0\\0\\0\\4\\0\\0\\0@\\0\\0\\0\\0\\0\\0\\0@\\0\\0\\0\\0\\0\\0\\0@\\0\\0\\0\\0\\0\\0\\0H\\3\\0\\0\\0\\0\\0\\0H\\3\\0\\0\\0\\0\\0\\0\\10\\0\\0\\0\\0\\0\\0\\0\\3\\0\\0\\0\\4\\0\\0\\0\\240\\1\\36\\0\\0\\0\\0\\0\\240\\1\\36\\0\\0\\0\\0\\0"..., 840, 64) = 840\npread64(3</usr/lib/x86_64-linux-gnu/libc.so.6>, "\\6\\0\\0\\0\\4\\0\\0\\0@\\0\\0\\0\\0\\0\\0\\0@\\0\\0\\0\\0\\0\\0\\0@\\0\\0\\0\\0\\0\\0\\0H\\3\\0\\0\\0\\0\\0\\0H\\3\\0\\0\\0\\0\\0\\0\\10\\0\\0\\0\\0\\0\\0\\0\\3\\0\\0\\0\\4\\0\\0\\0\\240\\1\\36\\0\\0\\0\\0\\0\\240\\1\\36\\0\\0\\0\\0\\0"..., 840, 64) = 840\nfsync(3</tmp/nia-chaos-delay-814jne_l>) = 0\npread64(3</evidence/chaos/attempt-03/public-fixture/original.deb>, "!<arch>\\ndebian-binary   1789004362  0     0     100644  4         `\\n2.0\\ncontrol."..., 65536, 0) = 848\npread64(3</evidence/chaos/attempt-03/public-fixture/original.deb>, "", 64688, 848) = 0\npread64(3</evidence/chaos/attempt-03/public-fixture/original.deb>, "", 65536, 848) = 0\npread64(3</evidence/chaos/attempt-03/public-fixture/control>, "Package: nia-test\\nVersion: 1:2.0~rc1-3\\nArchitecture: all\\nMaintainer: Nia synthet"..., 65536, 0) = 125\npread64(3</evidence/chaos/attempt-03/public-fixture/control>, "", 65411, 125) = 0\npread64(3</evidence/chaos/attempt-03/public-fixture/control>, "", 65536, 125) = 0\npread64(3</evidence/chaos/attempt-03/public-fixture/receipt>, "NIASUP01+\\331b\\345|a\\327m\\\\Q\\236\\373\\310\\347J\\321\\25\\376\\340l@{\\365<\\300\\374\\2109\\33\\225\\310\\2255\\333\\277\\3525`\\247>\\260\\331\\2414\\235\\262\\\\\\03556%]hq|\\270\\"\\255f\\253|0\\375w\\25_\\341>\\210\\333\\210\\323"..., 65536, 0) = 320\npread64(3</evidence/chaos/attempt-03/public-fixture/receipt>, "", 65216, 320) = 0\npread64(3</evidence/chaos/attempt-03/public-fixture/receipt>, "", 65536, 320) = 0\npread64(3</evidence/chaos/attempt-03/public-fixture/public-key>, "\\306\\10\\303\\356\\4 \\34\\332\\17\\354e\\273\\274\\25\\200\\363\\33T\\361 \\377N\\271\\37\\270h\\240\\361\\307x\\376\\215", 32, 0) = 32\npread64(3</evidence/chaos/attempt-03/public-fixture/scope>, "+\\331b\\345|a\\327m\\\\Q\\236\\373\\310\\347J\\321\\25\\376\\340l@{\\365<\\300\\374\\2109\\33\\225\\310\\225", 32, 0) = 32\npread64(3</tmp/nia-chaos-delay-814jne_l/objects/4c/535a76d3ef270c722f83b4c2e7b6b32b65ee8e474dd5792d934647b16cffd0>, "NIASUP01+\\331b\\345|a\\327m\\\\Q\\236\\373\\310\\347J\\321\\25\\376\\340l@{\\365<\\300\\374\\2109\\33\\225\\310\\2255\\333\\277\\3525`\\247>\\260\\331\\2414\\235\\262\\\\\\03556%]hq|\\270\\"\\255f\\253|0\\375w\\25_\\341>\\210\\333\\210\\323"..., 65536, 0) = 320\npread64(3</tmp/nia-chaos-delay-814jne_l/objects/4c/535a76d3ef270c722f83b4c2e7b6b32b65ee8e474dd5792d934647b16cffd0>, "", 65216, 320) = 0\npread64(3</tmp/nia-chaos-delay-814jne_l/objects/4c/535a76d3ef270c722f83b4c2e7b6b32b65ee8e474dd5792d934647b16cffd0>, "", 65536, 320) = 0\npread64(3</tmp/nia-chaos-delay-814jne_l/objects/4c/535a76d3ef270c722f83b4c2e7b6b32b65ee8e474dd5792d934647b16cffd0>, "NIASUP01+\\331b\\345|a\\327m\\\\Q\\236\\373\\310\\347J\\321\\25\\376\\340l@{\\365<\\300\\374\\2109\\33\\225\\310\\2255\\333\\277\\3525`\\247>\\260\\331\\2414\\235\\262\\\\\\03556%]hq|\\270\\"\\255f\\253|0\\375w\\25_\\341>\\210\\333\\210\\323"..., 320, 0) = 320\npread64(3</tmp/nia-chaos-delay-814jne_l/objects/35/dbbfea3560a73eb0d9a1349db25c1d3536255d68717cb822ad66ab7c30fd77>, "{\\"created_at\\":1789004302,\\"schema\\":\\"org.niaos.archive-supply/v1\\",\\"security_epoch\\""..., 65536, 0) = 583\npread64(3</tmp/nia-chaos-delay-814jne_l/objects/35/dbbfea3560a73eb0d9a1349db25c1d3536255d68717cb822ad66ab7c30fd77>, "", 64953, 583) = 0\npread64(3</tmp/nia-chaos-delay-814jne_l/objects/35/dbbfea3560a73eb0d9a1349db25c1d3536255d68717cb822ad66ab7c30fd77>, "", 65536, 583) = 0\npread64(3</tmp/nia-chaos-delay-814jne_l/objects/15/5fe13e88db88d3219cbddcacf5a6a8147c8bc3f807b876481867dff50941f3>, "!<arch>\\ndebian-binary   1789004362  0     0     100644  4         `\\n2.0\\ncontrol."..., 65536, 0) = 848\npread64(3</tmp/nia-chaos-delay-814jne_l/objects/15/5fe13e88db88d3219cbddcacf5a6a8147c8bc3f807b876481867dff50941f3>, "", 64688, 848) = 0\npread64(3</tmp/nia-chaos-delay-814jne_l/objects/15/5fe13e88db88d3219cbddcacf5a6a8147c8bc3f807b876481867dff50941f3>, "", 65536, 848) = 0\npread64(3</tmp/nia-chaos-delay-814jne_l/objects/c1/5e5346c8cc38aa50241e3350fced5682318ca66d63f9ff59983cd669e03fae>, "Package: nia-test\\nVersion: 1:2.0~rc1-3\\nArchitecture: all\\nMaintainer: Nia synthet"..., 65536, 0) = 125\npread64(3</tmp/nia-chaos-delay-814jne_l/objects/c1/5e5346c8cc38aa50241e3350fced5682318ca66d63f9ff59983cd669e03fae>, "", 65411, 125) = 0\npread64(3</tmp/nia-chaos-delay-814jne_l/objects/c1/5e5346c8cc38aa50241e3350fced5682318ca66d63f9ff59983cd669e03fae>, "", 65536, 125) = 0\npread64(3</tmp/nia-chaos-delay-814jne_l/objects/65/e058e4a20a7d623f1a368a7575c62d72585b340bcf7928beaa43015ab6c218>, "-----BEGIN PGP SIGNED MESSAGE-----\\nHash: SHA512\\n\\nOrigin: Debian\\nLabel: Debian\\nSu"..., 65536, 0) = 523\npread64(3</tmp/nia-chaos-delay-814jne_l/objects/65/e058e4a20a7d623f1a368a7575c62d72585b340bcf7928beaa43015ab6c218>, "", 65013, 523) = 0\npread64(3</tmp/nia-chaos-delay-814jne_l/objects/65/e058e4a20a7d623f1a368a7575c62d72585b340bcf7928beaa43015ab6c218>, "", 65536, 523) = 0\npread64(3</tmp/nia-chaos-delay-814jne_l/objects/9c/bcd5ae85e839978e98fecd4b6536e67e07fd20d22ac5c0e05ba34dd897e063>, "\\3757zXZ\\0\\0\\4\\346\\326\\264F\\2\\0!\\1\\26\\0\\0\\0t/\\345\\243\\340\\0\\300\\0\\245]\\0(\\30Hf\\333\\3320\\205\\376\\26\\352\\356\\274IX\\321\\4\\33l\\177\\314a\\345:\\375b)\\10V\\237\\202V\\243-\\24\\226s{\\206\\277#.n\\373Uz\\226\\f\\321"..., 65536, 0) = 232\npread64(3</tmp/nia-chaos-delay-814jne_l/objects/9c/bcd5ae85e839978e98fecd4b6536e67e07fd20d22ac5c0e05ba34dd897e063>, "", 65304, 232) = 0\npread64(3</tmp/nia-chaos-delay-814jne_l/objects/9c/bcd5ae85e839978e98fecd4b6536e67e07fd20d22ac5c0e05ba34dd897e063>, "", 65536, 232) = 0\npread64(3</tmp/nia-chaos-delay-814jne_l/objects/fe/49d0956522d36d85e635c2d64e50cb5b52f9b6da2a5f4a0a36633ffdc7eeff>, "\\2303\\4j\\242\\nJ\\26\\t+\\6\\1\\4\\1\\332G\\17\\1\\1\\7@\\257j\\5\\230`\\27\\244\\326,D\\32\\310\\4\\22\\337\\373:2\\223N\\25\\230\\207\\363Ix\\2\\230\\240\\v\\232\\266\\264\\26Nia artificial fixture\\210\\220\\4"..., 65536, 0) = 223\npread64(3</tmp/nia-chaos-delay-814jne_l/objects/fe/49d0956522d36d85e635c2d64e50cb5b52f9b6da2a5f4a0a36633ffdc7eeff>, "", 65313, 223) = 0\npread64(3</tmp/nia-chaos-delay-814jne_l/objects/fe/49d0956522d36d85e635c2d64e50cb5b52f9b6da2a5f4a0a36633ffdc7eeff>, "", 65536, 223) = 0\npread64(3</tmp/nia-chaos-delay-814jne_l/objects/15/5fe13e88db88d3219cbddcacf5a6a8147c8bc3f807b876481867dff50941f3>, "!<arch>\\ndebian-binary   1789004362  0     0     100644  4         `\\n2.0\\ncontrol."..., 65536, 0) = 848\npread64(3</tmp/nia-chaos-delay-814jne_l/objects/15/5fe13e88db88d3219cbddcacf5a6a8147c8bc3f807b876481867dff50941f3>, "", 64688, 848) = 0\npread64(3</tmp/nia-chaos-delay-814jne_l/objects/15/5fe13e88db88d3219cbddcacf5a6a8147c8bc3f807b876481867dff50941f3>, "", 65536, 848) = 0\npread64(3</tmp/nia-chaos-delay-814jne_l/objects/15/5fe13e88db88d3219cbddcacf5a6a8147c8bc3f807b876481867dff50941f3>, "!<arch>\\n", 8, 0) = 8\npread64(3</tmp/nia-chaos-delay-814jne_l/objects/15/5fe13e88db88d3219cbddcacf5a6a8147c8bc3f807b876481867dff50941f3>, "debian-binary   1789004362  0     0     100644  4         `\\n", 60, 8) = 60\npread64(3</tmp/nia-chaos-delay-814jne_l/objects/15/5fe13e88db88d3219cbddcacf5a6a8147c8bc3f807b876481867dff50941f3>, "2.0\\n", 4, 68) = 4\npread64(3</tmp/nia-chaos-delay-814jne_l/objects/15/5fe13e88db88d3219cbddcacf5a6a8147c8bc3f807b876481867dff50941f3>, "2.0\\n", 4, 68) = 4\npread64(3</tmp/nia-chaos-delay-814jne_l/objects/15/5fe13e88db88d3219cbddcacf5a6a8147c8bc3f807b876481867dff50941f3>, "control.tar.xz  1789004362  0     0     100644  428       `\\n", 60, 72) = 60\npread64(3</tmp/nia-chaos-delay-814jne_l/objects/15/5fe13e88db88d3219cbddcacf5a6a8147c8bc3f807b876481867dff50941f3>, "\\3757zXZ\\0\\0\\4\\346\\326\\264F\\4\\300\\354\\2\\200P!\\1\\26\\0\\0\\0\\0\\0\\0\\0|>\\270\\354\\340\'\\377\\1d]\\0\\27\\v\\274\\34}\\1\\225\\300\\35J>y\\25\\302\\314&\\243c\\26a\\254\\222R=\\30\\341\\5]\\375\\302\\377\\204\\370y\\16\\324v\\364\'\\243\\325"..., 428, 132) = 428\npread64(3</tmp/nia-chaos-delay-814jne_l/objects/15/5fe13e88db88d3219cbddcacf5a6a8147c8bc3f807b876481867dff50941f3>, "data.tar.xz     1789004362  0     0     100644  228       `\\n", 60, 560) = 60\npread64(3</tmp/nia-chaos-delay-814jne_l/objects/15/5fe13e88db88d3219cbddcacf5a6a8147c8bc3f807b876481867dff50941f3>, "\\3757zXZ\\0\\0\\4\\346\\326\\264F\\4\\300\\242\\1\\200P!\\1\\26\\0\\0\\0\\0\\0\\0\\0\\303\\360P\\333\\340\'\\377\\0\\232]\\0\\27\\v\\274\\34}\\1\\225\\300\\35J>y\\25\\302\\314&\\243c\\26a\\254\\222R=\\30\\341\\5]\\375\\302\\377\\204\\370y\\16\\324v\\364\'\\243\\325"..., 228, 620) = 228\npread64(3</tmp/nia-chaos-delay-814jne_l/objects/15/5fe13e88db88d3219cbddcacf5a6a8147c8bc3f807b876481867dff50941f3>, "!<arch>\\ndebian-binary   1789004362  0     0     100644  4         `\\n2.0\\ncontrol."..., 65536, 0) = 848\npread64(3</tmp/nia-chaos-delay-814jne_l/objects/15/5fe13e88db88d3219cbddcacf5a6a8147c8bc3f807b876481867dff50941f3>, "", 64688, 848) = 0\npread64(3</tmp/nia-chaos-delay-814jne_l/objects/15/5fe13e88db88d3219cbddcacf5a6a8147c8bc3f807b876481867dff50941f3>, "", 65536, 848) = 0\npread64(3</tmp/nia-chaos-delay-814jne_l/objects/15/5fe13e88db88d3219cbddcacf5a6a8147c8bc3f807b876481867dff50941f3>, "!<arch>\\n", 8, 0) = 8\npread64(3</tmp/nia-chaos-delay-814jne_l/objects/15/5fe13e88db88d3219cbddcacf5a6a8147c8bc3f807b876481867dff50941f3>, "debian-binary   1789004362  0     0     100644  4         `\\n", 60, 8) = 60\npread64(3</tmp/nia-chaos-delay-814jne_l/objects/15/5fe13e88db88d3219cbddcacf5a6a8147c8bc3f807b876481867dff50941f3>, "2.0\\n", 4, 68) = 4\npread64(3</tmp/nia-chaos-delay-814jne_l/objects/15/5fe13e88db88d3219cbddcacf5a6a8147c8bc3f807b876481867dff50941f3>, "2.0\\n", 4, 68) = 4\npread64(3</tmp/nia-chaos-delay-814jne_l/objects/15/5fe13e88db88d3219cbddcacf5a6a8147c8bc3f807b876481867dff50941f3>, "control.tar.xz  1789004362  0     0     100644  428       `\\n", 60, 72) = 60\npread64(3</tmp/nia-chaos-delay-814jne_l/objects/15/5fe13e88db88d3219cbddcacf5a6a8147c8bc3f807b876481867dff50941f3>, "\\3757zXZ\\0\\0\\4\\346\\326\\264F\\4\\300\\354\\2\\200P!\\1\\26\\0\\0\\0\\0\\0\\0\\0|>\\270\\354\\340\'\\377\\1d]\\0\\27\\v\\274\\34}\\1\\225\\300\\35J>y\\25\\302\\314&\\243c\\26a\\254\\222R=\\30\\341\\5]\\375\\302\\377\\204\\370y\\16\\324v\\364\'\\243\\325"..., 428, 132) = 428\npread64(3</tmp/nia-chaos-delay-814jne_l/objects/15/5fe13e88db88d3219cbddcacf5a6a8147c8bc3f807b876481867dff50941f3>, "data.tar.xz     1789004362  0     0     100644  228       `\\n", 60, 560) = 60\npread64(3</tmp/nia-chaos-delay-814jne_l/objects/15/5fe13e88db88d3219cbddcacf5a6a8147c8bc3f807b876481867dff50941f3>, "\\3757zXZ\\0\\0\\4\\346\\326\\264F\\4\\300\\242\\1\\200P!\\1\\26\\0\\0\\0\\0\\0\\0\\0\\303\\360P\\333\\340\'\\377\\0\\232]\\0\\27\\v\\274\\34}\\1\\225\\300\\35J>y\\25\\302\\314&\\243c\\26a\\254\\222R=\\30\\341\\5]\\375\\302\\377\\204\\370y\\16\\324v\\364\'\\243\\325"..., 228, 620) = 228\nfsync(8</tmp/nia-chaos-delay-814jne_l/incoming>) = 0\npread64(3</tmp/nia-chaos-delay-814jne_l/objects/15/5fe13e88db88d3219cbddcacf5a6a8147c8bc3f807b876481867dff50941f3>, "\\3757zXZ\\0\\0\\4\\346\\326\\264F\\4\\300\\354\\2\\200P!\\1\\26\\0\\0\\0\\0\\0\\0\\0|>\\270\\354\\340\'\\377\\1d]\\0\\27\\v\\274\\34}\\1\\225\\300\\35J>y\\25\\302\\314&\\243c\\26a\\254\\222R=\\30\\341\\5]\\375\\302\\377\\204\\370y\\16\\324v\\364\'\\243\\325"..., 428, 132) = 428\nwrite(7</tmp/nia-chaos-delay-814jne_l/incoming/9dbe645b08d4c6fcfe08236da910fd47>, "\\3757zXZ\\0\\0\\4\\346\\326\\264F\\4\\300\\354\\2\\200P!\\1\\26\\0\\0\\0\\0\\0\\0\\0|>\\270\\354\\340\'\\377\\1d]\\0\\27\\v\\274\\34}\\1\\225\\300\\35J>y\\25\\302\\314&\\243c\\26a\\254\\222R=\\30\\341\\5]\\375\\302\\377\\204\\370y\\16\\324v\\364\'\\243\\325"..., 428) = 428\nfsync(7</tmp/nia-chaos-delay-814jne_l/incoming/9dbe645b08d4c6fcfe08236da910fd47>) = 0\nrenameat2(8</tmp/nia-chaos-delay-814jne_l/incoming>, "9dbe645b08d4c6fcfe08236da910fd47", 7</tmp/nia-chaos-delay-814jne_l/objects/3b>, "51eba9a436737de69ce97da166d7defb8d05b70bbdffa187bc5dd4225ea0c7", RENAME_NOREPLACE) = -1 EEXIST (File exists)\npread64(7</tmp/nia-chaos-delay-814jne_l/objects/3b/51eba9a436737de69ce97da166d7defb8d05b70bbdffa187bc5dd4225ea0c7>, "\\3757zXZ\\0\\0\\4\\346\\326\\264F\\4\\300\\354\\2\\200P!\\1\\26\\0\\0\\0\\0\\0\\0\\0|>\\270\\354\\340\'\\377\\1d]\\0\\27\\v\\274\\34}\\1\\225\\300\\35J>y\\25\\302\\314&\\243c\\26a\\254\\222R=\\30\\341\\5]\\375\\302\\377\\204\\370y\\16\\324v\\364\'\\243\\325"..., 65536, 0) = 428\npread64(7</tmp/nia-chaos-delay-814jne_l/objects/3b/51eba9a436737de69ce97da166d7defb8d05b70bbdffa187bc5dd4225ea0c7>, "", 65108, 428) = 0\npread64(7</tmp/nia-chaos-delay-814jne_l/objects/3b/51eba9a436737de69ce97da166d7defb8d05b70bbdffa187bc5dd4225ea0c7>, "", 65536, 428) = 0\nfsync(8</tmp/nia-chaos-delay-814jne_l/incoming>) = 0\npread64(3</tmp/nia-chaos-delay-814jne_l/objects/3b/51eba9a436737de69ce97da166d7defb8d05b70bbdffa187bc5dd4225ea0c7>, "\\3757zXZ\\0\\0\\4\\346\\326\\264F\\4\\300\\354\\2\\200P!\\1\\26\\0\\0\\0\\0\\0\\0\\0|>\\270\\354\\340\'\\377\\1d]\\0\\27\\v\\274\\34}\\1\\225\\300\\35J>y\\25\\302\\314&\\243c\\26a\\254\\222R=\\30\\341\\5]\\375\\302\\377\\204\\370y\\16\\324v\\364\'\\243\\325"..., 65536, 0) = 428\npread64(3</tmp/nia-chaos-delay-814jne_l/objects/3b/51eba9a436737de69ce97da166d7defb8d05b70bbdffa187bc5dd4225ea0c7>, "", 65108, 428) = 0\npread64(3</tmp/nia-chaos-delay-814jne_l/objects/3b/51eba9a436737de69ce97da166d7defb8d05b70bbdffa187bc5dd4225ea0c7>, "", 65536, 428) = 0\npread64(3</tmp/nia-chaos-delay-814jne_l/objects/3b/51eba9a436737de69ce97da166d7defb8d05b70bbdffa187bc5dd4225ea0c7>, "\\3757zXZ\\0\\0\\4\\346\\326\\264F\\4\\300\\354\\2\\200P!\\1\\26\\0\\0\\0\\0\\0\\0\\0|>\\270\\354\\340\'\\377\\1d]\\0\\27\\v\\274\\34}\\1\\225\\300\\35J>y\\25\\302\\314&\\243c\\26a\\254\\222R=\\30\\341\\5]\\375\\302\\377\\204\\370y\\16\\324v\\364\'\\243\\325"..., 428, 0) = 428\nfsync(8</tmp/nia-chaos-delay-814jne_l/incoming>) = 0\nwrite(7</tmp/nia-chaos-delay-814jne_l/incoming/226fe1524ed374a74668da9319aea5ca>, "/etc/nia-test.conf\\n", 19) = 19\nfsync(7</tmp/nia-chaos-delay-814jne_l/incoming/226fe1524ed374a74668da9319aea5ca>) = 0\nrenameat2(8</tmp/nia-chaos-delay-814jne_l/incoming>, "226fe1524ed374a74668da9319aea5ca", 7</tmp/nia-chaos-delay-814jne_l/objects/6a>, "483aacea69cb29a5b5f3d3539c38e6c6545123cd6b21b9602613ed7d9ea914", RENAME_NOREPLACE) = -1 EEXIST (File exists)\npread64(7</tmp/nia-chaos-delay-814jne_l/objects/6a/483aacea69cb29a5b5f3d3539c38e6c6545123cd6b21b9602613ed7d9ea914>, "/etc/nia-test.conf\\n", 65536, 0) = 19\npread64(7</tmp/nia-chaos-delay-814jne_l/objects/6a/483aacea69cb29a5b5f3d3539c38e6c6545123cd6b21b9602613ed7d9ea914>, "", 65517, 19) = 0\npread64(7</tmp/nia-chaos-delay-814jne_l/objects/6a/483aacea69cb29a5b5f3d3539c38e6c6545123cd6b21b9602613ed7d9ea914>, "", 65536, 19) = 0\nfsync(8</tmp/nia-chaos-delay-814jne_l/incoming>) = 0\nfsync(8</tmp/nia-chaos-delay-814jne_l/incoming>) = 0\nwrite(7</tmp/nia-chaos-delay-814jne_l/incoming/956990262fe322f7c078ed8e11f8d336>, "Package: nia-test\\nVersion: 1:2.0~rc1-3\\nArchitecture: all\\nMaintainer: Nia synthet"..., 125) = 125\nfsync(7</tmp/nia-chaos-delay-814jne_l/incoming/956990262fe322f7c078ed8e11f8d336>) = 0\nrenameat2(8</tmp/nia-chaos-delay-814jne_l/incoming>, "956990262fe322f7c078ed8e11f8d336", 7</tmp/nia-chaos-delay-814jne_l/objects/c1>, "5e5346c8cc38aa50241e3350fced5682318ca66d63f9ff59983cd669e03fae", RENAME_NOREPLACE) = -1 EEXIST (File exists)\npread64(7</tmp/nia-chaos-delay-814jne_l/objects/c1/5e5346c8cc38aa50241e3350fced5682318ca66d63f9ff59983cd669e03fae>, "Package: nia-test\\nVersion: 1:2.0~rc1-3\\nArchitecture: all\\nMaintainer: Nia synthet"..., 65536, 0) = 125\npread64(7</tmp/nia-chaos-delay-814jne_l/objects/c1/5e5346c8cc38aa50241e3350fced5682318ca66d63f9ff59983cd669e03fae>, "", 65411, 125) = 0\npread64(7</tmp/nia-chaos-delay-814jne_l/objects/c1/5e5346c8cc38aa50241e3350fced5682318ca66d63f9ff59983cd669e03fae>, "", 65536, 125) = 0\nfsync(8</tmp/nia-chaos-delay-814jne_l/incoming>) = 0\nfsync(8</tmp/nia-chaos-delay-814jne_l/incoming>) = 0\nwrite(7</tmp/nia-chaos-delay-814jne_l/incoming/5f122ba0b9ef4fb7f0a172faa8a221d8>, "#!/bin/sh\\necho forbidden > /tmp/nia-intake-test-8daz_zlu/SCRIPT_WAS_EXECUTED\\n", 77) = 77\nfsync(7</tmp/nia-chaos-delay-814jne_l/incoming/5f122ba0b9ef4fb7f0a172faa8a221d8>) = 0\nrenameat2(8</tmp/nia-chaos-delay-814jne_l/incoming>, "5f122ba0b9ef4fb7f0a172faa8a221d8", 7</tmp/nia-chaos-delay-814jne_l/objects/f5>, "8c6cb6d3f470f32c7b239e8d33f16036c840dcebc35cac74d44b2e91db4c5f", RENAME_NOREPLACE) = -1 EEXIST (File exists)\npread64(7</tmp/nia-chaos-delay-814jne_l/objects/f5/8c6cb6d3f470f32c7b239e8d33f16036c840dcebc35cac74d44b2e91db4c5f>, "#!/bin/sh\\necho forbidden > /tmp/nia-intake-test-8daz_zlu/SCRIPT_WAS_EXECUTED\\n", 65536, 0) = 77\npread64(7</tmp/nia-chaos-delay-814jne_l/objects/f5/8c6cb6d3f470f32c7b239e8d33f16036c840dcebc35cac74d44b2e91db4c5f>, "", 65459, 77) = 0\npread64(7</tmp/nia-chaos-delay-814jne_l/objects/f5/8c6cb6d3f470f32c7b239e8d33f16036c840dcebc35cac74d44b2e91db4c5f>, "", 65536, 77) = 0\nfsync(8</tmp/nia-chaos-delay-814jne_l/incoming>) = 0\nwrite(1<pipe:[428150]>, "RESULT STALE 0000000000000000000000000000000000000000000000000000000000000000\\n", 78) = 78\nwrite(1<pipe:[428150]>, "DONE\\n", 5)    = 5\n', 'command': ['/evidence/chaos/strace', '-qq', '-yy', '-s', '80', '-e', 'trace=write,fsync,renameat2,pread64', '-o', '/evidence/chaos/attempt-03/delay-076-fault.trace', '-e', 'inject=pread64:delay_enter=150ms:when=76', '/evidence/chaos/bin/chaos_driver', 'verify', '/tmp/nia-chaos-delay-814jne_l', '/evidence/chaos/attempt-03/public-fixture', '50']}
