Running as unit: run-p163752-i164052.scope; invocation ID: 514001886a1143588a25e9eec442581b
limited-exec: {"scope": "run-p163752-i164052.scope", "kernel_limits": {"memory.max": "3221225472", "memory.swap.max": "0", "cpu.max": "100000 100000", "pids.max": "128"}}
PASS fault-000 kill
PASS fault-001 kill
PASS fault-002 kill
PASS fault-003 kill
PASS fault-004 io-error
PASS fault-005 io-error
PASS fault-006 io-error
PASS fault-007 io-error
PASS fault-008 kill
PASS fault-009 io-error
PASS fault-010 kill
PASS fault-011 kill
PASS fault-012 io-error
PASS fault-013 kill
PASS fault-014 io-error
PASS fault-015 kill
PASS fault-016 io-error
PASS fault-017 kill
PASS fault-018 io-error
PASS fault-019 io-error
PASS fault-020 kill
PASS fault-021 kill
PASS fault-022 io-error
PASS fault-023 kill
PASS fault-024 kill
PASS fault-025 io-error
PASS fault-026 io-error
PASS fault-027 io-error
PASS fault-028 io-error
PASS fault-029 io-error
PASS fault-030 kill
PASS fault-031 kill
PASS fault-032 io-error
PASS fault-033 io-error
PASS fault-034 kill
PASS fault-035 kill
PASS fault-036 io-error
PASS fault-037 kill
PASS fault-038 kill
PASS fault-039 io-error
PASS fault-040 io-error
PASS fault-041 kill
PASS fault-042 kill
PASS fault-043 io-error
PASS fault-044 kill
PASS fault-045 kill
PASS fault-046 io-error
PASS fault-047 kill
PASS fault-048 io-error
PASS fault-049 io-error
PASS fault-050 io-error
PASS fault-051 kill
PASS kill-corrupt-0 kill-then-corrupt
PASS kill-corrupt-1 kill-then-corrupt
PASS kill-corrupt-2 kill-then-corrupt
PASS kill-corrupt-3 kill-then-corrupt
PASS damage-receipt-bitflip corruption
PASS damage-receipt-truncate corruption
PASS damage-receipt-missing corruption
PASS damage-policy-bitflip corruption
PASS damage-policy-truncate corruption
PASS damage-policy-missing corruption
PASS damage-original.deb-bitflip corruption
PASS damage-original.deb-truncate corruption
PASS damage-original.deb-missing corruption
PASS damage-control-bitflip corruption
PASS damage-control-truncate corruption
PASS damage-control-missing corruption
PASS damage-InRelease-bitflip corruption
PASS damage-InRelease-truncate corruption
PASS damage-InRelease-missing corruption
PASS damage-Packages-bitflip corruption
PASS damage-Packages-truncate corruption
PASS damage-Packages-missing corruption
PASS damage-keyring-bitflip corruption
PASS damage-keyring-truncate corruption
PASS damage-keyring-missing corruption
PASS missing-structure-store-lock structural-loss
PASS missing-structure-objects structural-loss
PASS missing-structure-incoming structural-loss
PASS missing-structure-pins structural-loss
PASS delay-014 deadline-delay
PASS delay-016 deadline-delay
PASS delay-047 deadline-delay
PASS delay-056 deadline-delay
PASS delay-071 deadline-delay
PASS delay-028 deadline-delay
PASS delay-066 deadline-delay
PASS delay-079 deadline-delay
PASS stop-resume-0 stop-lock-resume
PASS stop-resume-1 stop-lock-resume
PASS stop-resume-2 stop-lock-resume
{
  "result": "pass",
  "seed": 20260911,
  "case_count": 92,
  "counts": {
    "corruption": 21,
    "deadline-delay": 8,
    "io-error": 26,
    "kill": 26,
    "kill-then-corrupt": 4,
    "stop-lock-resume": 3,
    "structural-loss": 4
  },
  "recovery_ms": {
    "p50": 175.64578000019537,
    "p95": 205.99776999915775,
    "max": 244.8266520004836
  }
}
