Running as unit: run-p162721-i163021.scope; invocation ID: b60ad181b5214688b396e0ca766c9e4d
limited-exec: {"scope": "run-p162721-i163021.scope", "kernel_limits": {"memory.max": "3221225472", "memory.swap.max": "0", "cpu.max": "100000 100000", "pids.max": "128"}}
PASS fault-000 io-error
PASS fault-001 io-error
PASS fault-002 io-error
PASS fault-003 kill
PASS fault-004 io-error
PASS fault-005 kill
PASS fault-006 kill
PASS fault-007 io-error
PASS fault-008 io-error
PASS fault-009 kill
PASS fault-010 io-error
PASS fault-011 io-error
PASS fault-012 io-error
PASS fault-013 io-error
PASS fault-014 io-error
PASS fault-015 kill
PASS fault-016 kill
PASS fault-017 io-error
PASS fault-018 io-error
PASS fault-019 kill
PASS fault-020 kill
PASS fault-021 io-error
PASS fault-022 io-error
PASS fault-023 kill
PASS fault-024 kill
PASS fault-025 io-error
PASS fault-026 kill
PASS fault-027 kill
PASS fault-028 kill
PASS fault-029 kill
PASS fault-030 io-error
PASS fault-031 kill
PASS fault-032 io-error
PASS fault-033 io-error
PASS fault-034 kill
PASS fault-035 kill
PASS fault-036 kill
PASS fault-037 io-error
PASS fault-038 kill
PASS fault-039 io-error
PASS fault-040 kill
PASS fault-041 kill
PASS fault-042 io-error
PASS fault-043 io-error
PASS fault-044 io-error
PASS fault-045 kill
PASS fault-046 io-error
PASS fault-047 kill
PASS fault-048 kill
PASS fault-049 kill
PASS fault-050 kill
PASS fault-051 io-error
PASS kill-corrupt-0 kill-then-corrupt
PASS kill-corrupt-1 kill-then-corrupt
PASS kill-corrupt-2 kill-then-corrupt
PASS kill-corrupt-3 kill-then-corrupt
PASS damage-receipt-bitflip corruption
PASS damage-receipt-truncate corruption
PASS damage-receipt-missing corruption
PASS damage-policy-bitflip corruption
PASS damage-policy-truncate corruption
PASS damage-policy-missing corruption
PASS damage-original.deb-bitflip corruption
PASS damage-original.deb-truncate corruption
PASS damage-original.deb-missing corruption
PASS damage-control-bitflip corruption
PASS damage-control-truncate corruption
PASS damage-control-missing corruption
PASS damage-InRelease-bitflip corruption
PASS damage-InRelease-truncate corruption
PASS damage-InRelease-missing corruption
PASS damage-Packages-bitflip corruption
PASS damage-Packages-truncate corruption
PASS damage-Packages-missing corruption
PASS damage-keyring-bitflip corruption
PASS damage-keyring-truncate corruption
PASS damage-keyring-missing corruption
PASS missing-structure-store-lock structural-loss
PASS missing-structure-objects structural-loss
PASS missing-structure-incoming structural-loss
PASS missing-structure-pins structural-loss
PASS delay-014 deadline-delay
PASS delay-056 deadline-delay
PASS delay-025 deadline-delay
PASS delay-046 deadline-delay
PASS delay-018 deadline-delay
PASS delay-048 deadline-delay
PASS delay-047 deadline-delay
PASS delay-079 deadline-delay
PASS stop-resume-0 stop-lock-resume
PASS stop-resume-1 stop-lock-resume
PASS stop-resume-2 stop-lock-resume
{
  "result": "pass",
  "seed": 20260910,
  "case_count": 92,
  "counts": {
    "corruption": 21,
    "deadline-delay": 8,
    "io-error": 26,
    "kill": 26,
    "kill-then-corrupt": 4,
    "stop-lock-resume": 3,
    "structural-loss": 4
  },
  "recovery_ms": {
    "p50": 169.0620220015262,
    "p95": 225.36220400070306,
    "max": 445.49137800095195
  }
}
