Running as unit: run-p160498-i160798.scope; invocation ID: b6354d4168b441c0ad65198aa38cde9e
limited-exec: {"scope": "run-p160498-i160798.scope", "kernel_limits": {"memory.max": "3221225472", "memory.swap.max": "0", "cpu.max": "100000 100000", "pids.max": "128"}}
Setup
   [mkdir]        object directory for project Chaos
   [mkdir]        exec directory for project Chaos
Compile
   [Ada]          chaos_driver.adb
   [C]            pkg_deb_stream.c
   [C]            pkg_deb_decode.c
   [Ada]          mc_clock.adb
   [Ada]          mc_fs.adb
   [Ada]          mc_hex.adb
   [Ada]          mc_runtime.adb
   [Ada]          mc_store.adb
   [Ada]          mc_types.adb
   [Ada]          pkg_archive_supply.adb
   [Ada]          mc_kernel_read.adb
   [Ada]          mc_posix.ads
   [Ada]          mc_codec.adb
   [Ada]          mc_paths.adb
   [Ada]          mc_sha256.adb
   [Ada]          mc_dirents.adb
   [Ada]          mc_text.adb
   [Ada]          mc_authentic.adb
   [Ada]          pkg_deb_metadata.adb
   [Ada]          mc_signatures.adb
   [Ada]          pkg_deb_container.adb
   [Ada]          pkg_deb_control.adb
   [Ada]          pkg_deb_relations.adb
   [Ada]          pkg_deb_fields.adb
   [Ada]          mc_protocol.adb
   [Ada]          pkg_deb_versions.adb
   [Ada]          pkg_deb_semantics.adb
Bind
   [gprbind]      chaos_driver.bexch
   [Ada]          chaos_driver.ali
Link
   [archive]      libchaos.a
   [index]        libchaos.a
   [link]         chaos_driver.adb
