execve("/usr/bin/true", ["true"], 0x7ffd819bab60 /* 10 vars */) = 0
brk(NULL)                               = 0x55e6190e2000
mmap(NULL, 8192, PROT_READ|PROT_WRITE, MAP_PRIVATE|MAP_ANONYMOUS, -1, 0) = 0x7f96900a0000
access("/etc/ld.so.preload", R_OK)      = -1 ENOENT (No such file or directory)
openat(AT_FDCWD, "/evidence/chaos/lib/glibc-hwcaps/x86-64-v3/libc.so.6", O_RDONLY|O_CLOEXEC) = -1 ENOENT (No such file or directory)
newfstatat(AT_FDCWD, "/evidence/chaos/lib/glibc-hwcaps/x86-64-v3/", 0x7ffc9a1490e0, 0) = -1 ENOENT (No such file or directory)
openat(AT_FDCWD, "/evidence/chaos/lib/glibc-hwcaps/x86-64-v2/libc.so.6", O_RDONLY|O_CLOEXEC) = -1 ENOENT (No such file or directory)
newfstatat(AT_FDCWD, "/evidence/chaos/lib/glibc-hwcaps/x86-64-v2/", 0x7ffc9a1490e0, 0) = -1 ENOENT (No such file or directory)
openat(AT_FDCWD, "/evidence/chaos/lib/libc.so.6", O_RDONLY|O_CLOEXEC) = -1 ENOENT (No such file or directory)
newfstatat(AT_FDCWD, "/evidence/chaos/lib/", {st_mode=S_IFDIR|0755, st_size=4096, ...}, 0) = 0
openat(AT_FDCWD, "/etc/ld.so.cache", O_RDONLY|O_CLOEXEC) = 3
fstat(3, {st_mode=S_IFREG|0644, st_size=12979, ...}) = 0
mmap(NULL, 12979, PROT_READ, MAP_PRIVATE, 3, 0) = 0x7f969009c000
close(3)                                = 0
openat(AT_FDCWD, "/lib/x86_64-linux-gnu/libc.so.6", O_RDONLY|O_CLOEXEC) = 3
read(3, "\177ELF\2\1\1\3\0\0\0\0\0\0\0\0\3\0>\0\1\0\0\0p\236\2\0\0\0\0\0"..., 832) = 832
pread64(3, "\6\0\0\0\4\0\0\0@\0\0\0\0\0\0\0@\0\0\0\0\0\0\0@\0\0\0\0\0\0\0"..., 840, 64) = 840
fstat(3, {st_mode=S_IFREG|0755, st_size=1995216, ...}) = 0
pread64(3, "\6\0\0\0\4\0\0\0@\0\0\0\0\0\0\0@\0\0\0\0\0\0\0@\0\0\0\0\0\0\0"..., 840, 64) = 840
mmap(NULL, 2047568, PROT_READ, MAP_PRIVATE|MAP_DENYWRITE, 3, 0) = 0x7f968fea8000
mmap(0x7f968fed0000, 1454080, PROT_READ|PROT_EXEC, MAP_PRIVATE|MAP_FIXED|MAP_DENYWRITE, 3, 0x28000) = 0x7f968fed0000
mmap(0x7f9690033000, 352256, PROT_READ, MAP_PRIVATE|MAP_FIXED|MAP_DENYWRITE, 3, 0x18b000) = 0x7f9690033000
mmap(0x7f9690089000, 24576, PROT_READ|PROT_WRITE, MAP_PRIVATE|MAP_FIXED|MAP_DENYWRITE, 3, 0x1e0000) = 0x7f9690089000
mmap(0x7f969008f000, 52816, PROT_READ|PROT_WRITE, MAP_PRIVATE|MAP_FIXED|MAP_ANONYMOUS, -1, 0) = 0x7f969008f000
close(3)                                = 0
mmap(NULL, 12288, PROT_READ|PROT_WRITE, MAP_PRIVATE|MAP_ANONYMOUS, -1, 0) = 0x7f968fea5000
arch_prctl(ARCH_SET_FS, 0x7f968fea5740) = 0
set_tid_address(0x7f968fea5a10)         = 5
set_robust_list(0x7f968fea5a20, 24)     = 0
rseq(0x7f968fea5680, 0x20, 0, 0x53053053) = 0
mprotect(0x7f9690089000, 16384, PROT_READ) = 0
mprotect(0x55e616e84000, 4096, PROT_READ) = 0
mprotect(0x7f96900dc000, 8192, PROT_READ) = 0
prlimit64(0, RLIMIT_STACK, NULL, {rlim_cur=8192*1024, rlim_max=RLIM64_INFINITY}) = 0
munmap(0x7f969009c000, 12979)           = 0
exit_group(0)                           = ?
+++ exited with 0 +++
