Running as unit: run-p1390394-i1390694.scope; invocation ID: 9be5e644343248a483f46da45bf4970f
limited-exec: {"scope": "run-p1390394-i1390694.scope", "kernel_limits": {"memory.max": "3221225472", "memory.swap.max": "0", "cpu.max": "100000 100000", "pids.max": "128"}}
Setup
   [mkdir]        object directory for project Pkgcore
   [mkdir]        exec directory for project Pkgcore
Compile
   [Ada]          pkg_recoveryctl.adb
   [Ada]          pkgctl.adb
   [Ada]          pkg_worker.adb
   [Ada]          pkg_scrubctl.adb
   [Ada]          pkg_store_bootstrap.adb
   [Ada]          pkg_supply_observe.adb
   [C]            operator_authorization.c
   [C]            pkg_deb_stream.c
   [C]            archive_observer.c
   [C]            pkg_deb_decode.c
   [C]            root_preparation.c
   [C]            conffile_snapshot.c
   [C]            root_session.c
   [Ada]          mc_hex.adb
   [Ada]          mc_runtime.adb
   [Ada]          mc_types.adb
   [Ada]          pkg_file_replay.adb
   [Ada]          pkg_recovery_audit.adb
   [Ada]          mc_cli.adb
   [Ada]          mc_durable.adb
   [Ada]          mc_file_io.adb
   [Ada]          mc_sha256.adb
   [Ada]          pkg_admin.adb
   [Ada]          pkg_journal.adb
   [Ada]          pkg_journal_io.adb
   [Ada]          pkg_rpm.adb
   [Ada]          mc_atomic.adb
   [Ada]          mc_codec.adb
   [Ada]          mc_fs.adb
   [Ada]          mc_gate.adb
   [Ada]          mc_layout.adb
   [Ada]          mc_log.adb
   [Ada]          mc_log_format.adb
   [Ada]          mc_posix.ads
   [Ada]          mc_protocol.adb
   [Ada]          mc_request_files.adb
   [Ada]          mc_requests.adb
   [Ada]          mc_signatures.adb
   [Ada]          mc_store.adb
   [Ada]          mc_text.adb
   [Ada]          pkg_file_engine.adb
   [Ada]          pkg_file_plan.adb
   [Ada]          pkg_root_state.adb
   [Ada]          mc_clock.adb
   [Ada]          mc_numbers.adb
   [Ada]          pkg_inventory.adb
   [Ada]          pkg_scrubber.adb
   [Ada]          pkg_self_repair.adb
   [Ada]          pkg_site_supply.adb
   [Ada]          pkg_supply_policy.adb
   [Ada]          mc_authentic.adb
   [Ada]          mc_contract_profile.ads
   [Ada]          mc_golden.adb
   [Ada]          mc_health_golden.adb
   [Ada]          mc_health_report.adb
   [Ada]          mc_stop_barrier.adb
   [Ada]          mc_stop_barrier_auth.adb
   [Ada]          mc_paths.adb
   [Ada]          mc_tools.adb
   [Ada]          pkg_archive.adb
   [Ada]          pkg_payload_map.adb
   [Ada]          pkg_plan_compiler.adb
   [Ada]          pkg_rpm_auth.adb
   [Ada]          pkg_rpm_file.adb
   [Ada]          pkg_source.adb
   [Ada]          pkg_transactions.adb
   [Ada]          mc_dirents.adb
   [Ada]          mc_control.adb
   [Ada]          mc_control_io.adb
   [Ada]          mc_ingress.adb
   [Ada]          mc_replay.adb
   [Ada]          mc_request_replay.adb
   [Ada]          mc_site_policy.adb
   [Ada]          mc_witness.adb
   [Ada]          mc_properties.adb
   [Ada]          mc_journal_budget.ads
   [Ada]          mc_kernel_read.adb
   [Ada]          pkg_image_inspector.adb
   [Ada]          mc_time_guard.adb
   [Ada]          pkg_archive_supply.adb
   [Ada]          pkg_supply_map.adb
   [Ada]          mc_command.adb
   [Ada]          pkg_rpm_fields.adb
   [Ada]          mc_https.adb
   [Ada]          pkg_artifact_grant.adb
   [Ada]          mc_control_codec.adb
   [Ada]          mc_authorization.adb
   [Ada]          pkg_deb_metadata.adb
   [Ada]          pkg_catalog_retention.adb
   [Ada]          pkg_catalog_store.adb
   [Ada]          pkg_payload_index.adb
   [Ada]          pkg_generation_descriptor.adb
   [Ada]          pkg_selected_catalog.adb
   [Ada]          pkg_deb_container.adb
   [Ada]          pkg_deb_control.adb
   [Ada]          pkg_deb_relations.adb
   [Ada]          pkg_deb_fields.adb
   [Ada]          pkg_deb_payload.adb
   [Ada]          pkg_deb_semantics.adb
   [Ada]          pkg_deb_versions.adb
   [Ada]          pkg_deb_data_stream.adb
   [Ada]          pkg_tar_framing.adb
Bind
   [gprbind]      pkg_recoveryctl.bexch
   [Ada]          pkg_recoveryctl.ali
   [gprbind]      pkgctl.bexch
   [Ada]          pkgctl.ali
   [gprbind]      pkg_worker.bexch
   [Ada]          pkg_worker.ali
   [gprbind]      pkg_scrubctl.bexch
   [Ada]          pkg_scrubctl.ali
   [gprbind]      pkg_store_bootstrap.bexch
   [Ada]          pkg_store_bootstrap.ali
   [gprbind]      pkg_supply_observe.bexch
   [Ada]          pkg_supply_observe.ali
Link
   [archive]      libpkgcore.a
   [index]        libpkgcore.a
   [link]         pkg_recoveryctl.adb
   [link]         pkgctl.adb
   [link]         pkg_worker.adb
   [link]         pkg_scrubctl.adb
   [link]         pkg_store_bootstrap.adb
   [link]         pkg_supply_observe.adb
