BINDING ae79b659bb5b5cd7b6a344208acb007f58e717bd61e094505fe06f586ccc069d 84684261a3754dc348604068fb41c5a4dee9a2aeb8b6041cfa73658ba3c2b0b5 68cbc89b01e3cbc1e1e7f1006973ef92c0e764ad19a63a8112ca5c989155cb0b b57d75e54f9dc94f3a4476575d3eaa48935599a03055851a2b6f687ae3cc3f39 10ac85f6033a690facca02e33dfd1f60878a575b38ff39b0b0eb2e0806d6b75a 01010101010101010101010101010101 02020202020202020202020202020202 0303030303030303030303030303030303030303030303030303030303030303 5861314d7fccb39c2192173240eab44fa35ca66426201ca2acd0630a6258dd51 b36c3e53a353edc406d6426600e4eb17fd8709edbea0d06deb539170e7ff6438 5632 4
CHOICE db23aad9a2474ae8a7e536ff79d9146a2f7b57df2392d12bb46322b8192f8fb1 a82ddf08e6daf26c01d201978f3e7d53ee9c4e9a9d686b7a4a51f88ebe685a2f 238908c1775c142d8ca16dfc933c7577307c26235bd69e338325cef9536ab72a
ENTRY 3 0efb620b4140afd0a138cc39698a27e5bfc82aa927c1f1cb6a3b174fe0bf4b30 e3b0c44298fc1c149afbf4c8996fb92427ae41e4649b934ca495991b7852b855 0
ENTRY 4 c4a402d5876b9c2df285b0d8bc7c1e492a83fedf58451183c901d0f5b37bf76e 480c2336b410f1ad5f8bf1b28944490255804b65350c527787e74ebdd511e3a4 7
MEMBER 006dc15c47275b6a21094e5d4227cd72b4842e69076f4ff2a02d1f52fd43aef1
MEMBER 0efb620b4140afd0a138cc39698a27e5bfc82aa927c1f1cb6a3b174fe0bf4b30
MEMBER 1278e8099ebf2e5e10dca4ffea5501bed2b25f0ccb3973c5d988c9dad0f682eb
MEMBER 238908c1775c142d8ca16dfc933c7577307c26235bd69e338325cef9536ab72a
MEMBER 480c2336b410f1ad5f8bf1b28944490255804b65350c527787e74ebdd511e3a4
MEMBER 497693ca90e83776882ae880aa8bc9e558040a448f184745fabaec68a7013bc2
MEMBER 5a9cfa4ad4e1678eea6496d73050047b2876a6a7e3e223fd9044d3528170a654
MEMBER 68cbc89b01e3cbc1e1e7f1006973ef92c0e764ad19a63a8112ca5c989155cb0b
MEMBER 84684261a3754dc348604068fb41c5a4dee9a2aeb8b6041cfa73658ba3c2b0b5
MEMBER 897bd83c1fc28507b8b7782fd82fde80c5bdd7cbd9f61dad29574346fd44b248
MEMBER 9399298b80a38f81f6af8bcbb74cb8c11a827a71e6b5aa4ae840cf39e3deca3d
MEMBER 96a296d224f285c67bee93c30f8a309157f0daa35dc5b87e410b78630a09cfc7
MEMBER a82ddf08e6daf26c01d201978f3e7d53ee9c4e9a9d686b7a4a51f88ebe685a2f
MEMBER ae79b659bb5b5cd7b6a344208acb007f58e717bd61e094505fe06f586ccc069d
MEMBER b36c3e53a353edc406d6426600e4eb17fd8709edbea0d06deb539170e7ff6438
MEMBER b57d75e54f9dc94f3a4476575d3eaa48935599a03055851a2b6f687ae3cc3f39
MEMBER b640e840b19d378660b32fb51ae18d67dccb4a8596a29e7bd72c1b2ae5928f41
MEMBER c219752027d7993a4927ec78a4e2cffd2922662cfdacf67009189a8d5e545b8b
MEMBER c4a402d5876b9c2df285b0d8bc7c1e492a83fedf58451183c901d0f5b37bf76e
MEMBER db23aad9a2474ae8a7e536ff79d9146a2f7b57df2392d12bb46322b8192f8fb1
MEMBER e3b0c44298fc1c149afbf4c8996fb92427ae41e4649b934ca495991b7852b855
MEMBER e6f2e04fab06044b13a5c968029e6fa24aeaaa1e0ea55ef85a32bb8e26511066
MEMBER fc962bb6145ddde03ad78dc3977f6b253c3dc6363c7d0fedd52381f0be2422bc
PASS assertions= 41
