BINDING ae79b659bb5b5cd7b6a344208acb007f58e717bd61e094505fe06f586ccc069d 84684261a3754dc348604068fb41c5a4dee9a2aeb8b6041cfa73658ba3c2b0b5 68cbc89b01e3cbc1e1e7f1006973ef92c0e764ad19a63a8112ca5c989155cb0b b57d75e54f9dc94f3a4476575d3eaa48935599a03055851a2b6f687ae3cc3f39 10ac85f6033a690facca02e33dfd1f60878a575b38ff39b0b0eb2e0806d6b75a 01010101010101010101010101010101 02020202020202020202020202020202 0303030303030303030303030303030303030303030303030303030303030303 5861314d7fccb39c2192173240eab44fa35ca66426201ca2acd0630a6258dd51 8b88e11641b9a639db15dd1ea11d2d9e0af1900496f3fd9c9a7149dde76f650d 6144 4
CHOICE adc67b47bc5c43fec088cec3d2a6f699edab2cc9c696ebe81d41d9af50ac2eee a29b6532566773a1311093db2a2fc5761b5e76c6b3914b0b3cec8291c513f322 fcd67aaf8705a276b441aff8fcf9106c8040ce85d8c11baf2baeb0a118e3aea8
ENTRY 3 a4975af3f0a4ff0dda942f2597c9161984cf0302dc07efdddd668108fe5abdfe 480c2336b410f1ad5f8bf1b28944490255804b65350c527787e74ebdd511e3a4 7
ENTRY 4 f3439979cf94c835ddecc993b49bde79838cfa0d1bb9175972f96ee1e2213190 25bf8e1a2393f1108d37029b3df5593236c755742ec93465bbafa9b290bddcf6 5
MEMBER 006dc15c47275b6a21094e5d4227cd72b4842e69076f4ff2a02d1f52fd43aef1
MEMBER 1278e8099ebf2e5e10dca4ffea5501bed2b25f0ccb3973c5d988c9dad0f682eb
MEMBER 25bf8e1a2393f1108d37029b3df5593236c755742ec93465bbafa9b290bddcf6
MEMBER 480c2336b410f1ad5f8bf1b28944490255804b65350c527787e74ebdd511e3a4
MEMBER 497693ca90e83776882ae880aa8bc9e558040a448f184745fabaec68a7013bc2
MEMBER 68cbc89b01e3cbc1e1e7f1006973ef92c0e764ad19a63a8112ca5c989155cb0b
MEMBER 84684261a3754dc348604068fb41c5a4dee9a2aeb8b6041cfa73658ba3c2b0b5
MEMBER 897bd83c1fc28507b8b7782fd82fde80c5bdd7cbd9f61dad29574346fd44b248
MEMBER 8b88e11641b9a639db15dd1ea11d2d9e0af1900496f3fd9c9a7149dde76f650d
MEMBER 92b98f16fb8e570b22aca494c7dd17be98dddf811bd7df6d94fafaf8d4b14b76
MEMBER 9399298b80a38f81f6af8bcbb74cb8c11a827a71e6b5aa4ae840cf39e3deca3d
MEMBER 96a296d224f285c67bee93c30f8a309157f0daa35dc5b87e410b78630a09cfc7
MEMBER a29b6532566773a1311093db2a2fc5761b5e76c6b3914b0b3cec8291c513f322
MEMBER a4975af3f0a4ff0dda942f2597c9161984cf0302dc07efdddd668108fe5abdfe
MEMBER adc67b47bc5c43fec088cec3d2a6f699edab2cc9c696ebe81d41d9af50ac2eee
MEMBER ae79b659bb5b5cd7b6a344208acb007f58e717bd61e094505fe06f586ccc069d
MEMBER b57d75e54f9dc94f3a4476575d3eaa48935599a03055851a2b6f687ae3cc3f39
MEMBER b640e840b19d378660b32fb51ae18d67dccb4a8596a29e7bd72c1b2ae5928f41
MEMBER c219752027d7993a4927ec78a4e2cffd2922662cfdacf67009189a8d5e545b8b
MEMBER e05e9c816b91f2958e71f3ff47ceeba34b6cefa15e0bd9f9049fd30416a315a1
MEMBER f3439979cf94c835ddecc993b49bde79838cfa0d1bb9175972f96ee1e2213190
MEMBER f87ae0931f8d4dad55567f2131f31d0ab03549e4dcb86d5ef071ae2f3780d937
MEMBER fcd67aaf8705a276b441aff8fcf9106c8040ce85d8c11baf2baeb0a118e3aea8
PASS assertions= 39
