BINDING ae79b659bb5b5cd7b6a344208acb007f58e717bd61e094505fe06f586ccc069d 84684261a3754dc348604068fb41c5a4dee9a2aeb8b6041cfa73658ba3c2b0b5 68cbc89b01e3cbc1e1e7f1006973ef92c0e764ad19a63a8112ca5c989155cb0b b57d75e54f9dc94f3a4476575d3eaa48935599a03055851a2b6f687ae3cc3f39 10ac85f6033a690facca02e33dfd1f60878a575b38ff39b0b0eb2e0806d6b75a 01010101010101010101010101010101 02020202020202020202020202020202 0303030303030303030303030303030303030303030303030303030303030303 5861314d7fccb39c2192173240eab44fa35ca66426201ca2acd0630a6258dd51 e65926165b149284aae9bb476b828fbb09db18c83fcae0c3e9d8d0d0fef9f093 4096 3
CHOICE a68b9cc5843c55ce694fb59c70488540037b65475aa07b4ac1ec42050766666a 2c5710222765b4684b1358996cb2b6b048dbdc4b2a3ffdd9f8feb51955b244ae 51c0fee5e6fc9aae7cf5abf89d62508a245b9ee689bcdc3a30579f691b79406a
ENTRY 3 d4f49b1e9d33572876644fdeeae48727e73f4df02c7c5213f21aba231922a3f1 480c2336b410f1ad5f8bf1b28944490255804b65350c527787e74ebdd511e3a4 7
MEMBER 006dc15c47275b6a21094e5d4227cd72b4842e69076f4ff2a02d1f52fd43aef1
MEMBER 1278e8099ebf2e5e10dca4ffea5501bed2b25f0ccb3973c5d988c9dad0f682eb
MEMBER 1469f8c5fd650cfc538b2134fdc5bce7b3cde60bd4a996f64d7070f2e4f9dd11
MEMBER 2c5710222765b4684b1358996cb2b6b048dbdc4b2a3ffdd9f8feb51955b244ae
MEMBER 480c2336b410f1ad5f8bf1b28944490255804b65350c527787e74ebdd511e3a4
MEMBER 497693ca90e83776882ae880aa8bc9e558040a448f184745fabaec68a7013bc2
MEMBER 51c0fee5e6fc9aae7cf5abf89d62508a245b9ee689bcdc3a30579f691b79406a
MEMBER 68cbc89b01e3cbc1e1e7f1006973ef92c0e764ad19a63a8112ca5c989155cb0b
MEMBER 84684261a3754dc348604068fb41c5a4dee9a2aeb8b6041cfa73658ba3c2b0b5
MEMBER 897bd83c1fc28507b8b7782fd82fde80c5bdd7cbd9f61dad29574346fd44b248
MEMBER 9399298b80a38f81f6af8bcbb74cb8c11a827a71e6b5aa4ae840cf39e3deca3d
MEMBER 96a296d224f285c67bee93c30f8a309157f0daa35dc5b87e410b78630a09cfc7
MEMBER a68b9cc5843c55ce694fb59c70488540037b65475aa07b4ac1ec42050766666a
MEMBER ae79b659bb5b5cd7b6a344208acb007f58e717bd61e094505fe06f586ccc069d
MEMBER b57d75e54f9dc94f3a4476575d3eaa48935599a03055851a2b6f687ae3cc3f39
MEMBER b640e840b19d378660b32fb51ae18d67dccb4a8596a29e7bd72c1b2ae5928f41
MEMBER c219752027d7993a4927ec78a4e2cffd2922662cfdacf67009189a8d5e545b8b
MEMBER d4f49b1e9d33572876644fdeeae48727e73f4df02c7c5213f21aba231922a3f1
MEMBER e65926165b149284aae9bb476b828fbb09db18c83fcae0c3e9d8d0d0fef9f093
MEMBER fb38575a9ee00abaf4351c87011fb98d5df891d5e9e6a6aacbe9c96fac4617ec
PASS assertions= 35
