ORIGINAL af7c3031f932d5bbfecda2ceafdd8de1ed72d2f8370a52b4ec02d770e51adcb3
TAR baaa59bf68403242e49a1fa33cded4d254907daf1d5227bb539a8c90f150a49e
COUNT 13
ENTRY 1
PATH 
LINK 
UNAME 726f6f74
GNAME 726f6f74
ATTR DIRECTORY 493 0 0 0 0 0 0 0 0 0
CONTENT 0000000000000000000000000000000000000000000000000000000000000000
XATTR 96a296d224f285c67bee93c30f8a309157f0daa35dc5b87e410b78630a09cfc7
ACL 96a296d224f285c67bee93c30f8a309157f0daa35dc5b87e410b78630a09cfc7
MTIME TRUE  1788739200 0
ATIME FALSE  0 0
CTIME FALSE  0 0
BTIME FALSE  0 0
ENTRY 2
PATH 757372
LINK 
UNAME 726f6f74
GNAME 726f6f74
ATTR DIRECTORY 493 0 0 0 0 0 0 0 0 0
CONTENT 0000000000000000000000000000000000000000000000000000000000000000
XATTR 96a296d224f285c67bee93c30f8a309157f0daa35dc5b87e410b78630a09cfc7
ACL 96a296d224f285c67bee93c30f8a309157f0daa35dc5b87e410b78630a09cfc7
MTIME TRUE  1788739200 0
ATIME FALSE  0 0
CTIME FALSE  0 0
BTIME FALSE  0 0
ENTRY 3
PATH 7573722f6c696265786563
LINK 
UNAME 726f6f74
GNAME 726f6f74
ATTR DIRECTORY 493 0 0 0 0 0 0 0 0 0
CONTENT 0000000000000000000000000000000000000000000000000000000000000000
XATTR 96a296d224f285c67bee93c30f8a309157f0daa35dc5b87e410b78630a09cfc7
ACL 96a296d224f285c67bee93c30f8a309157f0daa35dc5b87e410b78630a09cfc7
MTIME TRUE  1788739200 0
ATIME FALSE  0 0
CTIME FALSE  0 0
BTIME FALSE  0 0
ENTRY 4
PATH 7573722f6c6962657865632f6e6961
LINK 
UNAME 726f6f74
GNAME 726f6f74
ATTR DIRECTORY 493 0 0 0 0 0 0 0 0 0
CONTENT 0000000000000000000000000000000000000000000000000000000000000000
XATTR 96a296d224f285c67bee93c30f8a309157f0daa35dc5b87e410b78630a09cfc7
ACL 96a296d224f285c67bee93c30f8a309157f0daa35dc5b87e410b78630a09cfc7
MTIME TRUE  1788739200 0
ATIME FALSE  0 0
CTIME FALSE  0 0
BTIME FALSE  0 0
ENTRY 5
PATH 7573722f6c6962657865632f6e69612f617373757265
LINK 
UNAME 726f6f74
GNAME 726f6f74
ATTR REGULAR 493 0 0 0 0 318000 318000 5 0 0
CONTENT df45babbb966fc0ffd1c4bbcea905326cb7834bc1980e0a856b940e24ba759de
XATTR 96a296d224f285c67bee93c30f8a309157f0daa35dc5b87e410b78630a09cfc7
ACL 96a296d224f285c67bee93c30f8a309157f0daa35dc5b87e410b78630a09cfc7
MTIME TRUE  1788739200 0
ATIME FALSE  0 0
CTIME FALSE  0 0
BTIME FALSE  0 0
ENTRY 6
PATH 7573722f6c6962657865632f6e69612f636f6e74726f6c63746c
LINK 
UNAME 726f6f74
GNAME 726f6f74
ATTR REGULAR 493 0 0 0 0 145912 145912 6 0 0
CONTENT c71893236c501f3bbbc412048b2ea9df57483e027d37ccc9145bb97aa2b9116b
XATTR 96a296d224f285c67bee93c30f8a309157f0daa35dc5b87e410b78630a09cfc7
ACL 96a296d224f285c67bee93c30f8a309157f0daa35dc5b87e410b78630a09cfc7
MTIME TRUE  1788739200 0
ATIME FALSE  0 0
CTIME FALSE  0 0
BTIME FALSE  0 0
ENTRY 7
PATH 7573722f6c6962657865632f6e69612f706c6174666f726d63746c
LINK 
UNAME 726f6f74
GNAME 726f6f74
ATTR REGULAR 493 0 0 0 0 47592 47592 7 0 0
CONTENT 5cf9228dd6a0189d6766135f8be209d5a662ef20eff97d89da201103895de2e6
XATTR 96a296d224f285c67bee93c30f8a309157f0daa35dc5b87e410b78630a09cfc7
ACL 96a296d224f285c67bee93c30f8a309157f0daa35dc5b87e410b78630a09cfc7
MTIME TRUE  1788739200 0
ATIME FALSE  0 0
CTIME FALSE  0 0
BTIME FALSE  0 0
ENTRY 8
PATH 7573722f7368617265
LINK 
UNAME 726f6f74
GNAME 726f6f74
ATTR DIRECTORY 493 0 0 0 0 0 0 0 0 0
CONTENT 0000000000000000000000000000000000000000000000000000000000000000
XATTR 96a296d224f285c67bee93c30f8a309157f0daa35dc5b87e410b78630a09cfc7
ACL 96a296d224f285c67bee93c30f8a309157f0daa35dc5b87e410b78630a09cfc7
MTIME TRUE  1788739200 0
ATIME FALSE  0 0
CTIME FALSE  0 0
BTIME FALSE  0 0
ENTRY 9
PATH 7573722f73686172652f646f63
LINK 
UNAME 726f6f74
GNAME 726f6f74
ATTR DIRECTORY 493 0 0 0 0 0 0 0 0 0
CONTENT 0000000000000000000000000000000000000000000000000000000000000000
XATTR 96a296d224f285c67bee93c30f8a309157f0daa35dc5b87e410b78630a09cfc7
ACL 96a296d224f285c67bee93c30f8a309157f0daa35dc5b87e410b78630a09cfc7
MTIME TRUE  1788739200 0
ATIME FALSE  0 0
CTIME FALSE  0 0
BTIME FALSE  0 0
ENTRY 10
PATH 7573722f73686172652f646f632f6e69616f732d6173737572616e6365
LINK 
UNAME 726f6f74
GNAME 726f6f74
ATTR DIRECTORY 493 0 0 0 0 0 0 0 0 0
CONTENT 0000000000000000000000000000000000000000000000000000000000000000
XATTR 96a296d224f285c67bee93c30f8a309157f0daa35dc5b87e410b78630a09cfc7
ACL 96a296d224f285c67bee93c30f8a309157f0daa35dc5b87e410b78630a09cfc7
MTIME TRUE  1788739200 0
ATIME FALSE  0 0
CTIME FALSE  0 0
BTIME FALSE  0 0
ENTRY 11
PATH 7573722f73686172652f646f632f6e69616f732d6173737572616e63652f6368616e67656c6f672e677a
LINK 
UNAME 726f6f74
GNAME 726f6f74
ATTR REGULAR 420 0 0 0 0 202 202 11 0 0
CONTENT 1bb295c8ce32848b9a58f7e7a78afab102ec2174707e1a211b17375c7d010b05
XATTR 96a296d224f285c67bee93c30f8a309157f0daa35dc5b87e410b78630a09cfc7
ACL 96a296d224f285c67bee93c30f8a309157f0daa35dc5b87e410b78630a09cfc7
MTIME TRUE  1788739200 0
ATIME FALSE  0 0
CTIME FALSE  0 0
BTIME FALSE  0 0
ENTRY 12
PATH 7573722f73686172652f646f632f6e69616f732d6173737572616e63652f636f70797269676874
LINK 
UNAME 726f6f74
GNAME 726f6f74
ATTR REGULAR 420 0 0 0 0 1089 1089 12 0 0
CONTENT 2f80511f53f58ee08ccef2a44094d60c27daf1ea49af32e3c8038a2e01f9a8ff
XATTR 96a296d224f285c67bee93c30f8a309157f0daa35dc5b87e410b78630a09cfc7
ACL 96a296d224f285c67bee93c30f8a309157f0daa35dc5b87e410b78630a09cfc7
MTIME TRUE  1788739200 0
ATIME FALSE  0 0
CTIME FALSE  0 0
BTIME FALSE  0 0
ENTRY 13
PATH 7573722f73686172652f646f632f6e69616f732d6173737572616e63652f6e69612d736f757263652e6a736f6e2e677a
LINK 
UNAME 726f6f74
GNAME 726f6f74
ATTR REGULAR 420 0 0 0 0 24808 24808 13 0 0
CONTENT a235a64cd72d545d55f5e708e7a8b30dd2eda7cdaf00675a493ccdab433ebf08
XATTR 96a296d224f285c67bee93c30f8a309157f0daa35dc5b87e410b78630a09cfc7
ACL 96a296d224f285c67bee93c30f8a309157f0daa35dc5b87e410b78630a09cfc7
MTIME TRUE  1788739200 0
ATIME FALSE  0 0
CTIME FALSE  0 0
BTIME FALSE  0 0
PASS assertions= 149
