ORIGINAL 663f792345cf77fe7a86c9b390126d37071682dafbad85bb345f425c3c41fece
TAR 03c1ac03879c8feb78d39863eeb2e14f5e249998a40b29469b0014c693d0b129
COUNT 11
ENTRY 1
PATH 
LINK 
UNAME 726f6f74
GNAME 726f6f74
ATTR DIRECTORY 493 0 0 0 0 0 0 0 0 0
CONTENT 0000000000000000000000000000000000000000000000000000000000000000
XATTR 96a296d224f285c67bee93c30f8a309157f0daa35dc5b87e410b78630a09cfc7
ACL 96a296d224f285c67bee93c30f8a309157f0daa35dc5b87e410b78630a09cfc7
MTIME TRUE  1788739200 0
ATIME FALSE  0 0
CTIME FALSE  0 0
BTIME FALSE  0 0
ENTRY 2
PATH 757372
LINK 
UNAME 726f6f74
GNAME 726f6f74
ATTR DIRECTORY 493 0 0 0 0 0 0 0 0 0
CONTENT 0000000000000000000000000000000000000000000000000000000000000000
XATTR 96a296d224f285c67bee93c30f8a309157f0daa35dc5b87e410b78630a09cfc7
ACL 96a296d224f285c67bee93c30f8a309157f0daa35dc5b87e410b78630a09cfc7
MTIME TRUE  1788739200 0
ATIME FALSE  0 0
CTIME FALSE  0 0
BTIME FALSE  0 0
ENTRY 3
PATH 7573722f6c696265786563
LINK 
UNAME 726f6f74
GNAME 726f6f74
ATTR DIRECTORY 493 0 0 0 0 0 0 0 0 0
CONTENT 0000000000000000000000000000000000000000000000000000000000000000
XATTR 96a296d224f285c67bee93c30f8a309157f0daa35dc5b87e410b78630a09cfc7
ACL 96a296d224f285c67bee93c30f8a309157f0daa35dc5b87e410b78630a09cfc7
MTIME TRUE  1788739200 0
ATIME FALSE  0 0
CTIME FALSE  0 0
BTIME FALSE  0 0
ENTRY 4
PATH 7573722f6c6962657865632f6e6961
LINK 
UNAME 726f6f74
GNAME 726f6f74
ATTR DIRECTORY 493 0 0 0 0 0 0 0 0 0
CONTENT 0000000000000000000000000000000000000000000000000000000000000000
XATTR 96a296d224f285c67bee93c30f8a309157f0daa35dc5b87e410b78630a09cfc7
ACL 96a296d224f285c67bee93c30f8a309157f0daa35dc5b87e410b78630a09cfc7
MTIME TRUE  1788739200 0
ATIME FALSE  0 0
CTIME FALSE  0 0
BTIME FALSE  0 0
ENTRY 5
PATH 7573722f6c6962657865632f6e69612f636f6e66696763746c
LINK 
UNAME 726f6f74
GNAME 726f6f74
ATTR REGULAR 493 0 0 0 0 231800 231800 5 0 0
CONTENT 159e404c32e5ea5b795ec33a1f55c5528f5d9fe456060cb2ce124c5d22473a5f
XATTR 96a296d224f285c67bee93c30f8a309157f0daa35dc5b87e410b78630a09cfc7
ACL 96a296d224f285c67bee93c30f8a309157f0daa35dc5b87e410b78630a09cfc7
MTIME TRUE  1788739200 0
ATIME FALSE  0 0
CTIME FALSE  0 0
BTIME FALSE  0 0
ENTRY 6
PATH 7573722f7368617265
LINK 
UNAME 726f6f74
GNAME 726f6f74
ATTR DIRECTORY 493 0 0 0 0 0 0 0 0 0
CONTENT 0000000000000000000000000000000000000000000000000000000000000000
XATTR 96a296d224f285c67bee93c30f8a309157f0daa35dc5b87e410b78630a09cfc7
ACL 96a296d224f285c67bee93c30f8a309157f0daa35dc5b87e410b78630a09cfc7
MTIME TRUE  1788739200 0
ATIME FALSE  0 0
CTIME FALSE  0 0
BTIME FALSE  0 0
ENTRY 7
PATH 7573722f73686172652f646f63
LINK 
UNAME 726f6f74
GNAME 726f6f74
ATTR DIRECTORY 493 0 0 0 0 0 0 0 0 0
CONTENT 0000000000000000000000000000000000000000000000000000000000000000
XATTR 96a296d224f285c67bee93c30f8a309157f0daa35dc5b87e410b78630a09cfc7
ACL 96a296d224f285c67bee93c30f8a309157f0daa35dc5b87e410b78630a09cfc7
MTIME TRUE  1788739200 0
ATIME FALSE  0 0
CTIME FALSE  0 0
BTIME FALSE  0 0
ENTRY 8
PATH 7573722f73686172652f646f632f6e69616f732d636f6e666967636f7265
LINK 
UNAME 726f6f74
GNAME 726f6f74
ATTR DIRECTORY 493 0 0 0 0 0 0 0 0 0
CONTENT 0000000000000000000000000000000000000000000000000000000000000000
XATTR 96a296d224f285c67bee93c30f8a309157f0daa35dc5b87e410b78630a09cfc7
ACL 96a296d224f285c67bee93c30f8a309157f0daa35dc5b87e410b78630a09cfc7
MTIME TRUE  1788739200 0
ATIME FALSE  0 0
CTIME FALSE  0 0
BTIME FALSE  0 0
ENTRY 9
PATH 7573722f73686172652f646f632f6e69616f732d636f6e666967636f72652f6368616e67656c6f672e677a
LINK 
UNAME 726f6f74
GNAME 726f6f74
ATTR REGULAR 420 0 0 0 0 201 201 9 0 0
CONTENT d7e8a40063d6397723d66ad424f9d97e082f61989314485da329462891176c9a
XATTR 96a296d224f285c67bee93c30f8a309157f0daa35dc5b87e410b78630a09cfc7
ACL 96a296d224f285c67bee93c30f8a309157f0daa35dc5b87e410b78630a09cfc7
MTIME TRUE  1788739200 0
ATIME FALSE  0 0
CTIME FALSE  0 0
BTIME FALSE  0 0
ENTRY 10
PATH 7573722f73686172652f646f632f6e69616f732d636f6e666967636f72652f636f70797269676874
LINK 
UNAME 726f6f74
GNAME 726f6f74
ATTR REGULAR 420 0 0 0 0 1089 1089 10 0 0
CONTENT 2f80511f53f58ee08ccef2a44094d60c27daf1ea49af32e3c8038a2e01f9a8ff
XATTR 96a296d224f285c67bee93c30f8a309157f0daa35dc5b87e410b78630a09cfc7
ACL 96a296d224f285c67bee93c30f8a309157f0daa35dc5b87e410b78630a09cfc7
MTIME TRUE  1788739200 0
ATIME FALSE  0 0
CTIME FALSE  0 0
BTIME FALSE  0 0
ENTRY 11
PATH 7573722f73686172652f646f632f6e69616f732d636f6e666967636f72652f6e69612d736f757263652e6a736f6e2e677a
LINK 
UNAME 726f6f74
GNAME 726f6f74
ATTR REGULAR 420 0 0 0 0 10262 10262 11 0 0
CONTENT d4494483681a39275d8549941f593c04817287cede3adb104d4c9ea17146f99f
XATTR 96a296d224f285c67bee93c30f8a309157f0daa35dc5b87e410b78630a09cfc7
ACL 96a296d224f285c67bee93c30f8a309157f0daa35dc5b87e410b78630a09cfc7
MTIME TRUE  1788739200 0
ATIME FALSE  0 0
CTIME FALSE  0 0
BTIME FALSE  0 0
PASS assertions= 125
