ORIGINAL c640cb0535b26a9db7ff268dcd3d5f84d969a723f821b0dd9288474d878010ef
TAR dd2d46aaa1dc4ce2286b4c6de856f3dbb9ac46cbf2143d5321e01eb8f481888d
COUNT 14
ENTRY 1
PATH 
LINK 
UNAME 726f6f74
GNAME 726f6f74
ATTR DIRECTORY 493 0 0 0 0 0 0 0 0 0
CONTENT 0000000000000000000000000000000000000000000000000000000000000000
XATTR 96a296d224f285c67bee93c30f8a309157f0daa35dc5b87e410b78630a09cfc7
ACL 96a296d224f285c67bee93c30f8a309157f0daa35dc5b87e410b78630a09cfc7
MTIME TRUE  1788739200 0
ATIME FALSE  0 0
CTIME FALSE  0 0
BTIME FALSE  0 0
ENTRY 2
PATH 757372
LINK 
UNAME 726f6f74
GNAME 726f6f74
ATTR DIRECTORY 493 0 0 0 0 0 0 0 0 0
CONTENT 0000000000000000000000000000000000000000000000000000000000000000
XATTR 96a296d224f285c67bee93c30f8a309157f0daa35dc5b87e410b78630a09cfc7
ACL 96a296d224f285c67bee93c30f8a309157f0daa35dc5b87e410b78630a09cfc7
MTIME TRUE  1788739200 0
ATIME FALSE  0 0
CTIME FALSE  0 0
BTIME FALSE  0 0
ENTRY 3
PATH 7573722f62696e
LINK 
UNAME 726f6f74
GNAME 726f6f74
ATTR DIRECTORY 493 0 0 0 0 0 0 0 0 0
CONTENT 0000000000000000000000000000000000000000000000000000000000000000
XATTR 96a296d224f285c67bee93c30f8a309157f0daa35dc5b87e410b78630a09cfc7
ACL 96a296d224f285c67bee93c30f8a309157f0daa35dc5b87e410b78630a09cfc7
MTIME TRUE  1788739200 0
ATIME FALSE  0 0
CTIME FALSE  0 0
BTIME FALSE  0 0
ENTRY 4
PATH 7573722f62696e2f6e6961
LINK 
UNAME 726f6f74
GNAME 726f6f74
ATTR REGULAR 493 0 0 0 0 391752 391752 4 0 0
CONTENT 4fd8695334ceb1bc7842df4b9edc3ffcddf1b23eb08d18da641a97f20ea84580
XATTR 96a296d224f285c67bee93c30f8a309157f0daa35dc5b87e410b78630a09cfc7
ACL 96a296d224f285c67bee93c30f8a309157f0daa35dc5b87e410b78630a09cfc7
MTIME TRUE  1788739200 0
ATIME FALSE  0 0
CTIME FALSE  0 0
BTIME FALSE  0 0
ENTRY 5
PATH 7573722f6c696265786563
LINK 
UNAME 726f6f74
GNAME 726f6f74
ATTR DIRECTORY 493 0 0 0 0 0 0 0 0 0
CONTENT 0000000000000000000000000000000000000000000000000000000000000000
XATTR 96a296d224f285c67bee93c30f8a309157f0daa35dc5b87e410b78630a09cfc7
ACL 96a296d224f285c67bee93c30f8a309157f0daa35dc5b87e410b78630a09cfc7
MTIME TRUE  1788739200 0
ATIME FALSE  0 0
CTIME FALSE  0 0
BTIME FALSE  0 0
ENTRY 6
PATH 7573722f6c6962657865632f6e6961
LINK 
UNAME 726f6f74
GNAME 726f6f74
ATTR DIRECTORY 493 0 0 0 0 0 0 0 0 0
CONTENT 0000000000000000000000000000000000000000000000000000000000000000
XATTR 96a296d224f285c67bee93c30f8a309157f0daa35dc5b87e410b78630a09cfc7
ACL 96a296d224f285c67bee93c30f8a309157f0daa35dc5b87e410b78630a09cfc7
MTIME TRUE  1788739200 0
ATIME FALSE  0 0
CTIME FALSE  0 0
BTIME FALSE  0 0
ENTRY 7
PATH 7573722f6c6962657865632f6e69612f6d697373696f6e5f7369676e
LINK 
UNAME 726f6f74
GNAME 726f6f74
ATTR REGULAR 493 0 0 0 0 240112 240112 7 0 0
CONTENT f862b22a882295852d8f3caec2d36c9cac63eac4c97422616765de2cd4421f87
XATTR 96a296d224f285c67bee93c30f8a309157f0daa35dc5b87e410b78630a09cfc7
ACL 96a296d224f285c67bee93c30f8a309157f0daa35dc5b87e410b78630a09cfc7
MTIME TRUE  1788739200 0
ATIME FALSE  0 0
CTIME FALSE  0 0
BTIME FALSE  0 0
ENTRY 8
PATH 7573722f6c6962657865632f6e69612f6d697373696f6e63746c
LINK 
UNAME 726f6f74
GNAME 726f6f74
ATTR REGULAR 493 0 0 0 0 391744 391744 8 0 0
CONTENT bd58252eeff385149e71ee5843d2ffdf9f07cfb3eedd8f844a29e83dbf7573d0
XATTR 96a296d224f285c67bee93c30f8a309157f0daa35dc5b87e410b78630a09cfc7
ACL 96a296d224f285c67bee93c30f8a309157f0daa35dc5b87e410b78630a09cfc7
MTIME TRUE  1788739200 0
ATIME FALSE  0 0
CTIME FALSE  0 0
BTIME FALSE  0 0
ENTRY 9
PATH 7573722f7368617265
LINK 
UNAME 726f6f74
GNAME 726f6f74
ATTR DIRECTORY 493 0 0 0 0 0 0 0 0 0
CONTENT 0000000000000000000000000000000000000000000000000000000000000000
XATTR 96a296d224f285c67bee93c30f8a309157f0daa35dc5b87e410b78630a09cfc7
ACL 96a296d224f285c67bee93c30f8a309157f0daa35dc5b87e410b78630a09cfc7
MTIME TRUE  1788739200 0
ATIME FALSE  0 0
CTIME FALSE  0 0
BTIME FALSE  0 0
ENTRY 10
PATH 7573722f73686172652f646f63
LINK 
UNAME 726f6f74
GNAME 726f6f74
ATTR DIRECTORY 493 0 0 0 0 0 0 0 0 0
CONTENT 0000000000000000000000000000000000000000000000000000000000000000
XATTR 96a296d224f285c67bee93c30f8a309157f0daa35dc5b87e410b78630a09cfc7
ACL 96a296d224f285c67bee93c30f8a309157f0daa35dc5b87e410b78630a09cfc7
MTIME TRUE  1788739200 0
ATIME FALSE  0 0
CTIME FALSE  0 0
BTIME FALSE  0 0
ENTRY 11
PATH 7573722f73686172652f646f632f6e69616f732d636f6e74726f6c636f7265
LINK 
UNAME 726f6f74
GNAME 726f6f74
ATTR DIRECTORY 493 0 0 0 0 0 0 0 0 0
CONTENT 0000000000000000000000000000000000000000000000000000000000000000
XATTR 96a296d224f285c67bee93c30f8a309157f0daa35dc5b87e410b78630a09cfc7
ACL 96a296d224f285c67bee93c30f8a309157f0daa35dc5b87e410b78630a09cfc7
MTIME TRUE  1788739200 0
ATIME FALSE  0 0
CTIME FALSE  0 0
BTIME FALSE  0 0
ENTRY 12
PATH 7573722f73686172652f646f632f6e69616f732d636f6e74726f6c636f72652f6368616e67656c6f672e677a
LINK 
UNAME 726f6f74
GNAME 726f6f74
ATTR REGULAR 420 0 0 0 0 202 202 12 0 0
CONTENT a351d03380b1aeb0bbc4dc01ea21bb19b9265226b8719c356e302203450d8017
XATTR 96a296d224f285c67bee93c30f8a309157f0daa35dc5b87e410b78630a09cfc7
ACL 96a296d224f285c67bee93c30f8a309157f0daa35dc5b87e410b78630a09cfc7
MTIME TRUE  1788739200 0
ATIME FALSE  0 0
CTIME FALSE  0 0
BTIME FALSE  0 0
ENTRY 13
PATH 7573722f73686172652f646f632f6e69616f732d636f6e74726f6c636f72652f636f70797269676874
LINK 
UNAME 726f6f74
GNAME 726f6f74
ATTR REGULAR 420 0 0 0 0 1089 1089 13 0 0
CONTENT 2f80511f53f58ee08ccef2a44094d60c27daf1ea49af32e3c8038a2e01f9a8ff
XATTR 96a296d224f285c67bee93c30f8a309157f0daa35dc5b87e410b78630a09cfc7
ACL 96a296d224f285c67bee93c30f8a309157f0daa35dc5b87e410b78630a09cfc7
MTIME TRUE  1788739200 0
ATIME FALSE  0 0
CTIME FALSE  0 0
BTIME FALSE  0 0
ENTRY 14
PATH 7573722f73686172652f646f632f6e69616f732d636f6e74726f6c636f72652f6e69612d736f757263652e6a736f6e2e677a
LINK 
UNAME 726f6f74
GNAME 726f6f74
ATTR REGULAR 420 0 0 0 0 11272 11272 14 0 0
CONTENT 59256f5906382cbe352244315249f7750dfd94f84a12959199bccf4704ba7cf3
XATTR 96a296d224f285c67bee93c30f8a309157f0daa35dc5b87e410b78630a09cfc7
ACL 96a296d224f285c67bee93c30f8a309157f0daa35dc5b87e410b78630a09cfc7
MTIME TRUE  1788739200 0
ATIME FALSE  0 0
CTIME FALSE  0 0
BTIME FALSE  0 0
PASS assertions= 158
