ORIGINAL dca754623a808d731649a67ac2c8e9d61eb26474c55b86f65aaf69dc162b140c
TAR 08578d3169558aa5033aafa6a3e848c59f00eaf678d25b0f3ef302585cbce731
COUNT 15
ENTRY 1
PATH 
LINK 
UNAME 726f6f74
GNAME 726f6f74
ATTR DIRECTORY 493 0 0 0 0 0 0 0 0 0
CONTENT 0000000000000000000000000000000000000000000000000000000000000000
XATTR 96a296d224f285c67bee93c30f8a309157f0daa35dc5b87e410b78630a09cfc7
ACL 96a296d224f285c67bee93c30f8a309157f0daa35dc5b87e410b78630a09cfc7
MTIME TRUE  1788739200 0
ATIME FALSE  0 0
CTIME FALSE  0 0
BTIME FALSE  0 0
ENTRY 2
PATH 757372
LINK 
UNAME 726f6f74
GNAME 726f6f74
ATTR DIRECTORY 493 0 0 0 0 0 0 0 0 0
CONTENT 0000000000000000000000000000000000000000000000000000000000000000
XATTR 96a296d224f285c67bee93c30f8a309157f0daa35dc5b87e410b78630a09cfc7
ACL 96a296d224f285c67bee93c30f8a309157f0daa35dc5b87e410b78630a09cfc7
MTIME TRUE  1788739200 0
ATIME FALSE  0 0
CTIME FALSE  0 0
BTIME FALSE  0 0
ENTRY 3
PATH 7573722f6c696265786563
LINK 
UNAME 726f6f74
GNAME 726f6f74
ATTR DIRECTORY 493 0 0 0 0 0 0 0 0 0
CONTENT 0000000000000000000000000000000000000000000000000000000000000000
XATTR 96a296d224f285c67bee93c30f8a309157f0daa35dc5b87e410b78630a09cfc7
ACL 96a296d224f285c67bee93c30f8a309157f0daa35dc5b87e410b78630a09cfc7
MTIME TRUE  1788739200 0
ATIME FALSE  0 0
CTIME FALSE  0 0
BTIME FALSE  0 0
ENTRY 4
PATH 7573722f6c6962657865632f6e6961
LINK 
UNAME 726f6f74
GNAME 726f6f74
ATTR DIRECTORY 493 0 0 0 0 0 0 0 0 0
CONTENT 0000000000000000000000000000000000000000000000000000000000000000
XATTR 96a296d224f285c67bee93c30f8a309157f0daa35dc5b87e410b78630a09cfc7
ACL 96a296d224f285c67bee93c30f8a309157f0daa35dc5b87e410b78630a09cfc7
MTIME TRUE  1788739200 0
ATIME FALSE  0 0
CTIME FALSE  0 0
BTIME FALSE  0 0
ENTRY 5
PATH 7573722f6c6962657865632f6e69612f686f737463746c
LINK 
UNAME 726f6f74
GNAME 726f6f74
ATTR REGULAR 493 0 0 0 0 43440 43440 5 0 0
CONTENT ef465f3db7c359b26f6c8823f4fb56272b9483f90b79db70b9f32c921e84fd9f
XATTR 96a296d224f285c67bee93c30f8a309157f0daa35dc5b87e410b78630a09cfc7
ACL 96a296d224f285c67bee93c30f8a309157f0daa35dc5b87e410b78630a09cfc7
MTIME TRUE  1788739200 0
ATIME FALSE  0 0
CTIME FALSE  0 0
BTIME FALSE  0 0
ENTRY 6
PATH 7573722f6c6962657865632f6e69612f73746174655f6865616c696e675f61646d696e
LINK 
UNAME 726f6f74
GNAME 726f6f74
ATTR REGULAR 493 0 0 0 0 207384 207384 6 0 0
CONTENT c4214943cd5754beae50f33f3575dbd0fc771b51951350385ad5fba0613d604b
XATTR 96a296d224f285c67bee93c30f8a309157f0daa35dc5b87e410b78630a09cfc7
ACL 96a296d224f285c67bee93c30f8a309157f0daa35dc5b87e410b78630a09cfc7
MTIME TRUE  1788739200 0
ATIME FALSE  0 0
CTIME FALSE  0 0
BTIME FALSE  0 0
ENTRY 7
PATH 7573722f6c6962657865632f6e69612f73746174655f7265636f766572795f776f726b6572
LINK 
UNAME 726f6f74
GNAME 726f6f74
ATTR REGULAR 493 0 0 0 0 334344 334344 7 0 0
CONTENT 0bcdfb8706cc4c1717d37d28dc50b94d8a51c42a923d0e3fd7614e973decc43e
XATTR 96a296d224f285c67bee93c30f8a309157f0daa35dc5b87e410b78630a09cfc7
ACL 96a296d224f285c67bee93c30f8a309157f0daa35dc5b87e410b78630a09cfc7
MTIME TRUE  1788739200 0
ATIME FALSE  0 0
CTIME FALSE  0 0
BTIME FALSE  0 0
ENTRY 8
PATH 7573722f6c6962657865632f6e69612f73746174655f776f726b6572
LINK 
UNAME 726f6f74
GNAME 726f6f74
ATTR REGULAR 493 0 0 0 0 260608 260608 8 0 0
CONTENT 56592be406e5ce7f78d3667d26993ba69993145916233e8c41c0a18d9295da31
XATTR 96a296d224f285c67bee93c30f8a309157f0daa35dc5b87e410b78630a09cfc7
ACL 96a296d224f285c67bee93c30f8a309157f0daa35dc5b87e410b78630a09cfc7
MTIME TRUE  1788739200 0
ATIME FALSE  0 0
CTIME FALSE  0 0
BTIME FALSE  0 0
ENTRY 9
PATH 7573722f6c6962657865632f6e69612f737461746563746c
LINK 
UNAME 726f6f74
GNAME 726f6f74
ATTR REGULAR 493 0 0 0 0 195112 195112 9 0 0
CONTENT e040f4ea5828ea1c085b0230d5854c37298239eec349815763e3874ee14612c8
XATTR 96a296d224f285c67bee93c30f8a309157f0daa35dc5b87e410b78630a09cfc7
ACL 96a296d224f285c67bee93c30f8a309157f0daa35dc5b87e410b78630a09cfc7
MTIME TRUE  1788739200 0
ATIME FALSE  0 0
CTIME FALSE  0 0
BTIME FALSE  0 0
ENTRY 10
PATH 7573722f7368617265
LINK 
UNAME 726f6f74
GNAME 726f6f74
ATTR DIRECTORY 493 0 0 0 0 0 0 0 0 0
CONTENT 0000000000000000000000000000000000000000000000000000000000000000
XATTR 96a296d224f285c67bee93c30f8a309157f0daa35dc5b87e410b78630a09cfc7
ACL 96a296d224f285c67bee93c30f8a309157f0daa35dc5b87e410b78630a09cfc7
MTIME TRUE  1788739200 0
ATIME FALSE  0 0
CTIME FALSE  0 0
BTIME FALSE  0 0
ENTRY 11
PATH 7573722f73686172652f646f63
LINK 
UNAME 726f6f74
GNAME 726f6f74
ATTR DIRECTORY 493 0 0 0 0 0 0 0 0 0
CONTENT 0000000000000000000000000000000000000000000000000000000000000000
XATTR 96a296d224f285c67bee93c30f8a309157f0daa35dc5b87e410b78630a09cfc7
ACL 96a296d224f285c67bee93c30f8a309157f0daa35dc5b87e410b78630a09cfc7
MTIME TRUE  1788739200 0
ATIME FALSE  0 0
CTIME FALSE  0 0
BTIME FALSE  0 0
ENTRY 12
PATH 7573722f73686172652f646f632f6e69616f732d7374617465636f7265
LINK 
UNAME 726f6f74
GNAME 726f6f74
ATTR DIRECTORY 493 0 0 0 0 0 0 0 0 0
CONTENT 0000000000000000000000000000000000000000000000000000000000000000
XATTR 96a296d224f285c67bee93c30f8a309157f0daa35dc5b87e410b78630a09cfc7
ACL 96a296d224f285c67bee93c30f8a309157f0daa35dc5b87e410b78630a09cfc7
MTIME TRUE  1788739200 0
ATIME FALSE  0 0
CTIME FALSE  0 0
BTIME FALSE  0 0
ENTRY 13
PATH 7573722f73686172652f646f632f6e69616f732d7374617465636f72652f6368616e67656c6f672e677a
LINK 
UNAME 726f6f74
GNAME 726f6f74
ATTR REGULAR 420 0 0 0 0 199 199 13 0 0
CONTENT d5c8184acf9d9233e4b19993ab95294d5661bf561caefee07cdbbaae0d547b49
XATTR 96a296d224f285c67bee93c30f8a309157f0daa35dc5b87e410b78630a09cfc7
ACL 96a296d224f285c67bee93c30f8a309157f0daa35dc5b87e410b78630a09cfc7
MTIME TRUE  1788739200 0
ATIME FALSE  0 0
CTIME FALSE  0 0
BTIME FALSE  0 0
ENTRY 14
PATH 7573722f73686172652f646f632f6e69616f732d7374617465636f72652f636f70797269676874
LINK 
UNAME 726f6f74
GNAME 726f6f74
ATTR REGULAR 420 0 0 0 0 1089 1089 14 0 0
CONTENT 2f80511f53f58ee08ccef2a44094d60c27daf1ea49af32e3c8038a2e01f9a8ff
XATTR 96a296d224f285c67bee93c30f8a309157f0daa35dc5b87e410b78630a09cfc7
ACL 96a296d224f285c67bee93c30f8a309157f0daa35dc5b87e410b78630a09cfc7
MTIME TRUE  1788739200 0
ATIME FALSE  0 0
CTIME FALSE  0 0
BTIME FALSE  0 0
ENTRY 15
PATH 7573722f73686172652f646f632f6e69616f732d7374617465636f72652f6e69612d736f757263652e6a736f6e2e677a
LINK 
UNAME 726f6f74
GNAME 726f6f74
ATTR REGULAR 420 0 0 0 0 16764 16764 15 0 0
CONTENT 919355cac78ce8f2703cdc43cea3d904199b5cf00c6500917b476261829dd21a
XATTR 96a296d224f285c67bee93c30f8a309157f0daa35dc5b87e410b78630a09cfc7
ACL 96a296d224f285c67bee93c30f8a309157f0daa35dc5b87e410b78630a09cfc7
MTIME TRUE  1788739200 0
ATIME FALSE  0 0
CTIME FALSE  0 0
BTIME FALSE  0 0
PASS assertions= 173
