ORIGINAL 7c97862c75ba7d54e188cd6001f3e070ad0681e897a5c3b71f5e35c53732d268
TAR b8c9825743e41516c79fa663c0d1782da17055132956d9b55e0d8ae96214bd03
COUNT 11
ENTRY 1
PATH 
LINK 
UNAME 726f6f74
GNAME 726f6f74
ATTR DIRECTORY 493 0 0 0 0 0 0 0 0 0
CONTENT 0000000000000000000000000000000000000000000000000000000000000000
XATTR 96a296d224f285c67bee93c30f8a309157f0daa35dc5b87e410b78630a09cfc7
ACL 96a296d224f285c67bee93c30f8a309157f0daa35dc5b87e410b78630a09cfc7
MTIME TRUE  1788739200 0
ATIME FALSE  0 0
CTIME FALSE  0 0
BTIME FALSE  0 0
ENTRY 2
PATH 757372
LINK 
UNAME 726f6f74
GNAME 726f6f74
ATTR DIRECTORY 493 0 0 0 0 0 0 0 0 0
CONTENT 0000000000000000000000000000000000000000000000000000000000000000
XATTR 96a296d224f285c67bee93c30f8a309157f0daa35dc5b87e410b78630a09cfc7
ACL 96a296d224f285c67bee93c30f8a309157f0daa35dc5b87e410b78630a09cfc7
MTIME TRUE  1788739200 0
ATIME FALSE  0 0
CTIME FALSE  0 0
BTIME FALSE  0 0
ENTRY 3
PATH 7573722f6c696265786563
LINK 
UNAME 726f6f74
GNAME 726f6f74
ATTR DIRECTORY 493 0 0 0 0 0 0 0 0 0
CONTENT 0000000000000000000000000000000000000000000000000000000000000000
XATTR 96a296d224f285c67bee93c30f8a309157f0daa35dc5b87e410b78630a09cfc7
ACL 96a296d224f285c67bee93c30f8a309157f0daa35dc5b87e410b78630a09cfc7
MTIME TRUE  1788739200 0
ATIME FALSE  0 0
CTIME FALSE  0 0
BTIME FALSE  0 0
ENTRY 4
PATH 7573722f6c6962657865632f6e6961
LINK 
UNAME 726f6f74
GNAME 726f6f74
ATTR DIRECTORY 493 0 0 0 0 0 0 0 0 0
CONTENT 0000000000000000000000000000000000000000000000000000000000000000
XATTR 96a296d224f285c67bee93c30f8a309157f0daa35dc5b87e410b78630a09cfc7
ACL 96a296d224f285c67bee93c30f8a309157f0daa35dc5b87e410b78630a09cfc7
MTIME TRUE  1788739200 0
ATIME FALSE  0 0
CTIME FALSE  0 0
BTIME FALSE  0 0
ENTRY 5
PATH 7573722f6c6962657865632f6e69612f63617073756c6563746c
LINK 
UNAME 726f6f74
GNAME 726f6f74
ATTR REGULAR 493 0 0 0 0 153976 153976 5 0 0
CONTENT 75c903ddf1dc5ee05b9601fd46140e34cd080e10cac5b428f72bcbfb94d555c3
XATTR 96a296d224f285c67bee93c30f8a309157f0daa35dc5b87e410b78630a09cfc7
ACL 96a296d224f285c67bee93c30f8a309157f0daa35dc5b87e410b78630a09cfc7
MTIME TRUE  1788739200 0
ATIME FALSE  0 0
CTIME FALSE  0 0
BTIME FALSE  0 0
ENTRY 6
PATH 7573722f7368617265
LINK 
UNAME 726f6f74
GNAME 726f6f74
ATTR DIRECTORY 493 0 0 0 0 0 0 0 0 0
CONTENT 0000000000000000000000000000000000000000000000000000000000000000
XATTR 96a296d224f285c67bee93c30f8a309157f0daa35dc5b87e410b78630a09cfc7
ACL 96a296d224f285c67bee93c30f8a309157f0daa35dc5b87e410b78630a09cfc7
MTIME TRUE  1788739200 0
ATIME FALSE  0 0
CTIME FALSE  0 0
BTIME FALSE  0 0
ENTRY 7
PATH 7573722f73686172652f646f63
LINK 
UNAME 726f6f74
GNAME 726f6f74
ATTR DIRECTORY 493 0 0 0 0 0 0 0 0 0
CONTENT 0000000000000000000000000000000000000000000000000000000000000000
XATTR 96a296d224f285c67bee93c30f8a309157f0daa35dc5b87e410b78630a09cfc7
ACL 96a296d224f285c67bee93c30f8a309157f0daa35dc5b87e410b78630a09cfc7
MTIME TRUE  1788739200 0
ATIME FALSE  0 0
CTIME FALSE  0 0
BTIME FALSE  0 0
ENTRY 8
PATH 7573722f73686172652f646f632f6e69616f732d63617073756c65636f7265
LINK 
UNAME 726f6f74
GNAME 726f6f74
ATTR DIRECTORY 493 0 0 0 0 0 0 0 0 0
CONTENT 0000000000000000000000000000000000000000000000000000000000000000
XATTR 96a296d224f285c67bee93c30f8a309157f0daa35dc5b87e410b78630a09cfc7
ACL 96a296d224f285c67bee93c30f8a309157f0daa35dc5b87e410b78630a09cfc7
MTIME TRUE  1788739200 0
ATIME FALSE  0 0
CTIME FALSE  0 0
BTIME FALSE  0 0
ENTRY 9
PATH 7573722f73686172652f646f632f6e69616f732d63617073756c65636f72652f6368616e67656c6f672e677a
LINK 
UNAME 726f6f74
GNAME 726f6f74
ATTR REGULAR 420 0 0 0 0 202 202 9 0 0
CONTENT 86390c9c4de7f63476a48f450edfac96adb90b49f30aca1cfdcba83fbfc2f66f
XATTR 96a296d224f285c67bee93c30f8a309157f0daa35dc5b87e410b78630a09cfc7
ACL 96a296d224f285c67bee93c30f8a309157f0daa35dc5b87e410b78630a09cfc7
MTIME TRUE  1788739200 0
ATIME FALSE  0 0
CTIME FALSE  0 0
BTIME FALSE  0 0
ENTRY 10
PATH 7573722f73686172652f646f632f6e69616f732d63617073756c65636f72652f636f70797269676874
LINK 
UNAME 726f6f74
GNAME 726f6f74
ATTR REGULAR 420 0 0 0 0 1089 1089 10 0 0
CONTENT 2f80511f53f58ee08ccef2a44094d60c27daf1ea49af32e3c8038a2e01f9a8ff
XATTR 96a296d224f285c67bee93c30f8a309157f0daa35dc5b87e410b78630a09cfc7
ACL 96a296d224f285c67bee93c30f8a309157f0daa35dc5b87e410b78630a09cfc7
MTIME TRUE  1788739200 0
ATIME FALSE  0 0
CTIME FALSE  0 0
BTIME FALSE  0 0
ENTRY 11
PATH 7573722f73686172652f646f632f6e69616f732d63617073756c65636f72652f6e69612d736f757263652e6a736f6e2e677a
LINK 
UNAME 726f6f74
GNAME 726f6f74
ATTR REGULAR 420 0 0 0 0 10665 10665 11 0 0
CONTENT b863adee761f9c6f79dabd4d500b60a333551118eddec00ff10a42e92d4611f7
XATTR 96a296d224f285c67bee93c30f8a309157f0daa35dc5b87e410b78630a09cfc7
ACL 96a296d224f285c67bee93c30f8a309157f0daa35dc5b87e410b78630a09cfc7
MTIME TRUE  1788739200 0
ATIME FALSE  0 0
CTIME FALSE  0 0
BTIME FALSE  0 0
PASS assertions= 125
