Running as unit: run-p767014-i767314.scope; invocation ID: 709de4918f0d405283cf63649ef11c74
limited-exec: {"scope": "run-p767014-i767314.scope", "kernel_limits": {"memory.max": "3221225472", "memory.swap.max": "0", "cpu.max": "100000 100000", "pids.max": "128"}}
Compile
   [Ada]          run_root_configuration_tests.adb
   [Ada]          run_generation_publication_tests.adb
   [C]            pkg_deb_stream.c
   [C]            archive_observer.c
   [C]            pkg_deb_decode.c
   [C]            root_preparation.c
   [C]            conffile_snapshot.c
   [Ada]          mc_clock.adb
   [Ada]          mc_fs.adb
   [Ada]          mc_posix.ads
   [Ada]          mc_runtime.adb
   [Ada]          mc_store.adb
   [Ada]          mc_types.adb
   [Ada]          pkg_catalog_retention.adb
   [Ada]          pkg_catalog_store.adb
   [Ada]          pkg_conffile_choice.adb
   [Ada]          pkg_conffile_transition.adb
   [Ada]          pkg_deb_metadata.adb
   [Ada]          pkg_deb_payload.adb
   [Ada]          pkg_payload_index.adb
   [Ada]          pkg_root_archive.adb
   [Ada]          pkg_root_configuration.adb
   [Ada]          pkg_selected_catalog.adb
   [Ada]          test_support.adb
   [Ada]          mc_atomic.adb
   [Ada]          mc_codec.adb
   [Ada]          mc_config_auth.adb
   [Ada]          mc_config_receipt.adb
   [Ada]          mc_contract_profile.ads
   [Ada]          mc_dirents.adb
   [Ada]          mc_hex.adb
   [Ada]          mc_log.adb
   [Ada]          mc_log_format.adb
   [Ada]          mc_sha256.adb
   [Ada]          mc_stop_barrier.adb
   [Ada]          mc_text.adb
   [Ada]          pkg_archive_supply.adb
   [Ada]          pkg_configuration_engine.adb
   [Ada]          pkg_deb_final_set.adb
   [Ada]          pkg_deb_transition.adb
   [Ada]          pkg_file_engine.adb
   [Ada]          pkg_file_plan.adb
   [Ada]          pkg_file_replay.adb
   [Ada]          pkg_generation_descriptor.adb
   [Ada]          pkg_generation_intent.adb
   [Ada]          pkg_generation_manifest.adb
   [Ada]          pkg_generation_publisher.adb
   [Ada]          pkg_generation_stage.adb
   [Ada]          pkg_image_inspector.adb
   [Ada]          pkg_managed_engine.adb
   [Ada]          pkg_quiescent_engine.adb
   [Ada]          pkg_recovery_audit.adb
   [Ada]          pkg_resolution_engine.adb
   [Ada]          pkg_root_preparation.adb
   [Ada]          pkg_root_state.adb
   [Ada]          pkg_site_supply.adb
   [Ada]          pkg_supply_map.adb
   [Ada]          pkg_supply_policy.adb
   [Ada]          resolver_admission.adb
   [Ada]          resolver_model.adb
   [Ada]          resolver_verify.adb
   [Ada]          resolver_wire.adb
   [Ada]          mc_kernel_read.adb
   [Ada]          mc_paths.adb
   [Ada]          pkg_deb_container.adb
   [Ada]          pkg_deb_control.adb
   [Ada]          pkg_conffile_observation.adb
   [Ada]          pkg_conffile_snapshot.adb
   [Ada]          pkg_deb_conffiles.adb
   [Ada]          pkg_deb_relations.adb
   [Ada]          pkg_deb_fields.adb
   [Ada]          pkg_deb_data_stream.adb
   [Ada]          pkg_tar_framing.adb
   [Ada]          pkg_payload_ownership.adb
   [Ada]          pkg_deb_semantics.adb
   [Ada]          mc_authentic.adb
   [Ada]          mc_signatures.adb
   [Ada]          mc_journal_budget.ads
   [Ada]          mc_time_guard.adb
   [Ada]          pkg_deb_versions.adb
   [Ada]          mc_protocol.adb
Bind
   [gprbind]      run_root_configuration_tests.bexch
   [Ada]          run_root_configuration_tests.ali
   [gprbind]      run_generation_publication_tests.bexch
   [Ada]          run_generation_publication_tests.ali
Link
   [archive]      libtests.a
   [index]        libtests.a
   [link]         run_root_configuration_tests.adb
   [link]         run_generation_publication_tests.adb
PASS accepted root publication oracle: 10 paths
