pread64(3</usr/lib/x86_64-linux-gnu/libc.so.6>, "\6\0\0\0\4\0\0\0@\0\0\0\0\0\0\0@\0\0\0\0\0\0\0@\0\0\0\0\0\0\0H\3\0\0\0\0\0\0H\3\0\0\0\0\0\0\10\0\0\0\0\0\0\0\3\0\0\0\4\0\0\0\240\1\36\0\0\0\0\0\240\1\36\0\0\0\0\0"..., 840, 64) = 840
pread64(3</usr/lib/x86_64-linux-gnu/libc.so.6>, "\6\0\0\0\4\0\0\0@\0\0\0\0\0\0\0@\0\0\0\0\0\0\0@\0\0\0\0\0\0\0H\3\0\0\0\0\0\0H\3\0\0\0\0\0\0\10\0\0\0\0\0\0\0\3\0\0\0\4\0\0\0\240\1\36\0\0\0\0\0\240\1\36\0\0\0\0\0"..., 840, 64) = 840
fsync(3</tmp/nia-chaos-baseline-0om_fksd>) = 0
pread64(3</evidence/chaos/attempt-04/public-fixture/original.deb>, "!<arch>\ndebian-binary   1789004419  0     0     100644  4         `\n2.0\ncontrol."..., 65536, 0) = 848
pread64(3</evidence/chaos/attempt-04/public-fixture/original.deb>, "", 64688, 848) = 0
pread64(3</evidence/chaos/attempt-04/public-fixture/original.deb>, "", 65536, 848) = 0
pread64(3</evidence/chaos/attempt-04/public-fixture/control>, "Package: nia-test\nVersion: 1:2.0~rc1-3\nArchitecture: all\nMaintainer: Nia synthet"..., 65536, 0) = 125
pread64(3</evidence/chaos/attempt-04/public-fixture/control>, "", 65411, 125) = 0
pread64(3</evidence/chaos/attempt-04/public-fixture/control>, "", 65536, 125) = 0
pread64(3</evidence/chaos/attempt-04/public-fixture/receipt>, "NIASUP01t\374e\304WB8\21Rs\200\226C8\215XgG\362\313\340\240#Py\3U\341\37P \230\2001\240?\230\216\244\362{3\331_\203@^\"0\202t\371vT\263IH3j7\257\277!\177`s\271\272\22H\224\370"..., 65536, 0) = 320
pread64(3</evidence/chaos/attempt-04/public-fixture/receipt>, "", 65216, 320) = 0
pread64(3</evidence/chaos/attempt-04/public-fixture/receipt>, "", 65536, 320) = 0
pread64(3</evidence/chaos/attempt-04/public-fixture/public-key>, "S\354\2717\366g\355\334\302\254\306\376\316o,%\217\tb\320\26\254z\233\321\303\210B\304\370m-", 32, 0) = 32
pread64(3</evidence/chaos/attempt-04/public-fixture/scope>, "t\374e\304WB8\21Rs\200\226C8\215XgG\362\313\340\240#Py\3U\341\37P \230", 32, 0) = 32
pread64(3</tmp/nia-chaos-baseline-0om_fksd/objects/64/e533c321448978a802d6e0689013dc540b55f68a9a04559a5658265f00f953>, "NIASUP01t\374e\304WB8\21Rs\200\226C8\215XgG\362\313\340\240#Py\3U\341\37P \230\2001\240?\230\216\244\362{3\331_\203@^\"0\202t\371vT\263IH3j7\257\277!\177`s\271\272\22H\224\370"..., 65536, 0) = 320
pread64(3</tmp/nia-chaos-baseline-0om_fksd/objects/64/e533c321448978a802d6e0689013dc540b55f68a9a04559a5658265f00f953>, "", 65216, 320) = 0
pread64(3</tmp/nia-chaos-baseline-0om_fksd/objects/64/e533c321448978a802d6e0689013dc540b55f68a9a04559a5658265f00f953>, "", 65536, 320) = 0
pread64(3</tmp/nia-chaos-baseline-0om_fksd/objects/64/e533c321448978a802d6e0689013dc540b55f68a9a04559a5658265f00f953>, "NIASUP01t\374e\304WB8\21Rs\200\226C8\215XgG\362\313\340\240#Py\3U\341\37P \230\2001\240?\230\216\244\362{3\331_\203@^\"0\202t\371vT\263IH3j7\257\277!\177`s\271\272\22H\224\370"..., 320, 0) = 320
pread64(3</tmp/nia-chaos-baseline-0om_fksd/objects/80/31a03f988ea4f27b33d95f83405e22308274f97654b34948336a37afbf217f>, "{\"created_at\":1789004359,\"schema\":\"org.niaos.archive-supply/v1\",\"security_epoch\""..., 65536, 0) = 583
pread64(3</tmp/nia-chaos-baseline-0om_fksd/objects/80/31a03f988ea4f27b33d95f83405e22308274f97654b34948336a37afbf217f>, "", 64953, 583) = 0
pread64(3</tmp/nia-chaos-baseline-0om_fksd/objects/80/31a03f988ea4f27b33d95f83405e22308274f97654b34948336a37afbf217f>, "", 65536, 583) = 0
pread64(3</tmp/nia-chaos-baseline-0om_fksd/objects/60/73b9ba124894f83053688c1a4cc45277dd9185b984217a0f9c79ec56573500>, "!<arch>\ndebian-binary   1789004419  0     0     100644  4         `\n2.0\ncontrol."..., 65536, 0) = 848
pread64(3</tmp/nia-chaos-baseline-0om_fksd/objects/60/73b9ba124894f83053688c1a4cc45277dd9185b984217a0f9c79ec56573500>, "", 64688, 848) = 0
pread64(3</tmp/nia-chaos-baseline-0om_fksd/objects/60/73b9ba124894f83053688c1a4cc45277dd9185b984217a0f9c79ec56573500>, "", 65536, 848) = 0
pread64(3</tmp/nia-chaos-baseline-0om_fksd/objects/c1/5e5346c8cc38aa50241e3350fced5682318ca66d63f9ff59983cd669e03fae>, "Package: nia-test\nVersion: 1:2.0~rc1-3\nArchitecture: all\nMaintainer: Nia synthet"..., 65536, 0) = 125
pread64(3</tmp/nia-chaos-baseline-0om_fksd/objects/c1/5e5346c8cc38aa50241e3350fced5682318ca66d63f9ff59983cd669e03fae>, "", 65411, 125) = 0
pread64(3</tmp/nia-chaos-baseline-0om_fksd/objects/c1/5e5346c8cc38aa50241e3350fced5682318ca66d63f9ff59983cd669e03fae>, "", 65536, 125) = 0
pread64(3</tmp/nia-chaos-baseline-0om_fksd/objects/56/99df80426718aa1bad83640d24a82c511a6fff341caef831e7fd58650b1d3f>, "-----BEGIN PGP SIGNED MESSAGE-----\nHash: SHA512\n\nOrigin: Debian\nLabel: Debian\nSu"..., 65536, 0) = 523
pread64(3</tmp/nia-chaos-baseline-0om_fksd/objects/56/99df80426718aa1bad83640d24a82c511a6fff341caef831e7fd58650b1d3f>, "", 65013, 523) = 0
pread64(3</tmp/nia-chaos-baseline-0om_fksd/objects/56/99df80426718aa1bad83640d24a82c511a6fff341caef831e7fd58650b1d3f>, "", 65536, 523) = 0
pread64(3</tmp/nia-chaos-baseline-0om_fksd/objects/5a/eb33846196eb49364c783f8f9517d7bfe62d21bbe05677c2dbf345f4518269>, "\3757zXZ\0\0\4\346\326\264F\2\0!\1\26\0\0\0t/\345\243\340\0\300\0\245]\0(\30Hf\333\3320\205\376\26\352\356\274IX\321\4\33l\177\314a\345:\375b)\10V\237\202V\243-\24\226s{\206\277#.n\373Uz\226\f\321"..., 65536, 0) = 232
pread64(3</tmp/nia-chaos-baseline-0om_fksd/objects/5a/eb33846196eb49364c783f8f9517d7bfe62d21bbe05677c2dbf345f4518269>, "", 65304, 232) = 0
pread64(3</tmp/nia-chaos-baseline-0om_fksd/objects/5a/eb33846196eb49364c783f8f9517d7bfe62d21bbe05677c2dbf345f4518269>, "", 65536, 232) = 0
pread64(3</tmp/nia-chaos-baseline-0om_fksd/objects/60/a24bff711112b58cf4620a04da3d5555049103bd6f4bef5e36f77d2df86405>, "\2303\4j\242\n\203\26\t+\6\1\4\1\332G\17\1\1\7@\275\v\276\213Op<<\315\247>\222/-\255%<=\316\251\213\0254\307\3761S\272Rr\327`\264\26Nia artificial fixture\210\220\4"..., 65536, 0) = 223
pread64(3</tmp/nia-chaos-baseline-0om_fksd/objects/60/a24bff711112b58cf4620a04da3d5555049103bd6f4bef5e36f77d2df86405>, "", 65313, 223) = 0
pread64(3</tmp/nia-chaos-baseline-0om_fksd/objects/60/a24bff711112b58cf4620a04da3d5555049103bd6f4bef5e36f77d2df86405>, "", 65536, 223) = 0
pread64(3</tmp/nia-chaos-baseline-0om_fksd/objects/60/73b9ba124894f83053688c1a4cc45277dd9185b984217a0f9c79ec56573500>, "!<arch>\ndebian-binary   1789004419  0     0     100644  4         `\n2.0\ncontrol."..., 65536, 0) = 848
pread64(3</tmp/nia-chaos-baseline-0om_fksd/objects/60/73b9ba124894f83053688c1a4cc45277dd9185b984217a0f9c79ec56573500>, "", 64688, 848) = 0
pread64(3</tmp/nia-chaos-baseline-0om_fksd/objects/60/73b9ba124894f83053688c1a4cc45277dd9185b984217a0f9c79ec56573500>, "", 65536, 848) = 0
pread64(3</tmp/nia-chaos-baseline-0om_fksd/objects/60/73b9ba124894f83053688c1a4cc45277dd9185b984217a0f9c79ec56573500>, "!<arch>\n", 8, 0) = 8
pread64(3</tmp/nia-chaos-baseline-0om_fksd/objects/60/73b9ba124894f83053688c1a4cc45277dd9185b984217a0f9c79ec56573500>, "debian-binary   1789004419  0     0     100644  4         `\n", 60, 8) = 60
pread64(3</tmp/nia-chaos-baseline-0om_fksd/objects/60/73b9ba124894f83053688c1a4cc45277dd9185b984217a0f9c79ec56573500>, "2.0\n", 4, 68) = 4
pread64(3</tmp/nia-chaos-baseline-0om_fksd/objects/60/73b9ba124894f83053688c1a4cc45277dd9185b984217a0f9c79ec56573500>, "2.0\n", 4, 68) = 4
pread64(3</tmp/nia-chaos-baseline-0om_fksd/objects/60/73b9ba124894f83053688c1a4cc45277dd9185b984217a0f9c79ec56573500>, "control.tar.xz  1789004419  0     0     100644  428       `\n", 60, 72) = 60
pread64(3</tmp/nia-chaos-baseline-0om_fksd/objects/60/73b9ba124894f83053688c1a4cc45277dd9185b984217a0f9c79ec56573500>, "\3757zXZ\0\0\4\346\326\264F\4\300\354\2\200P!\1\26\0\0\0\0\0\0\0|>\270\354\340'\377\1d]\0\27\v\274\34}\1\225\300\35J>y\25\302\314&\243c\26a\254\223\16\263\23s\266\0010\374^pZ5_C\276\316F\224\360"..., 428, 132) = 428
pread64(3</tmp/nia-chaos-baseline-0om_fksd/objects/60/73b9ba124894f83053688c1a4cc45277dd9185b984217a0f9c79ec56573500>, "data.tar.xz     1789004419  0     0     100644  228       `\n", 60, 560) = 60
pread64(3</tmp/nia-chaos-baseline-0om_fksd/objects/60/73b9ba124894f83053688c1a4cc45277dd9185b984217a0f9c79ec56573500>, "\3757zXZ\0\0\4\346\326\264F\4\300\243\1\200P!\1\26\0\0\0\0\0\0\0\265\21_F\340'\377\0\233]\0\27\v\274\34}\1\225\300\35J>y\25\302\314&\243c\26a\254\223\16\263\23s\266\0010\374^pZ5_C\276\316F\224\360"..., 228, 620) = 228
pread64(3</tmp/nia-chaos-baseline-0om_fksd/objects/60/73b9ba124894f83053688c1a4cc45277dd9185b984217a0f9c79ec56573500>, "!<arch>\ndebian-binary   1789004419  0     0     100644  4         `\n2.0\ncontrol."..., 65536, 0) = 848
pread64(3</tmp/nia-chaos-baseline-0om_fksd/objects/60/73b9ba124894f83053688c1a4cc45277dd9185b984217a0f9c79ec56573500>, "", 64688, 848) = 0
pread64(3</tmp/nia-chaos-baseline-0om_fksd/objects/60/73b9ba124894f83053688c1a4cc45277dd9185b984217a0f9c79ec56573500>, "", 65536, 848) = 0
pread64(3</tmp/nia-chaos-baseline-0om_fksd/objects/60/73b9ba124894f83053688c1a4cc45277dd9185b984217a0f9c79ec56573500>, "!<arch>\n", 8, 0) = 8
pread64(3</tmp/nia-chaos-baseline-0om_fksd/objects/60/73b9ba124894f83053688c1a4cc45277dd9185b984217a0f9c79ec56573500>, "debian-binary   1789004419  0     0     100644  4         `\n", 60, 8) = 60
pread64(3</tmp/nia-chaos-baseline-0om_fksd/objects/60/73b9ba124894f83053688c1a4cc45277dd9185b984217a0f9c79ec56573500>, "2.0\n", 4, 68) = 4
pread64(3</tmp/nia-chaos-baseline-0om_fksd/objects/60/73b9ba124894f83053688c1a4cc45277dd9185b984217a0f9c79ec56573500>, "2.0\n", 4, 68) = 4
pread64(3</tmp/nia-chaos-baseline-0om_fksd/objects/60/73b9ba124894f83053688c1a4cc45277dd9185b984217a0f9c79ec56573500>, "control.tar.xz  1789004419  0     0     100644  428       `\n", 60, 72) = 60
pread64(3</tmp/nia-chaos-baseline-0om_fksd/objects/60/73b9ba124894f83053688c1a4cc45277dd9185b984217a0f9c79ec56573500>, "\3757zXZ\0\0\4\346\326\264F\4\300\354\2\200P!\1\26\0\0\0\0\0\0\0|>\270\354\340'\377\1d]\0\27\v\274\34}\1\225\300\35J>y\25\302\314&\243c\26a\254\223\16\263\23s\266\0010\374^pZ5_C\276\316F\224\360"..., 428, 132) = 428
pread64(3</tmp/nia-chaos-baseline-0om_fksd/objects/60/73b9ba124894f83053688c1a4cc45277dd9185b984217a0f9c79ec56573500>, "data.tar.xz     1789004419  0     0     100644  228       `\n", 60, 560) = 60
pread64(3</tmp/nia-chaos-baseline-0om_fksd/objects/60/73b9ba124894f83053688c1a4cc45277dd9185b984217a0f9c79ec56573500>, "\3757zXZ\0\0\4\346\326\264F\4\300\243\1\200P!\1\26\0\0\0\0\0\0\0\265\21_F\340'\377\0\233]\0\27\v\274\34}\1\225\300\35J>y\25\302\314&\243c\26a\254\223\16\263\23s\266\0010\374^pZ5_C\276\316F\224\360"..., 228, 620) = 228
fsync(8</tmp/nia-chaos-baseline-0om_fksd/incoming>) = 0
pread64(3</tmp/nia-chaos-baseline-0om_fksd/objects/60/73b9ba124894f83053688c1a4cc45277dd9185b984217a0f9c79ec56573500>, "\3757zXZ\0\0\4\346\326\264F\4\300\354\2\200P!\1\26\0\0\0\0\0\0\0|>\270\354\340'\377\1d]\0\27\v\274\34}\1\225\300\35J>y\25\302\314&\243c\26a\254\223\16\263\23s\266\0010\374^pZ5_C\276\316F\224\360"..., 428, 132) = 428
write(7</tmp/nia-chaos-baseline-0om_fksd/incoming/41a5f0950487a960bf98f8f9eed02263>, "\3757zXZ\0\0\4\346\326\264F\4\300\354\2\200P!\1\26\0\0\0\0\0\0\0|>\270\354\340'\377\1d]\0\27\v\274\34}\1\225\300\35J>y\25\302\314&\243c\26a\254\223\16\263\23s\266\0010\374^pZ5_C\276\316F\224\360"..., 428) = 428
fsync(7</tmp/nia-chaos-baseline-0om_fksd/incoming/41a5f0950487a960bf98f8f9eed02263>) = 0
renameat2(8</tmp/nia-chaos-baseline-0om_fksd/incoming>, "41a5f0950487a960bf98f8f9eed02263", 7</tmp/nia-chaos-baseline-0om_fksd/objects/f2>, "775810a06ccb65fb30d7bb2278dc52d0de8983c153c581700cbe46fd1efefa", RENAME_NOREPLACE) = -1 EEXIST (File exists)
pread64(7</tmp/nia-chaos-baseline-0om_fksd/objects/f2/775810a06ccb65fb30d7bb2278dc52d0de8983c153c581700cbe46fd1efefa>, "\3757zXZ\0\0\4\346\326\264F\4\300\354\2\200P!\1\26\0\0\0\0\0\0\0|>\270\354\340'\377\1d]\0\27\v\274\34}\1\225\300\35J>y\25\302\314&\243c\26a\254\223\16\263\23s\266\0010\374^pZ5_C\276\316F\224\360"..., 65536, 0) = 428
pread64(7</tmp/nia-chaos-baseline-0om_fksd/objects/f2/775810a06ccb65fb30d7bb2278dc52d0de8983c153c581700cbe46fd1efefa>, "", 65108, 428) = 0
pread64(7</tmp/nia-chaos-baseline-0om_fksd/objects/f2/775810a06ccb65fb30d7bb2278dc52d0de8983c153c581700cbe46fd1efefa>, "", 65536, 428) = 0
fsync(8</tmp/nia-chaos-baseline-0om_fksd/incoming>) = 0
pread64(3</tmp/nia-chaos-baseline-0om_fksd/objects/f2/775810a06ccb65fb30d7bb2278dc52d0de8983c153c581700cbe46fd1efefa>, "\3757zXZ\0\0\4\346\326\264F\4\300\354\2\200P!\1\26\0\0\0\0\0\0\0|>\270\354\340'\377\1d]\0\27\v\274\34}\1\225\300\35J>y\25\302\314&\243c\26a\254\223\16\263\23s\266\0010\374^pZ5_C\276\316F\224\360"..., 65536, 0) = 428
pread64(3</tmp/nia-chaos-baseline-0om_fksd/objects/f2/775810a06ccb65fb30d7bb2278dc52d0de8983c153c581700cbe46fd1efefa>, "", 65108, 428) = 0
pread64(3</tmp/nia-chaos-baseline-0om_fksd/objects/f2/775810a06ccb65fb30d7bb2278dc52d0de8983c153c581700cbe46fd1efefa>, "", 65536, 428) = 0
pread64(3</tmp/nia-chaos-baseline-0om_fksd/objects/f2/775810a06ccb65fb30d7bb2278dc52d0de8983c153c581700cbe46fd1efefa>, "\3757zXZ\0\0\4\346\326\264F\4\300\354\2\200P!\1\26\0\0\0\0\0\0\0|>\270\354\340'\377\1d]\0\27\v\274\34}\1\225\300\35J>y\25\302\314&\243c\26a\254\223\16\263\23s\266\0010\374^pZ5_C\276\316F\224\360"..., 428, 0) = 428
fsync(8</tmp/nia-chaos-baseline-0om_fksd/incoming>) = 0
write(7</tmp/nia-chaos-baseline-0om_fksd/incoming/cb1313b867d0f6681042aaaa33e3411b>, "/etc/nia-test.conf\n", 19) = 19
fsync(7</tmp/nia-chaos-baseline-0om_fksd/incoming/cb1313b867d0f6681042aaaa33e3411b>) = 0
renameat2(8</tmp/nia-chaos-baseline-0om_fksd/incoming>, "cb1313b867d0f6681042aaaa33e3411b", 7</tmp/nia-chaos-baseline-0om_fksd/objects/6a>, "483aacea69cb29a5b5f3d3539c38e6c6545123cd6b21b9602613ed7d9ea914", RENAME_NOREPLACE) = -1 EEXIST (File exists)
pread64(7</tmp/nia-chaos-baseline-0om_fksd/objects/6a/483aacea69cb29a5b5f3d3539c38e6c6545123cd6b21b9602613ed7d9ea914>, "/etc/nia-test.conf\n", 65536, 0) = 19
pread64(7</tmp/nia-chaos-baseline-0om_fksd/objects/6a/483aacea69cb29a5b5f3d3539c38e6c6545123cd6b21b9602613ed7d9ea914>, "", 65517, 19) = 0
pread64(7</tmp/nia-chaos-baseline-0om_fksd/objects/6a/483aacea69cb29a5b5f3d3539c38e6c6545123cd6b21b9602613ed7d9ea914>, "", 65536, 19) = 0
fsync(8</tmp/nia-chaos-baseline-0om_fksd/incoming>) = 0
fsync(8</tmp/nia-chaos-baseline-0om_fksd/incoming>) = 0
write(7</tmp/nia-chaos-baseline-0om_fksd/incoming/0a5a7017f4e01b0241d34c375dbcfb25>, "Package: nia-test\nVersion: 1:2.0~rc1-3\nArchitecture: all\nMaintainer: Nia synthet"..., 125) = 125
fsync(7</tmp/nia-chaos-baseline-0om_fksd/incoming/0a5a7017f4e01b0241d34c375dbcfb25>) = 0
renameat2(8</tmp/nia-chaos-baseline-0om_fksd/incoming>, "0a5a7017f4e01b0241d34c375dbcfb25", 7</tmp/nia-chaos-baseline-0om_fksd/objects/c1>, "5e5346c8cc38aa50241e3350fced5682318ca66d63f9ff59983cd669e03fae", RENAME_NOREPLACE) = -1 EEXIST (File exists)
pread64(7</tmp/nia-chaos-baseline-0om_fksd/objects/c1/5e5346c8cc38aa50241e3350fced5682318ca66d63f9ff59983cd669e03fae>, "Package: nia-test\nVersion: 1:2.0~rc1-3\nArchitecture: all\nMaintainer: Nia synthet"..., 65536, 0) = 125
pread64(7</tmp/nia-chaos-baseline-0om_fksd/objects/c1/5e5346c8cc38aa50241e3350fced5682318ca66d63f9ff59983cd669e03fae>, "", 65411, 125) = 0
pread64(7</tmp/nia-chaos-baseline-0om_fksd/objects/c1/5e5346c8cc38aa50241e3350fced5682318ca66d63f9ff59983cd669e03fae>, "", 65536, 125) = 0
fsync(8</tmp/nia-chaos-baseline-0om_fksd/incoming>) = 0
fsync(8</tmp/nia-chaos-baseline-0om_fksd/incoming>) = 0
write(7</tmp/nia-chaos-baseline-0om_fksd/incoming/513cd77193498f75c2de9e1b25edb870>, "#!/bin/sh\necho forbidden > /tmp/nia-intake-test-05c5vw9k/SCRIPT_WAS_EXECUTED\n", 77) = 77
fsync(7</tmp/nia-chaos-baseline-0om_fksd/incoming/513cd77193498f75c2de9e1b25edb870>) = 0
renameat2(8</tmp/nia-chaos-baseline-0om_fksd/incoming>, "513cd77193498f75c2de9e1b25edb870", 7</tmp/nia-chaos-baseline-0om_fksd/objects/4e>, "f33886d7955a53070545565137fce60a6ce74733f93e9de6ce0ba7a35896bf", RENAME_NOREPLACE) = -1 EEXIST (File exists)
pread64(7</tmp/nia-chaos-baseline-0om_fksd/objects/4e/f33886d7955a53070545565137fce60a6ce74733f93e9de6ce0ba7a35896bf>, "#!/bin/sh\necho forbidden > /tmp/nia-intake-test-05c5vw9k/SCRIPT_WAS_EXECUTED\n", 65536, 0) = 77
pread64(7</tmp/nia-chaos-baseline-0om_fksd/objects/4e/f33886d7955a53070545565137fce60a6ce74733f93e9de6ce0ba7a35896bf>, "", 65459, 77) = 0
pread64(7</tmp/nia-chaos-baseline-0om_fksd/objects/4e/f33886d7955a53070545565137fce60a6ce74733f93e9de6ce0ba7a35896bf>, "", 65536, 77) = 0
fsync(8</tmp/nia-chaos-baseline-0om_fksd/incoming>) = 0
pread64(3</tmp/nia-chaos-baseline-0om_fksd/objects/c1/5e5346c8cc38aa50241e3350fced5682318ca66d63f9ff59983cd669e03fae>, "Package: nia-test\nVersion: 1:2.0~rc1-3\nArchitecture: all\nMaintainer: Nia synthet"..., 65536, 0) = 125
pread64(3</tmp/nia-chaos-baseline-0om_fksd/objects/c1/5e5346c8cc38aa50241e3350fced5682318ca66d63f9ff59983cd669e03fae>, "", 65411, 125) = 0
pread64(3</tmp/nia-chaos-baseline-0om_fksd/objects/c1/5e5346c8cc38aa50241e3350fced5682318ca66d63f9ff59983cd669e03fae>, "", 65536, 125) = 0
pread64(3</tmp/nia-chaos-baseline-0om_fksd/objects/c1/5e5346c8cc38aa50241e3350fced5682318ca66d63f9ff59983cd669e03fae>, "Package: nia-test\nVersion: 1:2.0~rc1-3\nArchitecture: all\nMaintainer: Nia synthet"..., 16777216, 0) = 125
pread64(3</tmp/nia-chaos-baseline-0om_fksd/objects/c1/5e5346c8cc38aa50241e3350fced5682318ca66d63f9ff59983cd669e03fae>, "", 16777091, 125) = 0
write(1<pipe:[428482]>, "RESULT OK 64e533c321448978a802d6e0689013dc540b55f68a9a04559a5658265f00f953\n", 75) = 75
write(1<pipe:[428482]>, "DONE\n", 5)    = 5
