pread64(3</usr/lib/x86_64-linux-gnu/libc.so.6>, "\6\0\0\0\4\0\0\0@\0\0\0\0\0\0\0@\0\0\0\0\0\0\0@\0\0\0\0\0\0\0H\3\0\0\0\0\0\0H\3\0\0\0\0\0\0\10\0\0\0\0\0\0\0\3\0\0\0\4\0\0\0\240\1\36\0\0\0\0\0\240\1\36\0\0\0\0\0"..., 840, 64) = 840
pread64(3</usr/lib/x86_64-linux-gnu/libc.so.6>, "\6\0\0\0\4\0\0\0@\0\0\0\0\0\0\0@\0\0\0\0\0\0\0@\0\0\0\0\0\0\0H\3\0\0\0\0\0\0H\3\0\0\0\0\0\0\10\0\0\0\0\0\0\0\3\0\0\0\4\0\0\0\240\1\36\0\0\0\0\0\240\1\36\0\0\0\0\0"..., 840, 64) = 840
fsync(3</tmp/nia-chaos-delay-r2z7v0bm>) = 0
pread64(3</evidence/chaos/attempt-04/public-fixture/original.deb>, "!<arch>\ndebian-binary   1789004419  0     0     100644  4         `\n2.0\ncontrol."..., 65536, 0) = 848
pread64(3</evidence/chaos/attempt-04/public-fixture/original.deb>, "", 64688, 848) = 0
pread64(3</evidence/chaos/attempt-04/public-fixture/original.deb>, "", 65536, 848) = 0
pread64(3</evidence/chaos/attempt-04/public-fixture/control>, "Package: nia-test\nVersion: 1:2.0~rc1-3\nArchitecture: all\nMaintainer: Nia synthet"..., 65536, 0) = 125
pread64(3</evidence/chaos/attempt-04/public-fixture/control>, "", 65411, 125) = 0
pread64(3</evidence/chaos/attempt-04/public-fixture/control>, "", 65536, 125) = 0
pread64(3</evidence/chaos/attempt-04/public-fixture/receipt>, "NIASUP01t\374e\304WB8\21Rs\200\226C8\215XgG\362\313\340\240#Py\3U\341\37P \230\2001\240?\230\216\244\362{3\331_\203@^\"0\202t\371vT\263IH3j7\257\277!\177`s\271\272\22H\224\370"..., 65536, 0) = 320
pread64(3</evidence/chaos/attempt-04/public-fixture/receipt>, "", 65216, 320) = 0
pread64(3</evidence/chaos/attempt-04/public-fixture/receipt>, "", 65536, 320) = 0
pread64(3</evidence/chaos/attempt-04/public-fixture/public-key>, "S\354\2717\366g\355\334\302\254\306\376\316o,%\217\tb\320\26\254z\233\321\303\210B\304\370m-", 32, 0) = 32
pread64(3</evidence/chaos/attempt-04/public-fixture/scope>, "t\374e\304WB8\21Rs\200\226C8\215XgG\362\313\340\240#Py\3U\341\37P \230", 32, 0) = 32
pread64(3</tmp/nia-chaos-delay-r2z7v0bm/objects/64/e533c321448978a802d6e0689013dc540b55f68a9a04559a5658265f00f953>, "NIASUP01t\374e\304WB8\21Rs\200\226C8\215XgG\362\313\340\240#Py\3U\341\37P \230\2001\240?\230\216\244\362{3\331_\203@^\"0\202t\371vT\263IH3j7\257\277!\177`s\271\272\22H\224\370"..., 65536, 0) = 320
pread64(3</tmp/nia-chaos-delay-r2z7v0bm/objects/64/e533c321448978a802d6e0689013dc540b55f68a9a04559a5658265f00f953>, "", 65216, 320) = 0
pread64(3</tmp/nia-chaos-delay-r2z7v0bm/objects/64/e533c321448978a802d6e0689013dc540b55f68a9a04559a5658265f00f953>, "", 65536, 320) = 0
pread64(3</tmp/nia-chaos-delay-r2z7v0bm/objects/64/e533c321448978a802d6e0689013dc540b55f68a9a04559a5658265f00f953>, "NIASUP01t\374e\304WB8\21Rs\200\226C8\215XgG\362\313\340\240#Py\3U\341\37P \230\2001\240?\230\216\244\362{3\331_\203@^\"0\202t\371vT\263IH3j7\257\277!\177`s\271\272\22H\224\370"..., 320, 0) = 320
pread64(3</tmp/nia-chaos-delay-r2z7v0bm/objects/80/31a03f988ea4f27b33d95f83405e22308274f97654b34948336a37afbf217f>, "{\"created_at\":1789004359,\"schema\":\"org.niaos.archive-supply/v1\",\"security_epoch\""..., 65536, 0) = 583
pread64(3</tmp/nia-chaos-delay-r2z7v0bm/objects/80/31a03f988ea4f27b33d95f83405e22308274f97654b34948336a37afbf217f>, "", 64953, 583) = 0
pread64(3</tmp/nia-chaos-delay-r2z7v0bm/objects/80/31a03f988ea4f27b33d95f83405e22308274f97654b34948336a37afbf217f>, "", 65536, 583) = 0
pread64(3</tmp/nia-chaos-delay-r2z7v0bm/objects/60/73b9ba124894f83053688c1a4cc45277dd9185b984217a0f9c79ec56573500>, "!<arch>\ndebian-binary   1789004419  0     0     100644  4         `\n2.0\ncontrol."..., 65536, 0) = 848
pread64(3</tmp/nia-chaos-delay-r2z7v0bm/objects/60/73b9ba124894f83053688c1a4cc45277dd9185b984217a0f9c79ec56573500>, "", 64688, 848) = 0
pread64(3</tmp/nia-chaos-delay-r2z7v0bm/objects/60/73b9ba124894f83053688c1a4cc45277dd9185b984217a0f9c79ec56573500>, "", 65536, 848) = 0
pread64(3</tmp/nia-chaos-delay-r2z7v0bm/objects/c1/5e5346c8cc38aa50241e3350fced5682318ca66d63f9ff59983cd669e03fae>, "Package: nia-test\nVersion: 1:2.0~rc1-3\nArchitecture: all\nMaintainer: Nia synthet"..., 65536, 0) = 125
pread64(3</tmp/nia-chaos-delay-r2z7v0bm/objects/c1/5e5346c8cc38aa50241e3350fced5682318ca66d63f9ff59983cd669e03fae>, "", 65411, 125) = 0 (DELAYED)
pread64(3</tmp/nia-chaos-delay-r2z7v0bm/objects/c1/5e5346c8cc38aa50241e3350fced5682318ca66d63f9ff59983cd669e03fae>, "", 65536, 125) = 0
write(1<pipe:[431580]>, "RESULT STALE 0000000000000000000000000000000000000000000000000000000000000000\n", 78) = 78
write(1<pipe:[431580]>, "DONE\n", 5)    = 5
