pread64(3</usr/lib/x86_64-linux-gnu/libc.so.6>, "\6\0\0\0\4\0\0\0@\0\0\0\0\0\0\0@\0\0\0\0\0\0\0@\0\0\0\0\0\0\0H\3\0\0\0\0\0\0H\3\0\0\0\0\0\0\10\0\0\0\0\0\0\0\3\0\0\0\4\0\0\0\240\1\36\0\0\0\0\0\240\1\36\0\0\0\0\0"..., 840, 64) = 840
pread64(3</usr/lib/x86_64-linux-gnu/libc.so.6>, "\6\0\0\0\4\0\0\0@\0\0\0\0\0\0\0@\0\0\0\0\0\0\0@\0\0\0\0\0\0\0H\3\0\0\0\0\0\0H\3\0\0\0\0\0\0\10\0\0\0\0\0\0\0\3\0\0\0\4\0\0\0\240\1\36\0\0\0\0\0\240\1\36\0\0\0\0\0"..., 840, 64) = 840
fsync(3</tmp/nia-chaos-fault-8g3eo_jn>) = 0
fsync(8</tmp/nia-chaos-fault-8g3eo_jn/incoming>) = 0
pread64(3</evidence/chaos/attempt-04/public-fixture/original.deb>, "!<arch>\ndebian-binary   1789004419  0     0     100644  4         `\n2.0\ncontrol."..., 65536, 0) = 848
pread64(3</evidence/chaos/attempt-04/public-fixture/original.deb>, "", 64688, 848) = 0
write(7</tmp/nia-chaos-fault-8g3eo_jn/incoming/0ccf7eb26d9056d33b8e4196207296d4>, "!<arch>\ndebian-binary   1789004419  0     0     100644  4         `\n2.0\ncontrol."..., 848) = 848
pread64(3</evidence/chaos/attempt-04/public-fixture/original.deb>, "", 65536, 848) = 0
fsync(7</tmp/nia-chaos-fault-8g3eo_jn/incoming/0ccf7eb26d9056d33b8e4196207296d4>) = 0
fsync(9</tmp/nia-chaos-fault-8g3eo_jn/objects>) = 0
renameat2(8</tmp/nia-chaos-fault-8g3eo_jn/incoming>, "0ccf7eb26d9056d33b8e4196207296d4", 7</tmp/nia-chaos-fault-8g3eo_jn/objects/60>, "73b9ba124894f83053688c1a4cc45277dd9185b984217a0f9c79ec56573500", RENAME_NOREPLACE) = 0
fsync(8</tmp/nia-chaos-fault-8g3eo_jn/incoming>) = 0
fsync(7</tmp/nia-chaos-fault-8g3eo_jn/objects/60>) = 0
write(1<pipe:[432289]>, "ACK original.deb 6073b9ba124894f83053688c1a4cc45277dd9185b984217a0f9c79ec5657350"..., 82) = 82
fsync(8</tmp/nia-chaos-fault-8g3eo_jn/incoming>) = 0
pread64(3</evidence/chaos/attempt-04/public-fixture/control>, "Package: nia-test\nVersion: 1:2.0~rc1-3\nArchitecture: all\nMaintainer: Nia synthet"..., 65536, 0) = 125
pread64(3</evidence/chaos/attempt-04/public-fixture/control>, "", 65411, 125) = 0
write(7</tmp/nia-chaos-fault-8g3eo_jn/incoming/ab36b4b6af0f45a0f0dcec5148816c9c>, "Package: nia-test\nVersion: 1:2.0~rc1-3\nArchitecture: all\nMaintainer: Nia synthet"..., 125) = 125
pread64(3</evidence/chaos/attempt-04/public-fixture/control>, "", 65536, 125) = 0
fsync(7</tmp/nia-chaos-fault-8g3eo_jn/incoming/ab36b4b6af0f45a0f0dcec5148816c9c>) = 0
fsync(9</tmp/nia-chaos-fault-8g3eo_jn/objects>) = 0
renameat2(8</tmp/nia-chaos-fault-8g3eo_jn/incoming>, "ab36b4b6af0f45a0f0dcec5148816c9c", 7</tmp/nia-chaos-fault-8g3eo_jn/objects/c1>, "5e5346c8cc38aa50241e3350fced5682318ca66d63f9ff59983cd669e03fae", RENAME_NOREPLACE) = 0
fsync(8</tmp/nia-chaos-fault-8g3eo_jn/incoming>) = 0
fsync(7</tmp/nia-chaos-fault-8g3eo_jn/objects/c1>) = 0
write(1<pipe:[432289]>, "ACK control c15e5346c8cc38aa50241e3350fced5682318ca66d63f9ff59983cd669e03fae\n", 77) = 77
fsync(8</tmp/nia-chaos-fault-8g3eo_jn/incoming>) = 0
pread64(3</evidence/chaos/attempt-04/public-fixture/policy>, "{\"created_at\":1789004359,\"schema\":\"org.niaos.archive-supply/v1\",\"security_epoch\""..., 65536, 0) = 583
pread64(3</evidence/chaos/attempt-04/public-fixture/policy>, "", 64953, 583) = 0
write(7</tmp/nia-chaos-fault-8g3eo_jn/incoming/c75b138dbcc67c7543c0ec40883c0e57>, "{\"created_at\":1789004359,\"schema\":\"org.niaos.archive-supply/v1\",\"security_epoch\""..., 583) = 583
pread64(3</evidence/chaos/attempt-04/public-fixture/policy>, "", 65536, 583) = 0
fsync(7</tmp/nia-chaos-fault-8g3eo_jn/incoming/c75b138dbcc67c7543c0ec40883c0e57>) = 0
fsync(9</tmp/nia-chaos-fault-8g3eo_jn/objects>) = 0
renameat2(8</tmp/nia-chaos-fault-8g3eo_jn/incoming>, "c75b138dbcc67c7543c0ec40883c0e57", 7</tmp/nia-chaos-fault-8g3eo_jn/objects/80>, "31a03f988ea4f27b33d95f83405e22308274f97654b34948336a37afbf217f", RENAME_NOREPLACE) = 0
fsync(8</tmp/nia-chaos-fault-8g3eo_jn/incoming>) = 0
fsync(7</tmp/nia-chaos-fault-8g3eo_jn/objects/80>) = 0
write(1<pipe:[432289]>, "ACK policy 8031a03f988ea4f27b33d95f83405e22308274f97654b34948336a37afbf217f\n", 76) = 76
fsync(8</tmp/nia-chaos-fault-8g3eo_jn/incoming>) = 0
pread64(3</evidence/chaos/attempt-04/public-fixture/InRelease>, "-----BEGIN PGP SIGNED MESSAGE-----\nHash: SHA512\n\nOrigin: Debian\nLabel: Debian\nSu"..., 65536, 0) = 523
pread64(3</evidence/chaos/attempt-04/public-fixture/InRelease>, "", 65013, 523) = 0
write(7</tmp/nia-chaos-fault-8g3eo_jn/incoming/f998a56fc898c53684c35dc4cb933a06>, "-----BEGIN PGP SIGNED MESSAGE-----\nHash: SHA512\n\nOrigin: Debian\nLabel: Debian\nSu"..., 523) = 523
pread64(3</evidence/chaos/attempt-04/public-fixture/InRelease>, "", 65536, 523) = 0
fsync(7</tmp/nia-chaos-fault-8g3eo_jn/incoming/f998a56fc898c53684c35dc4cb933a06>) = 0
fsync(9</tmp/nia-chaos-fault-8g3eo_jn/objects>) = 0
renameat2(8</tmp/nia-chaos-fault-8g3eo_jn/incoming>, "f998a56fc898c53684c35dc4cb933a06", 7</tmp/nia-chaos-fault-8g3eo_jn/objects/56>, "99df80426718aa1bad83640d24a82c511a6fff341caef831e7fd58650b1d3f", RENAME_NOREPLACE) = 0
fsync(8</tmp/nia-chaos-fault-8g3eo_jn/incoming>) = 0
fsync(7</tmp/nia-chaos-fault-8g3eo_jn/objects/56>) = 0
write(1<pipe:[432289]>, "ACK InRelease 5699df80426718aa1bad83640d24a82c511a6fff341caef831e7fd58650b1d3f\n", 79) = 79
fsync(8</tmp/nia-chaos-fault-8g3eo_jn/incoming>) = 0
pread64(3</evidence/chaos/attempt-04/public-fixture/Packages>, "\3757zXZ\0\0\4\346\326\264F\2\0!\1\26\0\0\0t/\345\243\340\0\300\0\245]\0(\30Hf\333\3320\205\376\26\352\356\274IX\321\4\33l\177\314a\345:\375b)\10V\237\202V\243-\24\226s{\206\277#.n\373Uz\226\f\321"..., 65536, 0) = 232
pread64(3</evidence/chaos/attempt-04/public-fixture/Packages>, "", 65304, 232) = 0
write(7</tmp/nia-chaos-fault-8g3eo_jn/incoming/1be6f06f01c09c26eb426d8a7853e2e6>, "\3757zXZ\0\0\4\346\326\264F\2\0!\1\26\0\0\0t/\345\243\340\0\300\0\245]\0(\30Hf\333\3320\205\376\26\352\356\274IX\321\4\33l\177\314a\345:\375b)\10V\237\202V\243-\24\226s{\206\277#.n\373Uz\226\f\321"..., 232) = 232
pread64(3</evidence/chaos/attempt-04/public-fixture/Packages>, "", 65536, 232) = 0
fsync(7</tmp/nia-chaos-fault-8g3eo_jn/incoming/1be6f06f01c09c26eb426d8a7853e2e6>) = 0
fsync(9</tmp/nia-chaos-fault-8g3eo_jn/objects>) = 0
renameat2(8</tmp/nia-chaos-fault-8g3eo_jn/incoming>, "1be6f06f01c09c26eb426d8a7853e2e6", 7</tmp/nia-chaos-fault-8g3eo_jn/objects/5a>, "eb33846196eb49364c783f8f9517d7bfe62d21bbe05677c2dbf345f4518269", RENAME_NOREPLACE) = ?
+++ killed by SIGKILL +++
