pread64(3</usr/lib/x86_64-linux-gnu/libc.so.6>, "\6\0\0\0\4\0\0\0@\0\0\0\0\0\0\0@\0\0\0\0\0\0\0@\0\0\0\0\0\0\0H\3\0\0\0\0\0\0H\3\0\0\0\0\0\0\10\0\0\0\0\0\0\0\3\0\0\0\4\0\0\0\240\1\36\0\0\0\0\0\240\1\36\0\0\0\0\0"..., 840, 64) = 840
pread64(3</usr/lib/x86_64-linux-gnu/libc.so.6>, "\6\0\0\0\4\0\0\0@\0\0\0\0\0\0\0@\0\0\0\0\0\0\0@\0\0\0\0\0\0\0H\3\0\0\0\0\0\0H\3\0\0\0\0\0\0\10\0\0\0\0\0\0\0\3\0\0\0\4\0\0\0\240\1\36\0\0\0\0\0\240\1\36\0\0\0\0\0"..., 840, 64) = 840
fsync(3</tmp/nia-chaos-fault-ct5esf85>) = 0
fsync(8</tmp/nia-chaos-fault-ct5esf85/incoming>) = 0
pread64(3</evidence/chaos/attempt-04/public-fixture/original.deb>, "!<arch>\ndebian-binary   1789004419  0     0     100644  4         `\n2.0\ncontrol."..., 65536, 0) = 848
pread64(3</evidence/chaos/attempt-04/public-fixture/original.deb>, "", 64688, 848) = 0
write(7</tmp/nia-chaos-fault-ct5esf85/incoming/74b712880490207bc1c19263952363a1>, "!<arch>\ndebian-binary   1789004419  0     0     100644  4         `\n2.0\ncontrol."..., 848) = 848
pread64(3</evidence/chaos/attempt-04/public-fixture/original.deb>, "", 65536, 848) = 0
fsync(7</tmp/nia-chaos-fault-ct5esf85/incoming/74b712880490207bc1c19263952363a1>) = 0
fsync(9</tmp/nia-chaos-fault-ct5esf85/objects>) = 0
renameat2(8</tmp/nia-chaos-fault-ct5esf85/incoming>, "74b712880490207bc1c19263952363a1", 7</tmp/nia-chaos-fault-ct5esf85/objects/60>, "73b9ba124894f83053688c1a4cc45277dd9185b984217a0f9c79ec56573500", RENAME_NOREPLACE) = 0
fsync(8</tmp/nia-chaos-fault-ct5esf85/incoming>) = 0
fsync(7</tmp/nia-chaos-fault-ct5esf85/objects/60>) = 0
write(1<pipe:[426642]>, "ACK original.deb 6073b9ba124894f83053688c1a4cc45277dd9185b984217a0f9c79ec5657350"..., 82) = 82
fsync(8</tmp/nia-chaos-fault-ct5esf85/incoming>) = 0
pread64(3</evidence/chaos/attempt-04/public-fixture/control>, "Package: nia-test\nVersion: 1:2.0~rc1-3\nArchitecture: all\nMaintainer: Nia synthet"..., 65536, 0) = 125
pread64(3</evidence/chaos/attempt-04/public-fixture/control>, "", 65411, 125) = 0
write(7</tmp/nia-chaos-fault-ct5esf85/incoming/4a0cac71736b74582135da0158696b57>, "Package: nia-test\nVersion: 1:2.0~rc1-3\nArchitecture: all\nMaintainer: Nia synthet"..., 125) = 125
pread64(3</evidence/chaos/attempt-04/public-fixture/control>, "", 65536, 125) = 0
fsync(7</tmp/nia-chaos-fault-ct5esf85/incoming/4a0cac71736b74582135da0158696b57>) = 0
fsync(9</tmp/nia-chaos-fault-ct5esf85/objects>) = 0
renameat2(8</tmp/nia-chaos-fault-ct5esf85/incoming>, "4a0cac71736b74582135da0158696b57", 7</tmp/nia-chaos-fault-ct5esf85/objects/c1>, "5e5346c8cc38aa50241e3350fced5682318ca66d63f9ff59983cd669e03fae", RENAME_NOREPLACE) = 0
fsync(8</tmp/nia-chaos-fault-ct5esf85/incoming>) = 0
fsync(7</tmp/nia-chaos-fault-ct5esf85/objects/c1>) = 0
write(1<pipe:[426642]>, "ACK control c15e5346c8cc38aa50241e3350fced5682318ca66d63f9ff59983cd669e03fae\n", 77) = 77
fsync(8</tmp/nia-chaos-fault-ct5esf85/incoming>) = 0
pread64(3</evidence/chaos/attempt-04/public-fixture/policy>, "{\"created_at\":1789004359,\"schema\":\"org.niaos.archive-supply/v1\",\"security_epoch\""..., 65536, 0) = 583
pread64(3</evidence/chaos/attempt-04/public-fixture/policy>, "", 64953, 583) = 0
write(7</tmp/nia-chaos-fault-ct5esf85/incoming/6d34f22b450d0659b4414d7e1d396d94>, "{\"created_at\":1789004359,\"schema\":\"org.niaos.archive-supply/v1\",\"security_epoch\""..., 583) = -1 ENOSPC (No space left on device) (INJECTED)
write(1<pipe:[426642]>, "FAIL import-policy INDETERMINATE\n", 33) = 33
