pread64(3</usr/lib/x86_64-linux-gnu/libc.so.6>, "\6\0\0\0\4\0\0\0@\0\0\0\0\0\0\0@\0\0\0\0\0\0\0@\0\0\0\0\0\0\0H\3\0\0\0\0\0\0H\3\0\0\0\0\0\0\10\0\0\0\0\0\0\0\3\0\0\0\4\0\0\0\240\1\36\0\0\0\0\0\240\1\36\0\0\0\0\0"..., 840, 64) = 840
pread64(3</usr/lib/x86_64-linux-gnu/libc.so.6>, "\6\0\0\0\4\0\0\0@\0\0\0\0\0\0\0@\0\0\0\0\0\0\0@\0\0\0\0\0\0\0H\3\0\0\0\0\0\0H\3\0\0\0\0\0\0\10\0\0\0\0\0\0\0\3\0\0\0\4\0\0\0\240\1\36\0\0\0\0\0\240\1\36\0\0\0\0\0"..., 840, 64) = 840
fsync(3</tmp/nia-chaos-fault-a7pbtfnd>) = 0
fsync(8</tmp/nia-chaos-fault-a7pbtfnd/incoming>) = 0
pread64(3</evidence/chaos/attempt-04/public-fixture/original.deb>, "!<arch>\ndebian-binary   1789004419  0     0     100644  4         `\n2.0\ncontrol."..., 65536, 0) = 848
pread64(3</evidence/chaos/attempt-04/public-fixture/original.deb>, "", 64688, 848) = 0
write(7</tmp/nia-chaos-fault-a7pbtfnd/incoming/532c6c7cf96a1b5baaf7bf5794a0038a>, "!<arch>\ndebian-binary   1789004419  0     0     100644  4         `\n2.0\ncontrol."..., 848) = 848
pread64(3</evidence/chaos/attempt-04/public-fixture/original.deb>, "", 65536, 848) = 0
fsync(7</tmp/nia-chaos-fault-a7pbtfnd/incoming/532c6c7cf96a1b5baaf7bf5794a0038a>) = 0
fsync(9</tmp/nia-chaos-fault-a7pbtfnd/objects>) = 0
renameat2(8</tmp/nia-chaos-fault-a7pbtfnd/incoming>, "532c6c7cf96a1b5baaf7bf5794a0038a", 7</tmp/nia-chaos-fault-a7pbtfnd/objects/60>, "73b9ba124894f83053688c1a4cc45277dd9185b984217a0f9c79ec56573500", RENAME_NOREPLACE) = 0
fsync(8</tmp/nia-chaos-fault-a7pbtfnd/incoming>) = 0
fsync(7</tmp/nia-chaos-fault-a7pbtfnd/objects/60>) = 0
write(1<pipe:[427593]>, "ACK original.deb 6073b9ba124894f83053688c1a4cc45277dd9185b984217a0f9c79ec5657350"..., 82) = 82
fsync(8</tmp/nia-chaos-fault-a7pbtfnd/incoming>) = 0
pread64(3</evidence/chaos/attempt-04/public-fixture/control>, "Package: nia-test\nVersion: 1:2.0~rc1-3\nArchitecture: all\nMaintainer: Nia synthet"..., 65536, 0) = 125
pread64(3</evidence/chaos/attempt-04/public-fixture/control>, "", 65411, 125) = 0
write(7</tmp/nia-chaos-fault-a7pbtfnd/incoming/6e2b3a9342900fcb903bc6fd16e9dc1a>, "Package: nia-test\nVersion: 1:2.0~rc1-3\nArchitecture: all\nMaintainer: Nia synthet"..., 125) = 125
pread64(3</evidence/chaos/attempt-04/public-fixture/control>, "", 65536, 125) = 0
fsync(7</tmp/nia-chaos-fault-a7pbtfnd/incoming/6e2b3a9342900fcb903bc6fd16e9dc1a>) = 0
fsync(9</tmp/nia-chaos-fault-a7pbtfnd/objects>) = 0
renameat2(8</tmp/nia-chaos-fault-a7pbtfnd/incoming>, "6e2b3a9342900fcb903bc6fd16e9dc1a", 7</tmp/nia-chaos-fault-a7pbtfnd/objects/c1>, "5e5346c8cc38aa50241e3350fced5682318ca66d63f9ff59983cd669e03fae", RENAME_NOREPLACE) = 0
fsync(8</tmp/nia-chaos-fault-a7pbtfnd/incoming>) = 0
fsync(7</tmp/nia-chaos-fault-a7pbtfnd/objects/c1>) = 0
write(1<pipe:[427593]>, "ACK control c15e5346c8cc38aa50241e3350fced5682318ca66d63f9ff59983cd669e03fae\n", 77) = 77
fsync(8</tmp/nia-chaos-fault-a7pbtfnd/incoming>) = 0
pread64(3</evidence/chaos/attempt-04/public-fixture/policy>, "{\"created_at\":1789004359,\"schema\":\"org.niaos.archive-supply/v1\",\"security_epoch\""..., 65536, 0) = 583
pread64(3</evidence/chaos/attempt-04/public-fixture/policy>, "", 64953, 583) = 0
write(7</tmp/nia-chaos-fault-a7pbtfnd/incoming/c1bf10da7145f514ed61f1c26b50b4dd>, "{\"created_at\":1789004359,\"schema\":\"org.niaos.archive-supply/v1\",\"security_epoch\""..., 583) = 583
pread64(3</evidence/chaos/attempt-04/public-fixture/policy>, "", 65536, 583) = 0
fsync(7</tmp/nia-chaos-fault-a7pbtfnd/incoming/c1bf10da7145f514ed61f1c26b50b4dd>) = 0
fsync(9</tmp/nia-chaos-fault-a7pbtfnd/objects>) = 0
renameat2(8</tmp/nia-chaos-fault-a7pbtfnd/incoming>, "c1bf10da7145f514ed61f1c26b50b4dd", 7</tmp/nia-chaos-fault-a7pbtfnd/objects/80>, "31a03f988ea4f27b33d95f83405e22308274f97654b34948336a37afbf217f", RENAME_NOREPLACE) = 0
fsync(8</tmp/nia-chaos-fault-a7pbtfnd/incoming>) = 0
fsync(7</tmp/nia-chaos-fault-a7pbtfnd/objects/80>) = 0
write(1<pipe:[427593]>, "ACK policy 8031a03f988ea4f27b33d95f83405e22308274f97654b34948336a37afbf217f\n", 76) = 76
fsync(8</tmp/nia-chaos-fault-a7pbtfnd/incoming>) = 0
pread64(3</evidence/chaos/attempt-04/public-fixture/InRelease>, "-----BEGIN PGP SIGNED MESSAGE-----\nHash: SHA512\n\nOrigin: Debian\nLabel: Debian\nSu"..., 65536, 0) = 523
pread64(3</evidence/chaos/attempt-04/public-fixture/InRelease>, "", 65013, 523) = 0
write(7</tmp/nia-chaos-fault-a7pbtfnd/incoming/e9e923ac0e7331bf5bd51523eb10ba28>, "-----BEGIN PGP SIGNED MESSAGE-----\nHash: SHA512\n\nOrigin: Debian\nLabel: Debian\nSu"..., 523) = 523
pread64(3</evidence/chaos/attempt-04/public-fixture/InRelease>, "", 65536, 523) = 0
fsync(7</tmp/nia-chaos-fault-a7pbtfnd/incoming/e9e923ac0e7331bf5bd51523eb10ba28>) = 0
fsync(9</tmp/nia-chaos-fault-a7pbtfnd/objects>) = 0
renameat2(8</tmp/nia-chaos-fault-a7pbtfnd/incoming>, "e9e923ac0e7331bf5bd51523eb10ba28", 7</tmp/nia-chaos-fault-a7pbtfnd/objects/56>, "99df80426718aa1bad83640d24a82c511a6fff341caef831e7fd58650b1d3f", RENAME_NOREPLACE) = 0
fsync(8</tmp/nia-chaos-fault-a7pbtfnd/incoming>) = 0
fsync(7</tmp/nia-chaos-fault-a7pbtfnd/objects/56>) = -1 EIO (Input/output error) (INJECTED)
write(1<pipe:[427593]>, "FAIL import-InRelease INDETERMINATE\n", 36) = 36
