pread64(3</usr/lib/x86_64-linux-gnu/libc.so.6>, "\6\0\0\0\4\0\0\0@\0\0\0\0\0\0\0@\0\0\0\0\0\0\0@\0\0\0\0\0\0\0H\3\0\0\0\0\0\0H\3\0\0\0\0\0\0\10\0\0\0\0\0\0\0\3\0\0\0\4\0\0\0\240\1\36\0\0\0\0\0\240\1\36\0\0\0\0\0"..., 840, 64) = 840
pread64(3</usr/lib/x86_64-linux-gnu/libc.so.6>, "\6\0\0\0\4\0\0\0@\0\0\0\0\0\0\0@\0\0\0\0\0\0\0@\0\0\0\0\0\0\0H\3\0\0\0\0\0\0H\3\0\0\0\0\0\0\10\0\0\0\0\0\0\0\3\0\0\0\4\0\0\0\240\1\36\0\0\0\0\0\240\1\36\0\0\0\0\0"..., 840, 64) = 840
fsync(3</tmp/nia-chaos-fault-_ouosrzj>) = 0
fsync(8</tmp/nia-chaos-fault-_ouosrzj/incoming>) = 0
pread64(3</evidence/chaos/attempt-04/public-fixture/original.deb>, "!<arch>\ndebian-binary   1789004419  0     0     100644  4         `\n2.0\ncontrol."..., 65536, 0) = 848
pread64(3</evidence/chaos/attempt-04/public-fixture/original.deb>, "", 64688, 848) = 0
write(7</tmp/nia-chaos-fault-_ouosrzj/incoming/36b93834d6ad0ba0b3af94ba936dce7d>, "!<arch>\ndebian-binary   1789004419  0     0     100644  4         `\n2.0\ncontrol."..., 848) = 848
pread64(3</evidence/chaos/attempt-04/public-fixture/original.deb>, "", 65536, 848) = 0
fsync(7</tmp/nia-chaos-fault-_ouosrzj/incoming/36b93834d6ad0ba0b3af94ba936dce7d>) = 0
fsync(9</tmp/nia-chaos-fault-_ouosrzj/objects>) = 0
renameat2(8</tmp/nia-chaos-fault-_ouosrzj/incoming>, "36b93834d6ad0ba0b3af94ba936dce7d", 7</tmp/nia-chaos-fault-_ouosrzj/objects/60>, "73b9ba124894f83053688c1a4cc45277dd9185b984217a0f9c79ec56573500", RENAME_NOREPLACE) = 0
fsync(8</tmp/nia-chaos-fault-_ouosrzj/incoming>) = 0
fsync(7</tmp/nia-chaos-fault-_ouosrzj/objects/60>) = 0
write(1<pipe:[432388]>, "ACK original.deb 6073b9ba124894f83053688c1a4cc45277dd9185b984217a0f9c79ec5657350"..., 82) = 82
fsync(8</tmp/nia-chaos-fault-_ouosrzj/incoming>) = 0
pread64(3</evidence/chaos/attempt-04/public-fixture/control>, "Package: nia-test\nVersion: 1:2.0~rc1-3\nArchitecture: all\nMaintainer: Nia synthet"..., 65536, 0) = 125
pread64(3</evidence/chaos/attempt-04/public-fixture/control>, "", 65411, 125) = 0
write(7</tmp/nia-chaos-fault-_ouosrzj/incoming/ff5d281f6676522df0c34049d740d14d>, "Package: nia-test\nVersion: 1:2.0~rc1-3\nArchitecture: all\nMaintainer: Nia synthet"..., 125) = 125
pread64(3</evidence/chaos/attempt-04/public-fixture/control>, "", 65536, 125) = 0
fsync(7</tmp/nia-chaos-fault-_ouosrzj/incoming/ff5d281f6676522df0c34049d740d14d>) = 0
fsync(9</tmp/nia-chaos-fault-_ouosrzj/objects>) = 0
renameat2(8</tmp/nia-chaos-fault-_ouosrzj/incoming>, "ff5d281f6676522df0c34049d740d14d", 7</tmp/nia-chaos-fault-_ouosrzj/objects/c1>, "5e5346c8cc38aa50241e3350fced5682318ca66d63f9ff59983cd669e03fae", RENAME_NOREPLACE) = 0
fsync(8</tmp/nia-chaos-fault-_ouosrzj/incoming>) = 0
fsync(7</tmp/nia-chaos-fault-_ouosrzj/objects/c1>) = 0
write(1<pipe:[432388]>, "ACK control c15e5346c8cc38aa50241e3350fced5682318ca66d63f9ff59983cd669e03fae\n", 77) = 77
fsync(8</tmp/nia-chaos-fault-_ouosrzj/incoming>) = 0
pread64(3</evidence/chaos/attempt-04/public-fixture/policy>, "{\"created_at\":1789004359,\"schema\":\"org.niaos.archive-supply/v1\",\"security_epoch\""..., 65536, 0) = 583
pread64(3</evidence/chaos/attempt-04/public-fixture/policy>, "", 64953, 583) = 0
write(7</tmp/nia-chaos-fault-_ouosrzj/incoming/67828bf8b4ae1230f6b886fd527097f1>, "{\"created_at\":1789004359,\"schema\":\"org.niaos.archive-supply/v1\",\"security_epoch\""..., 583) = 583
pread64(3</evidence/chaos/attempt-04/public-fixture/policy>, "", 65536, 583) = 0
fsync(7</tmp/nia-chaos-fault-_ouosrzj/incoming/67828bf8b4ae1230f6b886fd527097f1>) = 0
fsync(9</tmp/nia-chaos-fault-_ouosrzj/objects>) = 0
renameat2(8</tmp/nia-chaos-fault-_ouosrzj/incoming>, "67828bf8b4ae1230f6b886fd527097f1", 7</tmp/nia-chaos-fault-_ouosrzj/objects/80>, "31a03f988ea4f27b33d95f83405e22308274f97654b34948336a37afbf217f", RENAME_NOREPLACE) = 0
fsync(8</tmp/nia-chaos-fault-_ouosrzj/incoming>) = 0
fsync(7</tmp/nia-chaos-fault-_ouosrzj/objects/80>) = 0
write(1<pipe:[432388]>, "ACK policy 8031a03f988ea4f27b33d95f83405e22308274f97654b34948336a37afbf217f\n", 76) = 76
fsync(8</tmp/nia-chaos-fault-_ouosrzj/incoming>) = 0
pread64(3</evidence/chaos/attempt-04/public-fixture/InRelease>, "-----BEGIN PGP SIGNED MESSAGE-----\nHash: SHA512\n\nOrigin: Debian\nLabel: Debian\nSu"..., 65536, 0) = 523
pread64(3</evidence/chaos/attempt-04/public-fixture/InRelease>, "", 65013, 523) = 0
write(7</tmp/nia-chaos-fault-_ouosrzj/incoming/65cd235c1bf4f0458c330644a2d8073b>, "-----BEGIN PGP SIGNED MESSAGE-----\nHash: SHA512\n\nOrigin: Debian\nLabel: Debian\nSu"..., 523) = 523
pread64(3</evidence/chaos/attempt-04/public-fixture/InRelease>, "", 65536, 523) = 0
fsync(7</tmp/nia-chaos-fault-_ouosrzj/incoming/65cd235c1bf4f0458c330644a2d8073b>) = 0
fsync(9</tmp/nia-chaos-fault-_ouosrzj/objects>) = 0
renameat2(8</tmp/nia-chaos-fault-_ouosrzj/incoming>, "65cd235c1bf4f0458c330644a2d8073b", 7</tmp/nia-chaos-fault-_ouosrzj/objects/56>, "99df80426718aa1bad83640d24a82c511a6fff341caef831e7fd58650b1d3f", RENAME_NOREPLACE) = 0
fsync(8</tmp/nia-chaos-fault-_ouosrzj/incoming>) = 0
fsync(7</tmp/nia-chaos-fault-_ouosrzj/objects/56>) = 0
write(1<pipe:[432388]>, "ACK InRelease 5699df80426718aa1bad83640d24a82c511a6fff341caef831e7fd58650b1d3f\n", 79) = 79
fsync(8</tmp/nia-chaos-fault-_ouosrzj/incoming>) = 0
pread64(3</evidence/chaos/attempt-04/public-fixture/Packages>, "\3757zXZ\0\0\4\346\326\264F\2\0!\1\26\0\0\0t/\345\243\340\0\300\0\245]\0(\30Hf\333\3320\205\376\26\352\356\274IX\321\4\33l\177\314a\345:\375b)\10V\237\202V\243-\24\226s{\206\277#.n\373Uz\226\f\321"..., 65536, 0) = 232
pread64(3</evidence/chaos/attempt-04/public-fixture/Packages>, "", 65304, 232) = 0
write(7</tmp/nia-chaos-fault-_ouosrzj/incoming/1d8b9200877f66a873050a812758d740>, "\3757zXZ\0\0\4\346\326\264F\2\0!\1\26\0\0\0t/\345\243\340\0\300\0\245]\0(\30Hf\333\3320\205\376\26\352\356\274IX\321\4\33l\177\314a\345:\375b)\10V\237\202V\243-\24\226s{\206\277#.n\373Uz\226\f\321"..., 232) = 232
pread64(3</evidence/chaos/attempt-04/public-fixture/Packages>, "", 65536, 232) = 0
fsync(7</tmp/nia-chaos-fault-_ouosrzj/incoming/1d8b9200877f66a873050a812758d740>) = 0
fsync(9</tmp/nia-chaos-fault-_ouosrzj/objects>) = 0
renameat2(8</tmp/nia-chaos-fault-_ouosrzj/incoming>, "1d8b9200877f66a873050a812758d740", 7</tmp/nia-chaos-fault-_ouosrzj/objects/5a>, "eb33846196eb49364c783f8f9517d7bfe62d21bbe05677c2dbf345f4518269", RENAME_NOREPLACE) = 0
fsync(8</tmp/nia-chaos-fault-_ouosrzj/incoming>) = 0
fsync(7</tmp/nia-chaos-fault-_ouosrzj/objects/5a>) = 0
write(1<pipe:[432388]>, "ACK Packages 5aeb33846196eb49364c783f8f9517d7bfe62d21bbe05677c2dbf345f4518269\n", 78) = 78
fsync(8</tmp/nia-chaos-fault-_ouosrzj/incoming>) = 0
pread64(3</evidence/chaos/attempt-04/public-fixture/keyring>, "\2303\4j\242\n\203\26\t+\6\1\4\1\332G\17\1\1\7@\275\v\276\213Op<<\315\247>\222/-\255%<=\316\251\213\0254\307\3761S\272Rr\327`\264\26Nia artificial fixture\210\220\4"..., 65536, 0) = 223
pread64(3</evidence/chaos/attempt-04/public-fixture/keyring>, "", 65313, 223) = 0
write(7</tmp/nia-chaos-fault-_ouosrzj/incoming/287715a8075e45f6f2defec7344bb462>, "\2303\4j\242\n\203\26\t+\6\1\4\1\332G\17\1\1\7@\275\v\276\213Op<<\315\247>\222/-\255%<=\316\251\213\0254\307\3761S\272Rr\327`\264\26Nia artificial fixture\210\220\4"..., 223) = ?
+++ killed by SIGKILL +++
