pread64(3</usr/lib/x86_64-linux-gnu/libc.so.6>, "\6\0\0\0\4\0\0\0@\0\0\0\0\0\0\0@\0\0\0\0\0\0\0@\0\0\0\0\0\0\0H\3\0\0\0\0\0\0H\3\0\0\0\0\0\0\10\0\0\0\0\0\0\0\3\0\0\0\4\0\0\0\240\1\36\0\0\0\0\0\240\1\36\0\0\0\0\0"..., 840, 64) = 840
pread64(3</usr/lib/x86_64-linux-gnu/libc.so.6>, "\6\0\0\0\4\0\0\0@\0\0\0\0\0\0\0@\0\0\0\0\0\0\0@\0\0\0\0\0\0\0H\3\0\0\0\0\0\0H\3\0\0\0\0\0\0\10\0\0\0\0\0\0\0\3\0\0\0\4\0\0\0\240\1\36\0\0\0\0\0\240\1\36\0\0\0\0\0"..., 840, 64) = 840
fsync(3</tmp/nia-chaos-fault-3yt142cc>) = 0
fsync(8</tmp/nia-chaos-fault-3yt142cc/incoming>) = 0
pread64(3</evidence/chaos/attempt-04/public-fixture/original.deb>, "!<arch>\ndebian-binary   1789004419  0     0     100644  4         `\n2.0\ncontrol."..., 65536, 0) = 848
pread64(3</evidence/chaos/attempt-04/public-fixture/original.deb>, "", 64688, 848) = 0
write(7</tmp/nia-chaos-fault-3yt142cc/incoming/32e9e43956f050e052d6e12697a063c3>, "!<arch>\ndebian-binary   1789004419  0     0     100644  4         `\n2.0\ncontrol."..., 848) = 848
pread64(3</evidence/chaos/attempt-04/public-fixture/original.deb>, "", 65536, 848) = 0
fsync(7</tmp/nia-chaos-fault-3yt142cc/incoming/32e9e43956f050e052d6e12697a063c3>) = 0
fsync(9</tmp/nia-chaos-fault-3yt142cc/objects>) = 0
renameat2(8</tmp/nia-chaos-fault-3yt142cc/incoming>, "32e9e43956f050e052d6e12697a063c3", 7</tmp/nia-chaos-fault-3yt142cc/objects/60>, "73b9ba124894f83053688c1a4cc45277dd9185b984217a0f9c79ec56573500", RENAME_NOREPLACE) = 0
fsync(8</tmp/nia-chaos-fault-3yt142cc/incoming>) = 0
fsync(7</tmp/nia-chaos-fault-3yt142cc/objects/60>) = 0
write(1<pipe:[432268]>, "ACK original.deb 6073b9ba124894f83053688c1a4cc45277dd9185b984217a0f9c79ec5657350"..., 82) = 82
fsync(8</tmp/nia-chaos-fault-3yt142cc/incoming>) = 0
pread64(3</evidence/chaos/attempt-04/public-fixture/control>, "Package: nia-test\nVersion: 1:2.0~rc1-3\nArchitecture: all\nMaintainer: Nia synthet"..., 65536, 0) = 125
pread64(3</evidence/chaos/attempt-04/public-fixture/control>, "", 65411, 125) = 0
write(7</tmp/nia-chaos-fault-3yt142cc/incoming/4d61c9e669a83182caf56d97d952eefe>, "Package: nia-test\nVersion: 1:2.0~rc1-3\nArchitecture: all\nMaintainer: Nia synthet"..., 125) = 125
pread64(3</evidence/chaos/attempt-04/public-fixture/control>, "", 65536, 125) = 0
fsync(7</tmp/nia-chaos-fault-3yt142cc/incoming/4d61c9e669a83182caf56d97d952eefe>) = 0
fsync(9</tmp/nia-chaos-fault-3yt142cc/objects>) = 0
renameat2(8</tmp/nia-chaos-fault-3yt142cc/incoming>, "4d61c9e669a83182caf56d97d952eefe", 7</tmp/nia-chaos-fault-3yt142cc/objects/c1>, "5e5346c8cc38aa50241e3350fced5682318ca66d63f9ff59983cd669e03fae", RENAME_NOREPLACE) = 0
fsync(8</tmp/nia-chaos-fault-3yt142cc/incoming>) = 0
fsync(7</tmp/nia-chaos-fault-3yt142cc/objects/c1>) = ?
+++ killed by SIGKILL +++
